root=/dev/nvme0n1 rw init=/init
VM Load @PA:0x40200000
VM Load Offset: 0xffff0000c0200000
Memory Map:
  Free   0x00000040000000 - 0x00000040200000 (2 MiB)
  KImg   0x00000040200000 - 0x00000041600000 (20 MiB)
  Free   0x00000041600000 - 0x00000240000000 (7.98 GiB)
Initialize RAM allocator: 0x41600000..0x240000000
Reserving CPU-local areas
CPU-local area stride: 0x44000 bytes
Total CPU-local allocation: 0x88000 bytes (2 CPUs)
Flushed RAM used range to memory map: 0x41600000..0x41700000, current: 0x41700000
Flushed RAM used range to memory map: 0x41700000..0x41788000, current: 0x41788000
CPU-local areas allocated at 0x41700000 - 0x41788000
EL: 2
Mapping early memory regions...
Ram                 : [0x0000000040000000, 0x0000000240000000) -> [0x0000000040000000, 0x0000000240000000) (8 GiB)
KImage              : [0x0000ffff80000000, 0x0000ffff81400000) -> [0x0000000040200000, 0x0000000041600000) (20 MiB)
PerCpu              : [0x0000ff0041700000, 0x0000ff0041788000) -> [0x0000000041700000, 0x0000000041788000) (544 KiB)
Debug serial        : [0x0000000009000000, 0x0000000009001000) -> [0x0000000009000000, 0x0000000009001000) (4 KiB)
Boot page table at physical address: PA:0x41788000
Setting up table registers...
MMU Entry point at physical address: 0x4047a5f8
Trap vector at 0xffff8027e000
Memory Map:
  MMIO   0x00000009000000 - 0x00000009001000 (4 KiB)
  Free   0x00000040000000 - 0x00000040200000 (2 MiB)
  KImg   0x00000040200000 - 0x00000041600000 (20 MiB)
  Rsv    0x00000041600000 - 0x00000041700000 (1 MiB)
  PerCPU 0x00000041700000 - 0x00000041788000 (544 KiB)
  Rsv    0x00000041788000 - 0x00000041791000 (36 KiB)
  Free   0x00000041791000 - 0x00000240000000 (7.98 GiB)
Jumping to main entry point at 0xffff8026234c with SP 0x0000ff0041744000

       d8888                            .d88888b.   .d8888b.
      d88888                           d88P" "Y88b d88P  Y88b
     d88P888                           888     888 Y88b.
    d88P 888 888d888  .d8888b  .d88b.  888     888  "Y888b.
   d88P  888 888P"   d88P"    d8P  Y8b 888     888     "Y88b.
  d88P   888 888     888      88888888 888     888       "888
 d8888888888 888     Y88b.    Y8b.     Y88b. .d88P Y88b  d88P
d88P     888 888      "Y8888P  "Y8888   "Y88888P"   "Y8888P"

arch = aarch64
platform = linux,dummy-virt
target = aarch64-unknown-none-softfloat
build_mode = 
log_level = info
backtrace = false
smp = 2

[37m[  0.058769 ax_runtime:220] [32mLogging is enabled.[m
[m[37m[  0.059162 ax_runtime:221] [32mPrimary CPU 0 started, arg = 0x41600000.[m
[m[37m[  0.059277 ax_runtime:223] [32mFound physcial memory regions:[m
[m[37m[  0.060342 ax_runtime:225] [32m  [PA:0x9000000, PA:0x9001000) mmio (READ | WRITE | DEVICE | RESERVED)[m
[m[37m[  0.060592 ax_runtime:225] [32m  [PA:0x40000000, PA:0x40200000) free memory (READ | WRITE | FREE)[m
[m[37m[  0.060749 ax_runtime:225] [32m  [PA:0x40200000, PA:0x41600000) reserved (READ | WRITE | EXECUTE | RESERVED)[m
[m[37m[  0.060891 ax_runtime:225] [32m  [PA:0x41600000, PA:0x41700000) reserved (READ | WRITE | EXECUTE | RESERVED)[m
[m[37m[  0.061059 ax_runtime:225] [32m  [PA:0x41700000, PA:0x41788000) reserved (READ | WRITE | EXECUTE | RESERVED)[m
[m[37m[  0.061199 ax_runtime:225] [32m  [PA:0x41788000, PA:0x41791000) reserved (READ | WRITE | EXECUTE | RESERVED)[m
[m[37m[  0.061342 ax_runtime:225] [32m  [PA:0x41791000, PA:0x240000000) free memory (READ | WRITE | FREE)[m
[m[37m[  0.061502 ax_runtime:375] [32mInitialize global memory allocator...[m
[m[37m[  0.061628 ax_runtime:376] [32m  use buddy-slab-allocator allocator.[m
[m[37m[  0.061852 ax_alloc::buddy_slab:158] [32mInitialize global memory allocator, start_vaddr: 0x41791000, size: 0x1fe86f000[m
[m[37m[  0.070404 ax_alloc::buddy_slab:424] [32mglobal allocator initialized[m
[m[37m[  0.070654 ax_alloc::buddy_slab:168] [32mAdd memory region, start_vaddr: 0x40000000, size: 0x200000[m
[m[37m[  0.070874 buddy_slab_allocator::global:151] [32mGlobalAllocator: skip region 0x40000000+0x200000, no allocator-visible memory after 2097152 alignment[m
[m[37m[  0.071258 ax_runtime:260] [32mkernel aspace: [VA:0x0, VA:0xffffffffffffffff)[m
[m[37m[  0.071400 ax_mm:103] [32mInitialize virtual memory management...[m
[m[37m[  0.796263 ax_runtime:272] [32mInitialize platform devices...[m
[m[37m[  0.802653 someboot::arch::power:23] [32mPower management method : SMC[m
[m[37m[  0.802843 somehal::driver:5] [32mInitializing rdrive with FDT at 0x41600000[m
[m[37m[  0.815839 somehal::arch::gic::v3:274] [32mGICv3 CPU 0 EOI mode: two_step=true[m
[m[37m[  0.886299 ax_task::api:193] [32mInitialize scheduling...[m
[m[37m[  0.887798 ax_task::api:201] [32m  use Fixed-priority round-robin scheduler.[m
[m[37m[  0.888217 ax_runtime:300] [32mInitialize interrupt handlers...[m
[m[37m[  0.890551 ax_runtime::devices:2] [32mProbe platform devices...[m
[m[37m[  0.919773 ax_driver::block::nvme:42] [32mNVMe PCI endpoint 0000:00:02.0: BAR0=0x8000004000..0x8000008000, int_pin=1, int_line=0[m
[m[37m[  0.920959 ax_driver::block::nvme:78] [32mNVMe PCI endpoint 0000:00:02.0 MSI-X unavailable (NVMe MSI-X needs admin and I/O vectors); using legacy INTx[m
[m[37m[  0.922322 nvme_driver::nvme:161] [32mNVME @0x8000004000 deferred init, version: 1.4.0[m
[m[37m[  0.925006 ax_driver::block::nvme:105] [32mNVMe block device registered at 0000:00:02.0 with irq=None[m
[m[37m[  0.931745 ax_fs_ng::block::runtime::lifecycle::device:300] [32mblock device nvme IRQ source 0 (IrqId { domain: IrqDomainId(7), hwirq: HwIrq(37) }) fixed to CPU 0 for queue mask 0x0[m
[m[37m[  0.939279 ax_fs_ng::block::runtime::hctx:177] [32mblock hctx 0 bound to CPU 0 with hardware depth 63[m
[m[37m[  0.939833 ax_fs_ng::block::runtime::lifecycle::device:300] [32mblock device nvme IRQ source 0 (IrqId { domain: IrqDomainId(7), hwirq: HwIrq(37) }) fixed to CPU 0 for queue mask 0x1[m
[m[37m[  0.947914 ax_fs_ng::root:341] [32m    raw device fs=Some(Ext4)[m
[m[37m[  0.948146 ax_fs_ng::root:372] [32m  block device 0 (nvme) has no usable partition table; treating the whole disk as a candidate[m
[m[37m[  0.948634 ax_fs_ng::root:481] [32m  matched root by raw device path on disk0 raw device[m
[m[37m[  0.949141 ax_fs_ng:86] [32mInitialize filesystem subsystem...[m
[m[37m[  0.949275 ax_fs_ng:87] [32m  selected root device: disk0 raw device[m
[m[37m[  0.975102 rsext4::ext4::mount:331] [32m/lost+found exists (superblock hint inode=11)[m
[m[37m[  0.977093 rsext4::ext4::mount:466] [32mExt4 filesystem mounted[m
[m[37m[  0.977209 rsext4::ext4::mount:467] [32m  - block size: 4096 bytes[m
[m[37m[  0.977330 rsext4::ext4::mount:468] [32m  - total blocks: 524288[m
[m[37m[  0.977446 rsext4::ext4::mount:469] [32m  - free blocks: 96969[m
[m[37m[  0.977559 rsext4::ext4::mount:470] [32m  - total inodes: 131072[m
[m[37m[  0.977662 rsext4::ext4::mount:471] [32m  - free inodes: 125217[m
[m[37m[  0.977785 rsext4::ext4::sync:13] [32mSyncing filesystem...[m
[m[37m[  0.989249 rsext4::ext4::mount:550] [32mExt4 filesystem mounted[m
[m[37m[  0.989829 ax_fs_ng:99] [32m  filesystem type: "ext4"[m
[m[37m[  0.994047 somehal::arch::gic::v3:274] [32mGICv3 CPU 1 EOI mode: two_step=true[m
[m[37m[  0.994381 ax_runtime::mp:79] [32mSecondary CPU 1 started.[m
[m[37m[  0.994411 ax_runtime:348] [32mPrimary CPU 0 init OK.[m
[m[37m[  0.995151 ax_runtime::mp:110] [32mSecondary CPU 1 init OK.[m
[m[37m[  0.995698 0:2 ax_fs_ng::block::runtime::lifecycle::device:369] [32mblock device nvme online with 1 hctxs across 2 CPUs[m
[m

       d8888            888     888  d8b
      d88888            888     888  Y8P
     d88P888            888     888
    d88P 888  888  888  Y88b   d88P  888  .d8888b    .d88b.   888d888
   d88P  888  `Y8bd8P'   Y88b d88P   888  88K       d88""88b  888P"
  d88P   888    X88K      Y88o88P    888  "Y8888b.  888  888  888
 d8888888888  .d8""8b.     Y888P     888       X88  Y88..88P  888
d88P     888  888  888      Y8P      888   88888P'   "Y88P"   888


by AxVisor Team

[37m[  0.998414 0:2 axvisor:96] [32mStarting virtualization...[m
[m[37m[  0.998577 0:2 axvm::host::arceos:335] [32mEnabling hardware virtualization support on all cores...[m
[m[37m[  0.998781 0:2 axvm::host::arceos:341] [32mCore 0 is initializing hardware virtualization support...[m
[m[37m[  0.998962 0:2 axvm::timer:508] [32mInitializing AxVM timer wheel...[m
[m[37m[  1.006181 0:2 axvm::host::arceos:343] [32mHardware virtualization support enabled on core 0[m
[m[37m[  1.006880 0:2 axvm::host::arceos:370] [32mWaiting for all cores to enable hardware virtualization...[m
[m[37m[  1.007560 1:9 axvm::host::arceos:353] [32mCore 1 is initializing hardware virtualization support...[m
[m[37m[  1.007734 1:9 axvm::timer:508] [32mInitializing AxVM timer wheel...[m
[m[37m[  1.008039 1:9 axvm::host::arceos:357] [32mHardware virtualization support enabled on core 1 (2/2)[m
[m[37m[  1.008066 0:2 axvm::host::arceos:381] [32mAll cores have enabled hardware virtualization support.[m
[m[37m[  1.013357 0:2 axvisor::manager:145] [32mNOT find dir: /guest/vm_default in filesystem[m
[m[37m[  1.013633 0:2 axvisor::config:91] [32mUsing static VM configs.[m
[m[37m[  1.030659 0:2 axvm::arch::aarch64::fdt::core:79] [32mVM[1] virtual GIC follows host firmware resources: GuestGicProfile { compatible: "arm,gic-v3", node_path: "/intc@8000000", node_phandle: Some(32771), distributor: GuestMmioRegion { base: 134217728, length: 65536 }, cpu_region: Redistributors(GuestGicRedistributorProfile { regions: [GuestMmioRegion { base: 134873088, length: 16121856 }], stride: 131072 }), its: [GuestItsProfile { id: ItsId(0), node_path: "/intc@8000000/its@8080000", node_phandle: Some(32772), registers: GuestMmioRegion { base: 134742016, length: 131072 } }] }[m
[m[37m[  1.033117 0:2 axvm::arch::aarch64::fdt::core:93] [32mVM[1] architectural timer follows host firmware PPIs[m
[m[37m[  1.039269 0:2 axvm::arch::aarch64::fdt::core::parser:548] [32mCPU node: /cpus/cpu@0, node_id: 0x0, hardware_cpu_id: 0x0[m
[m[37m[  1.039519 0:2 axvm::arch::aarch64::fdt::core::parser:548] [32mCPU node: /cpus/cpu@1, node_id: 0x1, hardware_cpu_id: 0x1[m
[m[37m[  1.039821 0:2 axvm::arch::aarch64::fdt::core::parser:555] [32mFound 2 host CPU nodes[m
[m[37m[  1.040334 0:2 axvm::arch::aarch64::fdt::core:144] [32mVM[1] DTB not found, generating from the VM configuration[m
[m[37m[  1.054762 0:2 axvm::arch::aarch64::fdt::core::device:96] [32mFound excluded devices: ["/intc@8000000", "/pl011@9000000", "/timer", "/intc@8000000/its@8080000"][m
[m[37m[  1.055877 0:2 axvm::arch::aarch64::fdt::core::parser:57] [32mVM[1] generated-FDT passthrough paths: ["/pcie@10000000"][m
[m[37m[  1.056901 0:2 axvm::arch::aarch64::fdt::core::parser:85] [32mVM[1] host-FDT PCI node path=/pcie@10000000 name=pcie@10000000 compatible=["pci-host-ecam-generic"] reg=[(275146342400, Some(268435456))] properties=[("compatible", 22), ("reg", 16), ("ranges", 84), ("interrupt-map", 640), ("interrupt-map-mask", 16), ("msi-map", 16), ("bus-range", 8)][m
[m[37m[  1.065290 0:2 axvm::arch::aarch64::fdt::core::parser:98] [32mVM[1] generated guest-FDT bytes=2172[m
[m[37m[  1.066241 0:2 axvm::arch::aarch64::fdt::core::parser:109] [32mVM[1] generated guest-FDT PCI paths: ["/pcie@10000000"][m
[m[37m[  1.066772 0:2 axvm::arch::aarch64::fdt::core::parser:143] [32mVM[1] guest-FDT PCI property-count=7 property-names=["ranges", "interrupt-map", "interrupt-map-mask", "msi-map", "bus-range", "#address-cells", "#size-cells"][m
[m[37m[  1.067078 0:2 axvm::arch::aarch64::fdt::core::parser:149] [32mVM[1] generated guest-FDT PCI node path=/pcie@10000000 name=pcie@10000000 compatible=["pci-host-ecam-generic"] reg=[(275146342400, Some(268435456))] properties=[("ranges", 84), ("interrupt-map", 640), ("interrupt-map-mask", 16), ("msi-map", 16), ("bus-range", 8), ("#address-cells", 4), ("#size-cells", 4)][m
[m[37m[  1.073082 0:2 axvm::arch::aarch64::fdt::core::device:96] [32mFound excluded devices: ["/intc@8000000", "/pl011@9000000", "/timer", "/intc@8000000/its@8080000"][m
[m[37m[  1.074970 0:2 axvm::arch::aarch64::fdt::core::device:96] [32mFound excluded devices: ["/intc@8000000", "/pl011@9000000", "/timer", "/intc@8000000/its@8080000"][m
[m[37m[  1.075301 0:2 axvm::arch::aarch64::fdt::core::parser:705] [32mpassthrough address discovery selected paths: {"/pcie@10000000"}[m
[m[37m[  1.076309 0:2 axvm::arch::aarch64::fdt::core::parser:761] [32mpassthrough address discovery resolved assignments: [HostDeviceAssignment { name: "pcie@10000000-io", base_gpa: 1056899072, base_hpa: 1056899072, length: 65536 }, HostDeviceAssignment { name: "pcie@10000000-mem32-region1", base_gpa: 268435456, base_hpa: 268435456, length: 788463616 }, HostDeviceAssignment { name: "pcie@10000000-mem64-region2", base_gpa: 549755813888, base_hpa: 549755813888, length: 549755813888 }, HostDeviceAssignment { name: "pcie@10000000-ecam", base_gpa: 275146342400, base_hpa: 275146342400, length: 268435456 }][m
[m[37m[  1.077699 0:2 axvisor::config:258] [32mCreating VM[1] "task1-starry-shared"[m
[m[37m[  1.097724 0:2 axvm::vm:1133] [32mVM created: id=1[m
[m[37m[  1.639883 0:2 axvisor::config:270] [32mVM[1] created success, loading images...[m
[m[37m[  1.677913 0:2 axvm::arch::aarch64::capabilities:133] [32mVM[1] runtime-FDT PCI properties=[("compatible", 22), ("reg", 16), ("ranges", 84), ("interrupt-map", 640), ("interrupt-map-mask", 16), ("msi-map", 16), ("bus-range", 8)] bytes=3036[m
[m[37m[  1.684047 0:2 axdevice::device:1232] [32mDeviceRuntime: registered device id=0[m
[m[37m[  1.684449 0:2 axdevice::device:1232] [32mDeviceRuntime: registered device id=1[m
[m[37m[  1.684674 0:2 axdevice::device:1232] [32mDeviceRuntime: registered device id=2[m
[m[37m[  1.686499 0:2 axdevice::device:1232] [32mDeviceRuntime: registered device id=3[m
[m[37m[  1.688354 0:2 axdevice::device:1232] [32mDeviceRuntime: registered device id=4[m
[m[37m[  1.691183 0:2 axvm::vm::prepare::address_space:87] [32mVM[1] stage2 passthrough: GPA 0x0..0x8000000 -> HPA 0x0..0x8000000[m
[m[37m[  1.691624 0:2 axvm::vm::prepare::address_space:87] [32mVM[1] stage2 passthrough: GPA 0x8010000..0x8080000 -> HPA 0x8010000..0x8080000[m
[m[37m[  1.691984 0:2 axvm::vm::prepare::address_space:87] [32mVM[1] stage2 passthrough: GPA 0x9001000..0xa000000 -> HPA 0x9001000..0xa000000[m
[m[37m[  1.692331 0:2 axvm::vm::prepare::address_space:87] [32mVM[1] stage2 passthrough: GPA 0xa001000..0x203000000 -> HPA 0xa001000..0x203000000[m
[m[37m[  1.692827 0:2 axvm::vm::prepare::address_space:87] [32mVM[1] stage2 passthrough: GPA 0x223000000..0x7ffffffff000 -> HPA 0x223000000..0x7ffffffff000[m
[m[37m[  1.718161 0:2 axvm::vm::prepare:82] [32mVM setup: id=1[m
[m[37m[  1.721738 0:2 axvm::arch::aarch64::fdt::core:79] [32mVM[2] virtual GIC follows host firmware resources: GuestGicProfile { compatible: "arm,gic-v3", node_path: "/intc@8000000", node_phandle: Some(32771), distributor: GuestMmioRegion { base: 134217728, length: 65536 }, cpu_region: Redistributors(GuestGicRedistributorProfile { regions: [GuestMmioRegion { base: 134873088, length: 16121856 }], stride: 131072 }), its: [GuestItsProfile { id: ItsId(0), node_path: "/intc@8000000/its@8080000", node_phandle: Some(32772), registers: GuestMmioRegion { base: 134742016, length: 131072 } }] }[m
[m[37m[  1.722555 0:2 axvm::arch::aarch64::fdt::core:93] [32mVM[2] architectural timer follows host firmware PPIs[m
[m[37m[  1.727460 0:2 axvm::arch::aarch64::fdt::core::parser:548] [32mCPU node: /cpus/cpu@0, node_id: 0x0, hardware_cpu_id: 0x0[m
[m[37m[  1.727662 0:2 axvm::arch::aarch64::fdt::core::parser:548] [32mCPU node: /cpus/cpu@1, node_id: 0x1, hardware_cpu_id: 0x1[m
[m[37m[  1.727880 0:2 axvm::arch::aarch64::fdt::core::parser:555] [32mFound 2 host CPU nodes[m
[m[37m[  1.728031 0:2 axvm::arch::aarch64::fdt::core:144] [32mVM[2] DTB not found, generating from the VM configuration[m
[m[37m[  1.738373 0:2 axvm::arch::aarch64::fdt::core::device:96] [32mFound excluded devices: ["/intc@8000000", "/pl011@9000000", "/timer", "/intc@8000000/its@8080000"][m
[m[37m[  1.738860 0:2 axvm::arch::aarch64::fdt::core::parser:57] [32mVM[2] generated-FDT passthrough paths: [][m
[m[37m[  1.739648 0:2 axvm::arch::aarch64::fdt::core::parser:85] [32mVM[2] host-FDT PCI node path=/pcie@10000000 name=pcie@10000000 compatible=["pci-host-ecam-generic"] reg=[(275146342400, Some(268435456))] properties=[("compatible", 22), ("reg", 16), ("ranges", 84), ("interrupt-map", 640), ("interrupt-map-mask", 16), ("msi-map", 16), ("bus-range", 8)][m
[m[37m[  1.742874 0:2 axvm::arch::aarch64::fdt::core::parser:98] [32mVM[2] generated guest-FDT bytes=1100[m
[m[37m[  1.743478 0:2 axvm::arch::aarch64::fdt::core::parser:109] [32mVM[2] generated guest-FDT PCI paths: [][m
[m[37m[  1.748195 0:2 axvm::arch::aarch64::fdt::core::device:96] [32mFound excluded devices: ["/intc@8000000", "/pl011@9000000", "/timer", "/intc@8000000/its@8080000"][m
[m[37m[  1.748940 0:2 axvisor::config:258] [32mCreating VM[2] "task1-rtthread-periodic-shared"[m
[m[37m[  1.750483 0:2 axvm::vm:1133] [32mVM created: id=2[m
[m[37m[  2.291169 0:2 axvisor::config:270] [32mVM[2] created success, loading images...[m
[m[37m[  2.299470 0:2 axdevice::device:1232] [32mDeviceRuntime: registered device id=0[m
[m[37m[  2.299612 0:2 axdevice::device:1232] [32mDeviceRuntime: registered device id=1[m
[m[37m[  2.551792 0:2 axdevice::device:1232] [32mDeviceRuntime: registered device id=2[m
[m[37m[  2.553047 0:2 axdevice::device:1232] [32mDeviceRuntime: registered device id=3[m
[m[37m[  2.554247 0:2 axvm::vm::prepare:82] [32mVM setup: id=2[m
[m[37m[  2.556946 0:2 axvm::runtime:73] [32mInitializing VMM...[m
[m[37m[  2.557707 0:2 rsext4::ext4::sync:13] [32mSyncing filesystem...[m
[m[37m[  2.567137 0:2 rsext4::ext4::sync:43] [32mFilesystem unmounted cleanly[m
[m[37m[  2.572984 0:2 axvm::host::arceos:199] [32mReleased 2 host filesystem block IRQ registration(s) during shutdown[m
[m[37m[  2.573190 0:2 axvisor::manager:119] [32mHost filesystem cleanly unmounted before guest passthrough devices start[m
[m[37m[  2.574028 0:2 axvm::runtime:84] [32mVMM starting, booting VMs...[m
[m[37m[  2.574297 0:2 axvm::vm:1365] [32mStarting VM[1][m
[m[37m[  2.574513 0:2 axvm::runtime::vcpus:1060] [32mSpawning task for VM[1] VCpu[0][m
[m[37m[  2.575060 0:2 axvm::runtime::vcpus:1079] [32mVCpu task Task(11, "VM[1]-VCpu[0]") created priority=89 cpumask: [1, ][m
[m[37m[  2.578067 0:2 axvm::arch::aarch64::gic::physical:61] [32mregistered assigned AArch64 SPI route host_intid=37 guest_intid=37[m
[m[37m[  2.579516 0:2 axvm::runtime:92] [32mVM[1] boot success[m
[m[37m[  2.579620 0:2 axvm::vm:1365] [32mStarting VM[2][m
[m[37m[  2.579667 1:11 axvm::runtime::vcpus:1134] [32mVM[1] VCpu[0] waiting for running[m
[m[37m[  2.579718 0:2 axvm::runtime::vcpus:1060] [32mSpawning task for VM[2] VCpu[0][m
[m[37m[  2.580007 0:2 axvm::runtime::vcpus:1079] [32mVCpu task Task(13, "VM[2]-VCpu[0]") created priority=90 cpumask: [1, ][m
[m[37m[  2.580132 1:11 axvm::runtime::vcpus:1172] [32mVM[1] VCpu[0] running...[m
[m[37m[  2.580299 0:2 axvm::runtime:92] [32mVM[2] boot success[m
[m[37m[  2.580364 1:13 axvm::runtime::vcpus:1134] [32mVM[2] VCpu[0] waiting for running[m
[m[37m[  2.580509 1:13 axvm::runtime::vcpus:1172] [32mVM[2] VCpu[0] running...[m
[m[37m[  2.582140 0:2 axvisor:115] [32m[OK] Default guest initialized[m
[m[VM 2] [32m[I/rtdm.ofw] Booting RT-Thread on physical CPU 0x0[0m
[VM 2] [32m[I/rtdm.ofw] Machine model: linux,dummy-virt[0m
[VM 2] [32m[I/rtdm.ofw] Memory node(0) ranges: 0x00000000a0000000 - 0x00000000c0000000[0m
[VM 2] [32m[I/dma.pool] coherent-pool: Reserved 2.0 MiB at 0x00000000bf600000[0m
[VM 2] [32m[I/dma.pool] cma: Reserved 6.0 MiB at 0x00000000bf800000[0m
[VM 2] [32m[I/mm.memblock] System memory:[0m
[VM 1] VM Load @PA:0x203000000
[VM 1] VM Load Offset: 0x283000000
[VM 1] Memory Map:
[VM 1]   KImg   0x00000203000000 - 0x00000203e00000 (14 MiB)
[VM 1]   Free   0x00000203e00000 - 0x00000223000000 (498 MiB)
[VM 1] Initialize RAM allocator: 0x203e00000..0x223000000
[VM 1] Reserving CPU-local areas
[VM 1] CPU-local area stride: 0x41000 bytes
[VM 1] Total CPU-local allocation: 0x41000 bytes (1 CPUs)
[VM 1] Flushed RAM used range to memory map: 0x203e00000..0x203e01000, current: 0x203e01000
[VM 1] Flushed RAM used range to memory map: 0x203e01000..0x203e42000, current: 0x203e42000
[VM 1] CPU-local areas allocated at 0x203e01000 - 0x203e42000
[VM 1] EL: 1
[VM 1] Mapping early memory regions...
[VM 1] Ram                 : [0xffff000203000000, 0xffff000223000000) -> [0x0000000203000000, 0x0000000223000000) (512 MiB)
[VM 1] KImage              : [0xffffffff80000000, 0xffffffff80e00000) -> [0x0000000203000000, 0x0000000203e00000) (14 MiB)
[VM 1] PerCpu              : [0xffffff0203e01000, 0xffffff0203e42000) -> [0x0000000203e01000, 0x0000000203e42000) (260 KiB)
[VM 1] Debug serial        : [0xffff000009000000, 0xffff000009001000) -> [0x0000000009000000, 0x0000000009001000) (4 KiB)
[VM 1] Boot page table at physical address: PA:0x203e42000
[VM 1] Setting up table registers...
[VM 1] MMU Entry point at physical address: 0x2033a71bc
[VM 1] Trap vector at 0xffffffff803a5000
[VM 1] Memory Map:
[VM 1]   MMIO   0x00000009000000 - 0x00000009001000 (4 KiB)
[VM 1]   KImg   0x00000203000000 - 0x00000203e00000 (14 MiB)
[VM 1]   Rsv    0x00000203e00000 - 0x00000203e01000 (4 KiB)
[VM 1]   PerCPU 0x00000203e01000 - 0x00000203e42000 (260 KiB)
[VM 1]   Rsv    0x00000203e42000 - 0x00000203e4c000 (40 KiB)
[VM 1]   Free   0x00000203e4c000 - 0x00000223000000 (497.7 MiB)
[VM 1] Jumping to main entry point at 0xffffffff8038a0b8 with SP 0xffffff0203e42000
[VM 1] 
[VM 1]        d8888                            .d88888b.   .d8888b.
[VM 1]       d88888                           d88P" "Y88b d88P  Y88b
[VM 1]      d88P888                           888     888 Y88b.
[VM 1]     d88P 888 888d888  .d8888b  .d88b.  888     888  "Y888b.
[VM 1]    d88P  888 888P"   d88P"    d8P  Y8b 888     888     "Y88b.
[VM 1]   d88P   888 888     888      88888888 888     888       "888
[VM 1]  d8888888888 888     Y88b.    Y8b.     Y88b. .d88P Y88b  d88P
[VM 1] d88P     888 888      "Y8888P  "Y8888   "Y88888P"   "Y8888P"
[VM 1] 
[VM 1] arch = aarch64
[VM 1] platform = linux,dummy-virt
[VM 1] target = aarch64-unknown-none-softfloat
[VM 1] build_mode = 
[VM 1] log_level = warn
[VM 1] backtrace = false
[VM 1] smp = 1
[VM 1] 
[VM 1] Boot at 1970-01-01 00:00:02.376716240 UTC
[VM 1] 
[VM 2] [32m[I/mm.memblock]   memory@a0000000          [0x00000000a0000000, 0x00000000c0000000][0m
[VM 2] [32m[I/mm.memblock] Reserved memory:[0m
[VM 2] [32m[I/mm.memblock]   kernel                   [0x00000000a0080000, 0x00000000a01e3000][0m
[VM 2] [32m[I/mm.memblock]   memheap                  [0x00000000a01e3000, 0x00000000a41e3000][0m
[VM 2] [32m[I/mm.memblock]   init-page                [0x00000000a41e3000, 0x00000000a43e3000][0m
[VM 2] [32m[I/mm.memblock]   fdt                      [0x00000000a43e3000, 0x00000000a43e4000][0m
[VM 2] [32m[I/mm.memblock]   dma-pool                 [0x00000000bf600000, 0x00000000c0000000][0m
[VM 2] [32m[I/mm.memblock] physical memory region [0x00000000a0000000-0x00000000a0080000] installed to system page[0m
[VM 2] [33m[W/mm.aspace] _mm_aspace_map_phy: not in range[0m
[VM 2] [32m[I/mm.memblock] physical memory region [0x00000000a43e4000-0x00000000bf600000] installed to system page[0m
[VM 2] [32m[I/mm.memblock] 455 MB memory installed to system page[0m
[VM 2] [32m[I/osi.psci] Using PSCI v1.1 Function IDs[0m
[VM 2] [32m[I/rtdm.ofw] Console: uart0 (pl011@9000000)[0m
[VM 2] 
[VM 2]  \ | /
[VM 2] - RT -     Thread Operating System
[VM 2]  / | \     5.3.0 build Aug 22 2026 17:34:28
[VM 2]  2006 - 2024 Copyright by RT-Thread team
[VM 2] [32m[I/rtdm.mnt] File system initialization done[0m
[VM 2] PERIODIC LATENCY READY
[VM 1] [37m[  3.010990 ax_net::service:885] [33meth1: DHCP acquired address 10.0.2.15/24[m
[VM 1] [m[37m[  3.041843 ax_net::service:887] [33meth1: DHCP router 10.0.2.2[m
[VM 1] [m[37m[  3.065377 ax_net:450] [33m  No vsock device found![m
[VM 1] [mInitialized 6 tracepoints
[VM 1] kmod subsystem initialized
[VM 1] Welcome to [96m[1mStarry OS[0m!
[VM 1] USER=root
[VM 1] HOSTNAME=starry
[VM 1] SHLVL=1
[VM 1] HOME=/root
[VM 1] TERM=xterm-256color
[VM 1] PATH=/usr/local/sbin:/usr/local/bin:/usr/sbin:/usr/bin:/sbin:/bin
[VM 1] PWD=/
[VM 1] 
[VM 1] Use [1m[3mapk[0m to install packages.
[VM 1] 

[Axvisor] detached VM[1] console
Welcome to AxVisor Shell!
Type 'help' to see available commands
Use UP/DOWN arrows to navigate command history
Console shortcuts:
  Ctrl+X, then h  return to the Axvisor shell
  Ctrl+X, then [  attach the previous running guest
  Ctrl+X, then ]  attach the next running guest

[2Kaxvisor:/$ 
[Axvisor] attached VM[2] console; use Ctrl+X, then h to return to the shell

[Axvisor] attached VM[1] console; use Ctrl+X, then h to return to the shell
root@starry:/root # (sh /usr/bin/t2n1-run.sh model-only) &
root@starry:/root # STARRY_T2N1_NET_CONFIGURED ip=10.0.42.15/24
TASK3_MODEL_READY model=yolo11n.ncnn runtime=ncnn ncnn_revision=946fe3fb14a8dff8c06df763f67be522167b2f00 param_sha256=d2c0adf8939dc9ce02964ce8ada104447768ffd8e3bffad8fa11e2e61e709c1f bin_sha256=0ae562447923999779b12b4f91f96b9ef263add8c9902d10e22e6dd6a2932c12 input_sha256=608c8a61ff0bb43e5a8613f1f6f8aa08af74b084363610ed2b526ad925e4cb6f mode=in-guest run_mode=model-only
TASK3_INFER_STARTED model=yolo11n.ncnn request=1 phase=startup

[Axvisor] attached VM[2] console; use Ctrl+X, then h to return to the shell
PERIODIC LATENCY START
sequence,timestamp_ns,deadline_ns,actual_ns,jitter_ns
0,11517600,10000000,11517600,1517600
1,20932832,20000000,20932832,932832
2,30984208,30000000,30984208,984208
3,40923360,40000000,40923360,923360
4,50982320,50000000,50982320,982320
5,60981120,60000000,60981120,981120
6,70676368,70000000,70676368,676368
7,80985632,80000000,80985632,985632
8,90984032,90000000,90984032,984032
9,100977600,100000000,100977600,977600
10,110975824,110000000,110975824,975824
11,120882144,120000000,120882144,882144
12,131442368,130000000,131442368,1442368
13,140969312,140000000,140969312,969312
14,150963216,150000000,150963216,963216
15,160966800,160000000,160966800,966800
16,170975600,170000000,170975600,975600
17,180968576,180000000,180968576,968576
18,190948928,190000000,190948928,948928
19,200944960,200000000,200944960,944960
20,210936832,210000000,210936832,936832
21,220964304,220000000,220964304,964304
22,230976928,230000000,230976928,976928
23,240985600,240000000,240985600,985600
24,250805088,250000000,250805088,805088
25,261447520,260000000,261447520,1447520
26,270939184,270000000,270939184,939184
27,280940448,280000000,280940448,940448
28,290989280,290000000,290989280,989280
29,300979888,300000000,300979888,979888
30,310951040,310000000,310951040,951040
31,320984288,320000000,320984288,984288
32,330963392,330000000,330963392,963392
33,340972672,340000000,340972672,972672
34,350950032,350000000,350950032,950032
35,360914800,360000000,360914800,914800
36,370924768,370000000,370924768,924768
37,380687040,380000000,380687040,687040
38,391502656,390000000,391502656,1502656
39,400967760,400000000,400967760,967760
40,410999776,410000000,410999776,999776
41,420957920,420000000,420957920,957920
42,430946368,430000000,430946368,946368
43,440964656,440000000,440964656,964656
44,450980672,450000000,450980672,980672
45,460942336,460000000,460942336,942336
46,470979744,470000000,470979744,979744
47,480940992,480000000,480940992,940992
48,490942240,490000000,490942240,942240
49,500881264,500000000,500881264,881264
50,511251440,510000000,511251440,1251440
51,521646688,520000000,521646688,1646688
52,530958032,530000000,530958032,958032
53,540960016,540000000,540960016,960016
54,550983248,550000000,550983248,983248
55,560984864,560000000,560984864,984864
56,570956752,570000000,570956752,956752
57,581002816,580000000,581002816,1002816
58,590969344,590000000,590969344,969344
59,600968832,600000000,600968832,968832
60,610962336,610000000,610962336,962336
61,620938272,620000000,620938272,938272
62,630913600,630000000,630913600,913600
63,646238416,640000000,646238416,6238416
64,650987920,650000000,650987920,987920
65,660955488,660000000,660955488,955488
66,671052528,670000000,671052528,1052528
67,680972464,680000000,680972464,972464
68,690944528,690000000,690944528,944528
69,700734976,700000000,700734976,734976
70,711546976,710000000,711546976,1546976
71,720983312,720000000,720983312,983312
72,730991344,730000000,730991344,991344
73,740966800,740000000,740966800,966800
74,750944976,750000000,750944976,944976
75,760970112,760000000,760970112,970112
76,770977312,770000000,770977312,977312
77,780977632,780000000,780977632,977632
78,790965664,790000000,790965664,965664
79,800978160,800000000,800978160,978160
80,810969792,810000000,810969792,969792
81,820947888,820000000,820947888,947888
82,830726368,830000000,830726368,726368
83,841542016,840000000,841542016,1542016
84,850987680,850000000,850987680,987680
85,860980096,860000000,860980096,980096
86,870980960,870000000,870980960,980960
87,880976992,880000000,880976992,976992
88,890972032,890000000,890972032,972032
89,900976720,900000000,900976720,976720
90,910976944,910000000,910976944,976944
91,920961936,920000000,920961936,961936
92,930968336,930000000,930968336,968336
93,940965344,940000000,940965344,965344
94,950851664,950000000,950851664,851664
95,961412368,960000000,961412368,1412368
96,970977072,970000000,970977072,977072
97,981006304,980000000,981006304,1006304
98,990971472,990000000,990971472,971472
99,1000986384,1000000000,1000986384,986384
100,1010966144,1010000000,1010966144,966144
101,1020960736,1020000000,1020960736,960736
102,1030951408,1030000000,1030951408,951408
103,1040980160,1040000000,1040980160,980160
104,1050969072,1050000000,1050969072,969072
105,1060961024,1060000000,1060961024,961024
106,1070964096,1070000000,1070964096,964096
107,1080870128,1080000000,1080870128,870128
108,1091296944,1090000000,1091296944,1296944
109,1101596832,1100000000,1101596832,1596832
110,1110968416,1110000000,1110968416,968416
111,1120964448,1120000000,1120964448,964448
112,1130977824,1130000000,1130977824,977824
113,1140973680,1140000000,1140973680,973680
114,1150954544,1150000000,1150954544,954544
115,1160990768,1160000000,1160990768,990768
116,1170945984,1170000000,1170945984,945984
117,1180975984,1180000000,1180975984,975984
118,1191030608,1190000000,1191030608,1030608
119,1201000528,1200000000,1201000528,1000528
120,1210982992,1210000000,1210982992,982992
121,1220842272,1220000000,1220842272,842272
122,1231103696,1230000000,1231103696,1103696
123,1241573840,1240000000,1241573840,1573840
124,1251001696,1250000000,1251001696,1001696
125,1260953280,1260000000,1260953280,953280
126,1270949152,1270000000,1270949152,949152
127,1281002192,1280000000,1281002192,1002192
128,1290981280,1290000000,1290981280,981280
129,1300953552,1300000000,1300953552,953552
130,1310946144,1310000000,1310946144,946144
131,1320946320,1320000000,1320946320,946320
132,1330974784,1330000000,1330974784,974784
133,1340968112,1340000000,1340968112,968112
134,1350960048,1350000000,1350960048,960048
135,1360759056,1360000000,1360759056,759056
136,1371568288,1370000000,1371568288,1568288
137,1380982720,1380000000,1380982720,982720
138,1391041744,1390000000,1391041744,1041744
139,1401000272,1400000000,1401000272,1000272
140,1410974928,1410000000,1410974928,974928
141,1420962528,1420000000,1420962528,962528
142,1430983344,1430000000,1430983344,983344
143,1440972608,1440000000,1440972608,972608
144,1450965456,1450000000,1450965456,965456
145,1460959456,1460000000,1460959456,959456
146,1470950096,1470000000,1470950096,950096
147,1480831872,1480000000,1480831872,831872
148,1491333856,1490000000,1491333856,1333856
149,1500990400,1500000000,1500990400,990400
150,1510960592,1510000000,1510960592,960592
151,1520980256,1520000000,1520980256,980256
152,1530985168,1530000000,1530985168,985168
153,1540951136,1540000000,1540951136,951136
154,1550941504,1550000000,1550941504,941504
155,1560976016,1560000000,1560976016,976016
156,1570955232,1570000000,1570955232,955232
157,1580971552,1580000000,1580971552,971552
158,1590939536,1590000000,1590939536,939536
159,1600950736,1600000000,1600950736,950736
160,1610910624,1610000000,1610910624,910624
161,1621393632,1620000000,1621393632,1393632
162,1631616400,1630000000,1631616400,1616400
163,1640983584,1640000000,1640983584,983584
164,1650955824,1650000000,1650955824,955824
165,1660961024,1660000000,1660961024,961024
166,1671033984,1670000000,1671033984,1033984
167,1680978272,1680000000,1680978272,978272
168,1691047008,1690000000,1691047008,1047008
169,1700957696,1700000000,1700957696,957696
170,1710973664,1710000000,1710973664,973664
171,1720978464,1720000000,1720978464,978464
172,1730935376,1730000000,1730935376,935376
173,1740922928,1740000000,1740922928,922928
174,1751105296,1750000000,1751105296,1105296
175,1761608272,1760000000,1761608272,1608272
176,1770988704,1770000000,1770988704,988704
177,1780962192,1780000000,1780962192,962192
178,1790952720,1790000000,1790952720,952720
179,1800960768,1800000000,1800960768,960768
180,1811067856,1810000000,1811067856,1067856
181,1820981168,1820000000,1820981168,981168
182,1830991760,1830000000,1830991760,991760
183,1841020208,1840000000,1841020208,1020208
184,1850950640,1850000000,1850950640,950640
185,1860963376,1860000000,1860963376,963376
186,1870909344,1870000000,1870909344,909344
187,1880799808,1880000000,1880799808,799808
188,1891564704,1890000000,1891564704,1564704
189,1900948832,1900000000,1900948832,948832
190,1910958496,1910000000,1910958496,958496
191,1920982816,1920000000,1920982816,982816
192,1930958512,1930000000,1930958512,958512
193,1940940848,1940000000,1940940848,940848
194,1950971328,1950000000,1950971328,971328
195,1960984736,1960000000,1960984736,984736
196,1970984496,1970000000,1970984496,984496
197,1980959712,1980000000,1980959712,959712
198,1990930800,1990000000,1990930800,930800
199,2000885664,2000000000,2000885664,885664
200,2011510464,2010000000,2011510464,1510464
201,2020977920,2020000000,2020977920,977920
202,2030955360,2030000000,2030955360,955360
203,2040974960,2040000000,2040974960,974960
204,2050973376,2050000000,2050973376,973376
205,2060967184,2060000000,2060967184,967184
206,2071020656,2070000000,2071020656,1020656
207,2080996128,2080000000,2080996128,996128
208,2090944320,2090000000,2090944320,944320
209,2100942624,2100000000,2100942624,942624
210,2110953504,2110000000,2110953504,953504
211,2120786112,2120000000,2120786112,786112
212,2131471648,2130000000,2131471648,1471648
213,2140963200,2140000000,2140963200,963200
214,2150966064,2150000000,2150966064,966064
215,2160981984,2160000000,2160981984,981984
216,2170934512,2170000000,2170934512,934512
217,2180972720,2180000000,2180972720,972720
218,2190984144,2190000000,2190984144,984144
219,2200972800,2200000000,2200972800,972800
220,2210932352,2210000000,2210932352,932352
221,2220929296,2220000000,2220929296,929296
222,2230935488,2230000000,2230935488,935488
223,2240968912,2240000000,2240968912,968912
224,2250744384,2250000000,2250744384,744384
225,2261533008,2260000000,2261533008,1533008
226,2270953088,2270000000,2270953088,953088
227,2280999136,2280000000,2280999136,999136
228,2290953760,2290000000,2290953760,953760
229,2300962464,2300000000,2300962464,962464
230,2310999200,2310000000,2310999200,999200
231,2320960864,2320000000,2320960864,960864
232,2330949008,2330000000,2330949008,949008
233,2340962688,2340000000,2340962688,962688
234,2350942064,2350000000,2350942064,942064
235,2360950064,2360000000,2360950064,950064
236,2370802848,2370000000,2370802848,802848
237,2381429296,2380000000,2381429296,1429296
238,2390981456,2390000000,2390981456,981456
239,2400917904,2400000000,2400917904,917904
240,2410972256,2410000000,2410972256,972256
241,2420979536,2420000000,2420979536,979536
242,2430913424,2430000000,2430913424,913424
243,2440951376,2440000000,2440951376,951376
244,2450943088,2450000000,2450943088,943088
245,2460954512,2460000000,2460954512,954512
246,2470977696,2470000000,2470977696,977696
247,2480975264,2480000000,2480975264,975264
248,2490957568,2490000000,2490957568,957568
249,2500815680,2500000000,2500815680,815680
250,2511454016,2510000000,2511454016,1454016
251,2520991376,2520000000,2520991376,991376
252,2530978048,2530000000,2530978048,978048
253,2540934208,2540000000,2540934208,934208
254,2550954240,2550000000,2550954240,954240
255,2560975776,2560000000,2560975776,975776
256,2570950912,2570000000,2570950912,950912
257,2580996000,2580000000,2580996000,996000
258,2590973760,2590000000,2590973760,973760
259,2600958256,2600000000,2600958256,958256
260,2610955456,2610000000,2610955456,955456
261,2620939152,2620000000,2620939152,939152
262,2630713696,2630000000,2630713696,713696
263,2641491536,2640000000,2641491536,1491536
264,2650985344,2650000000,2650985344,985344
265,2660901104,2660000000,2660901104,901104
266,2670992640,2670000000,2670992640,992640
267,2680972752,2680000000,2680972752,972752
268,2690944864,2690000000,2690944864,944864
269,2701053152,2700000000,2701053152,1053152
270,2710971536,2710000000,2710971536,971536
271,2720913568,2720000000,2720913568,913568
272,2731011120,2730000000,2731011120,1011120
273,2740984992,2740000000,2740984992,984992
274,2750827200,2750000000,2750827200,827200
275,2761452656,2760000000,2761452656,1452656
276,2771009792,2770000000,2771009792,1009792
277,2780973264,2780000000,2780973264,973264
278,2790974656,2790000000,2790974656,974656
279,2800992064,2800000000,2800992064,992064
280,2811023744,2810000000,2811023744,1023744
281,2820997680,2820000000,2820997680,997680
282,2830969152,2830000000,2830969152,969152
283,2841011184,2840000000,2841011184,1011184
284,2850968464,2850000000,2850968464,968464
285,2860963008,2860000000,2860963008,963008
286,2870883632,2870000000,2870883632,883632
287,2881477184,2880000000,2881477184,1477184
288,2891030112,2890000000,2891030112,1030112
289,2900984496,2900000000,2900984496,984496
290,2910960144,2910000000,2910960144,960144
291,2920980720,2920000000,2920980720,980720
292,2930967248,2930000000,2930967248,967248
293,2940996160,2940000000,2940996160,996160
294,2951052160,2950000000,2951052160,1052160
295,2960964320,2960000000,2960964320,964320
296,2970944256,2970000000,2970944256,944256
297,2980932272,2980000000,2980932272,932272
298,2990965808,2990000000,2990965808,965808
299,3000718784,3000000000,3000718784,718784
PERIODIC LATENCY COMPLETE samples=300

[Axvisor] attached VM[1] console; use Ctrl+X, then h to return to the shell
TASK3_INFER model=yolo11n.ncnn infer_us=23365668 request=1 elapsed_ms=0
TASK3_DETECTION model=yolo11n.ncnn class=75 confidence_milli=843 center_x_milli=421 area_milli=63 target=421 request=1

[Axvisor] detached VM[1] console
[2Kaxvisor:/$ [2Kaxvisor:/$ r[2Kaxvisor:/$ rt[2Kaxvisor:/$ rt [2Kaxvisor:/$ rt s[2Kaxvisor:/$ rt st[2Kaxvisor:/$ rt sta[2Kaxvisor:/$ rt stat
FP-RR scheduler counters:
  quantum_ticks=5 quantum_expiries=9 same_priority_rotations=9 slice_preserving_preemptions=17682 voluntary_requeues=1322722 idle_quantum_skips=5484 lower_priority_services=83
RT vCPU wait counters:
  vcpu=0 post_vmexit_yields=30872 parks=6617 wakes=5997 notify_woke=5890 vtimer_arms=12923 vtimer_immediate=36 vtimer_no_deadline=0 vtimer_registered=12887 vtimer_callbacks=3174 vtimer_stale_callbacks=1 vtimer_notifications=3173 vtimer_invalidations=158009 callback_to_wake_samples=0 callback_to_wake_overflow=0 callback_to_wake_p50_ns=0 callback_to_wake_p99_ns=0 callback_to_wake_p99_9_ns=0 callback_to_wake_max_ns=0 callback_to_run_dispatch_samples=0 callback_to_run_dispatch_overflow=0 callback_to_run_dispatch_p50_ns=0 callback_to_run_dispatch_p99_ns=0 callback_to_run_dispatch_p99_9_ns=0 callback_to_run_dispatch_max_ns=0 callback_to_guest_entry_samples=0 callback_to_guest_entry_overflow=0 callback_to_guest_entry_p50_ns=0 callback_to_guest_entry_p99_ns=0 callback_to_guest_entry_p99_9_ns=0 callback_to_guest_entry_max_ns=0 direct_acks=4569 direct_overlaps=0 direct_to_run_dispatch_samples=0 direct_to_run_dispatch_overflow=0 direct_to_run_dispatch_p50_ns=0 direct_to_run_dispatch_p99_ns=0 direct_to_run_dispatch_p99_9_ns=0 direct_to_run_dispatch_max_ns=0 direct_to_guest_entry_samples=0 direct_to_guest_entry_overflow=0 direct_to_guest_entry_p50_ns=0 direct_to_guest_entry_p99_ns=0 direct_to_guest_entry_p99_9_ns=0 direct_to_guest_entry_max_ns=0 activation_hold_samples=0 activation_hold_overflow=0 activation_hold_p50_ns=0 activation_hold_p99_ns=0 activation_hold_p99_9_ns=0 activation_hold_max_ns=0
  lr_skips=0
RT device-poll counters:
  vm=1 published=39 kicked=39 consumed=4 pending=false
  vm=2 published=1 kicked=1 consumed=1 pending=false
RT AxVM timer counters:
  cpu=1 now_ns=34835558880 wheel_next_ns=34844408304 published_ns=34844408304 registered=12887 cancelled=9712 expired=3174 worker_wakes=3043 expiry_batches=3094 expiry_late_samples=0 expiry_late_overflow=0 expiry_late_p50_ns=0 expiry_late_p99_ns=0 expiry_late_p99_9_ns=0 expiry_late_max_ns=0 lock_acquisitions=50612 lock_wait_total_ns=31068592 lock_wait_max_ns=114064 lock_hold_total_ns=107324800 lock_hold_max_ns=174624
RT host hardware timer IRQ counters:
  cpu=0 irqs=3403
  cpu=1 irqs=6343
RT console counters: attached=None flush_calls=1270169 host_write_bytes=19158
  vm=1 active=true input_enqueued=39 input_drained=39 input_dropped=0 input_pending=0 output_enqueued=3638 output_drained=3638 output_dropped=0 output_pending=0
  vm=2 active=true input_enqueued=1 input_drained=1 input_dropped=0 input_pending=0 output_enqueued=14896 output_drained=14896 output_dropped=0 output_pending=0
axvisor:/$ 