root=/dev/nvme0n1 rw init=/init
VM Load @PA:0x40200000
VM Load Offset: 0xffff0000c0200000
Memory Map:
  Free   0x00000040000000 - 0x00000040200000 (2 MiB)
  KImg   0x00000040200000 - 0x00000041600000 (20 MiB)
  Free   0x00000041600000 - 0x00000240000000 (7.98 GiB)
Initialize RAM allocator: 0x41600000..0x240000000
Reserving CPU-local areas
CPU-local area stride: 0x44000 bytes
Total CPU-local allocation: 0x88000 bytes (2 CPUs)
Flushed RAM used range to memory map: 0x41600000..0x41700000, current: 0x41700000
Flushed RAM used range to memory map: 0x41700000..0x41788000, current: 0x41788000
CPU-local areas allocated at 0x41700000 - 0x41788000
EL: 2
Mapping early memory regions...
Ram                 : [0x0000000040000000, 0x0000000240000000) -> [0x0000000040000000, 0x0000000240000000) (8 GiB)
KImage              : [0x0000ffff80000000, 0x0000ffff81400000) -> [0x0000000040200000, 0x0000000041600000) (20 MiB)
PerCpu              : [0x0000ff0041700000, 0x0000ff0041788000) -> [0x0000000041700000, 0x0000000041788000) (544 KiB)
Debug serial        : [0x0000000009000000, 0x0000000009001000) -> [0x0000000009000000, 0x0000000009001000) (4 KiB)
Boot page table at physical address: PA:0x41788000
Setting up table registers...
MMU Entry point at physical address: 0x4047a5f8
Trap vector at 0xffff8027e000
Memory Map:
  MMIO   0x00000009000000 - 0x00000009001000 (4 KiB)
  Free   0x00000040000000 - 0x00000040200000 (2 MiB)
  KImg   0x00000040200000 - 0x00000041600000 (20 MiB)
  Rsv    0x00000041600000 - 0x00000041700000 (1 MiB)
  PerCPU 0x00000041700000 - 0x00000041788000 (544 KiB)
  Rsv    0x00000041788000 - 0x00000041791000 (36 KiB)
  Free   0x00000041791000 - 0x00000240000000 (7.98 GiB)
Jumping to main entry point at 0xffff8026234c with SP 0x0000ff0041744000

       d8888                            .d88888b.   .d8888b.
      d88888                           d88P" "Y88b d88P  Y88b
     d88P888                           888     888 Y88b.
    d88P 888 888d888  .d8888b  .d88b.  888     888  "Y888b.
   d88P  888 888P"   d88P"    d8P  Y8b 888     888     "Y88b.
  d88P   888 888     888      88888888 888     888       "888
 d8888888888 888     Y88b.    Y8b.     Y88b. .d88P Y88b  d88P
d88P     888 888      "Y8888P  "Y8888   "Y88888P"   "Y8888P"

arch = aarch64
platform = linux,dummy-virt
target = aarch64-unknown-none-softfloat
build_mode = 
log_level = info
backtrace = false
smp = 2

[37m[  0.056068 ax_runtime:220] [32mLogging is enabled.[m
[m[37m[  0.056452 ax_runtime:221] [32mPrimary CPU 0 started, arg = 0x41600000.[m
[m[37m[  0.056570 ax_runtime:223] [32mFound physcial memory regions:[m
[m[37m[  0.057617 ax_runtime:225] [32m  [PA:0x9000000, PA:0x9001000) mmio (READ | WRITE | DEVICE | RESERVED)[m
[m[37m[  0.057847 ax_runtime:225] [32m  [PA:0x40000000, PA:0x40200000) free memory (READ | WRITE | FREE)[m
[m[37m[  0.057997 ax_runtime:225] [32m  [PA:0x40200000, PA:0x41600000) reserved (READ | WRITE | EXECUTE | RESERVED)[m
[m[37m[  0.058135 ax_runtime:225] [32m  [PA:0x41600000, PA:0x41700000) reserved (READ | WRITE | EXECUTE | RESERVED)[m
[m[37m[  0.058270 ax_runtime:225] [32m  [PA:0x41700000, PA:0x41788000) reserved (READ | WRITE | EXECUTE | RESERVED)[m
[m[37m[  0.058404 ax_runtime:225] [32m  [PA:0x41788000, PA:0x41791000) reserved (READ | WRITE | EXECUTE | RESERVED)[m
[m[37m[  0.058540 ax_runtime:225] [32m  [PA:0x41791000, PA:0x240000000) free memory (READ | WRITE | FREE)[m
[m[37m[  0.058683 ax_runtime:375] [32mInitialize global memory allocator...[m
[m[37m[  0.058797 ax_runtime:376] [32m  use buddy-slab-allocator allocator.[m
[m[37m[  0.059009 ax_alloc::buddy_slab:158] [32mInitialize global memory allocator, start_vaddr: 0x41791000, size: 0x1fe86f000[m
[m[37m[  0.066420 ax_alloc::buddy_slab:424] [32mglobal allocator initialized[m
[m[37m[  0.066660 ax_alloc::buddy_slab:168] [32mAdd memory region, start_vaddr: 0x40000000, size: 0x200000[m
[m[37m[  0.066864 buddy_slab_allocator::global:151] [32mGlobalAllocator: skip region 0x40000000+0x200000, no allocator-visible memory after 2097152 alignment[m
[m[37m[  0.067246 ax_runtime:260] [32mkernel aspace: [VA:0x0, VA:0xffffffffffffffff)[m
[m[37m[  0.067380 ax_mm:103] [32mInitialize virtual memory management...[m
[m[37m[  0.796373 ax_runtime:272] [32mInitialize platform devices...[m
[m[37m[  0.802702 someboot::arch::power:23] [32mPower management method : SMC[m
[m[37m[  0.802891 somehal::driver:5] [32mInitializing rdrive with FDT at 0x41600000[m
[m[37m[  0.816044 somehal::arch::gic::v3:274] [32mGICv3 CPU 0 EOI mode: two_step=true[m
[m[37m[  0.881913 ax_task::api:193] [32mInitialize scheduling...[m
[m[37m[  0.883439 ax_task::api:201] [32m  use Fixed-priority round-robin scheduler.[m
[m[37m[  0.883873 ax_runtime:300] [32mInitialize interrupt handlers...[m
[m[37m[  0.886245 ax_runtime::devices:2] [32mProbe platform devices...[m
[m[37m[  0.915983 ax_driver::block::nvme:42] [32mNVMe PCI endpoint 0000:00:02.0: BAR0=0x8000004000..0x8000008000, int_pin=1, int_line=0[m
[m[37m[  0.917099 ax_driver::block::nvme:78] [32mNVMe PCI endpoint 0000:00:02.0 MSI-X unavailable (NVMe MSI-X needs admin and I/O vectors); using legacy INTx[m
[m[37m[  0.918384 nvme_driver::nvme:161] [32mNVME @0x8000004000 deferred init, version: 1.4.0[m
[m[37m[  0.921054 ax_driver::block::nvme:105] [32mNVMe block device registered at 0000:00:02.0 with irq=None[m
[m[37m[  0.927827 ax_fs_ng::block::runtime::lifecycle::device:300] [32mblock device nvme IRQ source 0 (IrqId { domain: IrqDomainId(7), hwirq: HwIrq(37) }) fixed to CPU 0 for queue mask 0x0[m
[m[37m[  0.935245 ax_fs_ng::block::runtime::hctx:177] [32mblock hctx 0 bound to CPU 0 with hardware depth 63[m
[m[37m[  0.935803 ax_fs_ng::block::runtime::lifecycle::device:300] [32mblock device nvme IRQ source 0 (IrqId { domain: IrqDomainId(7), hwirq: HwIrq(37) }) fixed to CPU 0 for queue mask 0x1[m
[m[37m[  0.943575 ax_fs_ng::root:341] [32m    raw device fs=Some(Ext4)[m
[m[37m[  0.943807 ax_fs_ng::root:372] [32m  block device 0 (nvme) has no usable partition table; treating the whole disk as a candidate[m
[m[37m[  0.944288 ax_fs_ng::root:481] [32m  matched root by raw device path on disk0 raw device[m
[m[37m[  0.944781 ax_fs_ng:86] [32mInitialize filesystem subsystem...[m
[m[37m[  0.944897 ax_fs_ng:87] [32m  selected root device: disk0 raw device[m
[m[37m[  0.971218 rsext4::ext4::mount:331] [32m/lost+found exists (superblock hint inode=11)[m
[m[37m[  0.973360 rsext4::ext4::mount:466] [32mExt4 filesystem mounted[m
[m[37m[  0.973476 rsext4::ext4::mount:467] [32m  - block size: 4096 bytes[m
[m[37m[  0.973585 rsext4::ext4::mount:468] [32m  - total blocks: 524288[m
[m[37m[  0.973684 rsext4::ext4::mount:469] [32m  - free blocks: 96969[m
[m[37m[  0.973792 rsext4::ext4::mount:470] [32m  - total inodes: 131072[m
[m[37m[  0.973896 rsext4::ext4::mount:471] [32m  - free inodes: 125217[m
[m[37m[  0.974037 rsext4::ext4::sync:13] [32mSyncing filesystem...[m
[m[37m[  0.986838 rsext4::ext4::mount:550] [32mExt4 filesystem mounted[m
[m[37m[  0.987436 ax_fs_ng:99] [32m  filesystem type: "ext4"[m
[m[37m[  0.991780 somehal::arch::gic::v3:274] [32mGICv3 CPU 1 EOI mode: two_step=true[m
[m[37m[  0.992325 ax_runtime::mp:79] [32mSecondary CPU 1 started.[m
[m[37m[  0.992335 ax_runtime:348] [32mPrimary CPU 0 init OK.[m
[m[37m[  0.993535 ax_runtime::mp:110] [32mSecondary CPU 1 init OK.[m
[m[37m[  0.994173 0:2 ax_fs_ng::block::runtime::lifecycle::device:369] [32mblock device nvme online with 1 hctxs across 2 CPUs[m
[m

       d8888            888     888  d8b
      d88888            888     888  Y8P
     d88P888            888     888
    d88P 888  888  888  Y88b   d88P  888  .d8888b    .d88b.   888d888
   d88P  888  `Y8bd8P'   Y88b d88P   888  88K       d88""88b  888P"
  d88P   888    X88K      Y88o88P    888  "Y8888b.  888  888  888
 d8888888888  .d8""8b.     Y888P     888       X88  Y88..88P  888
d88P     888  888  888      Y8P      888   88888P'   "Y88P"   888


by AxVisor Team

[37m[  0.996879 0:2 axvisor:96] [32mStarting virtualization...[m
[m[37m[  0.997033 0:2 axvm::host::arceos:335] [32mEnabling hardware virtualization support on all cores...[m
[m[37m[  0.997228 0:2 axvm::host::arceos:341] [32mCore 0 is initializing hardware virtualization support...[m
[m[37m[  0.997403 0:2 axvm::timer:508] [32mInitializing AxVM timer wheel...[m
[m[37m[  1.002910 0:2 axvm::host::arceos:343] [32mHardware virtualization support enabled on core 0[m
[m[37m[  1.003572 0:2 axvm::host::arceos:370] [32mWaiting for all cores to enable hardware virtualization...[m
[m[37m[  1.004454 1:9 axvm::host::arceos:353] [32mCore 1 is initializing hardware virtualization support...[m
[m[37m[  1.004802 1:9 axvm::timer:508] [32mInitializing AxVM timer wheel...[m
[m[37m[  1.005253 0:2 axvm::host::arceos:381] [32mAll cores have enabled hardware virtualization support.[m
[m[37m[  1.005261 1:9 axvm::host::arceos:357] [32mHardware virtualization support enabled on core 1 (2/2)[m
[m[37m[  1.011162 0:2 axvisor::manager:145] [32mNOT find dir: /guest/vm_default in filesystem[m
[m[37m[  1.011411 0:2 axvisor::config:91] [32mUsing static VM configs.[m
[m[37m[  1.028257 0:2 axvm::arch::aarch64::fdt::core:79] [32mVM[1] virtual GIC follows host firmware resources: GuestGicProfile { compatible: "arm,gic-v3", node_path: "/intc@8000000", node_phandle: Some(32771), distributor: GuestMmioRegion { base: 134217728, length: 65536 }, cpu_region: Redistributors(GuestGicRedistributorProfile { regions: [GuestMmioRegion { base: 134873088, length: 16121856 }], stride: 131072 }), its: [GuestItsProfile { id: ItsId(0), node_path: "/intc@8000000/its@8080000", node_phandle: Some(32772), registers: GuestMmioRegion { base: 134742016, length: 131072 } }] }[m
[m[37m[  1.030672 0:2 axvm::arch::aarch64::fdt::core:93] [32mVM[1] architectural timer follows host firmware PPIs[m
[m[37m[  1.036831 0:2 axvm::arch::aarch64::fdt::core::parser:548] [32mCPU node: /cpus/cpu@0, node_id: 0x0, hardware_cpu_id: 0x0[m
[m[37m[  1.037065 0:2 axvm::arch::aarch64::fdt::core::parser:548] [32mCPU node: /cpus/cpu@1, node_id: 0x1, hardware_cpu_id: 0x1[m
[m[37m[  1.037351 0:2 axvm::arch::aarch64::fdt::core::parser:555] [32mFound 2 host CPU nodes[m
[m[37m[  1.037817 0:2 axvm::arch::aarch64::fdt::core:144] [32mVM[1] DTB not found, generating from the VM configuration[m
[m[37m[  1.052327 0:2 axvm::arch::aarch64::fdt::core::device:96] [32mFound excluded devices: ["/intc@8000000", "/pl011@9000000", "/timer", "/intc@8000000/its@8080000"][m
[m[37m[  1.053465 0:2 axvm::arch::aarch64::fdt::core::parser:57] [32mVM[1] generated-FDT passthrough paths: ["/pcie@10000000"][m
[m[37m[  1.054712 0:2 axvm::arch::aarch64::fdt::core::parser:85] [32mVM[1] host-FDT PCI node path=/pcie@10000000 name=pcie@10000000 compatible=["pci-host-ecam-generic"] reg=[(275146342400, Some(268435456))] properties=[("compatible", 22), ("reg", 16), ("ranges", 84), ("interrupt-map", 640), ("interrupt-map-mask", 16), ("msi-map", 16), ("bus-range", 8)][m
[m[37m[  1.063170 0:2 axvm::arch::aarch64::fdt::core::parser:98] [32mVM[1] generated guest-FDT bytes=2172[m
[m[37m[  1.064111 0:2 axvm::arch::aarch64::fdt::core::parser:109] [32mVM[1] generated guest-FDT PCI paths: ["/pcie@10000000"][m
[m[37m[  1.064611 0:2 axvm::arch::aarch64::fdt::core::parser:143] [32mVM[1] guest-FDT PCI property-count=7 property-names=["ranges", "interrupt-map", "interrupt-map-mask", "msi-map", "bus-range", "#address-cells", "#size-cells"][m
[m[37m[  1.064903 0:2 axvm::arch::aarch64::fdt::core::parser:149] [32mVM[1] generated guest-FDT PCI node path=/pcie@10000000 name=pcie@10000000 compatible=["pci-host-ecam-generic"] reg=[(275146342400, Some(268435456))] properties=[("ranges", 84), ("interrupt-map", 640), ("interrupt-map-mask", 16), ("msi-map", 16), ("bus-range", 8), ("#address-cells", 4), ("#size-cells", 4)][m
[m[37m[  1.070834 0:2 axvm::arch::aarch64::fdt::core::device:96] [32mFound excluded devices: ["/intc@8000000", "/pl011@9000000", "/timer", "/intc@8000000/its@8080000"][m
[m[37m[  1.072720 0:2 axvm::arch::aarch64::fdt::core::device:96] [32mFound excluded devices: ["/intc@8000000", "/pl011@9000000", "/timer", "/intc@8000000/its@8080000"][m
[m[37m[  1.073032 0:2 axvm::arch::aarch64::fdt::core::parser:705] [32mpassthrough address discovery selected paths: {"/pcie@10000000"}[m
[m[37m[  1.074036 0:2 axvm::arch::aarch64::fdt::core::parser:761] [32mpassthrough address discovery resolved assignments: [HostDeviceAssignment { name: "pcie@10000000-io", base_gpa: 1056899072, base_hpa: 1056899072, length: 65536 }, HostDeviceAssignment { name: "pcie@10000000-mem32-region1", base_gpa: 268435456, base_hpa: 268435456, length: 788463616 }, HostDeviceAssignment { name: "pcie@10000000-mem64-region2", base_gpa: 549755813888, base_hpa: 549755813888, length: 549755813888 }, HostDeviceAssignment { name: "pcie@10000000-ecam", base_gpa: 275146342400, base_hpa: 275146342400, length: 268435456 }][m
[m[37m[  1.075345 0:2 axvisor::config:258] [32mCreating VM[1] "task1-starry-shared"[m
[m[37m[  1.094871 0:2 axvm::vm:1133] [32mVM created: id=1[m
[m[37m[  1.639451 0:2 axvisor::config:270] [32mVM[1] created success, loading images...[m
[m[37m[  1.678027 0:2 axvm::arch::aarch64::capabilities:133] [32mVM[1] runtime-FDT PCI properties=[("compatible", 22), ("reg", 16), ("ranges", 84), ("interrupt-map", 640), ("interrupt-map-mask", 16), ("msi-map", 16), ("bus-range", 8)] bytes=3036[m
[m[37m[  1.684106 0:2 axdevice::device:1232] [32mDeviceRuntime: registered device id=0[m
[m[37m[  1.684505 0:2 axdevice::device:1232] [32mDeviceRuntime: registered device id=1[m
[m[37m[  1.684728 0:2 axdevice::device:1232] [32mDeviceRuntime: registered device id=2[m
[m[37m[  1.686511 0:2 axdevice::device:1232] [32mDeviceRuntime: registered device id=3[m
[m[37m[  1.688366 0:2 axdevice::device:1232] [32mDeviceRuntime: registered device id=4[m
[m[37m[  1.691205 0:2 axvm::vm::prepare::address_space:87] [32mVM[1] stage2 passthrough: GPA 0x0..0x8000000 -> HPA 0x0..0x8000000[m
[m[37m[  1.691655 0:2 axvm::vm::prepare::address_space:87] [32mVM[1] stage2 passthrough: GPA 0x8010000..0x8080000 -> HPA 0x8010000..0x8080000[m
[m[37m[  1.692018 0:2 axvm::vm::prepare::address_space:87] [32mVM[1] stage2 passthrough: GPA 0x9001000..0xa000000 -> HPA 0x9001000..0xa000000[m
[m[37m[  1.692393 0:2 axvm::vm::prepare::address_space:87] [32mVM[1] stage2 passthrough: GPA 0xa001000..0x203000000 -> HPA 0xa001000..0x203000000[m
[m[37m[  1.693033 0:2 axvm::vm::prepare::address_space:87] [32mVM[1] stage2 passthrough: GPA 0x223000000..0x7ffffffff000 -> HPA 0x223000000..0x7ffffffff000[m
[m[37m[  1.718317 0:2 axvm::vm::prepare:82] [32mVM setup: id=1[m
[m[37m[  1.721785 0:2 axvm::arch::aarch64::fdt::core:79] [32mVM[2] virtual GIC follows host firmware resources: GuestGicProfile { compatible: "arm,gic-v3", node_path: "/intc@8000000", node_phandle: Some(32771), distributor: GuestMmioRegion { base: 134217728, length: 65536 }, cpu_region: Redistributors(GuestGicRedistributorProfile { regions: [GuestMmioRegion { base: 134873088, length: 16121856 }], stride: 131072 }), its: [GuestItsProfile { id: ItsId(0), node_path: "/intc@8000000/its@8080000", node_phandle: Some(32772), registers: GuestMmioRegion { base: 134742016, length: 131072 } }] }[m
[m[37m[  1.722586 0:2 axvm::arch::aarch64::fdt::core:93] [32mVM[2] architectural timer follows host firmware PPIs[m
[m[37m[  1.727543 0:2 axvm::arch::aarch64::fdt::core::parser:548] [32mCPU node: /cpus/cpu@0, node_id: 0x0, hardware_cpu_id: 0x0[m
[m[37m[  1.727719 0:2 axvm::arch::aarch64::fdt::core::parser:548] [32mCPU node: /cpus/cpu@1, node_id: 0x1, hardware_cpu_id: 0x1[m
[m[37m[  1.727936 0:2 axvm::arch::aarch64::fdt::core::parser:555] [32mFound 2 host CPU nodes[m
[m[37m[  1.728059 0:2 axvm::arch::aarch64::fdt::core:144] [32mVM[2] DTB not found, generating from the VM configuration[m
[m[37m[  1.738366 0:2 axvm::arch::aarch64::fdt::core::device:96] [32mFound excluded devices: ["/intc@8000000", "/pl011@9000000", "/timer", "/intc@8000000/its@8080000"][m
[m[37m[  1.738850 0:2 axvm::arch::aarch64::fdt::core::parser:57] [32mVM[2] generated-FDT passthrough paths: [][m
[m[37m[  1.739647 0:2 axvm::arch::aarch64::fdt::core::parser:85] [32mVM[2] host-FDT PCI node path=/pcie@10000000 name=pcie@10000000 compatible=["pci-host-ecam-generic"] reg=[(275146342400, Some(268435456))] properties=[("compatible", 22), ("reg", 16), ("ranges", 84), ("interrupt-map", 640), ("interrupt-map-mask", 16), ("msi-map", 16), ("bus-range", 8)][m
[m[37m[  1.742808 0:2 axvm::arch::aarch64::fdt::core::parser:98] [32mVM[2] generated guest-FDT bytes=1100[m
[m[37m[  1.743438 0:2 axvm::arch::aarch64::fdt::core::parser:109] [32mVM[2] generated guest-FDT PCI paths: [][m
[m[37m[  1.748364 0:2 axvm::arch::aarch64::fdt::core::device:96] [32mFound excluded devices: ["/intc@8000000", "/pl011@9000000", "/timer", "/intc@8000000/its@8080000"][m
[m[37m[  1.749147 0:2 axvisor::config:258] [32mCreating VM[2] "task1-rtthread-periodic-shared"[m
[m[37m[  1.750556 0:2 axvm::vm:1133] [32mVM created: id=2[m
[m[37m[  2.297811 0:2 axvisor::config:270] [32mVM[2] created success, loading images...[m
[m[37m[  2.306165 0:2 axdevice::device:1232] [32mDeviceRuntime: registered device id=0[m
[m[37m[  2.306360 0:2 axdevice::device:1232] [32mDeviceRuntime: registered device id=1[m
[m[37m[  2.551803 0:2 axdevice::device:1232] [32mDeviceRuntime: registered device id=2[m
[m[37m[  2.553524 0:2 axdevice::device:1232] [32mDeviceRuntime: registered device id=3[m
[m[37m[  2.555130 0:2 axvm::vm::prepare:82] [32mVM setup: id=2[m
[m[37m[  2.558072 0:2 axvm::runtime:73] [32mInitializing VMM...[m
[m[37m[  2.559093 0:2 rsext4::ext4::sync:13] [32mSyncing filesystem...[m
[m[37m[  2.572281 0:2 rsext4::ext4::sync:43] [32mFilesystem unmounted cleanly[m
[m[37m[  2.578184 0:2 axvm::host::arceos:199] [32mReleased 2 host filesystem block IRQ registration(s) during shutdown[m
[m[37m[  2.578369 0:2 axvisor::manager:119] [32mHost filesystem cleanly unmounted before guest passthrough devices start[m
[m[37m[  2.579217 0:2 axvm::runtime:84] [32mVMM starting, booting VMs...[m
[m[37m[  2.579472 0:2 axvm::vm:1365] [32mStarting VM[1][m
[m[37m[  2.579694 0:2 axvm::runtime::vcpus:1060] [32mSpawning task for VM[1] VCpu[0][m
[m[37m[  2.580229 0:2 axvm::runtime::vcpus:1079] [32mVCpu task Task(11, "VM[1]-VCpu[0]") created priority=89 cpumask: [1, ][m
[m[37m[  2.583123 0:2 axvm::arch::aarch64::gic::physical:61] [32mregistered assigned AArch64 SPI route host_intid=37 guest_intid=37[m
[m[37m[  2.584557 0:2 axvm::runtime:92] [32mVM[1] boot success[m
[m[37m[  2.584652 0:2 axvm::vm:1365] [32mStarting VM[2][m
[m[37m[  2.584731 0:2 axvm::runtime::vcpus:1060] [32mSpawning task for VM[2] VCpu[0][m
[m[37m[  2.584750 1:11 axvm::runtime::vcpus:1134] [32mVM[1] VCpu[0] waiting for running[m
[m[37m[  2.584886 0:2 axvm::runtime::vcpus:1079] [32mVCpu task Task(13, "VM[2]-VCpu[0]") created priority=90 cpumask: [1, ][m
[m[37m[  2.585325 0:2 axvm::runtime:92] [32mVM[2] boot success[m
[m[37m[  2.585478 1:13 axvm::runtime::vcpus:1134] [32mVM[2] VCpu[0] waiting for running[m
[m[37m[  2.585919 1:13 axvm::runtime::vcpus:1172] [32mVM[2] VCpu[0] running...[m
[m[37m[  2.587273 0:2 axvisor:115] [32m[OK] Default guest initialized[m
[m[VM 2] [32m[I/rtdm.ofw] Booting RT-Thread on physical CPU 0x0[0m
[VM 2] [32m[I/rtdm.ofw] Machine model: linux,dummy-virt[0m
[VM 2] [32m[I/rtdm.ofw] Memory node(0) ranges: 0x00000000a0000000 - 0x00000000c0000000[0m
[VM 2] [32m[I/dma.pool] coherent-pool: Reserved 2.0 MiB at 0x00000000bf600000[0m
[VM 2] [32m[I/dma.pool] cma: Reserved 6.0 MiB at 0x00000000bf800000[0m
[VM 2] [32m[I/mm.memblock] System memory:[0m
[VM 2] [32m[I/mm.memblock]   memory@a0000000          [0x00000000a0000000, 0x00000000c0000000][0m
[VM 2] [32m[I/mm.memblock] Reserved memory:[0m
[VM 2] [32m[I/mm.memblock]   kernel                   [0x00000000a0080000, 0x00000000a01e3000][0m
[37m[  2.843779 1:11 axvm::runtime::vcpus:1172] [32mVM[1] VCpu[0] running...[m
[m[VM 1] VM Load @PA:0x203000000
[VM 1] VM Load Offset: 0x283000000
[VM 1] Memory Map:
[VM 1]   KImg   0x00000203000000 - 0x00000203e00000 (14 MiB)
[VM 1]   Free   0x00000203e00000 - 0x00000223000000 (498 MiB)
[VM 1] Initialize RAM allocator: 0x203e00000..0x223000000
[VM 1] Reserving CPU-local areas
[VM 1] CPU-local area stride: 0x41000 bytes
[VM 1] Total CPU-local allocation: 0x41000 bytes (1 CPUs)
[VM 1] Flushed RAM used range to memory map: 0x203e00000..0x203e01000, current: 0x203e01000
[VM 1] Flushed RAM used range to memory map: 0x203e01000..0x203e42000, current: 0x203e42000
[VM 1] CPU-local areas allocated at 0x203e01000 - 0x203e42000
[VM 1] EL: 1
[VM 1] Mapping early memory regions...
[VM 1] Ram                 : [0xffff000203000000, 0xffff000223000000) -> [0x0000000203000000, 0x0000000223000000) (512 MiB)
[VM 1] KImage              : [0xffffffff80000000, 0xffffffff80e00000) -> [0x0000000203000000, 0x0000000203e00000) (14 MiB)
[VM 1] PerCpu              : [0xffffff0203e01000, 0xffffff0203e42000) -> [0x0000000203e01000, 0x0000000203e42000) (260 KiB)
[VM 1] Debug serial        : [0xffff000009000000, 0xffff000009001000) -> [0x0000000009000000, 0x0000000009001000) (4 KiB)
[VM 1] Boot page table at physical address: PA:0x203e42000
[VM 1] Setting up table registers...
[VM 1] MMU Entry point at physical address: 0x2033a71bc
[VM 1] Trap vector at 0xffffffff803a5000
[VM 1] Memory Map:
[VM 1]   MMIO   0x00000009000000 - 0x00000009001000 (4 KiB)
[VM 1]   KImg   0x00000203000000 - 0x00000203e00000 (14 MiB)
[VM 1]   Rsv    0x00000203e00000 - 0x00000203e01000 (4 KiB)
[VM 1]   PerCPU 0x00000203e01000 - 0x00000203e42000 (260 KiB)
[VM 1]   Rsv    0x00000203e42000 - 0x00000203e4c000 (40 KiB)
[VM 1]   Free   0x00000203e4c000 - 0x00000223000000 (497.7 MiB)
[VM 1] Jumping to main entry point at 0xffffffff8038a0b8 with SP 0xffffff0203e42000
[VM 1] 
[VM 1]        d8888                            .d88888b.   .d8888b.
[VM 1]       d88888                           d88P" "Y88b d88P  Y88b
[VM 1]      d88P888                           888     888 Y88b.
[VM 1]     d88P 888 888d888  .d8888b  .d88b.  888     888  "Y888b.
[VM 1]    d88P  888 888P"   d88P"    d8P  Y8b 888     888     "Y88b.
[VM 1]   d88P   888 888     888      88888888 888     888       "888
[VM 1]  d8888888888 888     Y88b.    Y8b.     Y88b. .d88P Y88b  d88P
[VM 1] d88P     888 888      "Y8888P  "Y8888   "Y88888P"   "Y8888P"
[VM 1] 
[VM 1] arch = aarch64
[VM 1] platform = linux,dummy-virt
[VM 1] target = aarch64-unknown-none-softfloat
[VM 1] build_mode = 
[VM 1] log_level = warn
[VM 1] backtrace = false
[VM 1] smp = 1
[VM 1] 
[VM 1] Boot at 1970-01-01 00:00:02.440653760 UTC
[VM 1] 
[VM 2] [32m[I/mm.memblock]   memheap                  [0x00000000a01e3000, 0x00000000a41e3000][0m
[VM 2] [32m[I/mm.memblock]   init-page                [0x00000000a41e3000, 0x00000000a43e3000][0m
[VM 2] [32m[I/mm.memblock]   fdt                      [0x00000000a43e3000, 0x00000000a43e4000][0m
[VM 2] [32m[I/mm.memblock]   dma-pool                 [0x00000000bf600000, 0x00000000c0000000][0m
[VM 2] [32m[I/mm.memblock] physical memory region [0x00000000a0000000-0x00000000a0080000] installed to system page[0m
[VM 2] [33m[W/mm.aspace] _mm_aspace_map_phy: not in range[0m
[VM 2] [32m[I/mm.memblock] physical memory region [0x00000000a43e4000-0x00000000bf600000] installed to system page[0m
[VM 2] [32m[I/mm.memblock] 455 MB memory installed to system page[0m
[VM 2] [32m[I/osi.psci] Using PSCI v1.1 Function IDs[0m
[VM 2] [32m[I/rtdm.ofw] Console: uart0 (pl011@9000000)[0m
[VM 2] 
[VM 2]  \ | /
[VM 2] - RT -     Thread Operating System
[VM 2]  / | \     5.3.0 build Aug 22 2026 17:34:28
[VM 2]  2006 - 2024 Copyright by RT-Thread team
[VM 2] [32m[I/rtdm.mnt] File system initialization done[0m
[VM 2] PERIODIC LATENCY READY
[VM 1] [37m[  2.809832 ax_net::service:885] [33meth1: DHCP acquired address 10.0.2.15/24[m
[VM 1] [m[37m[  2.839476 ax_net::service:887] [33meth1: DHCP router 10.0.2.2[m
[VM 1] [m[37m[  2.863894 ax_net:450] [33m  No vsock device found![m
[VM 1] [mInitialized 6 tracepoints
[VM 1] kmod subsystem initialized
[VM 1] Welcome to [96m[1mStarry OS[0m!
[VM 1] USER=root
[VM 1] HOSTNAME=starry
[VM 1] SHLVL=1
[VM 1] HOME=/root
[VM 1] TERM=xterm-256color
[VM 1] PATH=/usr/local/sbin:/usr/local/bin:/usr/sbin:/usr/bin:/sbin:/bin
[VM 1] PWD=/
[VM 1] 
[VM 1] Use [1m[3mapk[0m to install packages.
[VM 1] 

[Axvisor] detached VM[1] console
Welcome to AxVisor Shell!
Type 'help' to see available commands
Use UP/DOWN arrows to navigate command history
Console shortcuts:
  Ctrl+X, then h  return to the Axvisor shell
  Ctrl+X, then [  attach the previous running guest
  Ctrl+X, then ]  attach the next running guest

[2Kaxvisor:/$ 
[Axvisor] attached VM[2] console; use Ctrl+X, then h to return to the shell

[Axvisor] attached VM[1] console; use Ctrl+X, then h to return to the shell
root@starry:/root # (sh /usr/bin/t2n1-run.sh model-only) &
root@starry:/root # STARRY_T2N1_NET_CONFIGURED ip=10.0.42.15/24
TASK3_MODEL_READY model=yolo11n.ncnn runtime=ncnn ncnn_revision=946fe3fb14a8dff8c06df763f67be522167b2f00 param_sha256=d2c0adf8939dc9ce02964ce8ada104447768ffd8e3bffad8fa11e2e61e709c1f bin_sha256=0ae562447923999779b12b4f91f96b9ef263add8c9902d10e22e6dd6a2932c12 input_sha256=608c8a61ff0bb43e5a8613f1f6f8aa08af74b084363610ed2b526ad925e4cb6f mode=in-guest run_mode=model-only
TASK3_INFER_STARTED model=yolo11n.ncnn request=1 phase=startup

[Axvisor] attached VM[2] console; use Ctrl+X, then h to return to the shell
PERIODIC LATENCY START
sequence,timestamp_ns,deadline_ns,actual_ns,jitter_ns
0,11681696,10000000,11681696,1681696
1,20996192,20000000,20996192,996192
2,30978736,30000000,30978736,978736
3,40957728,40000000,40957728,957728
4,50934336,50000000,50934336,934336
5,60973184,60000000,60973184,973184
6,70918240,70000000,70918240,918240
7,80905328,80000000,80905328,905328
8,90891104,90000000,90891104,891104
9,100937200,100000000,100937200,937200
10,110935584,110000000,110935584,935584
11,120898720,120000000,120898720,898720
12,131503008,130000000,131503008,1503008
13,140882336,140000000,140882336,882336
14,150894944,150000000,150894944,894944
15,160918656,160000000,160918656,918656
16,170895344,170000000,170895344,895344
17,180923488,180000000,180923488,923488
18,190890608,190000000,190890608,890608
19,200903856,200000000,200903856,903856
20,210912528,210000000,210912528,912528
21,220882096,220000000,220882096,882096
22,230879312,230000000,230879312,879312
23,240917616,240000000,240917616,917616
24,250833184,250000000,250833184,833184
25,261213792,260000000,261213792,1213792
26,271593184,270000000,271593184,1593184
27,280909024,280000000,280909024,909024
28,290890320,290000000,290890320,890320
29,300917184,300000000,300917184,917184
30,310902096,310000000,310902096,902096
31,320900080,320000000,320900080,900080
32,330889152,330000000,330889152,889152
33,340908480,340000000,340908480,908480
34,350903216,350000000,350903216,903216
35,360900576,360000000,360900576,900576
36,370894304,370000000,370894304,894304
37,380911760,380000000,380911760,911760
38,390816496,390000000,390816496,816496
39,401344208,400000000,401344208,1344208
40,411502624,410000000,411502624,1502624
41,420902576,420000000,420902576,902576
42,430901808,430000000,430901808,901808
43,440898416,440000000,440898416,898416
44,450881120,450000000,450881120,881120
45,460918880,460000000,460918880,918880
46,470931424,470000000,470931424,931424
47,480905536,480000000,480905536,905536
48,490896304,490000000,490896304,896304
49,500900464,500000000,500900464,900464
50,510882288,510000000,510882288,882288
51,520890352,520000000,520890352,890352
52,530845296,530000000,530845296,845296
53,541112896,540000000,541112896,1112896
54,551581536,550000000,551581536,1581536
55,560891184,560000000,560891184,891184
56,570885328,570000000,570885328,885328
57,580888384,580000000,580888384,888384
58,590904016,590000000,590904016,904016
59,600914672,600000000,600914672,914672
60,611024096,610000000,611024096,1024096
61,620896048,620000000,620896048,896048
62,630895504,630000000,630895504,895504
63,640881952,640000000,640881952,881952
64,650942080,650000000,650942080,942080
65,660896240,660000000,660896240,896240
66,670808752,670000000,670808752,808752
67,681399856,680000000,681399856,1399856
68,690893328,690000000,690893328,893328
69,700958576,700000000,700958576,958576
70,710929872,710000000,710929872,929872
71,720918992,720000000,720918992,918992
72,730928544,730000000,730928544,928544
73,740912720,740000000,740912720,912720
74,750961904,750000000,750961904,961904
75,760913488,760000000,760913488,913488
76,770898864,770000000,770898864,898864
77,780943936,780000000,780943936,943936
78,790939184,790000000,790939184,939184
79,800923472,800000000,800923472,923472
80,810848960,810000000,810848960,848960
81,821361776,820000000,821361776,1361776
82,830941312,830000000,830941312,941312
83,840935040,840000000,840935040,935040
84,850941216,850000000,850941216,941216
85,860908432,860000000,860908432,908432
86,870924288,870000000,870924288,924288
87,880914448,880000000,880914448,914448
88,890916064,890000000,890916064,916064
89,900904432,900000000,900904432,904432
90,910952320,910000000,910952320,952320
91,920905568,920000000,920905568,905568
92,930931248,930000000,930931248,931248
93,940840032,940000000,940840032,840032
94,951098688,950000000,951098688,1098688
95,961523872,960000000,961523872,1523872
96,970914848,970000000,970914848,914848
97,980939168,980000000,980939168,939168
98,991029408,990000000,991029408,1029408
99,1000928736,1000000000,1000928736,928736
100,1010907248,1010000000,1010907248,907248
101,1020936896,1020000000,1020936896,936896
102,1030898576,1030000000,1030898576,898576
103,1040892704,1040000000,1040892704,892704
104,1050875920,1050000000,1050875920,875920
105,1060877440,1060000000,1060877440,877440
106,1070889072,1070000000,1070889072,889072
107,1080816080,1080000000,1080816080,816080
108,1091296336,1090000000,1091296336,1296336
109,1100953680,1100000000,1100953680,953680
110,1110891104,1110000000,1110891104,891104
111,1120939440,1120000000,1120939440,939440
112,1130929904,1130000000,1130929904,929904
113,1140925696,1140000000,1140925696,925696
114,1150890496,1150000000,1150890496,890496
115,1160960048,1160000000,1160960048,960048
116,1170932512,1170000000,1170932512,932512
117,1180903376,1180000000,1180903376,903376
118,1190881664,1190000000,1190881664,881664
119,1200892944,1200000000,1200892944,892944
120,1210884352,1210000000,1210884352,884352
121,1220861840,1220000000,1220861840,861840
122,1231395168,1230000000,1231395168,1395168
123,1240905520,1240000000,1240905520,905520
124,1250908768,1250000000,1250908768,908768
125,1260913472,1260000000,1260913472,913472
126,1270907040,1270000000,1270907040,907040
127,1280896480,1280000000,1280896480,896480
128,1290912928,1290000000,1290912928,912928
129,1300945840,1300000000,1300945840,945840
130,1310911984,1310000000,1310911984,911984
131,1320915152,1320000000,1320915152,915152
132,1330906272,1330000000,1330906272,906272
133,1340878144,1340000000,1340878144,878144
134,1350924768,1350000000,1350924768,924768
135,1360820272,1360000000,1360820272,820272
136,1371209616,1370000000,1371209616,1209616
137,1381496832,1380000000,1381496832,1496832
138,1390906544,1390000000,1390906544,906544
139,1400943344,1400000000,1400943344,943344
140,1410880576,1410000000,1410880576,880576
141,1420902112,1420000000,1420902112,902112
142,1430900672,1430000000,1430900672,900672
143,1440885840,1440000000,1440885840,885840
144,1450922448,1450000000,1450922448,922448
145,1460950224,1460000000,1460950224,950224
146,1470936672,1470000000,1470936672,936672
147,1480883568,1480000000,1480883568,883568
148,1490938496,1490000000,1490938496,938496
149,1500822000,1500000000,1500822000,822000
150,1511183296,1510000000,1511183296,1183296
151,1521476736,1520000000,1521476736,1476736
152,1530875200,1530000000,1530875200,875200
153,1540925824,1540000000,1540925824,925824
154,1550980928,1550000000,1550980928,980928
155,1560895376,1560000000,1560895376,895376
156,1570883840,1570000000,1570883840,883840
157,1580894656,1580000000,1580894656,894656
158,1590944256,1590000000,1590944256,944256
159,1600881104,1600000000,1600881104,881104
160,1611018432,1610000000,1611018432,1018432
161,1620895024,1620000000,1620895024,895024
162,1630929744,1630000000,1630929744,929744
163,1640861872,1640000000,1640861872,861872
164,1651154768,1650000000,1651154768,1154768
165,1661594528,1660000000,1661594528,1594528
166,1670916400,1670000000,1670916400,916400
167,1680918752,1680000000,1680918752,918752
168,1690920672,1690000000,1690920672,920672
169,1700904832,1700000000,1700904832,904832
170,1710883264,1710000000,1710883264,883264
171,1720897568,1720000000,1720897568,897568
172,1730877760,1730000000,1730877760,877760
173,1740907248,1740000000,1740907248,907248
174,1750899440,1750000000,1750899440,899440
175,1760893072,1760000000,1760893072,893072
176,1770943952,1770000000,1770943952,943952
177,1780831328,1780000000,1780831328,831328
178,1791342304,1790000000,1791342304,1342304
179,1800924448,1800000000,1800924448,924448
180,1810934976,1810000000,1810934976,934976
181,1820894272,1820000000,1820894272,894272
182,1830925856,1830000000,1830925856,925856
183,1840864752,1840000000,1840864752,864752
184,1850925712,1850000000,1850925712,925712
185,1860959536,1860000000,1860959536,959536
186,1870917872,1870000000,1870917872,917872
187,1880900976,1880000000,1880900976,900976
188,1890902208,1890000000,1890902208,902208
189,1900930768,1900000000,1900930768,930768
190,1910919440,1910000000,1910919440,919440
191,1921097936,1920000000,1921097936,1097936
192,1931573936,1930000000,1931573936,1573936
193,1940904672,1940000000,1940904672,904672
194,1950934912,1950000000,1950934912,934912
195,1960873616,1960000000,1960873616,873616
196,1970903216,1970000000,1970903216,903216
197,1980926976,1980000000,1980926976,926976
198,1990893088,1990000000,1990893088,893088
199,2000867664,2000000000,2000867664,867664
200,2010995264,2010000000,2010995264,995264
201,2020914944,2020000000,2020914944,914944
202,2030873216,2030000000,2030873216,873216
203,2040891936,2040000000,2040891936,891936
204,2050824208,2050000000,2050824208,824208
205,2061326368,2060000000,2061326368,1326368
206,2070918656,2070000000,2070918656,918656
207,2080913120,2080000000,2080913120,913120
208,2090900096,2090000000,2090900096,900096
209,2100885232,2100000000,2100885232,885232
210,2110911840,2110000000,2110911840,911840
211,2120938464,2120000000,2120938464,938464
212,2130885936,2130000000,2130885936,885936
213,2140898464,2140000000,2140898464,898464
214,2150900720,2150000000,2150900720,900720
215,2160897664,2160000000,2160897664,897664
216,2170900752,2170000000,2170900752,900752
217,2180884736,2180000000,2180884736,884736
218,2190820096,2190000000,2190820096,820096
219,2201464256,2200000000,2201464256,1464256
220,2210896800,2210000000,2210896800,896800
221,2220892464,2220000000,2220892464,892464
222,2230987520,2230000000,2230987520,987520
223,2240917088,2240000000,2240917088,917088
224,2250918896,2250000000,2250918896,918896
225,2260901792,2260000000,2260901792,901792
226,2270927120,2270000000,2270927120,927120
227,2280921632,2280000000,2280921632,921632
228,2290948160,2290000000,2290948160,948160
229,2300904752,2300000000,2300904752,904752
230,2310879584,2310000000,2310879584,879584
231,2320879328,2320000000,2320879328,879328
232,2331025632,2330000000,2331025632,1025632
233,2341516976,2340000000,2341516976,1516976
234,2350943360,2350000000,2350943360,943360
235,2360906272,2360000000,2360906272,906272
236,2370933952,2370000000,2370933952,933952
237,2380912608,2380000000,2380912608,912608
238,2390901168,2390000000,2390901168,901168
239,2400902368,2400000000,2400902368,902368
240,2410884512,2410000000,2410884512,884512
241,2420944720,2420000000,2420944720,944720
242,2430964544,2430000000,2430964544,964544
243,2440958048,2440000000,2440958048,958048
244,2450883632,2450000000,2450883632,883632
245,2460878928,2460000000,2460878928,878928
246,2471355776,2470000000,2471355776,1355776
247,2480928704,2480000000,2480928704,928704
248,2490899728,2490000000,2490899728,899728
249,2500944672,2500000000,2500944672,944672
250,2510908704,2510000000,2510908704,908704
251,2520892176,2520000000,2520892176,892176
252,2530924336,2530000000,2530924336,924336
253,2540901488,2540000000,2540901488,901488
254,2550914768,2550000000,2550914768,914768
255,2560922672,2560000000,2560922672,922672
256,2570929824,2570000000,2570929824,929824
257,2580901872,2580000000,2580901872,901872
258,2590862592,2590000000,2590862592,862592
259,2601136384,2600000000,2601136384,1136384
260,2611792544,2610000000,2611792544,1792544
261,2620919712,2620000000,2620919712,919712
262,2630911648,2630000000,2630911648,911648
263,2640940528,2640000000,2640940528,940528
264,2650901120,2650000000,2650901120,901120
265,2660936656,2660000000,2660936656,936656
266,2670919920,2670000000,2670919920,919920
267,2680924064,2680000000,2680924064,924064
268,2690902320,2690000000,2690902320,902320
269,2700891232,2700000000,2700891232,891232
270,2710923264,2710000000,2710923264,923264
271,2720901088,2720000000,2720901088,901088
272,2730689776,2730000000,2730689776,689776
273,2741457312,2740000000,2741457312,1457312
274,2750911280,2750000000,2750911280,911280
275,2760923712,2760000000,2760923712,923712
276,2770921888,2770000000,2770921888,921888
277,2780896208,2780000000,2780896208,896208
278,2790905664,2790000000,2790905664,905664
279,2800900816,2800000000,2800900816,900816
280,2810909920,2810000000,2810909920,909920
281,2820905792,2820000000,2820905792,905792
282,2830890832,2830000000,2830890832,890832
283,2840910272,2840000000,2840910272,910272
284,2850820848,2850000000,2850820848,820848
285,2861126304,2860000000,2861126304,1126304
286,2871597280,2870000000,2871597280,1597280
287,2880957504,2880000000,2880957504,957504
288,2890907712,2890000000,2890907712,907712
289,2900920432,2900000000,2900920432,920432
290,2910920304,2910000000,2910920304,920304
291,2920934304,2920000000,2920934304,934304
292,2930910528,2930000000,2930910528,910528
293,2940893536,2940000000,2940893536,893536
294,2950905664,2950000000,2950905664,905664
295,2960908064,2960000000,2960908064,908064
296,2970913856,2970000000,2970913856,913856
297,2980940288,2980000000,2980940288,940288
298,2990870640,2990000000,2990870640,870640
299,3001328384,3000000000,3001328384,1328384
PERIODIC LATENCY COMPLETE samples=300

[Axvisor] attached VM[1] console; use Ctrl+X, then h to return to the shell
TASK3_INFER model=yolo11n.ncnn infer_us=23000870 request=1 elapsed_ms=0
TASK3_DETECTION model=yolo11n.ncnn class=75 confidence_milli=843 center_x_milli=421 area_milli=63 target=421 request=1

[Axvisor] detached VM[1] console
[2Kaxvisor:/$ [2Kaxvisor:/$ r[2Kaxvisor:/$ rt[2Kaxvisor:/$ rt [2Kaxvisor:/$ rt s[2Kaxvisor:/$ rt st[2Kaxvisor:/$ rt sta[2Kaxvisor:/$ rt stat
FP-RR scheduler counters:
  quantum_ticks=5 quantum_expiries=9 same_priority_rotations=9 slice_preserving_preemptions=17589 voluntary_requeues=1326425 idle_quantum_skips=5418 lower_priority_services=92
RT vCPU wait counters:
  vcpu=0 post_vmexit_yields=30675 parks=6565 wakes=5729 notify_woke=5679 vtimer_arms=12555 vtimer_immediate=37 vtimer_no_deadline=0 vtimer_registered=12518 vtimer_callbacks=3197 vtimer_stale_callbacks=2 vtimer_notifications=3195 vtimer_invalidations=157187 callback_to_wake_samples=0 callback_to_wake_overflow=0 callback_to_wake_p50_ns=0 callback_to_wake_p99_ns=0 callback_to_wake_p99_9_ns=0 callback_to_wake_max_ns=0 callback_to_run_dispatch_samples=0 callback_to_run_dispatch_overflow=0 callback_to_run_dispatch_p50_ns=0 callback_to_run_dispatch_p99_ns=0 callback_to_run_dispatch_p99_9_ns=0 callback_to_run_dispatch_max_ns=0 callback_to_guest_entry_samples=0 callback_to_guest_entry_overflow=0 callback_to_guest_entry_p50_ns=0 callback_to_guest_entry_p99_ns=0 callback_to_guest_entry_p99_9_ns=0 callback_to_guest_entry_max_ns=0 direct_acks=4579 direct_overlaps=0 direct_to_run_dispatch_samples=0 direct_to_run_dispatch_overflow=0 direct_to_run_dispatch_p50_ns=0 direct_to_run_dispatch_p99_ns=0 direct_to_run_dispatch_p99_9_ns=0 direct_to_run_dispatch_max_ns=0 direct_to_guest_entry_samples=0 direct_to_guest_entry_overflow=0 direct_to_guest_entry_p50_ns=0 direct_to_guest_entry_p99_ns=0 direct_to_guest_entry_p99_9_ns=0 direct_to_guest_entry_max_ns=0 activation_hold_samples=0 activation_hold_overflow=0 activation_hold_p50_ns=0 activation_hold_p99_ns=0 activation_hold_p99_9_ns=0 activation_hold_max_ns=0
  lr_skips=0
RT device-poll counters:
  vm=1 published=39 kicked=39 consumed=1 pending=false
  vm=2 published=1 kicked=1 consumed=1 pending=false
RT AxVM timer counters:
  cpu=1 now_ns=34358266608 wheel_next_ns=34360258176 published_ns=34360258176 registered=12518 cancelled=9319 expired=3197 worker_wakes=3100 expiry_batches=3173 expiry_late_samples=0 expiry_late_overflow=0 expiry_late_p50_ns=0 expiry_late_p99_ns=0 expiry_late_p99_9_ns=0 expiry_late_max_ns=0 lock_acquisitions=49938 lock_wait_total_ns=29595152 lock_wait_max_ns=143792 lock_hold_total_ns=101515968 lock_hold_max_ns=197088
RT host hardware timer IRQ counters:
  cpu=0 irqs=3372
  cpu=1 irqs=6401
RT console counters: attached=None flush_calls=1274196 host_write_bytes=19145
  vm=1 active=true input_enqueued=39 input_drained=39 input_dropped=0 input_pending=0 output_enqueued=3638 output_drained=3638 output_dropped=0 output_pending=0
  vm=2 active=true input_enqueued=1 input_drained=1 input_dropped=0 input_pending=0 output_enqueued=14883 output_drained=14883 output_dropped=0 output_pending=0
axvisor:/$ 