dedicated_cpus=1
VM Load @PA:0x40200000
VM Load Offset: 0xffff0000c0200000
Memory Map:
  Free   0x00000040000000 - 0x00000040200000 (2 MiB)
  KImg   0x00000040200000 - 0x00000044c00000 (74 MiB)
  Free   0x00000044c00000 - 0x00000240000000 (7.93 GiB)
Initialize RAM allocator: 0x44c00000..0x240000000
Reserving CPU-local areas
CPU-local area stride: 0x44000 bytes
Total CPU-local allocation: 0x110000 bytes (4 CPUs)
Flushed RAM used range to memory map: 0x44c00000..0x44d00000, current: 0x44d00000
Flushed RAM used range to memory map: 0x44d00000..0x44e10000, current: 0x44e10000
CPU-local areas allocated at 0x44d00000 - 0x44e10000
EL: 2
Mapping early memory regions...
Ram                 : [0x0000000040000000, 0x0000000240000000) -> [0x0000000040000000, 0x0000000240000000) (8 GiB)
KImage              : [0x0000ffff80000000, 0x0000ffff84a00000) -> [0x0000000040200000, 0x0000000044c00000) (74 MiB)
PerCpu              : [0x0000ff0044d00000, 0x0000ff0044e10000) -> [0x0000000044d00000, 0x0000000044e10000) (1.06 MiB)
Debug serial        : [0x0000000009000000, 0x0000000009001000) -> [0x0000000009000000, 0x0000000009001000) (4 KiB)
Boot page table at physical address: PA:0x44e10000
Setting up table registers...
MMU Entry point at physical address: 0x403bcb1c
Trap vector at 0xffff801c0800
Memory Map:
  MMIO   0x00000009000000 - 0x00000009001000 (4 KiB)
  Free   0x00000040000000 - 0x00000040200000 (2 MiB)
  KImg   0x00000040200000 - 0x00000044c00000 (74 MiB)
  Rsv    0x00000044c00000 - 0x00000044d00000 (1 MiB)
  PerCPU 0x00000044d00000 - 0x00000044e10000 (1.06 MiB)
  Rsv    0x00000044e10000 - 0x00000044e1a000 (40 KiB)
  Free   0x00000044e1a000 - 0x00000240000000 (7.92 GiB)
Jumping to main entry point at 0xffff801a493c with SP 0x0000ff0044d44000

       d8888                            .d88888b.   .d8888b.
      d88888                           d88P" "Y88b d88P  Y88b
     d88P888                           888     888 Y88b.
    d88P 888 888d888  .d8888b  .d88b.  888     888  "Y888b.
   d88P  888 888P"   d88P"    d8P  Y8b 888     888     "Y88b.
  d88P   888 888     888      88888888 888     888       "888
 d8888888888 888     Y88b.    Y8b.     Y88b. .d88P Y88b  d88P
d88P     888 888      "Y8888P  "Y8888   "Y88888P"   "Y8888P"

arch = aarch64
platform = linux,dummy-virt
target = aarch64-unknown-none-softfloat
build_mode = 
log_level = info
backtrace = false
smp = 4

[37m[  0.065676 ax_runtime:220] [32mLogging is enabled.[m
[m[37m[  0.066079 ax_runtime:221] [32mPrimary CPU 0 started, arg = 0x44c00000.[m
[m[37m[  0.066188 ax_runtime:223] [32mFound physcial memory regions:[m
[m[37m[  0.067246 ax_runtime:225] [32m  [PA:0x9000000, PA:0x9001000) mmio (READ | WRITE | DEVICE | RESERVED)[m
[m[37m[  0.067493 ax_runtime:225] [32m  [PA:0x40000000, PA:0x40200000) free memory (READ | WRITE | FREE)[m
[m[37m[  0.067652 ax_runtime:225] [32m  [PA:0x40200000, PA:0x44c00000) reserved (READ | WRITE | EXECUTE | RESERVED)[m
[m[37m[  0.067789 ax_runtime:225] [32m  [PA:0x44c00000, PA:0x44d00000) reserved (READ | WRITE | EXECUTE | RESERVED)[m
[m[37m[  0.067917 ax_runtime:225] [32m  [PA:0x44d00000, PA:0x44e10000) reserved (READ | WRITE | EXECUTE | RESERVED)[m
[m[37m[  0.068043 ax_runtime:225] [32m  [PA:0x44e10000, PA:0x44e1a000) reserved (READ | WRITE | EXECUTE | RESERVED)[m
[m[37m[  0.068170 ax_runtime:225] [32m  [PA:0x44e1a000, PA:0x240000000) free memory (READ | WRITE | FREE)[m
[m[37m[  0.068305 ax_runtime:375] [32mInitialize global memory allocator...[m
[m[37m[  0.068413 ax_runtime:376] [32m  use buddy-slab-allocator allocator.[m
[m[37m[  0.068663 ax_alloc::buddy_slab:158] [32mInitialize global memory allocator, start_vaddr: 0x44e1a000, size: 0x1fb1e6000[m
[m[37m[  0.075986 ax_alloc::buddy_slab:424] [32mglobal allocator initialized[m
[m[37m[  0.076187 ax_alloc::buddy_slab:168] [32mAdd memory region, start_vaddr: 0x40000000, size: 0x200000[m
[m[37m[  0.076366 buddy_slab_allocator::global:151] [32mGlobalAllocator: skip region 0x40000000+0x200000, no allocator-visible memory after 2097152 alignment[m
[m[37m[  0.076720 ax_runtime:260] [32mkernel aspace: [VA:0x0, VA:0xffffffffffffffff)[m
[m[37m[  0.076930 ax_mm:103] [32mInitialize virtual memory management...[m
[m[37m[  0.737015 ax_runtime:272] [32mInitialize platform devices...[m
[m[37m[  0.743581 someboot::arch::power:23] [32mPower management method : SMC[m
[m[37m[  0.743776 somehal::driver:5] [32mInitializing rdrive with FDT at 0x44c00000[m
[m[37m[  0.756872 somehal::arch::gic::v3:274] [32mGICv3 CPU 0 EOI mode: two_step=true[m
[m[37m[  0.889694 ax_runtime:558] [32mDedicated (no-tick) host CPUs: 0b10[m
[m[37m[  0.889853 ax_task::api:158] [32mInitialize scheduling...[m
[m[37m[  0.891111 ax_task::api:166] [32m  use FIFO scheduler.[m
[m[37m[  0.891476 ax_runtime:300] [32mInitialize interrupt handlers...[m
[m[37m[  0.893681 ax_runtime::devices:2] [32mProbe platform devices...[m
[m[37m[  0.906965 somehal::arch::gic::v3:274] [32mGICv3 CPU 1 EOI mode: two_step=true[m
[m[37m[  0.907292 ax_runtime::mp:79] [32mSecondary CPU 1 started.[m
[m[37m[  0.907967 ax_runtime::mp:110] [32mSecondary CPU 1 init OK.[m
[m[37m[  0.918862 somehal::arch::gic::v3:274] [32mGICv3 CPU 2 EOI mode: two_step=true[m
[m[37m[  0.919023 ax_runtime::mp:79] [32mSecondary CPU 2 started.[m
[m[37m[  0.919230 ax_runtime::mp:110] [32mSecondary CPU 2 init OK.[m
[m[37m[  0.930495 somehal::arch::gic::v3:274] [32mGICv3 CPU 3 EOI mode: two_step=true[m
[m[37m[  0.930742 ax_runtime::mp:79] [32mSecondary CPU 3 started.[m
[m[37m[  0.930806 ax_runtime:348] [32mPrimary CPU 0 init OK.[m
[m[37m[  0.931249 ax_runtime::mp:110] [32mSecondary CPU 3 init OK.[m
[m

       d8888            888     888  d8b
      d88888            888     888  Y8P
     d88P888            888     888
    d88P 888  888  888  Y88b   d88P  888  .d8888b    .d88b.   888d888
   d88P  888  `Y8bd8P'   Y88b d88P   888  88K       d88""88b  888P"
  d88P   888    X88K      Y88o88P    888  "Y8888b.  888  888  888
 d8888888888  .d8""8b.     Y888P     888       X88  Y88..88P  888
d88P     888  888  888      Y8P      888   88888P'   "Y88P"   888


by AxVisor Team

[37m[  0.934287 0:2 axvisor:78] [32mRT partition host CPU mask established: 0b10[m
[m[37m[  0.934436 0:2 axvisor:81] [32mStarting virtualization...[m
[m[37m[  0.934629 0:2 axvm::host::arceos:335] [32mEnabling hardware virtualization support on all cores...[m
[m[37m[  0.934810 0:2 axvm::host::arceos:341] [32mCore 0 is initializing hardware virtualization support...[m
[m[37m[  0.934997 0:2 axvm::timer:349] [32mInitializing AxVM timer wheel...[m
[m[37m[  0.940330 0:2 axvm::host::arceos:343] [32mHardware virtualization support enabled on core 0[m
[m[37m[  0.941138 0:2 axvm::host::arceos:370] [32mWaiting for all cores to enable hardware virtualization...[m
[m[37m[  0.941810 2:12 axvm::host::arceos:353] [32mCore 2 is initializing hardware virtualization support...[m
[m[37m[  0.941860 1:11 axvm::host::arceos:353] [32mCore 1 is initializing hardware virtualization support...[m
[m[37m[  0.942015 2:12 axvm::timer:349] [32mInitializing AxVM timer wheel...[m
[m[37m[  0.941858 3:13 axvm::host::arceos:353] [32mCore 3 is initializing hardware virtualization support...[m
[m[37m[  0.942194 1:11 axvm::timer:349] [32mInitializing AxVM timer wheel...[m
[m[37m[  0.942504 3:13 axvm::timer:349] [32mInitializing AxVM timer wheel...[m
[m[37m[  0.942787 2:12 axvm::host::arceos:357] [32mHardware virtualization support enabled on core 2 (2/4)[m
[m[37m[  0.942839 1:11 axvm::host::arceos:357] [32mHardware virtualization support enabled on core 1 (3/4)[m
[m[37m[  0.942887 0:2 axvm::host::arceos:381] [32mAll cores have enabled hardware virtualization support.[m
[m[37m[  0.942846 3:13 axvm::host::arceos:357] [32mHardware virtualization support enabled on core 3 (4/4)[m
[m[37m[  0.943330 0:2 axvisor::config:91] [32mUsing static VM configs.[m
[m[37m[  0.960914 0:2 axvm::arch::aarch64::fdt::core:79] [32mVM[1] virtual GIC follows host firmware resources: GuestGicProfile { compatible: "arm,gic-v3", node_path: "/intc@8000000", node_phandle: Some(32773), distributor: GuestMmioRegion { base: 134217728, length: 65536 }, cpu_region: Redistributors(GuestGicRedistributorProfile { regions: [GuestMmioRegion { base: 134873088, length: 16121856 }], stride: 131072 }), its: [GuestItsProfile { id: ItsId(0), node_path: "/intc@8000000/its@8080000", node_phandle: Some(32774), registers: GuestMmioRegion { base: 134742016, length: 131072 } }] }[m
[m[37m[  0.963695 0:2 axvm::arch::aarch64::fdt::core:93] [32mVM[1] architectural timer follows host firmware PPIs[m
[m[37m[  0.967753 0:2 axvm::arch::aarch64::fdt::core::parser:442] [32mCPU node: /cpus/cpu@0, node_id: 0x0, hardware_cpu_id: 0x0[m
[m[37m[  0.967969 0:2 axvm::arch::aarch64::fdt::core::parser:442] [32mCPU node: /cpus/cpu@1, node_id: 0x1, hardware_cpu_id: 0x1[m
[m[37m[  0.968154 0:2 axvm::arch::aarch64::fdt::core::parser:442] [32mCPU node: /cpus/cpu@2, node_id: 0x2, hardware_cpu_id: 0x2[m
[m[37m[  0.968312 0:2 axvm::arch::aarch64::fdt::core::parser:442] [32mCPU node: /cpus/cpu@3, node_id: 0x3, hardware_cpu_id: 0x3[m
[m[37m[  0.968532 0:2 axvm::arch::aarch64::fdt::core::parser:449] [32mFound 4 host CPU nodes[m
[m[37m[  0.969009 0:2 axvm::arch::aarch64::fdt::core:144] [32mVM[1] DTB not found, generating from the VM configuration[m
[m[37m[  0.979750 0:2 axvm::arch::aarch64::fdt::core::device:96] [32mFound excluded devices: ["/intc@8000000", "/pl011@9000000", "/timer", "/intc@8000000/its@8080000"][m
[m[37m[  0.989880 0:2 axvm::arch::aarch64::fdt::core::device:96] [32mFound excluded devices: ["/intc@8000000", "/pl011@9000000", "/timer", "/intc@8000000/its@8080000"][m
[m[37m[  0.990833 0:2 axvisor::config:258] [32mCreating VM[1] "rt-partition-linux"[m
[m[37m[  1.007616 0:2 axvm::vm:1039] [32mVM created: id=1[m
[m[37m[  2.061593 0:2 axvisor::config:270] [32mVM[1] created success, loading images...[m
[m[37m[  2.166412 0:2 axvm::boot::images:137] [32mLoading ramdisk image from memory (19620641 bytes) into GPA @0x84000000[m
[m[37m[  2.220583 0:2 axdevice::device:1232] [32mDeviceRuntime: registered device id=0[m
[m[37m[  2.221022 0:2 axdevice::device:1232] [32mDeviceRuntime: registered device id=1[m
[m[37m[  2.362582 0:2 axdevice::device:1232] [32mDeviceRuntime: registered device id=2[m
[m[37m[  2.366142 0:2 axdevice::device:1232] [32mDeviceRuntime: registered device id=3[m
[m[37m[  2.368642 0:2 axdevice::device:1232] [32mDeviceRuntime: registered device id=4[m
[m[37m[  2.372903 0:2 axvm::vm::prepare:82] [32mVM setup: id=1[m
[m[37m[  2.375639 0:2 axvm::arch::aarch64::fdt::core:79] [32mVM[2] virtual GIC follows host firmware resources: GuestGicProfile { compatible: "arm,gic-v3", node_path: "/intc@8000000", node_phandle: Some(32773), distributor: GuestMmioRegion { base: 134217728, length: 65536 }, cpu_region: Redistributors(GuestGicRedistributorProfile { regions: [GuestMmioRegion { base: 134873088, length: 16121856 }], stride: 131072 }), its: [GuestItsProfile { id: ItsId(0), node_path: "/intc@8000000/its@8080000", node_phandle: Some(32774), registers: GuestMmioRegion { base: 134742016, length: 131072 } }] }[m
[m[37m[  2.376583 0:2 axvm::arch::aarch64::fdt::core:93] [32mVM[2] architectural timer follows host firmware PPIs[m
[m[37m[  2.379777 0:2 axvm::arch::aarch64::fdt::core::parser:442] [32mCPU node: /cpus/cpu@0, node_id: 0x0, hardware_cpu_id: 0x0[m
[m[37m[  2.379942 0:2 axvm::arch::aarch64::fdt::core::parser:442] [32mCPU node: /cpus/cpu@1, node_id: 0x1, hardware_cpu_id: 0x1[m
[m[37m[  2.380097 0:2 axvm::arch::aarch64::fdt::core::parser:442] [32mCPU node: /cpus/cpu@2, node_id: 0x2, hardware_cpu_id: 0x2[m
[m[37m[  2.380251 0:2 axvm::arch::aarch64::fdt::core::parser:442] [32mCPU node: /cpus/cpu@3, node_id: 0x3, hardware_cpu_id: 0x3[m
[m[37m[  2.380424 0:2 axvm::arch::aarch64::fdt::core::parser:449] [32mFound 4 host CPU nodes[m
[m[37m[  2.380541 0:2 axvm::arch::aarch64::fdt::core:144] [32mVM[2] DTB not found, generating from the VM configuration[m
[m[37m[  2.387260 0:2 axvm::arch::aarch64::fdt::core::device:96] [32mFound excluded devices: ["/intc@8000000", "/pl011@9000000", "/timer", "/intc@8000000/its@8080000"][m
[m[37m[  2.391565 0:2 axvm::arch::aarch64::fdt::core::device:96] [32mFound excluded devices: ["/intc@8000000", "/pl011@9000000", "/timer", "/intc@8000000/its@8080000"][m
[m[37m[  2.392014 0:2 axvisor::config:258] [32mCreating VM[2] "rt-partition-zephyr"[m
[m[37m[  2.392986 0:2 axvm::vm:1039] [32mVM created: id=2[m
[m[37m[  2.923164 0:2 axvisor::config:270] [32mVM[2] created success, loading images...[m
[m[37m[  2.927057 0:2 axdevice::device:1232] [32mDeviceRuntime: registered device id=0[m
[m[37m[  2.927193 0:2 axdevice::device:1232] [32mDeviceRuntime: registered device id=1[m
[m[37m[  3.194120 0:2 axdevice::device:1232] [32mDeviceRuntime: registered device id=2[m
[m[37m[  3.195667 0:2 axdevice::device:1232] [32mDeviceRuntime: registered device id=3[m
[m[37m[  3.196573 0:2 axvm::vm::prepare:82] [32mVM setup: id=2[m
[m[37m[  3.198559 0:2 axvm::runtime:51] [32mInitializing VMM...[m
[m[37m[  3.201027 0:2 axvm::runtime:62] [32mVMM starting, booting VMs...[m
[m[37m[  3.201611 0:2 axvm::vm:1254] [32mStarting VM[1][m
[m[37m[  3.202189 0:2 axvm::runtime::vcpus:609] [32mSpawning task for VM[1] VCpu[0][m
[m[37m[  3.202964 0:2 axvm::runtime::vcpus:627] [32mVCpu task Task(17, "VM[1]-VCpu[0]") created cpumask: [2, ][m
[m[37m[  3.207471 0:2 axvm::runtime:70] [32mVM[1] boot success[m
[m[37m[  3.207579 0:2 axvm::vm:1254] [32mStarting VM[2][m
[m[37m[  3.207661 0:2 axvm::runtime::vcpus:609] [32mSpawning task for VM[2] VCpu[0][m
[m[37m[  3.207714 2:17 axvm::runtime::vcpus:681] [32mVM[1] VCpu[0] waiting for running[m
[m[37m[  3.207786 0:2 axvm::runtime::vcpus:627] [32mVCpu task Task(19, "VM[2]-VCpu[0]") created cpumask: [1, ][m
[m[37m[  3.208157 0:2 axvm::runtime:70] [32mVM[2] boot success[m
[m[37m[  3.208301 1:19 axvm::runtime::vcpus:681] [32mVM[2] VCpu[0] waiting for running[m
[m[37m[  3.208374 2:17 axvm::runtime::vcpus:719] [32mVM[1] VCpu[0] running...[m
[m[37m[  3.208468 1:19 axvm::runtime::vcpus:719] [32mVM[2] VCpu[0] running...[m
[m[37m[  3.210228 0:2 axvisor:100] [32m[OK] Default guest initialized[m
[m[VM 2] *** Booting Zephyr OS build v3.7.0 ***
[VM 2] PERIODIC LATENCY READY
[37m[  3.249097 2:17 axvm::runtime::hvc:258] [32mVM[1] PSCI_FEATURES function_id=0x80000000[m
[m[37m[  3.250044 2:17 axvm::runtime::hvc:258] [32mVM[1] PSCI_FEATURES function_id=0xc4000001[m
[m[37m[  3.250394 2:17 axvm::runtime::hvc:258] [32mVM[1] PSCI_FEATURES function_id=0xc400000e[m
[m[37m[  3.250672 2:17 axvm::runtime::hvc:258] [32mVM[1] PSCI_FEATURES function_id=0xc4000012[m
[m[37m[  3.250962 2:17 axvm::runtime::hvc:258] [32mVM[1] PSCI_FEATURES function_id=0xc4000015[m
[m[37m[  3.420310 2:17 axvm::runtime::hvc:272] [32mVM[1] PSCI_CPU_ON target=0x1 entry=0x8228158c context=0x0[m
[m[37m[  3.421162 2:17 axvm::runtime::vcpus:609] [32mSpawning task for VM[1] VCpu[1][m
[m[37m[  3.421445 2:17 axvm::runtime::vcpus:627] [32mVCpu task Task(22, "VM[1]-VCpu[1]") created cpumask: [3, ][m
[m[37m[  3.422189 3:22 axvm::runtime::vcpus:681] [32mVM[1] VCpu[1] waiting for running[m
[m[37m[  3.422885 3:22 axvm::runtime::vcpus:719] [32mVM[1] VCpu[1] running...[m
[m[VM 1] [    0.000000] Booting Linux on physical CPU 0x0000000000 [0x410fd083]
[VM 1] [    0.000000] Linux version 7.1.0-rc2-g74fe02ce122a (runner@s1lqc) (aarch64-linux-gnu-gcc (Ubuntu 13.3.0-6ubuntu2~24.04) 13.3.0, GNU ld (GNU Binutils for Ubuntu) 2.42) #2 SMP PREEMPT Mon Jun  8 08:07:46 UTC 2026
[VM 1] [    0.000000] KASLR disabled due to lack of seed
[VM 1] [    0.000000] Machine model: linux,dummy-virt
[VM 1] [    0.000000] efi: UEFI not found.
[VM 1] [    0.000000] OF: reserved mem: Reserved memory: No reserved-memory node in the DT
[VM 1] [    0.000000] NUMA: Faking a node at [mem 0x0000000080000000-0x00000000bfffffff]
[VM 1] [    0.000000] NODE_DATA(0) allocated [mem 0xbfe08940-0xbfe0b03f]
[VM 1] [    0.000000] cma: Reserved 32 MiB at 0x00000000bde00000
[VM 1] [    0.000000] psci: probing for conduit method from DT.
[VM 1] [    0.000000] psci: PSCIv1.1 detected in firmware.
[VM 1] [    0.000000] psci: Using standard PSCI v0.2 function IDs
[VM 1] [    0.000000] psci: Trusted OS migration not required
[VM 1] [    0.000000] psci: SMC Calling Convention v65535.65535
[VM 1] [    0.000000] Zone ranges:
[VM 1] [    0.000000]   DMA      [mem 0x0000000080000000-0x00000000bfffffff]
[VM 1] [    0.000000]   DMA32    empty
[VM 1] [    0.000000]   Normal   empty
[VM 1] [    0.000000] Movable zone start for each node
[VM 1] [    0.000000] Early memory node ranges
[VM 1] [    0.000000]   node   0: [mem 0x0000000080000000-0x00000000bfffffff]
[VM 1] [    0.000000] Initmem setup node 0 [mem 0x0000000080000000-0x00000000bfffffff]
[VM 1] [    0.000000] percpu: Embedded 26 pages/cpu s66584 r8192 d31720 u106496

[Axvisor] detached VM[1] console
Welcome to AxVisor Shell!
Type 'help' to see available commands
Use UP/DOWN arrows to navigate command history
Console shortcuts:
  Ctrl+X, then h  return to the Axvisor shell
  Ctrl+X, then [  attach the previous running guest
  Ctrl+X, then ]  attach the next running guest
Note: Running with limited features (filesystem support disabled).

[2Kaxvisor:$ [2Kaxvisor:$ v[2Kaxvisor:$ vm[2Kaxvisor:$ vm [2Kaxvisor:$ vm c[2Kaxvisor:$ vm co[2Kaxvisor:$ vm con[2Kaxvisor:$ vm cons[2Kaxvisor:$ vm conso[2Kaxvisor:$ vm consol[2Kaxvisor:$ vm console[2Kaxvisor:$ vm console [2Kaxvisor:$ vm console 2
✓ Attached VM[2] console; use Ctrl+X, then h to return to the shell
PERIODIC LATENCY START
PERIODIC LATENCY SETTLE delay_ms=45000
sequence,timestamp_ns,deadline_ns,actual_ns,jitter_ns
0,10972896,47596017824,47596990720,972896
1,20992048,47606017824,47607009872,992048
2,31051760,47616017824,47617069584,1051760
3,40879680,47626017824,47626897504,879680
4,50841920,47636017824,47636859744,841920
5,60823888,47646017824,47646841712,823888
6,70963824,47656017824,47656981648,963824
7,81015120,47666017824,47667032944,1015120
8,90997280,47676017824,47677015104,997280
9,100854000,47686017824,47686871824,854000
10,110869136,47696017824,47696886960,869136
11,120794640,47706017824,47706812464,794640
12,130860032,47716017824,47716877856,860032
13,140858160,47726017824,47726875984,858160
14,150845888,47736017824,47736863712,845888
15,160794656,47746017824,47746812480,794656
16,170973392,47756017824,47756991216,973392
17,180799024,47766017824,47766816848,799024
18,190857920,47776017824,47776875744,857920
19,200892464,47786017824,47786910288,892464
20,210909792,47796017824,47796927616,909792
21,220802720,47806017824,47806820544,802720
22,230821152,47816017824,47816838976,821152
23,240857856,47826017824,47826875680,857856
24,250801040,47836017824,47836818864,801040
25,260967344,47846017824,47846985168,967344
26,270921856,47856017824,47856939680,921856
27,280811792,47866017824,47866829616,811792
28,290914736,47876017824,47876932560,914736
29,300835120,47886017824,47886852944,835120
30,311041104,47896017824,47897058928,1041104
31,321038272,47906017824,47907056096,1038272
32,330955136,47916017824,47916972960,955136
33,340892768,47926017824,47926910592,892768
34,350906928,47936017824,47936924752,906928
35,360814976,47946017824,47946832800,814976
36,370770448,47956017824,47956788272,770448
37,380800288,47966017824,47966818112,800288
38,390835168,47976017824,47976852992,835168
39,400815200,47986017824,47986833024,815200
40,410820416,47996017824,47996838240,820416
41,420781472,48006017824,48006799296,781472
42,430805232,48016017824,48016823056,805232
43,440796992,48026017824,48026814816,796992
44,450719296,48036017824,48036737120,719296
45,460850064,48046017824,48046867888,850064
46,470694224,48056017824,48056712048,694224
47,480675952,48066017824,48066693776,675952
48,490670672,48076017824,48076688496,670672
49,500673824,48086017824,48086691648,673824
50,510700752,48096017824,48096718576,700752
51,520710528,48106017824,48106728352,710528
52,530709520,48116017824,48116727344,709520
53,540737904,48126017824,48126755728,737904
54,550712432,48136017824,48136730256,712432
55,560834432,48146017824,48146852256,834432
56,570835600,48156017824,48156853424,835600
57,580670624,48166017824,48166688448,670624
58,590668624,48176017824,48176686448,668624
59,600835456,48186017824,48186853280,835456
60,610905888,48196017824,48196923712,905888
61,620702944,48206017824,48206720768,702944
62,630668144,48216017824,48216685968,668144
63,640705216,48226017824,48226723040,705216
64,650670848,48236017824,48236688672,670848
65,660772608,48246017824,48246790432,772608
66,670778864,48256017824,48256796688,778864
67,680766096,48266017824,48266783920,766096
68,690717968,48276017824,48276735792,717968
69,700672288,48286017824,48286690112,672288
70,710662240,48296017824,48296680064,662240
71,721094720,48306017824,48307112544,1094720
72,730906416,48316017824,48316924240,906416
73,740818384,48326017824,48326836208,818384
74,750810240,48336017824,48336828064,810240
75,760880416,48346017824,48346898240,880416
76,770829424,48356017824,48356847248,829424
77,780987040,48366017824,48367004864,987040
78,790902064,48376017824,48376919888,902064
79,800898496,48386017824,48386916320,898496
80,810807712,48396017824,48396825536,807712
81,820878288,48406017824,48406896112,878288
82,830819376,48416017824,48416837200,819376
83,841223328,48426017824,48427241152,1223328
84,850929520,48436017824,48436947344,929520
85,860858864,48446017824,48446876688,858864
86,870842656,48456017824,48456860480,842656
87,880964768,48466017824,48466982592,964768
88,890815648,48476017824,48476833472,815648
89,900830672,48486017824,48486848496,830672
90,910791168,48496017824,48496808992,791168
91,920842864,48506017824,48506860688,842864
92,930825008,48516017824,48516842832,825008
93,940814208,48526017824,48526832032,814208
94,950770784,48536017824,48536788608,770784
95,960816832,48546017824,48546834656,816832
96,970812800,48556017824,48556830624,812800
97,980786976,48566017824,48566804800,786976
98,990724096,48576017824,48576741920,724096
99,1000546592,48586017824,48586564416,546592
100,1010580256,48596017824,48596598080,580256
101,1020576288,48606017824,48606594112,576288
102,1030616848,48616017824,48616634672,616848
103,1040452720,48626017824,48626470544,452720
104,1050468032,48636017824,48636485856,468032
105,1060539312,48646017824,48646557136,539312
106,1070532448,48656017824,48656550272,532448
107,1080549104,48666017824,48666566928,549104
108,1090562944,48676017824,48676580768,562944
109,1100628768,48686017824,48686646592,628768
110,1110535136,48696017824,48696552960,535136
111,1120516160,48706017824,48706533984,516160
112,1130532784,48716017824,48716550608,532784
113,1140559680,48726017824,48726577504,559680
114,1150485296,48736017824,48736503120,485296
115,1160544672,48746017824,48746562496,544672
116,1170568976,48756017824,48756586800,568976
117,1180544128,48766017824,48766561952,544128
118,1190566944,48776017824,48776584768,566944
119,1200549552,48786017824,48786567376,549552
120,1210540064,48796017824,48796557888,540064
121,1220551616,48806017824,48806569440,551616
122,1230493488,48816017824,48816511312,493488
123,1240544496,48826017824,48826562320,544496
124,1250563824,48836017824,48836581648,563824
125,1260537632,48846017824,48846555456,537632
126,1270566352,48856017824,48856584176,566352
127,1280551600,48866017824,48866569424,551600
128,1290558928,48876017824,48876576752,558928
129,1300552736,48886017824,48886570560,552736
130,1310569312,48896017824,48896587136,569312
131,1320548512,48906017824,48906566336,548512
132,1330536256,48916017824,48916554080,536256
133,1340595536,48926017824,48926613360,595536
134,1350546544,48936017824,48936564368,546544
135,1360544832,48946017824,48946562656,544832
136,1370544544,48956017824,48956562368,544544
137,1380547248,48966017824,48966565072,547248
138,1390519760,48976017824,48976537584,519760
139,1400561888,48986017824,48986579712,561888
140,1410569216,48996017824,48996587040,569216
141,1420852304,49006017824,49006870128,852304
142,1430790720,49016017824,49016808544,790720
143,1440680256,49026017824,49026698080,680256
144,1450715808,49036017824,49036733632,715808
145,1460834576,49046017824,49046852400,834576
146,1470795040,49056017824,49056812864,795040
147,1480774208,49066017824,49066792032,774208
148,1490886368,49076017824,49076904192,886368
149,1500771536,49086017824,49086789360,771536
150,1510833728,49096017824,49096851552,833728
151,1520761104,49106017824,49106778928,761104
152,1530861600,49116017824,49116879424,861600
153,1540962736,49126017824,49126980560,962736
154,1550778320,49136017824,49136796144,778320
155,1560946640,49146017824,49146964464,946640
156,1570935648,49156017824,49156953472,935648
157,1580824736,49166017824,49166842560,824736
158,1590935296,49176017824,49176953120,935296
159,1600884800,49186017824,49186902624,884800
160,1611398448,49196017824,49197416272,1398448
161,1620738832,49206017824,49206756656,738832
162,1630711968,49216017824,49216729792,711968
163,1640774176,49226017824,49226792000,774176
164,1650630416,49236017824,49236648240,630416
165,1660615664,49246017824,49246633488,615664
166,1670590704,49256017824,49256608528,590704
167,1680592688,49266017824,49266610512,592688
168,1690752128,49276017824,49276769952,752128
169,1700744416,49286017824,49286762240,744416
170,1710715232,49296017824,49296733056,715232
171,1720589616,49306017824,49306607440,589616
172,1730824976,49316017824,49316842800,824976
173,1740608944,49326017824,49326626768,608944
174,1750739968,49336017824,49336757792,739968
175,1760606112,49346017824,49346623936,606112
176,1770691600,49356017824,49356709424,691600
177,1780626224,49366017824,49366644048,626224
178,1790716848,49376017824,49376734672,716848
179,1800695536,49386017824,49386713360,695536
180,1810733536,49396017824,49396751360,733536
181,1820748624,49406017824,49406766448,748624
182,1830604048,49416017824,49416621872,604048
183,1840837536,49426017824,49426855360,837536
184,1850705408,49436017824,49436723232,705408
185,1860807360,49446017824,49446825184,807360
186,1870833312,49456017824,49456851136,833312
187,1880857072,49466017824,49466874896,857072
188,1890834288,49476017824,49476852112,834288
189,1900861280,49486017824,49486879104,861280
190,1910887040,49496017824,49496904864,887040
191,1920837184,49506017824,49506855008,837184
192,1930843792,49516017824,49516861616,843792
193,1940874224,49526017824,49526892048,874224
194,1950772272,49536017824,49536790096,772272
195,1960760720,49546017824,49546778544,760720
196,1970721728,49556017824,49556739552,721728
197,1980724160,49566017824,49566741984,724160
198,1990609584,49576017824,49576627408,609584
199,2000624176,49586017824,49586642000,624176
200,2010707040,49596017824,49596724864,707040
201,2020868256,49606017824,49606886080,868256
202,2030908672,49616017824,49616926496,908672
203,2040896128,49626017824,49626913952,896128
204,2050844288,49636017824,49636862112,844288
205,2060771520,49646017824,49646789344,771520
206,2070732832,49656017824,49656750656,732832
207,2080780704,49666017824,49666798528,780704
208,2090779392,49676017824,49676797216,779392
209,2100790656,49686017824,49686808480,790656
210,2110850448,49696017824,49696868272,850448
211,2120821888,49706017824,49706839712,821888
212,2130820736,49716017824,49716838560,820736
213,2140746560,49726017824,49726764384,746560
214,2150735440,49736017824,49736753264,735440
215,2160720112,49746017824,49746737936,720112
216,2170876688,49756017824,49756894512,876688
217,2180792240,49766017824,49766810064,792240
218,2190736288,49776017824,49776754112,736288
219,2200851632,49786017824,49786869456,851632
220,2210806960,49796017824,49796824784,806960
221,2220888736,49806017824,49806906560,888736
222,2230879552,49816017824,49816897376,879552
223,2240849680,49826017824,49826867504,849680
224,2250794944,49836017824,49836812768,794944
225,2260857568,49846017824,49846875392,857568
226,2270811552,49856017824,49856829376,811552
227,2280816560,49866017824,49866834384,816560
228,2290784288,49876017824,49876802112,784288
229,2300735600,49886017824,49886753424,735600
230,2310824608,49896017824,49896842432,824608
231,2320824640,49906017824,49906842464,824640
232,2330803488,49916017824,49916821312,803488
233,2340807568,49926017824,49926825392,807568
234,2350822256,49936017824,49936840080,822256
235,2360784336,49946017824,49946802160,784336
236,2370718944,49956017824,49956736768,718944
237,2380721728,49966017824,49966739552,721728
238,2390754928,49976017824,49976772752,754928
239,2400668272,49986017824,49986686096,668272
240,2410712592,49996017824,49996730416,712592
241,2420779008,50006017824,50006796832,779008
242,2430553808,50016017824,50016571632,553808
243,2440708032,50026017824,50026725856,708032
244,2450711648,50036017824,50036729472,711648
245,2460747200,50046017824,50046765024,747200
246,2470699744,50056017824,50056717568,699744
247,2480601504,50066017824,50066619328,601504
248,2490586944,50076017824,50076604768,586944
249,2500708192,50086017824,50086726016,708192
250,2510703584,50096017824,50096721408,703584
251,2520782848,50106017824,50106800672,782848
252,2530709392,50116017824,50116727216,709392
253,2540503584,50126017824,50126521408,503584
254,2550726704,50136017824,50136744528,726704
255,2560649648,50146017824,50146667472,649648
256,2570529040,50156017824,50156546864,529040
257,2580686832,50166017824,50166704656,686832
258,2590757984,50176017824,50176775808,757984
259,2600488784,50186017824,50186506608,488784
260,2610683856,50196017824,50196701680,683856
261,2620577728,50206017824,50206595552,577728
262,2630571344,50216017824,50216589168,571344
263,2640503888,50226017824,50226521712,503888
264,2650588512,50236017824,50236606336,588512
265,2660524272,50246017824,50246542096,524272
266,2670721712,50256017824,50256739536,721712
267,2680787792,50266017824,50266805616,787792
268,2690719312,50276017824,50276737136,719312
269,2700609056,50286017824,50286626880,609056
270,2710586928,50296017824,50296604752,586928
271,2720794896,50306017824,50306812720,794896
272,2730660000,50316017824,50316677824,660000
273,2740513952,50326017824,50326531776,513952
274,2750598448,50336017824,50336616272,598448
275,2760572160,50346017824,50346589984,572160
276,2770669040,50356017824,50356686864,669040
277,2780606416,50366017824,50366624240,606416
278,2790786464,50376017824,50376804288,786464
279,2800584368,50386017824,50386602192,584368
280,2810586320,50396017824,50396604144,586320
281,2820800688,50406017824,50406818512,800688
282,2830499184,50416017824,50416517008,499184
283,2840459408,50426017824,50426477232,459408
284,2850612688,50436017824,50436630512,612688
285,2860732816,50446017824,50446750640,732816
286,2870725232,50456017824,50456743056,725232
287,2880795632,50466017824,50466813456,795632
288,2890746096,50476017824,50476763920,746096
289,2900611152,50486017824,50486628976,611152
290,2910696384,50496017824,50496714208,696384
291,2920680272,50506017824,50506698096,680272
292,2930517632,50516017824,50516535456,517632
293,2940606400,50526017824,50526624224,606400
294,2950610160,50536017824,50536627984,610160
295,2960716928,50546017824,50546734752,716928
296,2970694688,50556017824,50556712512,694688
297,2980739808,50566017824,50566757632,739808
298,2990733856,50576017824,50576751680,733856
299,3000779824,50586017824,50586797648,779824
PERIODIC LATENCY COMPLETE samples=300
