root=/dev/nvme0n1 rw init=/init
VM Load @PA:0x40200000
VM Load Offset: 0xffff0000c0200000
Memory Map:
  Free   0x00000040000000 - 0x00000040200000 (2 MiB)
  KImg   0x00000040200000 - 0x00000041600000 (20 MiB)
  Free   0x00000041600000 - 0x00000240000000 (7.98 GiB)
Initialize RAM allocator: 0x41600000..0x240000000
Reserving CPU-local areas
CPU-local area stride: 0x44000 bytes
Total CPU-local allocation: 0x88000 bytes (2 CPUs)
Flushed RAM used range to memory map: 0x41600000..0x41700000, current: 0x41700000
Flushed RAM used range to memory map: 0x41700000..0x41788000, current: 0x41788000
CPU-local areas allocated at 0x41700000 - 0x41788000
EL: 2
Mapping early memory regions...
Ram                 : [0x0000000040000000, 0x0000000240000000) -> [0x0000000040000000, 0x0000000240000000) (8 GiB)
KImage              : [0x0000ffff80000000, 0x0000ffff81400000) -> [0x0000000040200000, 0x0000000041600000) (20 MiB)
PerCpu              : [0x0000ff0041700000, 0x0000ff0041788000) -> [0x0000000041700000, 0x0000000041788000) (544 KiB)
Debug serial        : [0x0000000009000000, 0x0000000009001000) -> [0x0000000009000000, 0x0000000009001000) (4 KiB)
Boot page table at physical address: PA:0x41788000
Setting up table registers...
MMU Entry point at physical address: 0x4047a1cc
Trap vector at 0xffff8027e000
Memory Map:
  MMIO   0x00000009000000 - 0x00000009001000 (4 KiB)
  Free   0x00000040000000 - 0x00000040200000 (2 MiB)
  KImg   0x00000040200000 - 0x00000041600000 (20 MiB)
  Rsv    0x00000041600000 - 0x00000041700000 (1 MiB)
  PerCPU 0x00000041700000 - 0x00000041788000 (544 KiB)
  Rsv    0x00000041788000 - 0x00000041791000 (36 KiB)
  Free   0x00000041791000 - 0x00000240000000 (7.98 GiB)
Jumping to main entry point at 0xffff80261f20 with SP 0x0000ff0041744000

       d8888                            .d88888b.   .d8888b.
      d88888                           d88P" "Y88b d88P  Y88b
     d88P888                           888     888 Y88b.
    d88P 888 888d888  .d8888b  .d88b.  888     888  "Y888b.
   d88P  888 888P"   d88P"    d8P  Y8b 888     888     "Y88b.
  d88P   888 888     888      88888888 888     888       "888
 d8888888888 888     Y88b.    Y8b.     Y88b. .d88P Y88b  d88P
d88P     888 888      "Y8888P  "Y8888   "Y88888P"   "Y8888P"

arch = aarch64
platform = linux,dummy-virt
target = aarch64-unknown-none-softfloat
build_mode = 
log_level = info
backtrace = false
smp = 2

[37m[  0.060108 ax_runtime:220] [32mLogging is enabled.[m
[m[37m[  0.060514 ax_runtime:221] [32mPrimary CPU 0 started, arg = 0x41600000.[m
[m[37m[  0.060634 ax_runtime:223] [32mFound physcial memory regions:[m
[m[37m[  0.061673 ax_runtime:225] [32m  [PA:0x9000000, PA:0x9001000) mmio (READ | WRITE | DEVICE | RESERVED)[m
[m[37m[  0.061920 ax_runtime:225] [32m  [PA:0x40000000, PA:0x40200000) free memory (READ | WRITE | FREE)[m
[m[37m[  0.062074 ax_runtime:225] [32m  [PA:0x40200000, PA:0x41600000) reserved (READ | WRITE | EXECUTE | RESERVED)[m
[m[37m[  0.062216 ax_runtime:225] [32m  [PA:0x41600000, PA:0x41700000) reserved (READ | WRITE | EXECUTE | RESERVED)[m
[m[37m[  0.062359 ax_runtime:225] [32m  [PA:0x41700000, PA:0x41788000) reserved (READ | WRITE | EXECUTE | RESERVED)[m
[m[37m[  0.062503 ax_runtime:225] [32m  [PA:0x41788000, PA:0x41791000) reserved (READ | WRITE | EXECUTE | RESERVED)[m
[m[37m[  0.062640 ax_runtime:225] [32m  [PA:0x41791000, PA:0x240000000) free memory (READ | WRITE | FREE)[m
[m[37m[  0.062791 ax_runtime:375] [32mInitialize global memory allocator...[m
[m[37m[  0.062906 ax_runtime:376] [32m  use buddy-slab-allocator allocator.[m
[m[37m[  0.063119 ax_alloc::buddy_slab:158] [32mInitialize global memory allocator, start_vaddr: 0x41791000, size: 0x1fe86f000[m
[m[37m[  0.070865 ax_alloc::buddy_slab:424] [32mglobal allocator initialized[m
[m[37m[  0.071098 ax_alloc::buddy_slab:168] [32mAdd memory region, start_vaddr: 0x40000000, size: 0x200000[m
[m[37m[  0.071294 buddy_slab_allocator::global:151] [32mGlobalAllocator: skip region 0x40000000+0x200000, no allocator-visible memory after 2097152 alignment[m
[m[37m[  0.071688 ax_runtime:260] [32mkernel aspace: [VA:0x0, VA:0xffffffffffffffff)[m
[m[37m[  0.071829 ax_mm:103] [32mInitialize virtual memory management...[m
[m[37m[  0.779645 ax_runtime:272] [32mInitialize platform devices...[m
[m[37m[  0.786045 someboot::arch::power:23] [32mPower management method : SMC[m
[m[37m[  0.786241 somehal::driver:5] [32mInitializing rdrive with FDT at 0x41600000[m
[m[37m[  0.799018 somehal::arch::gic::v3:274] [32mGICv3 CPU 0 EOI mode: two_step=true[m
[m[37m[  0.887984 ax_task::api:193] [32mInitialize scheduling...[m
[m[37m[  0.889465 ax_task::api:201] [32m  use Round-robin scheduler.[m
[m[37m[  0.889886 ax_runtime:300] [32mInitialize interrupt handlers...[m
[m[37m[  0.892281 ax_runtime::devices:2] [32mProbe platform devices...[m
[m[37m[  0.921365 ax_driver::block::nvme:42] [32mNVMe PCI endpoint 0000:00:02.0: BAR0=0x8000004000..0x8000008000, int_pin=1, int_line=0[m
[m[37m[  0.922503 ax_driver::block::nvme:78] [32mNVMe PCI endpoint 0000:00:02.0 MSI-X unavailable (NVMe MSI-X needs admin and I/O vectors); using legacy INTx[m
[m[37m[  0.923815 nvme_driver::nvme:161] [32mNVME @0x8000004000 deferred init, version: 1.4.0[m
[m[37m[  0.926484 ax_driver::block::nvme:105] [32mNVMe block device registered at 0000:00:02.0 with irq=None[m
[m[37m[  0.933108 ax_fs_ng::block::runtime::lifecycle::device:300] [32mblock device nvme IRQ source 0 (IrqId { domain: IrqDomainId(7), hwirq: HwIrq(37) }) fixed to CPU 0 for queue mask 0x0[m
[m[37m[  0.940017 ax_fs_ng::block::runtime::hctx:177] [32mblock hctx 0 bound to CPU 0 with hardware depth 63[m
[m[37m[  0.940536 ax_fs_ng::block::runtime::lifecycle::device:300] [32mblock device nvme IRQ source 0 (IrqId { domain: IrqDomainId(7), hwirq: HwIrq(37) }) fixed to CPU 0 for queue mask 0x1[m
[m[37m[  0.948112 ax_fs_ng::root:341] [32m    raw device fs=Some(Ext4)[m
[m[37m[  0.948357 ax_fs_ng::root:372] [32m  block device 0 (nvme) has no usable partition table; treating the whole disk as a candidate[m
[m[37m[  0.948823 ax_fs_ng::root:481] [32m  matched root by raw device path on disk0 raw device[m
[m[37m[  0.949333 ax_fs_ng:86] [32mInitialize filesystem subsystem...[m
[m[37m[  0.949452 ax_fs_ng:87] [32m  selected root device: disk0 raw device[m
[m[37m[  0.974277 rsext4::ext4::mount:331] [32m/lost+found exists (superblock hint inode=11)[m
[m[37m[  0.976129 rsext4::ext4::mount:466] [32mExt4 filesystem mounted[m
[m[37m[  0.976247 rsext4::ext4::mount:467] [32m  - block size: 4096 bytes[m
[m[37m[  0.976522 rsext4::ext4::mount:468] [32m  - total blocks: 524288[m
[m[37m[  0.976632 rsext4::ext4::mount:469] [32m  - free blocks: 96969[m
[m[37m[  0.976734 rsext4::ext4::mount:470] [32m  - total inodes: 131072[m
[m[37m[  0.976842 rsext4::ext4::mount:471] [32m  - free inodes: 125217[m
[m[37m[  0.976967 rsext4::ext4::sync:13] [32mSyncing filesystem...[m
[m[37m[  0.988858 rsext4::ext4::mount:550] [32mExt4 filesystem mounted[m
[m[37m[  0.989436 ax_fs_ng:99] [32m  filesystem type: "ext4"[m
[m[37m[  0.993983 somehal::arch::gic::v3:274] [32mGICv3 CPU 1 EOI mode: two_step=true[m
[m[37m[  0.994531 ax_runtime::mp:79] [32mSecondary CPU 1 started.[m
[m[37m[  0.994539 ax_runtime:348] [32mPrimary CPU 0 init OK.[m
[m[37m[  0.995710 ax_runtime::mp:110] [32mSecondary CPU 1 init OK.[m
[m[37m[  0.996333 0:2 ax_fs_ng::block::runtime::lifecycle::device:369] [32mblock device nvme online with 1 hctxs across 2 CPUs[m
[m

       d8888            888     888  d8b
      d88888            888     888  Y8P
     d88P888            888     888
    d88P 888  888  888  Y88b   d88P  888  .d8888b    .d88b.   888d888
   d88P  888  `Y8bd8P'   Y88b d88P   888  88K       d88""88b  888P"
  d88P   888    X88K      Y88o88P    888  "Y8888b.  888  888  888
 d8888888888  .d8""8b.     Y888P     888       X88  Y88..88P  888
d88P     888  888  888      Y8P      888   88888P'   "Y88P"   888


by AxVisor Team

[37m[  0.999017 0:2 axvisor:96] [32mStarting virtualization...[m
[m[37m[  0.999168 0:2 axvm::host::arceos:335] [32mEnabling hardware virtualization support on all cores...[m
[m[37m[  0.999367 0:2 axvm::host::arceos:341] [32mCore 0 is initializing hardware virtualization support...[m
[m[37m[  0.999547 0:2 axvm::timer:508] [32mInitializing AxVM timer wheel...[m
[m[37m[  1.006653 0:2 axvm::host::arceos:343] [32mHardware virtualization support enabled on core 0[m
[m[37m[  1.007397 0:2 axvm::host::arceos:370] [32mWaiting for all cores to enable hardware virtualization...[m
[m[37m[  1.008118 1:9 axvm::host::arceos:353] [32mCore 1 is initializing hardware virtualization support...[m
[m[37m[  1.008476 1:9 axvm::timer:508] [32mInitializing AxVM timer wheel...[m
[m[37m[  1.008914 0:2 axvm::host::arceos:381] [32mAll cores have enabled hardware virtualization support.[m
[m[37m[  1.008934 1:9 axvm::host::arceos:357] [32mHardware virtualization support enabled on core 1 (2/2)[m
[m[37m[  1.013587 0:2 axvisor::manager:145] [32mNOT find dir: /guest/vm_default in filesystem[m
[m[37m[  1.013858 0:2 axvisor::config:91] [32mUsing static VM configs.[m
[m[37m[  1.030630 0:2 axvm::arch::aarch64::fdt::core:79] [32mVM[1] virtual GIC follows host firmware resources: GuestGicProfile { compatible: "arm,gic-v3", node_path: "/intc@8000000", node_phandle: Some(32771), distributor: GuestMmioRegion { base: 134217728, length: 65536 }, cpu_region: Redistributors(GuestGicRedistributorProfile { regions: [GuestMmioRegion { base: 134873088, length: 16121856 }], stride: 131072 }), its: [GuestItsProfile { id: ItsId(0), node_path: "/intc@8000000/its@8080000", node_phandle: Some(32772), registers: GuestMmioRegion { base: 134742016, length: 131072 } }] }[m
[m[37m[  1.033755 0:2 axvm::arch::aarch64::fdt::core:93] [32mVM[1] architectural timer follows host firmware PPIs[m
[m[37m[  1.039498 0:2 axvm::arch::aarch64::fdt::core::parser:548] [32mCPU node: /cpus/cpu@0, node_id: 0x0, hardware_cpu_id: 0x0[m
[m[37m[  1.039719 0:2 axvm::arch::aarch64::fdt::core::parser:548] [32mCPU node: /cpus/cpu@1, node_id: 0x1, hardware_cpu_id: 0x1[m
[m[37m[  1.040021 0:2 axvm::arch::aarch64::fdt::core::parser:555] [32mFound 2 host CPU nodes[m
[m[37m[  1.040495 0:2 axvm::arch::aarch64::fdt::core:144] [32mVM[1] DTB not found, generating from the VM configuration[m
[m[37m[  1.055720 0:2 axvm::arch::aarch64::fdt::core::device:96] [32mFound excluded devices: ["/intc@8000000", "/pl011@9000000", "/timer", "/intc@8000000/its@8080000"][m
[m[37m[  1.057023 0:2 axvm::arch::aarch64::fdt::core::parser:57] [32mVM[1] generated-FDT passthrough paths: ["/pcie@10000000"][m
[m[37m[  1.058107 0:2 axvm::arch::aarch64::fdt::core::parser:85] [32mVM[1] host-FDT PCI node path=/pcie@10000000 name=pcie@10000000 compatible=["pci-host-ecam-generic"] reg=[(275146342400, Some(268435456))] properties=[("compatible", 22), ("reg", 16), ("ranges", 84), ("interrupt-map", 640), ("interrupt-map-mask", 16), ("msi-map", 16), ("bus-range", 8)][m
[m[37m[  1.066851 0:2 axvm::arch::aarch64::fdt::core::parser:98] [32mVM[1] generated guest-FDT bytes=2172[m
[m[37m[  1.067770 0:2 axvm::arch::aarch64::fdt::core::parser:109] [32mVM[1] generated guest-FDT PCI paths: ["/pcie@10000000"][m
[m[37m[  1.068299 0:2 axvm::arch::aarch64::fdt::core::parser:143] [32mVM[1] guest-FDT PCI property-count=7 property-names=["ranges", "interrupt-map", "interrupt-map-mask", "msi-map", "bus-range", "#address-cells", "#size-cells"][m
[m[37m[  1.068626 0:2 axvm::arch::aarch64::fdt::core::parser:149] [32mVM[1] generated guest-FDT PCI node path=/pcie@10000000 name=pcie@10000000 compatible=["pci-host-ecam-generic"] reg=[(275146342400, Some(268435456))] properties=[("ranges", 84), ("interrupt-map", 640), ("interrupt-map-mask", 16), ("msi-map", 16), ("bus-range", 8), ("#address-cells", 4), ("#size-cells", 4)][m
[m[37m[  1.074460 0:2 axvm::arch::aarch64::fdt::core::device:96] [32mFound excluded devices: ["/intc@8000000", "/pl011@9000000", "/timer", "/intc@8000000/its@8080000"][m
[m[37m[  1.076443 0:2 axvm::arch::aarch64::fdt::core::device:96] [32mFound excluded devices: ["/intc@8000000", "/pl011@9000000", "/timer", "/intc@8000000/its@8080000"][m
[m[37m[  1.076765 0:2 axvm::arch::aarch64::fdt::core::parser:705] [32mpassthrough address discovery selected paths: {"/pcie@10000000"}[m
[m[37m[  1.077711 0:2 axvm::arch::aarch64::fdt::core::parser:761] [32mpassthrough address discovery resolved assignments: [HostDeviceAssignment { name: "pcie@10000000-io", base_gpa: 1056899072, base_hpa: 1056899072, length: 65536 }, HostDeviceAssignment { name: "pcie@10000000-mem32-region1", base_gpa: 268435456, base_hpa: 268435456, length: 788463616 }, HostDeviceAssignment { name: "pcie@10000000-mem64-region2", base_gpa: 549755813888, base_hpa: 549755813888, length: 549755813888 }, HostDeviceAssignment { name: "pcie@10000000-ecam", base_gpa: 275146342400, base_hpa: 275146342400, length: 268435456 }][m
[m[37m[  1.079091 0:2 axvisor::config:258] [32mCreating VM[1] "task1-starry-shared"[m
[m[37m[  1.098898 0:2 axvm::vm:1133] [32mVM created: id=1[m
[m[37m[  1.626062 0:2 axvisor::config:270] [32mVM[1] created success, loading images...[m
[m[37m[  1.664228 0:2 axvm::arch::aarch64::capabilities:133] [32mVM[1] runtime-FDT PCI properties=[("compatible", 22), ("reg", 16), ("ranges", 84), ("interrupt-map", 640), ("interrupt-map-mask", 16), ("msi-map", 16), ("bus-range", 8)] bytes=3036[m
[m[37m[  1.670189 0:2 axdevice::device:1232] [32mDeviceRuntime: registered device id=0[m
[m[37m[  1.670589 0:2 axdevice::device:1232] [32mDeviceRuntime: registered device id=1[m
[m[37m[  1.670808 0:2 axdevice::device:1232] [32mDeviceRuntime: registered device id=2[m
[m[37m[  1.672613 0:2 axdevice::device:1232] [32mDeviceRuntime: registered device id=3[m
[m[37m[  1.674538 0:2 axdevice::device:1232] [32mDeviceRuntime: registered device id=4[m
[m[37m[  1.677382 0:2 axvm::vm::prepare::address_space:87] [32mVM[1] stage2 passthrough: GPA 0x0..0x8000000 -> HPA 0x0..0x8000000[m
[m[37m[  1.677798 0:2 axvm::vm::prepare::address_space:87] [32mVM[1] stage2 passthrough: GPA 0x8010000..0x8080000 -> HPA 0x8010000..0x8080000[m
[m[37m[  1.678137 0:2 axvm::vm::prepare::address_space:87] [32mVM[1] stage2 passthrough: GPA 0x9001000..0xa000000 -> HPA 0x9001000..0xa000000[m
[m[37m[  1.678486 0:2 axvm::vm::prepare::address_space:87] [32mVM[1] stage2 passthrough: GPA 0xa001000..0x203000000 -> HPA 0xa001000..0x203000000[m
[m[37m[  1.678952 0:2 axvm::vm::prepare::address_space:87] [32mVM[1] stage2 passthrough: GPA 0x223000000..0x7ffffffff000 -> HPA 0x223000000..0x7ffffffff000[m
[m[37m[  1.702055 0:2 axvm::vm::prepare:82] [32mVM setup: id=1[m
[m[37m[  1.705589 0:2 axvm::arch::aarch64::fdt::core:79] [32mVM[2] virtual GIC follows host firmware resources: GuestGicProfile { compatible: "arm,gic-v3", node_path: "/intc@8000000", node_phandle: Some(32771), distributor: GuestMmioRegion { base: 134217728, length: 65536 }, cpu_region: Redistributors(GuestGicRedistributorProfile { regions: [GuestMmioRegion { base: 134873088, length: 16121856 }], stride: 131072 }), its: [GuestItsProfile { id: ItsId(0), node_path: "/intc@8000000/its@8080000", node_phandle: Some(32772), registers: GuestMmioRegion { base: 134742016, length: 131072 } }] }[m
[m[37m[  1.706468 0:2 axvm::arch::aarch64::fdt::core:93] [32mVM[2] architectural timer follows host firmware PPIs[m
[m[37m[  1.711897 0:2 axvm::arch::aarch64::fdt::core::parser:548] [32mCPU node: /cpus/cpu@0, node_id: 0x0, hardware_cpu_id: 0x0[m
[m[37m[  1.712111 0:2 axvm::arch::aarch64::fdt::core::parser:548] [32mCPU node: /cpus/cpu@1, node_id: 0x1, hardware_cpu_id: 0x1[m
[m[37m[  1.712357 0:2 axvm::arch::aarch64::fdt::core::parser:555] [32mFound 2 host CPU nodes[m
[m[37m[  1.712488 0:2 axvm::arch::aarch64::fdt::core:144] [32mVM[2] DTB not found, generating from the VM configuration[m
[m[37m[  1.722941 0:2 axvm::arch::aarch64::fdt::core::device:96] [32mFound excluded devices: ["/intc@8000000", "/pl011@9000000", "/timer", "/intc@8000000/its@8080000"][m
[m[37m[  1.723479 0:2 axvm::arch::aarch64::fdt::core::parser:57] [32mVM[2] generated-FDT passthrough paths: [][m
[m[37m[  1.724260 0:2 axvm::arch::aarch64::fdt::core::parser:85] [32mVM[2] host-FDT PCI node path=/pcie@10000000 name=pcie@10000000 compatible=["pci-host-ecam-generic"] reg=[(275146342400, Some(268435456))] properties=[("compatible", 22), ("reg", 16), ("ranges", 84), ("interrupt-map", 640), ("interrupt-map-mask", 16), ("msi-map", 16), ("bus-range", 8)][m
[m[37m[  1.727546 0:2 axvm::arch::aarch64::fdt::core::parser:98] [32mVM[2] generated guest-FDT bytes=1100[m
[m[37m[  1.728163 0:2 axvm::arch::aarch64::fdt::core::parser:109] [32mVM[2] generated guest-FDT PCI paths: [][m
[m[37m[  1.733006 0:2 axvm::arch::aarch64::fdt::core::device:96] [32mFound excluded devices: ["/intc@8000000", "/pl011@9000000", "/timer", "/intc@8000000/its@8080000"][m
[m[37m[  1.733786 0:2 axvisor::config:258] [32mCreating VM[2] "task1-rtthread-periodic-shared"[m
[m[37m[  1.735203 0:2 axvm::vm:1133] [32mVM created: id=2[m
[m[37m[  2.273721 0:2 axvisor::config:270] [32mVM[2] created success, loading images...[m
[m[37m[  2.282947 0:2 axdevice::device:1232] [32mDeviceRuntime: registered device id=0[m
[m[37m[  2.283087 0:2 axdevice::device:1232] [32mDeviceRuntime: registered device id=1[m
[m[37m[  2.536490 0:2 axdevice::device:1232] [32mDeviceRuntime: registered device id=2[m
[m[37m[  2.538499 0:2 axdevice::device:1232] [32mDeviceRuntime: registered device id=3[m
[m[37m[  2.540229 0:2 axvm::vm::prepare:82] [32mVM setup: id=2[m
[m[37m[  2.543584 0:2 axvm::runtime:73] [32mInitializing VMM...[m
[m[37m[  2.544198 0:2 rsext4::ext4::sync:13] [32mSyncing filesystem...[m
[m[37m[  2.552244 0:2 rsext4::ext4::sync:43] [32mFilesystem unmounted cleanly[m
[m[37m[  2.559940 0:2 axvm::host::arceos:199] [32mReleased 2 host filesystem block IRQ registration(s) during shutdown[m
[m[37m[  2.560137 0:2 axvisor::manager:119] [32mHost filesystem cleanly unmounted before guest passthrough devices start[m
[m[37m[  2.560955 0:2 axvm::runtime:84] [32mVMM starting, booting VMs...[m
[m[37m[  2.561195 0:2 axvm::vm:1365] [32mStarting VM[1][m
[m[37m[  2.561411 0:2 axvm::runtime::vcpus:1060] [32mSpawning task for VM[1] VCpu[0][m
[m[37m[  2.562013 0:2 axvm::runtime::vcpus:1079] [32mVCpu task Task(11, "VM[1]-VCpu[0]") created priority=89 cpumask: [1, ][m
[m[37m[  2.565187 0:2 axvm::arch::aarch64::gic::physical:61] [32mregistered assigned AArch64 SPI route host_intid=37 guest_intid=37[m
[m[37m[  2.566616 0:2 axvm::runtime:92] [32mVM[1] boot success[m
[m[37m[  2.566705 1:11 axvm::runtime::vcpus:1134] [32mVM[1] VCpu[0] waiting for running[m
[m[37m[  2.566722 0:2 axvm::vm:1365] [32mStarting VM[2][m
[m[37m[  2.566921 0:2 axvm::runtime::vcpus:1060] [32mSpawning task for VM[2] VCpu[0][m
[m[37m[  2.567060 0:2 axvm::runtime::vcpus:1079] [32mVCpu task Task(13, "VM[2]-VCpu[0]") created priority=90 cpumask: [1, ][m
[m[37m[  2.567136 1:11 axvm::runtime::vcpus:1172] [32mVM[1] VCpu[0] running...[m
[m[37m[  2.567336 0:2 axvm::runtime:92] [32mVM[2] boot success[m
[m[37m[  2.567388 1:13 axvm::runtime::vcpus:1134] [32mVM[2] VCpu[0] waiting for running[m
[m[37m[  2.567535 1:13 axvm::runtime::vcpus:1172] [32mVM[2] VCpu[0] running...[m
[m[37m[  2.569160 0:2 axvisor:115] [32m[OK] Default guest initialized[m
[m[VM 1] VM Load @PA:0x203000000
[VM 1] VM Load Offset: 0x283000000
[VM 1] Memory Map:
[VM 1]   KImg   0x00000203000000 - 0x00000203e00000 (14 MiB)
[VM 1]   Free   0x00000203e00000 - 0x00000223000000 (498 MiB)
[VM 1] Initialize RAM allocator: 0x203e00000..0x223000000
[VM 1] Reserving CPU-local areas
[VM 1] CPU-local area stride: 0x41000 bytes
[VM 1] Total CPU-local allocation: 0x41000 bytes (1 CPUs)
[VM 1] Flushed RAM used range to memory map: 0x203e00000..0x203e01000, current: 0x203e01000
[VM 1] Flushed RAM used range to memory map: 0x203e01000..0x203e42000, current: 0x203e42000
[VM 1] CPU-local areas allocated at 0x203e01000 - 0x203e42000
[VM 1] EL: 1
[VM 1] Mapping early memory regions...
[VM 1] Ram                 : [0xffff000203000000, 0xffff000223000000) -> [0x0000000203000000, 0x0000000223000000) (512 MiB)
[VM 2] [32m[I/rtdm.ofw] Booting RT-Thread on physical CPU 0x0[0m
[VM 2] [32m[I/rtdm.ofw] Machine model: linux,dummy-virt[0m
[VM 1] KImage              : [0xffffffff80000000, 0xffffffff80e00000) -> [0x0000000203000000, 0x0000000203e00000) (14 MiB)
[VM 2] [32m[I/rtdm.ofw] Memory node(0) ranges: 0x00000000a0000000 - 0x00000000c0000000[0m
[VM 2] [32m[I/dma.pool] coherent-pool: Reserved 2.0 MiB at 0x00000000bf600000[0m
[VM 2] [32m[I/dma.pool] cma: Reserved 6.0 MiB at 0x00000000bf800000[0m
[VM 2] [32m[I/mm.memblock] System memory:[0m
[VM 1] PerCpu              : [0xffffff0203e01000, 0xffffff0203e42000) -> [0x0000000203e01000, 0x0000000203e42000) (260 KiB)
[VM 2] [32m[I/mm.memblock]   memory@a0000000          [0x00000000a0000000, 0x00000000c0000000][0m
[VM 2] [32m[I/mm.memblock] Reserved memory:[0m
[VM 1] Debug serial        : [0xffff000009000000, 0xffff000009001000) -> [0x0000000009000000, 0x0000000009001000) (4 KiB)
[VM 1] Boot page table at physical address: PA:0x203e42000
[VM 1] Setting up table registers...
[VM 2] [32m[I/mm.memblock]   kernel                   [0x00000000a0080000, 0x00000000a01e3000][0m
[VM 2] [32m[I/mm.memblock]   memheap                  [0x00000000a01e3000, 0x00000000a41e3000][0m
[VM 2] [32m[I/mm.memblock]   init-page                [0x00000000a41e3000, 0x00000000a43e3000][0m
[VM 1] MMU Entry point at physical address: 0x2033a71bc
[VM 1] Trap vector at 0xffffffff803a5000
[VM 1] Memory Map:
[VM 2] [32m[I/mm.memblock]   fdt                      [0x00000000a43e3000, 0x00000000a43e4000][0m
[VM 2] [32m[I/mm.memblock]   dma-pool                 [0x00000000bf600000, 0x00000000c0000000][0m
[VM 1]   MMIO   0x00000009000000 - 0x00000009001000 (4 KiB)
[VM 2] [32m[I/mm.memblock] physical memory region [0x00000000a0000000-0x00000000a0080000] installed to system page[0m
[VM 1]   KImg   0x00000203000000 - 0x00000203e00000 (14 MiB)
[VM 1]   Rsv    0x00000203e00000 - 0x00000203e01000 (4 KiB)
[VM 1]   PerCPU 0x00000203e01000 - 0x00000203e42000 (260 KiB)
[VM 1]   Rsv    0x00000203e42000 - 0x00000203e4c000 (40 KiB)
[VM 1]   Free   0x00000203e4c000 - 0x00000223000000 (497.7 MiB)
[VM 2] [33m[W/mm.aspace] _mm_aspace_map_phy: not in range[0m
[VM 2] [32m[I/mm.memblock] physical memory region [0x00000000a43e4000-0x00000000bf600000] installed to system page[0m
[VM 2] [32m[I/mm.memblock] 455 MB memory installed to system page[0m
[VM 2] [32m[I/osi.psci] Using PSCI v1.1 Function IDs[0m
[VM 2] [32m[I/rtdm.ofw] Console: uart0 (pl011@9000000)[0m
[VM 2] 
[VM 2]  \ | /
[VM 2] - RT -     Thread Operating System
[VM 2]  / | \     5.3.0 build Aug 22 2026 17:34:28
[VM 2]  2006 - 2024 Copyright by RT-Thread team
[VM 1] Jumping to main entry point at 0xffffffff8038a0b8 with SP 0xffffff0203e42000
[VM 1] 
[VM 1]        d8888                            .d88888b.   .d8888b.
[VM 1]       d88888                           d88P" "Y88b d88P  Y88b
[VM 1]      d88P888                           888     888 Y88b.
[VM 1]     d88P 888 888d888  .d8888b  .d88b.  888     888  "Y888b.
[VM 1]    d88P  888 888P"   d88P"    d8P  Y8b 888     888     "Y88b.
[VM 1]   d88P   888 888     888      88888888 888     888       "888
[VM 1]  d8888888888 888     Y88b.    Y8b.     Y88b. .d88P Y88b  d88P
[VM 1] d88P     888 888      "Y8888P  "Y8888   "Y88888P"   "Y8888P"
[VM 1] 
[VM 1] arch = aarch64
[VM 1] platform = linux,dummy-virt
[VM 1] target = aarch64-unknown-none-softfloat
[VM 1] build_mode = 
[VM 1] log_level = warn
[VM 1] backtrace = false
[VM 1] smp = 1
[VM 1] 
[VM 2] [32m[I/rtdm.mnt] File system initialization done[0m
[VM 2] PERIODIC LATENCY READY
[VM 1] Boot at 1970-01-01 00:00:02.819978752 UTC
[VM 1] 
[VM 1] [37m[  2.961693 ax_net::service:885] [33meth1: DHCP acquired address 10.0.2.15/24[m
[VM 1] [m[37m[  2.988713 ax_net::service:887] [33meth1: DHCP router 10.0.2.2[m
[VM 1] [m[37m[  3.011802 ax_net:450] [33m  No vsock device found![m
[VM 1] [mInitialized 6 tracepoints
[VM 1] kmod subsystem initialized
[VM 1] Welcome to [96m[1mStarry OS[0m!
[VM 1] USER=root
[VM 1] HOSTNAME=starry
[VM 1] SHLVL=1
[VM 1] HOME=/root
[VM 1] TERM=xterm-256color
[VM 1] PATH=/usr/local/sbin:/usr/local/bin:/usr/sbin:/usr/bin:/sbin:/bin
[VM 1] PWD=/
[VM 1] 
[VM 1] Use [1m[3mapk[0m to install packages.
[VM 1] 

[Axvisor] detached VM[1] console
Welcome to AxVisor Shell!
Type 'help' to see available commands
Use UP/DOWN arrows to navigate command history
Console shortcuts:
  Ctrl+X, then h  return to the Axvisor shell
  Ctrl+X, then [  attach the previous running guest
  Ctrl+X, then ]  attach the next running guest

[2Kaxvisor:/$ 
[Axvisor] attached VM[2] console; use Ctrl+X, then h to return to the shell

[Axvisor] attached VM[1] console; use Ctrl+X, then h to return to the shell
root@starry:/root # (sh /usr/bin/t2n1-run.sh model-only) &
root@starry:/root # STARRY_T2N1_NET_CONFIGURED ip=10.0.42.15/24
TASK3_MODEL_READY model=yolo11n.ncnn runtime=ncnn ncnn_revision=946fe3fb14a8dff8c06df763f67be522167b2f00 param_sha256=d2c0adf8939dc9ce02964ce8ada104447768ffd8e3bffad8fa11e2e61e709c1f bin_sha256=0ae562447923999779b12b4f91f96b9ef263add8c9902d10e22e6dd6a2932c12 input_sha256=608c8a61ff0bb43e5a8613f1f6f8aa08af74b084363610ed2b526ad925e4cb6f mode=in-guest run_mode=model-only
TASK3_INFER_STARTED model=yolo11n.ncnn request=1 phase=startup

[Axvisor] attached VM[2] console; use Ctrl+X, then h to return to the shell
PERIODIC LATENCY START
sequence,timestamp_ns,deadline_ns,actual_ns,jitter_ns
0,27584016,10000000,27584016,17584016
1,47135904,20000000,47135904,27135904
2,67139200,30000000,67139200,37139200
3,89146688,40000000,89146688,49146688
4,97560048,50000000,97560048,47560048
5,109968592,60000000,109968592,49968592
6,129959568,70000000,129959568,59959568
7,148457248,80000000,148457248,68457248
8,157541520,90000000,157541520,67541520
9,177137008,100000000,177137008,77137008
10,197136160,110000000,197136160,87136160
11,217130304,120000000,217130304,97130304
12,247138496,130000000,247138496,117138496
13,250716720,140000000,250716720,110716720
14,277134256,150000000,277134256,127134256
15,297976224,160000000,297976224,137976224
16,307569248,170000000,307569248,137569248
17,325025760,180000000,325025760,145025760
18,347131408,190000000,347131408,157131408
19,358383392,200000000,358383392,158383392
20,367534160,210000000,367534160,157534160
21,389956976,220000000,389956976,169956976
22,411226416,230000000,411226416,181226416
23,429955232,240000000,429955232,189955232
24,448344464,250000000,448344464,198344464
25,457538784,260000000,457538784,197538784
26,477129616,270000000,477129616,207129616
27,499964704,280000000,499964704,219964704
28,525679952,290000000,525679952,235679952
29,547136848,300000000,547136848,247136848
30,558383408,310000000,558383408,248383408
31,567530848,320000000,567530848,247530848
32,589963632,330000000,589963632,259963632
33,611206064,340000000,611206064,271206064
34,629963760,350000000,629963760,279963760
35,648381552,360000000,648381552,288381552
36,657560944,370000000,657560944,287560944
37,677133008,380000000,677133008,297133008
38,699967104,390000000,699967104,309967104
39,726320384,400000000,726320384,326320384
40,747141312,410000000,747141312,337141312
41,758469376,420000000,758469376,338469376
42,767554896,430000000,767554896,337554896
43,789961952,440000000,789961952,349961952
44,811296144,450000000,811296144,361296144
45,829949712,460000000,829949712,369949712
46,848371968,470000000,848371968,378371968
47,857568560,480000000,857568560,377568560
48,877139648,490000000,877139648,387139648
49,899963744,500000000,899963744,399963744
50,926967856,510000000,926967856,416967856
51,947126752,520000000,947126752,427126752
52,958389888,530000000,958389888,428389888
53,967519104,540000000,967519104,427519104
54,989958064,550000000,989958064,439958064
55,1011169360,560000000,1011169360,451169360
56,1037127984,570000000,1037127984,467127984
57,1057143184,580000000,1057143184,477143184
58,1077135120,590000000,1077135120,487135120
59,1099967696,600000000,1099967696,499967696
60,1103006448,610000000,1103006448,493006448
61,1117547264,620000000,1117547264,497547264
62,1122985376,630000000,1122985376,492985376
63,1137138464,640000000,1137138464,497138464
64,1152084720,650000000,1152084720,502084720
65,1159979312,660000000,1159979312,499979312
66,1187129008,670000000,1187129008,517129008
67,1201994944,680000000,1201994944,521994944
68,1220904624,690000000,1220904624,530904624
69,1229006880,700000000,1229006880,529006880
70,1249977344,710000000,1249977344,539977344
71,1271285632,720000000,1271285632,551285632
72,1297142368,730000000,1297142368,567142368
73,1317137008,740000000,1317137008,577137008
74,1337567504,750000000,1337567504,587567504
75,1358203152,760000000,1358203152,598203152
76,1361631072,770000000,1361631072,591631072
77,1372694320,780000000,1372694320,592694320
78,1379964512,790000000,1379964512,589964512
79,1407139936,800000000,1407139936,607139936
80,1428931472,810000000,1428931472,618931472
81,1437568800,820000000,1437568800,617568800
82,1457137904,830000000,1457137904,627137904
83,1479963056,840000000,1479963056,639963056
84,1501283488,850000000,1501283488,651283488
85,1527143088,860000000,1527143088,667143088
86,1549966144,870000000,1549966144,679966144
87,1577140896,880000000,1577140896,697140896
88,1597134880,890000000,1597134880,707134880
89,1600707888,900000000,1600707888,700707888
90,1627137168,910000000,1627137168,717137168
91,1647134512,920000000,1647134512,727134512
92,1650715040,930000000,1650715040,720715040
93,1677135056,940000000,1677135056,737135056
94,1697140336,950000000,1697140336,747140336
95,1717134128,960000000,1717134128,757134128
96,1737955696,970000000,1737955696,767955696
97,1747560912,980000000,1747560912,767560912
98,1767174320,990000000,1767174320,777174320
99,1788695888,1000000000,1788695888,788695888
100,1797542464,1010000000,1797542464,787542464
101,1817146832,1020000000,1817146832,797146832
102,1838791952,1030000000,1838791952,808791952
103,1847560784,1040000000,1847560784,807560784
104,1867135680,1050000000,1867135680,817135680
105,1887912256,1060000000,1887912256,827912256
106,1897552592,1070000000,1897552592,827552592
107,1917129504,1080000000,1917129504,837129504
108,1937987200,1090000000,1937987200,847987200
109,1947559824,1100000000,1947559824,847559824
110,1967125072,1110000000,1967125072,857125072
111,1987897360,1120000000,1987897360,867897360
112,1997535552,1130000000,1997535552,867535552
113,2017132496,1140000000,2017132496,877132496
114,2037881600,1150000000,2037881600,887881600
115,2040747632,1160000000,2040747632,880747632
116,2067129280,1170000000,2067129280,897129280
117,2087904192,1180000000,2087904192,907904192
118,2097657232,1190000000,2097657232,907657232
119,2117138304,1200000000,2117138304,917138304
120,2138206528,1210000000,2138206528,928206528
121,2140747792,1220000000,2140747792,920747792
122,2167138496,1230000000,2167138496,937138496
123,2188678656,1240000000,2188678656,948678656
124,2197555296,1250000000,2197555296,947555296
125,2217143952,1260000000,2217143952,957143952
126,2237881024,1270000000,2237881024,967881024
127,2247555520,1280000000,2247555520,967555520
128,2267128160,1290000000,2267128160,977128160
129,2287945280,1300000000,2287945280,987945280
130,2297558224,1310000000,2297558224,987558224
131,2317123600,1320000000,2317123600,997123600
132,2338715904,1330000000,2338715904,1008715904
133,2347567600,1340000000,2347567600,1007567600
134,2367127200,1350000000,2367127200,1017127200
135,2387879072,1360000000,2387879072,1027879072
136,2397568048,1370000000,2397568048,1027568048
137,2417127856,1380000000,2417127856,1037127856
138,2437863392,1390000000,2437863392,1047863392
139,2447653504,1400000000,2447653504,1047653504
140,2467121264,1410000000,2467121264,1057121264
141,2488680176,1420000000,2488680176,1068680176
142,2497530288,1430000000,2497530288,1067530288
143,2517135184,1440000000,2517135184,1077135184
144,2538621456,1450000000,2538621456,1088621456
145,2547544512,1460000000,2547544512,1087544512
146,2567130000,1470000000,2567130000,1097130000
147,2587886688,1480000000,2587886688,1107886688
148,2597533856,1490000000,2597533856,1107533856
149,2617122656,1500000000,2617122656,1117122656
150,2637922880,1510000000,2637922880,1127922880
151,2647534464,1520000000,2647534464,1127534464
152,2667137952,1530000000,2667137952,1137137952
153,2687869040,1540000000,2687869040,1147869040
154,2697530800,1550000000,2697530800,1147530800
155,2717129824,1560000000,2717129824,1157129824
156,2737860800,1570000000,2737860800,1167860800
157,2747597792,1580000000,2747597792,1167597792
158,2767168512,1590000000,2767168512,1177168512
159,2788659200,1600000000,2788659200,1188659200
160,2797535808,1610000000,2797535808,1187535808
161,2817133872,1620000000,2817133872,1197133872
162,2838690832,1630000000,2838690832,1208690832
163,2847539376,1640000000,2847539376,1207539376
164,2867133824,1650000000,2867133824,1217133824
165,2887976144,1660000000,2887976144,1227976144
166,2897538656,1670000000,2897538656,1227538656
167,2917126928,1680000000,2917126928,1237126928
168,2937915584,1690000000,2937915584,1247915584
169,2947558512,1700000000,2947558512,1247558512
170,2959956912,1710000000,2959956912,1249956912
171,2987132320,1720000000,2987132320,1267132320
172,2998381808,1730000000,2998381808,1268381808
173,3007514288,1740000000,3007514288,1267514288
174,3029979920,1750000000,3029979920,1279979920
175,3051721200,1760000000,3051721200,1291721200
176,3077122688,1770000000,3077122688,1307122688
177,3097126688,1780000000,3097126688,1317126688
178,3117130208,1790000000,3117130208,1327130208
179,3139960800,1800000000,3139960800,1339960800
180,3159956352,1810000000,3159956352,1349956352
181,3187123968,1820000000,3187123968,1367123968
182,3198362976,1830000000,3198362976,1368362976
183,3207524208,1840000000,3207524208,1367524208
184,3229954784,1850000000,3229954784,1379954784
185,3251145472,1860000000,3251145472,1391145472
186,3257510560,1870000000,3257510560,1387510560
187,3279951520,1880000000,3279951520,1399951520
188,3301164176,1890000000,3301164176,1411164176
189,3327126064,1900000000,3327126064,1427126064
190,3347136592,1910000000,3347136592,1437136592
191,3350677984,1920000000,3350677984,1430677984
192,3369981200,1930000000,3369981200,1439981200
193,3391121920,1940000000,3391121920,1451121920
194,3417135264,1950000000,3417135264,1467135264
195,3437957856,1960000000,3437957856,1477957856
196,3447543152,1970000000,3447543152,1477543152
197,3459956720,1980000000,3459956720,1479956720
198,3487133648,1990000000,3487133648,1497133648
199,3498365680,2000000000,3498365680,1498365680
200,3507541792,2010000000,3507541792,1497541792
201,3529958432,2020000000,3529958432,1509958432
202,3551212656,2030000000,3551212656,1521212656
203,3557550320,2040000000,3557550320,1517550320
204,3579957568,2050000000,3579957568,1529957568
205,3601136096,2060000000,3601136096,1541136096
206,3627124416,2070000000,3627124416,1557124416
207,3647128496,2080000000,3647128496,1567128496
208,3650752736,2090000000,3650752736,1560752736
209,3669978416,2100000000,3669978416,1569978416
210,3691098752,2110000000,3691098752,1581098752
211,3717135616,2120000000,3717135616,1597135616
212,3737897792,2130000000,3737897792,1607897792
213,3747615232,2140000000,3747615232,1607615232
214,3759962320,2150000000,3759962320,1609962320
215,3787141264,2160000000,3787141264,1627141264
216,3798460448,2170000000,3798460448,1628460448
217,3807552368,2180000000,3807552368,1627552368
218,3829967680,2190000000,3829967680,1639967680
219,3851220928,2200000000,3851220928,1651220928
220,3857555936,2210000000,3857555936,1647555936
221,3879963296,2220000000,3879963296,1659963296
222,3901232592,2230000000,3901232592,1671232592
223,3927133392,2240000000,3927133392,1687133392
224,3947161104,2250000000,3947161104,1697161104
225,3950752880,2260000000,3950752880,1690752880
226,3969960832,2270000000,3969960832,1699960832
227,3991176464,2280000000,3991176464,1711176464
228,4017126928,2290000000,4017126928,1727126928
229,4037930080,2300000000,4037930080,1737930080
230,4047530640,2310000000,4047530640,1737530640
231,4059953232,2320000000,4059953232,1739953232
232,4087127056,2330000000,4087127056,1757127056
233,4098333152,2340000000,4098333152,1758333152
234,4107542960,2350000000,4107542960,1757542960
235,4129952448,2360000000,4129952448,1769952448
236,4151161344,2370000000,4151161344,1781161344
237,4157497344,2380000000,4157497344,1777497344
238,4179948784,2390000000,4179948784,1789948784
239,4201189936,2400000000,4201189936,1801189936
240,4227127456,2410000000,4227127456,1817127456
241,4247130032,2420000000,4247130032,1827130032
242,4250721504,2430000000,4250721504,1820721504
243,4269956544,2440000000,4269956544,1829956544
244,4291138832,2450000000,4291138832,1841138832
245,4317129968,2460000000,4317129968,1857129968
246,4337979216,2470000000,4337979216,1867979216
247,4347543680,2480000000,4347543680,1867543680
248,4359953392,2490000000,4359953392,1869953392
249,4387136144,2500000000,4387136144,1887136144
250,4398390592,2510000000,4398390592,1888390592
251,4407530496,2520000000,4407530496,1887530496
252,4429958864,2530000000,4429958864,1899958864
253,4451203024,2540000000,4451203024,1911203024
254,4457517104,2550000000,4457517104,1907517104
255,4479955376,2560000000,4479955376,1919955376
256,4501199424,2570000000,4501199424,1931199424
257,4527130032,2580000000,4527130032,1947130032
258,4547128560,2590000000,4547128560,1957128560
259,4550700736,2600000000,4550700736,1950700736
260,4569958064,2610000000,4569958064,1959958064
261,4591132800,2620000000,4591132800,1971132800
262,4617133056,2630000000,4617133056,1987133056
263,4637929440,2640000000,4637929440,1997929440
264,4647549632,2650000000,4647549632,1997549632
265,4659996000,2660000000,4659996000,1999996000
266,4687125696,2670000000,4687125696,2017125696
267,4698415056,2680000000,4698415056,2018415056
268,4707525280,2690000000,4707525280,2017525280
269,4729956032,2700000000,4729956032,2029956032
270,4751241168,2710000000,4751241168,2041241168
271,4758008016,2720000000,4758008016,2038008016
272,4779951696,2730000000,4779951696,2049951696
273,4801197264,2740000000,4801197264,2061197264
274,4827124352,2750000000,4827124352,2077124352
275,4847134928,2760000000,4847134928,2087134928
276,4850730352,2770000000,4850730352,2080730352
277,4869955824,2780000000,4869955824,2089955824
278,4891136272,2790000000,4891136272,2101136272
279,4917131088,2800000000,4917131088,2117131088
280,4937952704,2810000000,4937952704,2127952704
281,4947538400,2820000000,4947538400,2127538400
282,4959949424,2830000000,4959949424,2129949424
283,4987122912,2840000000,4987122912,2147122912
284,4998336752,2850000000,4998336752,2148336752
285,5007549568,2860000000,5007549568,2147549568
286,5029955680,2870000000,5029955680,2159955680
287,5051181984,2880000000,5051181984,2171181984
288,5059057456,2890000000,5059057456,2169057456
289,5079962080,2900000000,5079962080,2179962080
290,5101129568,2910000000,5101129568,2191129568
291,5127128096,2920000000,5127128096,2207128096
292,5147130608,2930000000,5147130608,2217130608
293,5150704768,2940000000,5150704768,2210704768
294,5169955360,2950000000,5169955360,2219955360
295,5191080416,2960000000,5191080416,2231080416
296,5217128256,2970000000,5217128256,2247128256
297,5237923776,2980000000,5237923776,2257923776
298,5247543712,2990000000,5247543712,2257543712
299,5259946720,3000000000,5259946720,2259946720
PERIODIC LATENCY COMPLETE samples=300

[Axvisor] attached VM[1] console; use Ctrl+X, then h to return to the shell
TASK3_INFER model=yolo11n.ncnn infer_us=22451601 request=1 elapsed_ms=0
TASK3_DETECTION model=yolo11n.ncnn class=75 confidence_milli=843 center_x_milli=421 area_milli=63 target=421 request=1

[Axvisor] detached VM[1] console
[2Kaxvisor:/$ [2Kaxvisor:/$ r[2Kaxvisor:/$ rt[2Kaxvisor:/$ rt [2Kaxvisor:/$ rt s[2Kaxvisor:/$ rt st[2Kaxvisor:/$ rt sta[2Kaxvisor:/$ rt stat
RT vCPU wait counters:
  vcpu=0 post_vmexit_yields=20703 parks=2686 wakes=1749 notify_woke=1746 vtimer_arms=4728 vtimer_immediate=198 vtimer_no_deadline=0 vtimer_registered=4530 vtimer_callbacks=1597 vtimer_stale_callbacks=2 vtimer_notifications=1595 vtimer_invalidations=133747 callback_to_wake_samples=0 callback_to_wake_overflow=0 callback_to_wake_p50_ns=0 callback_to_wake_p99_ns=0 callback_to_wake_p99_9_ns=0 callback_to_wake_max_ns=0 callback_to_run_dispatch_samples=0 callback_to_run_dispatch_overflow=0 callback_to_run_dispatch_p50_ns=0 callback_to_run_dispatch_p99_ns=0 callback_to_run_dispatch_p99_9_ns=0 callback_to_run_dispatch_max_ns=0 callback_to_guest_entry_samples=0 callback_to_guest_entry_overflow=0 callback_to_guest_entry_p50_ns=0 callback_to_guest_entry_p99_ns=0 callback_to_guest_entry_p99_9_ns=0 callback_to_guest_entry_max_ns=0 direct_acks=4239 direct_overlaps=0 direct_to_run_dispatch_samples=0 direct_to_run_dispatch_overflow=0 direct_to_run_dispatch_p50_ns=0 direct_to_run_dispatch_p99_ns=0 direct_to_run_dispatch_p99_9_ns=0 direct_to_run_dispatch_max_ns=0 direct_to_guest_entry_samples=0 direct_to_guest_entry_overflow=0 direct_to_guest_entry_p50_ns=0 direct_to_guest_entry_p99_ns=0 direct_to_guest_entry_p99_9_ns=0 direct_to_guest_entry_max_ns=0 activation_hold_samples=0 activation_hold_overflow=0 activation_hold_p50_ns=0 activation_hold_p99_ns=0 activation_hold_p99_9_ns=0 activation_hold_max_ns=0
  lr_skips=0
RT device-poll counters:
  vm=1 published=39 kicked=39 consumed=3 pending=false
  vm=2 published=1 kicked=1 consumed=1 pending=false
RT AxVM timer counters:
  cpu=1 now_ns=34095081008 wheel_next_ns=34099305040 published_ns=34099305040 registered=4530 cancelled=2932 expired=1597 worker_wakes=1569 expiry_batches=1589 expiry_late_samples=0 expiry_late_overflow=0 expiry_late_p50_ns=0 expiry_late_p99_ns=0 expiry_late_p99_9_ns=0 expiry_late_max_ns=0 lock_acquisitions=28597 lock_wait_total_ns=19369408 lock_wait_max_ns=142160 lock_hold_total_ns=44162400 lock_hold_max_ns=191792
RT host hardware timer IRQ counters:
  cpu=0 irqs=3178
  cpu=1 irqs=4945
RT console counters: attached=None flush_calls=1211603 host_write_bytes=20260
  vm=1 active=true input_enqueued=39 input_drained=39 input_dropped=0 input_pending=0 output_enqueued=3638 output_drained=3638 output_dropped=0 output_pending=0
  vm=2 active=true input_enqueued=1 input_drained=1 input_dropped=0 input_pending=0 output_enqueued=15998 output_drained=15998 output_dropped=0 output_pending=0
axvisor:/$ 