dedicated_cpus=1
VM Load @PA:0x40200000
VM Load Offset: 0xffff0000c0200000
Memory Map:
  Free   0x00000040000000 - 0x00000040200000 (2 MiB)
  KImg   0x00000040200000 - 0x00000044c00000 (74 MiB)
  Free   0x00000044c00000 - 0x00000240000000 (7.93 GiB)
Initialize RAM allocator: 0x44c00000..0x240000000
Reserving CPU-local areas
CPU-local area stride: 0x44000 bytes
Total CPU-local allocation: 0x110000 bytes (4 CPUs)
Flushed RAM used range to memory map: 0x44c00000..0x44d00000, current: 0x44d00000
Flushed RAM used range to memory map: 0x44d00000..0x44e10000, current: 0x44e10000
CPU-local areas allocated at 0x44d00000 - 0x44e10000
EL: 2
Mapping early memory regions...
Ram                 : [0x0000000040000000, 0x0000000240000000) -> [0x0000000040000000, 0x0000000240000000) (8 GiB)
KImage              : [0x0000ffff80000000, 0x0000ffff84a00000) -> [0x0000000040200000, 0x0000000044c00000) (74 MiB)
PerCpu              : [0x0000ff0044d00000, 0x0000ff0044e10000) -> [0x0000000044d00000, 0x0000000044e10000) (1.06 MiB)
Debug serial        : [0x0000000009000000, 0x0000000009001000) -> [0x0000000009000000, 0x0000000009001000) (4 KiB)
Boot page table at physical address: PA:0x44e10000
Setting up table registers...
MMU Entry point at physical address: 0x403bcb1c
Trap vector at 0xffff801c0800
Memory Map:
  MMIO   0x00000009000000 - 0x00000009001000 (4 KiB)
  Free   0x00000040000000 - 0x00000040200000 (2 MiB)
  KImg   0x00000040200000 - 0x00000044c00000 (74 MiB)
  Rsv    0x00000044c00000 - 0x00000044d00000 (1 MiB)
  PerCPU 0x00000044d00000 - 0x00000044e10000 (1.06 MiB)
  Rsv    0x00000044e10000 - 0x00000044e1a000 (40 KiB)
  Free   0x00000044e1a000 - 0x00000240000000 (7.92 GiB)
Jumping to main entry point at 0xffff801a493c with SP 0x0000ff0044d44000

       d8888                            .d88888b.   .d8888b.
      d88888                           d88P" "Y88b d88P  Y88b
     d88P888                           888     888 Y88b.
    d88P 888 888d888  .d8888b  .d88b.  888     888  "Y888b.
   d88P  888 888P"   d88P"    d8P  Y8b 888     888     "Y88b.
  d88P   888 888     888      88888888 888     888       "888
 d8888888888 888     Y88b.    Y8b.     Y88b. .d88P Y88b  d88P
d88P     888 888      "Y8888P  "Y8888   "Y88888P"   "Y8888P"

arch = aarch64
platform = linux,dummy-virt
target = aarch64-unknown-none-softfloat
build_mode = 
log_level = info
backtrace = false
smp = 4

[37m[  0.060878 ax_runtime:220] [32mLogging is enabled.[m
[m[37m[  0.061288 ax_runtime:221] [32mPrimary CPU 0 started, arg = 0x44c00000.[m
[m[37m[  0.061411 ax_runtime:223] [32mFound physcial memory regions:[m
[m[37m[  0.062449 ax_runtime:225] [32m  [PA:0x9000000, PA:0x9001000) mmio (READ | WRITE | DEVICE | RESERVED)[m
[m[37m[  0.062683 ax_runtime:225] [32m  [PA:0x40000000, PA:0x40200000) free memory (READ | WRITE | FREE)[m
[m[37m[  0.062828 ax_runtime:225] [32m  [PA:0x40200000, PA:0x44c00000) reserved (READ | WRITE | EXECUTE | RESERVED)[m
[m[37m[  0.062959 ax_runtime:225] [32m  [PA:0x44c00000, PA:0x44d00000) reserved (READ | WRITE | EXECUTE | RESERVED)[m
[m[37m[  0.063085 ax_runtime:225] [32m  [PA:0x44d00000, PA:0x44e10000) reserved (READ | WRITE | EXECUTE | RESERVED)[m
[m[37m[  0.063212 ax_runtime:225] [32m  [PA:0x44e10000, PA:0x44e1a000) reserved (READ | WRITE | EXECUTE | RESERVED)[m
[m[37m[  0.063338 ax_runtime:225] [32m  [PA:0x44e1a000, PA:0x240000000) free memory (READ | WRITE | FREE)[m
[m[37m[  0.063482 ax_runtime:375] [32mInitialize global memory allocator...[m
[m[37m[  0.063599 ax_runtime:376] [32m  use buddy-slab-allocator allocator.[m
[m[37m[  0.063822 ax_alloc::buddy_slab:158] [32mInitialize global memory allocator, start_vaddr: 0x44e1a000, size: 0x1fb1e6000[m
[m[37m[  0.070999 ax_alloc::buddy_slab:424] [32mglobal allocator initialized[m
[m[37m[  0.071210 ax_alloc::buddy_slab:168] [32mAdd memory region, start_vaddr: 0x40000000, size: 0x200000[m
[m[37m[  0.071384 buddy_slab_allocator::global:151] [32mGlobalAllocator: skip region 0x40000000+0x200000, no allocator-visible memory after 2097152 alignment[m
[m[37m[  0.071742 ax_runtime:260] [32mkernel aspace: [VA:0x0, VA:0xffffffffffffffff)[m
[m[37m[  0.071944 ax_mm:103] [32mInitialize virtual memory management...[m
[m[37m[  0.757344 ax_runtime:272] [32mInitialize platform devices...[m
[m[37m[  0.764055 someboot::arch::power:23] [32mPower management method : SMC[m
[m[37m[  0.764252 somehal::driver:5] [32mInitializing rdrive with FDT at 0x44c00000[m
[m[37m[  0.777723 somehal::arch::gic::v3:274] [32mGICv3 CPU 0 EOI mode: two_step=true[m
[m[37m[  0.886103 ax_runtime:558] [32mDedicated (no-tick) host CPUs: 0b10[m
[m[37m[  0.886281 ax_task::api:158] [32mInitialize scheduling...[m
[m[37m[  0.887643 ax_task::api:166] [32m  use FIFO scheduler.[m
[m[37m[  0.888039 ax_runtime:300] [32mInitialize interrupt handlers...[m
[m[37m[  0.890374 ax_runtime::devices:2] [32mProbe platform devices...[m
[m[37m[  0.904268 somehal::arch::gic::v3:274] [32mGICv3 CPU 1 EOI mode: two_step=true[m
[m[37m[  0.904800 ax_runtime::mp:79] [32mSecondary CPU 1 started.[m
[m[37m[  0.905876 ax_runtime::mp:110] [32mSecondary CPU 1 init OK.[m
[m[37m[  0.915495 somehal::arch::gic::v3:274] [32mGICv3 CPU 2 EOI mode: two_step=true[m
[m[37m[  0.915746 ax_runtime::mp:79] [32mSecondary CPU 2 started.[m
[m[37m[  0.916068 ax_runtime::mp:110] [32mSecondary CPU 2 init OK.[m
[m[37m[  0.926803 somehal::arch::gic::v3:274] [32mGICv3 CPU 3 EOI mode: two_step=true[m
[m[37m[  0.927048 ax_runtime::mp:79] [32mSecondary CPU 3 started.[m
[m[37m[  0.927117 ax_runtime:348] [32mPrimary CPU 0 init OK.[m
[m[37m[  0.927554 ax_runtime::mp:110] [32mSecondary CPU 3 init OK.[m
[m

       d8888            888     888  d8b
      d88888            888     888  Y8P
     d88P888            888     888
    d88P 888  888  888  Y88b   d88P  888  .d8888b    .d88b.   888d888
   d88P  888  `Y8bd8P'   Y88b d88P   888  88K       d88""88b  888P"
  d88P   888    X88K      Y88o88P    888  "Y8888b.  888  888  888
 d8888888888  .d8""8b.     Y888P     888       X88  Y88..88P  888
d88P     888  888  888      Y8P      888   88888P'   "Y88P"   888


by AxVisor Team

[37m[  0.930741 0:2 axvisor:78] [32mRT partition host CPU mask established: 0b10[m
[m[37m[  0.930905 0:2 axvisor:81] [32mStarting virtualization...[m
[m[37m[  0.931078 0:2 axvm::host::arceos:335] [32mEnabling hardware virtualization support on all cores...[m
[m[37m[  0.931270 0:2 axvm::host::arceos:341] [32mCore 0 is initializing hardware virtualization support...[m
[m[37m[  0.931484 0:2 axvm::timer:349] [32mInitializing AxVM timer wheel...[m
[m[37m[  0.936828 0:2 axvm::host::arceos:343] [32mHardware virtualization support enabled on core 0[m
[m[37m[  0.937633 0:2 axvm::host::arceos:370] [32mWaiting for all cores to enable hardware virtualization...[m
[m[37m[  0.938245 1:11 axvm::host::arceos:353] [32mCore 1 is initializing hardware virtualization support...[m
[m[37m[  0.938268 2:12 axvm::host::arceos:353] [32mCore 2 is initializing hardware virtualization support...[m
[m[37m[  0.938455 1:11 axvm::timer:349] [32mInitializing AxVM timer wheel...[m
[m[37m[  0.938303 3:13 axvm::host::arceos:353] [32mCore 3 is initializing hardware virtualization support...[m
[m[37m[  0.938629 2:12 axvm::timer:349] [32mInitializing AxVM timer wheel...[m
[m[37m[  0.939191 1:11 axvm::host::arceos:357] [32mHardware virtualization support enabled on core 1 (2/4)[m
[m[37m[  0.939327 2:12 axvm::host::arceos:357] [32mHardware virtualization support enabled on core 2 (3/4)[m
[m[37m[  0.939078 3:13 axvm::timer:349] [32mInitializing AxVM timer wheel...[m
[m[37m[  0.939893 3:13 axvm::host::arceos:357] [32mHardware virtualization support enabled on core 3 (4/4)[m
[m[37m[  0.939971 0:2 axvm::host::arceos:381] [32mAll cores have enabled hardware virtualization support.[m
[m[37m[  0.941722 0:2 axvisor::config:91] [32mUsing static VM configs.[m
[m[37m[  0.957999 0:2 axvm::arch::aarch64::fdt::core:79] [32mVM[1] virtual GIC follows host firmware resources: GuestGicProfile { compatible: "arm,gic-v3", node_path: "/intc@8000000", node_phandle: Some(32773), distributor: GuestMmioRegion { base: 134217728, length: 65536 }, cpu_region: Redistributors(GuestGicRedistributorProfile { regions: [GuestMmioRegion { base: 134873088, length: 16121856 }], stride: 131072 }), its: [GuestItsProfile { id: ItsId(0), node_path: "/intc@8000000/its@8080000", node_phandle: Some(32774), registers: GuestMmioRegion { base: 134742016, length: 131072 } }] }[m
[m[37m[  0.960954 0:2 axvm::arch::aarch64::fdt::core:93] [32mVM[1] architectural timer follows host firmware PPIs[m
[m[37m[  0.965100 0:2 axvm::arch::aarch64::fdt::core::parser:442] [32mCPU node: /cpus/cpu@0, node_id: 0x0, hardware_cpu_id: 0x0[m
[m[37m[  0.965334 0:2 axvm::arch::aarch64::fdt::core::parser:442] [32mCPU node: /cpus/cpu@1, node_id: 0x1, hardware_cpu_id: 0x1[m
[m[37m[  0.965536 0:2 axvm::arch::aarch64::fdt::core::parser:442] [32mCPU node: /cpus/cpu@2, node_id: 0x2, hardware_cpu_id: 0x2[m
[m[37m[  0.965705 0:2 axvm::arch::aarch64::fdt::core::parser:442] [32mCPU node: /cpus/cpu@3, node_id: 0x3, hardware_cpu_id: 0x3[m
[m[37m[  0.965942 0:2 axvm::arch::aarch64::fdt::core::parser:449] [32mFound 4 host CPU nodes[m
[m[37m[  0.966444 0:2 axvm::arch::aarch64::fdt::core:144] [32mVM[1] DTB not found, generating from the VM configuration[m
[m[37m[  0.977313 0:2 axvm::arch::aarch64::fdt::core::device:96] [32mFound excluded devices: ["/intc@8000000", "/pl011@9000000", "/timer", "/intc@8000000/its@8080000"][m
[m[37m[  0.987700 0:2 axvm::arch::aarch64::fdt::core::device:96] [32mFound excluded devices: ["/intc@8000000", "/pl011@9000000", "/timer", "/intc@8000000/its@8080000"][m
[m[37m[  0.988679 0:2 axvisor::config:258] [32mCreating VM[1] "rt-partition-linux"[m
[m[37m[  1.005592 0:2 axvm::vm:1039] [32mVM created: id=1[m
[m[37m[  2.098710 0:2 axvisor::config:270] [32mVM[1] created success, loading images...[m
[m[37m[  2.208623 0:2 axvm::boot::images:137] [32mLoading ramdisk image from memory (19620641 bytes) into GPA @0x84000000[m
[m[37m[  2.264804 0:2 axdevice::device:1232] [32mDeviceRuntime: registered device id=0[m
[m[37m[  2.265250 0:2 axdevice::device:1232] [32mDeviceRuntime: registered device id=1[m
[m[37m[  2.400110 0:2 axdevice::device:1232] [32mDeviceRuntime: registered device id=2[m
[m[37m[  2.406839 0:2 axdevice::device:1232] [32mDeviceRuntime: registered device id=3[m
[m[37m[  2.408834 0:2 axdevice::device:1232] [32mDeviceRuntime: registered device id=4[m
[m[37m[  2.412289 0:2 axvm::vm::prepare:82] [32mVM setup: id=1[m
[m[37m[  2.414855 0:2 axvm::arch::aarch64::fdt::core:79] [32mVM[2] virtual GIC follows host firmware resources: GuestGicProfile { compatible: "arm,gic-v3", node_path: "/intc@8000000", node_phandle: Some(32773), distributor: GuestMmioRegion { base: 134217728, length: 65536 }, cpu_region: Redistributors(GuestGicRedistributorProfile { regions: [GuestMmioRegion { base: 134873088, length: 16121856 }], stride: 131072 }), its: [GuestItsProfile { id: ItsId(0), node_path: "/intc@8000000/its@8080000", node_phandle: Some(32774), registers: GuestMmioRegion { base: 134742016, length: 131072 } }] }[m
[m[37m[  2.415603 0:2 axvm::arch::aarch64::fdt::core:93] [32mVM[2] architectural timer follows host firmware PPIs[m
[m[37m[  2.418837 0:2 axvm::arch::aarch64::fdt::core::parser:442] [32mCPU node: /cpus/cpu@0, node_id: 0x0, hardware_cpu_id: 0x0[m
[m[37m[  2.418999 0:2 axvm::arch::aarch64::fdt::core::parser:442] [32mCPU node: /cpus/cpu@1, node_id: 0x1, hardware_cpu_id: 0x1[m
[m[37m[  2.419157 0:2 axvm::arch::aarch64::fdt::core::parser:442] [32mCPU node: /cpus/cpu@2, node_id: 0x2, hardware_cpu_id: 0x2[m
[m[37m[  2.419321 0:2 axvm::arch::aarch64::fdt::core::parser:442] [32mCPU node: /cpus/cpu@3, node_id: 0x3, hardware_cpu_id: 0x3[m
[m[37m[  2.419508 0:2 axvm::arch::aarch64::fdt::core::parser:449] [32mFound 4 host CPU nodes[m
[m[37m[  2.419625 0:2 axvm::arch::aarch64::fdt::core:144] [32mVM[2] DTB not found, generating from the VM configuration[m
[m[37m[  2.426302 0:2 axvm::arch::aarch64::fdt::core::device:96] [32mFound excluded devices: ["/intc@8000000", "/pl011@9000000", "/timer", "/intc@8000000/its@8080000"][m
[m[37m[  2.430676 0:2 axvm::arch::aarch64::fdt::core::device:96] [32mFound excluded devices: ["/intc@8000000", "/pl011@9000000", "/timer", "/intc@8000000/its@8080000"][m
[m[37m[  2.431125 0:2 axvisor::config:258] [32mCreating VM[2] "rt-partition-zephyr"[m
[m[37m[  2.432136 0:2 axvm::vm:1039] [32mVM created: id=2[m
[m[37m[  2.979732 0:2 axvisor::config:270] [32mVM[2] created success, loading images...[m
[m[37m[  2.984164 0:2 axdevice::device:1232] [32mDeviceRuntime: registered device id=0[m
[m[37m[  2.984307 0:2 axdevice::device:1232] [32mDeviceRuntime: registered device id=1[m
[m[37m[  3.233362 0:2 axdevice::device:1232] [32mDeviceRuntime: registered device id=2[m
[m[37m[  3.234983 0:2 axdevice::device:1232] [32mDeviceRuntime: registered device id=3[m
[m[37m[  3.235933 0:2 axvm::vm::prepare:82] [32mVM setup: id=2[m
[m[37m[  3.238464 0:2 axvm::runtime:51] [32mInitializing VMM...[m
[m[37m[  3.240275 0:2 axvm::runtime:62] [32mVMM starting, booting VMs...[m
[m[37m[  3.240512 0:2 axvm::vm:1254] [32mStarting VM[1][m
[m[37m[  3.240756 0:2 axvm::runtime::vcpus:609] [32mSpawning task for VM[1] VCpu[0][m
[m[37m[  3.241195 0:2 axvm::runtime::vcpus:627] [32mVCpu task Task(17, "VM[1]-VCpu[0]") created cpumask: [2, ][m
[m[37m[  3.245572 0:2 axvm::runtime:70] [32mVM[1] boot success[m
[m[37m[  3.245677 0:2 axvm::vm:1254] [32mStarting VM[2][m
[m[37m[  3.245753 0:2 axvm::runtime::vcpus:609] [32mSpawning task for VM[2] VCpu[0][m
[m[37m[  3.245793 2:17 axvm::runtime::vcpus:681] [32mVM[1] VCpu[0] waiting for running[m
[m[37m[  3.245879 0:2 axvm::runtime::vcpus:627] [32mVCpu task Task(19, "VM[2]-VCpu[0]") created cpumask: [1, ][m
[m[37m[  3.246253 0:2 axvm::runtime:70] [32mVM[2] boot success[m
[m[37m[  3.246392 1:19 axvm::runtime::vcpus:681] [32mVM[2] VCpu[0] waiting for running[m
[m[37m[  3.246645 2:17 axvm::runtime::vcpus:719] [32mVM[1] VCpu[0] running...[m
[m[37m[  3.246699 1:19 axvm::runtime::vcpus:719] [32mVM[2] VCpu[0] running...[m
[m[37m[  3.248339 0:2 axvisor:100] [32m[OK] Default guest initialized[m
[m[VM 2] *** Booting Zephyr OS build v3.7.0 ***
[37m[  3.288543 2:17 axvm::runtime::hvc:258] [32mVM[1] PSCI_FEATURES function_id=0x80000000[m
[m[VM 2] PERIODIC LATENCY READY
[37m[  3.289377 2:17 axvm::runtime::hvc:258] [32mVM[1] PSCI_FEATURES function_id=0xc4000001[m
[m[37m[  3.289760 2:17 axvm::runtime::hvc:258] [32mVM[1] PSCI_FEATURES function_id=0xc400000e[m
[m[37m[  3.290045 2:17 axvm::runtime::hvc:258] [32mVM[1] PSCI_FEATURES function_id=0xc4000012[m
[m[37m[  3.290336 2:17 axvm::runtime::hvc:258] [32mVM[1] PSCI_FEATURES function_id=0xc4000015[m
[m[37m[  3.465169 2:17 axvm::runtime::hvc:272] [32mVM[1] PSCI_CPU_ON target=0x1 entry=0x8228158c context=0x0[m
[m[37m[  3.465932 2:17 axvm::runtime::vcpus:609] [32mSpawning task for VM[1] VCpu[1][m
[m[37m[  3.466148 2:17 axvm::runtime::vcpus:627] [32mVCpu task Task(22, "VM[1]-VCpu[1]") created cpumask: [3, ][m
[m[37m[  3.466888 3:22 axvm::runtime::vcpus:681] [32mVM[1] VCpu[1] waiting for running[m
[m[37m[  3.467370 3:22 axvm::runtime::vcpus:719] [32mVM[1] VCpu[1] running...[m
[m[VM 1] [    0.000000] Booting Linux on physical CPU 0x0000000000 [0x410fd083]
[VM 1] [    0.000000] Linux version 7.1.0-rc2-g74fe02ce122a (runner@s1lqc) (aarch64-linux-gnu-gcc (Ubuntu 13.3.0-6ubuntu2~24.04) 13.3.0, GNU ld (GNU Binutils for Ubuntu) 2.42) #2 SMP PREEMPT Mon Jun  8 08:07:46 UTC 2026
[VM 1] [    0.000000] KASLR disabled due to lack of seed
[VM 1] [    0.000000] Machine model: linux,dummy-virt
[VM 1] [    0.000000] efi: UEFI not found.
[VM 1] [    0.000000] OF: reserved mem: Reserved memory: No reserved-memory node in the DT
[VM 1] [    0.000000] NUMA: Faking a node at [mem 0x0000000080000000-0x00000000bfffffff]
[VM 1] [    0.000000] NODE_DATA(0) allocated [mem 0xbfe08940-0xbfe0b03f]
[VM 1] [    0.000000] cma: Reserved 32 MiB at 0x00000000bde00000
[VM 1] [    0.000000] psci: probing for conduit method from DT.
[VM 1] [    0.000000] psci: PSCIv1.1 detected in firmware.
[VM 1] [    0.000000] psci: Using standard PSCI v0.2 function IDs
[VM 1] [    0.000000] psci: Trusted OS migration not required
[VM 1] [    0.000000] psci: SMC Calling Convention v65535.65535
[VM 1] [    0.000000] Zone ranges:
[VM 1] [    0.000000]   DMA      [mem 0x0000000080000000-0x00000000bfffffff]
[VM 1] [    0.000000]   DMA32    empty
[VM 1] [    0.000000]   Normal   empty
[VM 1] [    0.000000] Movable zone start for each node
[VM 1] [    0.000000] Early memory node ranges
[VM 1] [    0.000000]   node   0: [mem 0x0000000080000000-0x00000000bfffffff]
[VM 1] [    0.000000] Initmem setup node 0 [mem 0x0000000080000000-0x00000000bfffffff]

[Axvisor] detached VM[1] console
Welcome to AxVisor Shell!
Type 'help' to see available commands
Use UP/DOWN arrows to navigate command history
Console shortcuts:
  Ctrl+X, then h  return to the Axvisor shell
  Ctrl+X, then [  attach the previous running guest
  Ctrl+X, then ]  attach the next running guest
Note: Running with limited features (filesystem support disabled).

[2Kaxvisor:$ [2Kaxvisor:$ v[2Kaxvisor:$ vm[2Kaxvisor:$ vm [2Kaxvisor:$ vm c[2Kaxvisor:$ vm co[2Kaxvisor:$ vm con[2Kaxvisor:$ vm cons[2Kaxvisor:$ vm conso[2Kaxvisor:$ vm consol[2Kaxvisor:$ vm console[2Kaxvisor:$ vm console [2Kaxvisor:$ vm console 2
✓ Attached VM[2] console; use Ctrl+X, then h to return to the shell
PERIODIC LATENCY START
PERIODIC LATENCY SETTLE delay_ms=45000
sequence,timestamp_ns,deadline_ns,actual_ns,jitter_ns
0,10599168,49174010896,49174610064,599168
1,20538560,49184010896,49184549456,538560
2,30565344,49194010896,49194576240,565344
3,40565072,49204010896,49204575968,565072
4,50580080,49214010896,49214590976,580080
5,60575648,49224010896,49224586544,575648
6,70605744,49234010896,49234616640,605744
7,80573792,49244010896,49244584688,573792
8,90607488,49254010896,49254618384,607488
9,100635216,49264010896,49264646112,635216
10,110621232,49274010896,49274632128,621232
11,120568736,49284010896,49284579632,568736
12,130560304,49294010896,49294571200,560304
13,140598912,49304010896,49304609808,598912
14,150588720,49314010896,49314599616,588720
15,160574624,49324010896,49324585520,574624
16,170584032,49334010896,49334594928,584032
17,180574688,49344010896,49344585584,574688
18,190592832,49354010896,49354603728,592832
19,200549584,49364010896,49364560480,549584
20,210586656,49374010896,49374597552,586656
21,220605328,49384010896,49384616224,605328
22,230587552,49394010896,49394598448,587552
23,240533696,49404010896,49404544592,533696
24,250714464,49414010896,49414725360,714464
25,260607760,49424010896,49424618656,607760
26,270638928,49434010896,49434649824,638928
27,280742192,49444010896,49444753088,742192
28,290597184,49454010896,49454608080,597184
29,300638448,49464010896,49464649344,638448
30,310591216,49474010896,49474602112,591216
31,320568688,49484010896,49484579584,568688
32,330591312,49494010896,49494602208,591312
33,340613408,49504010896,49504624304,613408
34,350579648,49514010896,49514590544,579648
35,360579808,49524010896,49524590704,579808
36,370602960,49534010896,49534613856,602960
37,380598608,49544010896,49544609504,598608
38,390614752,49554010896,49554625648,614752
39,400598224,49564010896,49564609120,598224
40,410626704,49574010896,49574637600,626704
41,420617296,49584010896,49584628192,617296
42,430616048,49594010896,49594626944,616048
43,440607840,49604010896,49604618736,607840
44,450616800,49614010896,49614627696,616800
45,460609904,49624010896,49624620800,609904
46,470607568,49634010896,49634618464,607568
47,480600416,49644010896,49644611312,600416
48,490608304,49654010896,49654619200,608304
49,500561840,49664010896,49664572736,561840
50,510608576,49674010896,49674619472,608576
51,520598912,49684010896,49684609808,598912
52,530614704,49694010896,49694625600,614704
53,540595504,49704010896,49704606400,595504
54,550613072,49714010896,49714623968,613072
55,560586768,49724010896,49724597664,586768
56,570607392,49734010896,49734618288,607392
57,580569728,49744010896,49744580624,569728
58,590612416,49754010896,49754623312,612416
59,600605312,49764010896,49764616208,605312
60,610610256,49774010896,49774621152,610256
61,620615552,49784010896,49784626448,615552
62,630602224,49794010896,49794613120,602224
63,640595040,49804010896,49804605936,595040
64,650594768,49814010896,49814605664,594768
65,660607584,49824010896,49824618480,607584
66,670591024,49834010896,49834601920,591024
67,680601680,49844010896,49844612576,601680
68,690605728,49854010896,49854616624,605728
69,700604592,49864010896,49864615488,604592
70,710708160,49874010896,49874719056,708160
71,720594080,49884010896,49884604976,594080
72,730610944,49894010896,49894621840,610944
73,740584272,49904010896,49904595168,584272
74,750600752,49914010896,49914611648,600752
75,760583280,49924010896,49924594176,583280
76,770594752,49934010896,49934605648,594752
77,780531440,49944010896,49944542336,531440
78,790614944,49954010896,49954625840,614944
79,800583440,49964010896,49964594336,583440
80,810597152,49974010896,49974608048,597152
81,820640016,49984010896,49984650912,640016
82,830606576,49994010896,49994617472,606576
83,840503504,50004010896,50004514400,503504
84,850593808,50014010896,50014604704,593808
85,860596160,50024010896,50024607056,596160
86,870594128,50034010896,50034605024,594128
87,880593648,50044010896,50044604544,593648
88,890655408,50054010896,50054666304,655408
89,900584576,50064010896,50064595472,584576
90,910588176,50074010896,50074599072,588176
91,920577200,50084010896,50084588096,577200
92,930596880,50094010896,50094607776,596880
93,940593184,50104010896,50104604080,593184
94,950600656,50114010896,50114611552,600656
95,960605280,50124010896,50124616176,605280
96,970631024,50134010896,50134641920,631024
97,980584512,50144010896,50144595408,584512
98,990610624,50154010896,50154621520,610624
99,1000603952,50164010896,50164614848,603952
100,1010680768,50174010896,50174691664,680768
101,1020580848,50184010896,50184591744,580848
102,1030610944,50194010896,50194621840,610944
103,1040514000,50204010896,50204524896,514000
104,1050582752,50214010896,50214593648,582752
105,1060594816,50224010896,50224605712,594816
106,1070595456,50234010896,50234606352,595456
107,1080607040,50244010896,50244617936,607040
108,1090602400,50254010896,50254613296,602400
109,1100613280,50264010896,50264624176,613280
110,1110632400,50274010896,50274643296,632400
111,1120618736,50284010896,50284629632,618736
112,1130630496,50294010896,50294641392,630496
113,1140628256,50304010896,50304639152,628256
114,1150614912,50314010896,50314625808,614912
115,1160514144,50324010896,50324525040,514144
116,1170605104,50334010896,50334616000,605104
117,1180589232,50344010896,50344600128,589232
118,1190581728,50354010896,50354592624,581728
119,1200646640,50364010896,50364657536,646640
120,1210611632,50374010896,50374622528,611632
121,1220608912,50384010896,50384619808,608912
122,1230583344,50394010896,50394594240,583344
123,1240575088,50404010896,50404585984,575088
124,1250477472,50414010896,50414488368,477472
125,1260600736,50424010896,50424611632,600736
126,1270753584,50434010896,50434764480,753584
127,1280624512,50444010896,50444635408,624512
128,1290607632,50454010896,50454618528,607632
129,1300618096,50464010896,50464628992,618096
130,1310579360,50474010896,50474590256,579360
131,1320599152,50484010896,50484610048,599152
132,1330613904,50494010896,50494624800,613904
133,1340609600,50504010896,50504620496,609600
134,1350649872,50514010896,50514660768,649872
135,1360582976,50524010896,50524593872,582976
136,1370572704,50534010896,50534583600,572704
137,1380513360,50544010896,50544524256,513360
138,1390601584,50554010896,50554612480,601584
139,1400556896,50564010896,50564567792,556896
140,1410577344,50574010896,50574588240,577344
141,1420563888,50584010896,50584574784,563888
142,1430576416,50594010896,50594587312,576416
143,1440582320,50604010896,50604593216,582320
144,1450562080,50614010896,50614572976,562080
145,1460556720,50624010896,50624567616,556720
146,1470598464,50634010896,50634609360,598464
147,1480560272,50644010896,50644571168,560272
148,1490584224,50654010896,50654595120,584224
149,1500566544,50664010896,50664577440,566544
150,1510572544,50674010896,50674583440,572544
151,1520571888,50684010896,50684582784,571888
152,1530510928,50694010896,50694521824,510928
153,1540563920,50704010896,50704574816,563920
154,1550574208,50714010896,50714585104,574208
155,1560548928,50724010896,50724559824,548928
156,1570583824,50734010896,50734594720,583824
157,1580574368,50744010896,50744585264,574368
158,1590605440,50754010896,50754616336,605440
159,1600558784,50764010896,50764569680,558784
160,1610579504,50774010896,50774590400,579504
161,1620569056,50784010896,50784579952,569056
162,1630549632,50794010896,50794560528,549632
163,1640567632,50804010896,50804578528,567632
164,1650529936,50814010896,50814540832,529936
165,1660577840,50824010896,50824588736,577840
166,1670578608,50834010896,50834589504,578608
167,1680594400,50844010896,50844605296,594400
168,1690573664,50854010896,50854584560,573664
169,1700551904,50864010896,50864562800,551904
170,1710548128,50874010896,50874559024,548128
171,1720577312,50884010896,50884588208,577312
172,1730866304,50894010896,50894877200,866304
173,1740753216,50904010896,50904764112,753216
174,1750598160,50914010896,50914609056,598160
175,1760617824,50924010896,50924628720,617824
176,1770570128,50934010896,50934581024,570128
177,1780577600,50944010896,50944588496,577600
178,1790600880,50954010896,50954611776,600880
179,1800613184,50964010896,50964624080,613184
180,1810600496,50974010896,50974611392,600496
181,1820616384,50984010896,50984627280,616384
182,1830591920,50994010896,50994602816,591920
183,1840722000,51004010896,51004732896,722000
184,1850599792,51014010896,51014610688,599792
185,1860590144,51024010896,51024601040,590144
186,1870705136,51034010896,51034716032,705136
187,1880625728,51044010896,51044636624,625728
188,1890761632,51054010896,51054772528,761632
189,1900582688,51064010896,51064593584,582688
190,1910688912,51074010896,51074699808,688912
191,1920575408,51084010896,51084586304,575408
192,1930532384,51094010896,51094543280,532384
193,1940617744,51104010896,51104628640,617744
194,1950570976,51114010896,51114581872,570976
195,1960608768,51124010896,51124619664,608768
196,1970725408,51134010896,51134736304,725408
197,1980503872,51144010896,51144514768,503872
198,1990604128,51154010896,51154615024,604128
199,2000598656,51164010896,51164609552,598656
200,2010648448,51174010896,51174659344,648448
201,2020598448,51184010896,51184609344,598448
202,2030550912,51194010896,51194561808,550912
203,2040591376,51204010896,51204602272,591376
204,2050598928,51214010896,51214609824,598928
205,2060580592,51224010896,51224591488,580592
206,2070532288,51234010896,51234543184,532288
207,2080577488,51244010896,51244588384,577488
208,2090635280,51254010896,51254646176,635280
209,2100619024,51264010896,51264629920,619024
210,2110523360,51274010896,51274534256,523360
211,2120585248,51284010896,51284596144,585248
212,2130625392,51294010896,51294636288,625392
213,2140579712,51304010896,51304590608,579712
214,2150579824,51314010896,51314590720,579824
215,2160572080,51324010896,51324582976,572080
216,2170741040,51334010896,51334751936,741040
217,2180633696,51344010896,51344644592,633696
218,2190626000,51354010896,51354636896,626000
219,2200625744,51364010896,51364636640,625744
220,2210606528,51374010896,51374617424,606528
221,2220572336,51384010896,51384583232,572336
222,2230590256,51394010896,51394601152,590256
223,2240613184,51404010896,51404624080,613184
224,2250591296,51414010896,51414602192,591296
225,2260529440,51424010896,51424540336,529440
226,2270593504,51434010896,51434604400,593504
227,2280598416,51444010896,51444609312,598416
228,2290634208,51454010896,51454645104,634208
229,2300577888,51464010896,51464588784,577888
230,2310622176,51474010896,51474633072,622176
231,2320574800,51484010896,51484585696,574800
232,2330646528,51494010896,51494657424,646528
233,2340556192,51504010896,51504567088,556192
234,2350568880,51514010896,51514579776,568880
235,2360578480,51524010896,51524589376,578480
236,2370600320,51534010896,51534611216,600320
237,2380558432,51544010896,51544569328,558432
238,2390600832,51554010896,51554611728,600832
239,2400591440,51564010896,51564602336,591440
240,2410558560,51574010896,51574569456,558560
241,2420676976,51584010896,51584687872,676976
242,2430780928,51594010896,51594791824,780928
243,2440589488,51604010896,51604600384,589488
244,2450611376,51614010896,51614622272,611376
245,2460603216,51624010896,51624614112,603216
246,2470640816,51634010896,51634651712,640816
247,2480556320,51644010896,51644567216,556320
248,2490579744,51654010896,51654590640,579744
249,2500750304,51664010896,51664761200,750304
250,2510590560,51674010896,51674601456,590560
251,2520586496,51684010896,51684597392,586496
252,2530555008,51694010896,51694565904,555008
253,2540580112,51704010896,51704591008,580112
254,2550569872,51714010896,51714580768,569872
255,2560568976,51724010896,51724579872,568976
256,2570610048,51734010896,51734620944,610048
257,2580583952,51744010896,51744594848,583952
258,2590586240,51754010896,51754597136,586240
259,2600572480,51764010896,51764583376,572480
260,2610620896,51774010896,51774631792,620896
261,2620587760,51784010896,51784598656,587760
262,2630734576,51794010896,51794745472,734576
263,2640578960,51804010896,51804589856,578960
264,2650640416,51814010896,51814651312,640416
265,2660758080,51824010896,51824768976,758080
266,2670591440,51834010896,51834602336,591440
267,2680582096,51844010896,51844592992,582096
268,2690774320,51854010896,51854785216,774320
269,2700582160,51864010896,51864593056,582160
270,2710607040,51874010896,51874617936,607040
271,2720605904,51884010896,51884616800,605904
272,2730616960,51894010896,51894627856,616960
273,2740641888,51904010896,51904652784,641888
274,2750586544,51914010896,51914597440,586544
275,2760609584,51924010896,51924620480,609584
276,2770583360,51934010896,51934594256,583360
277,2780575504,51944010896,51944586400,575504
278,2790601776,51954010896,51954612672,601776
279,2800600208,51964010896,51964611104,600208
280,2810584384,51974010896,51974595280,584384
281,2820806096,51984010896,51984816992,806096
282,2830620064,51994010896,51994630960,620064
283,2840594368,52004010896,52004605264,594368
284,2850604960,52014010896,52014615856,604960
285,2860594080,52024010896,52024604976,594080
286,2870772656,52034010896,52034783552,772656
287,2880709184,52044010896,52044720080,709184
288,2890620272,52054010896,52054631168,620272
289,2900499040,52064010896,52064509936,499040
290,2910579104,52074010896,52074590000,579104
291,2920604272,52084010896,52084615168,604272
292,2930512016,52094010896,52094522912,512016
293,2940590352,52104010896,52104601248,590352
294,2950636736,52114010896,52114647632,636736
295,2960579440,52124010896,52124590336,579440
296,2970502448,52134010896,52134513344,502448
297,2980588320,52144010896,52144599216,588320
298,2990606080,52154010896,52154616976,606080
299,3000577616,52164010896,52164588512,577616
PERIODIC LATENCY COMPLETE samples=300
