root=/dev/nvme0n1 rw init=/init
VM Load @PA:0x40200000
VM Load Offset: 0xffff0000c0200000
Memory Map:
  Free   0x00000040000000 - 0x00000040200000 (2 MiB)
  KImg   0x00000040200000 - 0x00000041600000 (20 MiB)
  Free   0x00000041600000 - 0x00000240000000 (7.98 GiB)
Initialize RAM allocator: 0x41600000..0x240000000
Reserving CPU-local areas
CPU-local area stride: 0x44000 bytes
Total CPU-local allocation: 0x88000 bytes (2 CPUs)
Flushed RAM used range to memory map: 0x41600000..0x41700000, current: 0x41700000
Flushed RAM used range to memory map: 0x41700000..0x41788000, current: 0x41788000
CPU-local areas allocated at 0x41700000 - 0x41788000
EL: 2
Mapping early memory regions...
Ram                 : [0x0000000040000000, 0x0000000240000000) -> [0x0000000040000000, 0x0000000240000000) (8 GiB)
KImage              : [0x0000ffff80000000, 0x0000ffff81400000) -> [0x0000000040200000, 0x0000000041600000) (20 MiB)
PerCpu              : [0x0000ff0041700000, 0x0000ff0041788000) -> [0x0000000041700000, 0x0000000041788000) (544 KiB)
Debug serial        : [0x0000000009000000, 0x0000000009001000) -> [0x0000000009000000, 0x0000000009001000) (4 KiB)
Boot page table at physical address: PA:0x41788000
Setting up table registers...
MMU Entry point at physical address: 0x4047a1cc
Trap vector at 0xffff8027e000
Memory Map:
  MMIO   0x00000009000000 - 0x00000009001000 (4 KiB)
  Free   0x00000040000000 - 0x00000040200000 (2 MiB)
  KImg   0x00000040200000 - 0x00000041600000 (20 MiB)
  Rsv    0x00000041600000 - 0x00000041700000 (1 MiB)
  PerCPU 0x00000041700000 - 0x00000041788000 (544 KiB)
  Rsv    0x00000041788000 - 0x00000041791000 (36 KiB)
  Free   0x00000041791000 - 0x00000240000000 (7.98 GiB)
Jumping to main entry point at 0xffff80261f20 with SP 0x0000ff0041744000

       d8888                            .d88888b.   .d8888b.
      d88888                           d88P" "Y88b d88P  Y88b
     d88P888                           888     888 Y88b.
    d88P 888 888d888  .d8888b  .d88b.  888     888  "Y888b.
   d88P  888 888P"   d88P"    d8P  Y8b 888     888     "Y88b.
  d88P   888 888     888      88888888 888     888       "888
 d8888888888 888     Y88b.    Y8b.     Y88b. .d88P Y88b  d88P
d88P     888 888      "Y8888P  "Y8888   "Y88888P"   "Y8888P"

arch = aarch64
platform = linux,dummy-virt
target = aarch64-unknown-none-softfloat
build_mode = 
log_level = info
backtrace = false
smp = 2

[37m[  0.056035 ax_runtime:220] [32mLogging is enabled.[m
[m[37m[  0.056433 ax_runtime:221] [32mPrimary CPU 0 started, arg = 0x41600000.[m
[m[37m[  0.056552 ax_runtime:223] [32mFound physcial memory regions:[m
[m[37m[  0.057608 ax_runtime:225] [32m  [PA:0x9000000, PA:0x9001000) mmio (READ | WRITE | DEVICE | RESERVED)[m
[m[37m[  0.057866 ax_runtime:225] [32m  [PA:0x40000000, PA:0x40200000) free memory (READ | WRITE | FREE)[m
[m[37m[  0.058056 ax_runtime:225] [32m  [PA:0x40200000, PA:0x41600000) reserved (READ | WRITE | EXECUTE | RESERVED)[m
[m[37m[  0.058204 ax_runtime:225] [32m  [PA:0x41600000, PA:0x41700000) reserved (READ | WRITE | EXECUTE | RESERVED)[m
[m[37m[  0.058351 ax_runtime:225] [32m  [PA:0x41700000, PA:0x41788000) reserved (READ | WRITE | EXECUTE | RESERVED)[m
[m[37m[  0.058496 ax_runtime:225] [32m  [PA:0x41788000, PA:0x41791000) reserved (READ | WRITE | EXECUTE | RESERVED)[m
[m[37m[  0.058654 ax_runtime:225] [32m  [PA:0x41791000, PA:0x240000000) free memory (READ | WRITE | FREE)[m
[m[37m[  0.058810 ax_runtime:375] [32mInitialize global memory allocator...[m
[m[37m[  0.058934 ax_runtime:376] [32m  use buddy-slab-allocator allocator.[m
[m[37m[  0.059153 ax_alloc::buddy_slab:158] [32mInitialize global memory allocator, start_vaddr: 0x41791000, size: 0x1fe86f000[m
[m[37m[  0.067741 ax_alloc::buddy_slab:424] [32mglobal allocator initialized[m
[m[37m[  0.067986 ax_alloc::buddy_slab:168] [32mAdd memory region, start_vaddr: 0x40000000, size: 0x200000[m
[m[37m[  0.068181 buddy_slab_allocator::global:151] [32mGlobalAllocator: skip region 0x40000000+0x200000, no allocator-visible memory after 2097152 alignment[m
[m[37m[  0.068572 ax_runtime:260] [32mkernel aspace: [VA:0x0, VA:0xffffffffffffffff)[m
[m[37m[  0.068719 ax_mm:103] [32mInitialize virtual memory management...[m
[m[37m[  0.773208 ax_runtime:272] [32mInitialize platform devices...[m
[m[37m[  0.779543 someboot::arch::power:23] [32mPower management method : SMC[m
[m[37m[  0.779742 somehal::driver:5] [32mInitializing rdrive with FDT at 0x41600000[m
[m[37m[  0.792560 somehal::arch::gic::v3:274] [32mGICv3 CPU 0 EOI mode: two_step=true[m
[m[37m[  0.884524 ax_task::api:193] [32mInitialize scheduling...[m
[m[37m[  0.886016 ax_task::api:201] [32m  use Round-robin scheduler.[m
[m[37m[  0.886466 ax_runtime:300] [32mInitialize interrupt handlers...[m
[m[37m[  0.888853 ax_runtime::devices:2] [32mProbe platform devices...[m
[m[37m[  0.918237 ax_driver::block::nvme:42] [32mNVMe PCI endpoint 0000:00:02.0: BAR0=0x8000004000..0x8000008000, int_pin=1, int_line=0[m
[m[37m[  0.919458 ax_driver::block::nvme:78] [32mNVMe PCI endpoint 0000:00:02.0 MSI-X unavailable (NVMe MSI-X needs admin and I/O vectors); using legacy INTx[m
[m[37m[  0.920788 nvme_driver::nvme:161] [32mNVME @0x8000004000 deferred init, version: 1.4.0[m
[m[37m[  0.923477 ax_driver::block::nvme:105] [32mNVMe block device registered at 0000:00:02.0 with irq=None[m
[m[37m[  0.930012 ax_fs_ng::block::runtime::lifecycle::device:300] [32mblock device nvme IRQ source 0 (IrqId { domain: IrqDomainId(7), hwirq: HwIrq(37) }) fixed to CPU 0 for queue mask 0x0[m
[m[37m[  0.937485 ax_fs_ng::block::runtime::hctx:177] [32mblock hctx 0 bound to CPU 0 with hardware depth 63[m
[m[37m[  0.938031 ax_fs_ng::block::runtime::lifecycle::device:300] [32mblock device nvme IRQ source 0 (IrqId { domain: IrqDomainId(7), hwirq: HwIrq(37) }) fixed to CPU 0 for queue mask 0x1[m
[m[37m[  0.945582 ax_fs_ng::root:341] [32m    raw device fs=Some(Ext4)[m
[m[37m[  0.945835 ax_fs_ng::root:372] [32m  block device 0 (nvme) has no usable partition table; treating the whole disk as a candidate[m
[m[37m[  0.946302 ax_fs_ng::root:481] [32m  matched root by raw device path on disk0 raw device[m
[m[37m[  0.946801 ax_fs_ng:86] [32mInitialize filesystem subsystem...[m
[m[37m[  0.946920 ax_fs_ng:87] [32m  selected root device: disk0 raw device[m
[m[37m[  0.972840 rsext4::ext4::mount:331] [32m/lost+found exists (superblock hint inode=11)[m
[m[37m[  0.974552 rsext4::ext4::mount:466] [32mExt4 filesystem mounted[m
[m[37m[  0.974690 rsext4::ext4::mount:467] [32m  - block size: 4096 bytes[m
[m[37m[  0.974815 rsext4::ext4::mount:468] [32m  - total blocks: 524288[m
[m[37m[  0.974927 rsext4::ext4::mount:469] [32m  - free blocks: 96969[m
[m[37m[  0.975035 rsext4::ext4::mount:470] [32m  - total inodes: 131072[m
[m[37m[  0.975146 rsext4::ext4::mount:471] [32m  - free inodes: 125217[m
[m[37m[  0.975274 rsext4::ext4::sync:13] [32mSyncing filesystem...[m
[m[37m[  0.986714 rsext4::ext4::mount:550] [32mExt4 filesystem mounted[m
[m[37m[  0.987308 ax_fs_ng:99] [32m  filesystem type: "ext4"[m
[m[37m[  0.991534 somehal::arch::gic::v3:274] [32mGICv3 CPU 1 EOI mode: two_step=true[m
[m[37m[  0.991891 ax_runtime::mp:79] [32mSecondary CPU 1 started.[m
[m[37m[  0.991922 ax_runtime:348] [32mPrimary CPU 0 init OK.[m
[m[37m[  0.992674 ax_runtime::mp:110] [32mSecondary CPU 1 init OK.[m
[m[37m[  0.993269 0:2 ax_fs_ng::block::runtime::lifecycle::device:369] [32mblock device nvme online with 1 hctxs across 2 CPUs[m
[m

       d8888            888     888  d8b
      d88888            888     888  Y8P
     d88P888            888     888
    d88P 888  888  888  Y88b   d88P  888  .d8888b    .d88b.   888d888
   d88P  888  `Y8bd8P'   Y88b d88P   888  88K       d88""88b  888P"
  d88P   888    X88K      Y88o88P    888  "Y8888b.  888  888  888
 d8888888888  .d8""8b.     Y888P     888       X88  Y88..88P  888
d88P     888  888  888      Y8P      888   88888P'   "Y88P"   888


by AxVisor Team

[37m[  0.996105 0:2 axvisor:96] [32mStarting virtualization...[m
[m[37m[  0.996263 0:2 axvm::host::arceos:335] [32mEnabling hardware virtualization support on all cores...[m
[m[37m[  0.996458 0:2 axvm::host::arceos:341] [32mCore 0 is initializing hardware virtualization support...[m
[m[37m[  0.996635 0:2 axvm::timer:508] [32mInitializing AxVM timer wheel...[m
[m[37m[  1.003646 0:2 axvm::host::arceos:343] [32mHardware virtualization support enabled on core 0[m
[m[37m[  1.004430 0:2 axvm::host::arceos:370] [32mWaiting for all cores to enable hardware virtualization...[m
[m[37m[  1.004982 1:9 axvm::host::arceos:353] [32mCore 1 is initializing hardware virtualization support...[m
[m[37m[  1.005172 1:9 axvm::timer:508] [32mInitializing AxVM timer wheel...[m
[m[37m[  1.005447 1:9 axvm::host::arceos:357] [32mHardware virtualization support enabled on core 1 (2/2)[m
[m[37m[  1.005456 0:2 axvm::host::arceos:381] [32mAll cores have enabled hardware virtualization support.[m
[m[37m[  1.011080 0:2 axvisor::manager:145] [32mNOT find dir: /guest/vm_default in filesystem[m
[m[37m[  1.011372 0:2 axvisor::config:91] [32mUsing static VM configs.[m
[m[37m[  1.029228 0:2 axvm::arch::aarch64::fdt::core:79] [32mVM[1] virtual GIC follows host firmware resources: GuestGicProfile { compatible: "arm,gic-v3", node_path: "/intc@8000000", node_phandle: Some(32771), distributor: GuestMmioRegion { base: 134217728, length: 65536 }, cpu_region: Redistributors(GuestGicRedistributorProfile { regions: [GuestMmioRegion { base: 134873088, length: 16121856 }], stride: 131072 }), its: [GuestItsProfile { id: ItsId(0), node_path: "/intc@8000000/its@8080000", node_phandle: Some(32772), registers: GuestMmioRegion { base: 134742016, length: 131072 } }] }[m
[m[37m[  1.031728 0:2 axvm::arch::aarch64::fdt::core:93] [32mVM[1] architectural timer follows host firmware PPIs[m
[m[37m[  1.037587 0:2 axvm::arch::aarch64::fdt::core::parser:548] [32mCPU node: /cpus/cpu@0, node_id: 0x0, hardware_cpu_id: 0x0[m
[m[37m[  1.037811 0:2 axvm::arch::aarch64::fdt::core::parser:548] [32mCPU node: /cpus/cpu@1, node_id: 0x1, hardware_cpu_id: 0x1[m
[m[37m[  1.038109 0:2 axvm::arch::aarch64::fdt::core::parser:555] [32mFound 2 host CPU nodes[m
[m[37m[  1.038619 0:2 axvm::arch::aarch64::fdt::core:144] [32mVM[1] DTB not found, generating from the VM configuration[m
[m[37m[  1.053746 0:2 axvm::arch::aarch64::fdt::core::device:96] [32mFound excluded devices: ["/intc@8000000", "/pl011@9000000", "/timer", "/intc@8000000/its@8080000"][m
[m[37m[  1.055013 0:2 axvm::arch::aarch64::fdt::core::parser:57] [32mVM[1] generated-FDT passthrough paths: ["/pcie@10000000"][m
[m[37m[  1.056104 0:2 axvm::arch::aarch64::fdt::core::parser:85] [32mVM[1] host-FDT PCI node path=/pcie@10000000 name=pcie@10000000 compatible=["pci-host-ecam-generic"] reg=[(275146342400, Some(268435456))] properties=[("compatible", 22), ("reg", 16), ("ranges", 84), ("interrupt-map", 640), ("interrupt-map-mask", 16), ("msi-map", 16), ("bus-range", 8)][m
[m[37m[  1.064943 0:2 axvm::arch::aarch64::fdt::core::parser:98] [32mVM[1] generated guest-FDT bytes=2172[m
[m[37m[  1.065837 0:2 axvm::arch::aarch64::fdt::core::parser:109] [32mVM[1] generated guest-FDT PCI paths: ["/pcie@10000000"][m
[m[37m[  1.066366 0:2 axvm::arch::aarch64::fdt::core::parser:143] [32mVM[1] guest-FDT PCI property-count=7 property-names=["ranges", "interrupt-map", "interrupt-map-mask", "msi-map", "bus-range", "#address-cells", "#size-cells"][m
[m[37m[  1.066680 0:2 axvm::arch::aarch64::fdt::core::parser:149] [32mVM[1] generated guest-FDT PCI node path=/pcie@10000000 name=pcie@10000000 compatible=["pci-host-ecam-generic"] reg=[(275146342400, Some(268435456))] properties=[("ranges", 84), ("interrupt-map", 640), ("interrupt-map-mask", 16), ("msi-map", 16), ("bus-range", 8), ("#address-cells", 4), ("#size-cells", 4)][m
[m[37m[  1.072818 0:2 axvm::arch::aarch64::fdt::core::device:96] [32mFound excluded devices: ["/intc@8000000", "/pl011@9000000", "/timer", "/intc@8000000/its@8080000"][m
[m[37m[  1.074880 0:2 axvm::arch::aarch64::fdt::core::device:96] [32mFound excluded devices: ["/intc@8000000", "/pl011@9000000", "/timer", "/intc@8000000/its@8080000"][m
[m[37m[  1.075210 0:2 axvm::arch::aarch64::fdt::core::parser:705] [32mpassthrough address discovery selected paths: {"/pcie@10000000"}[m
[m[37m[  1.076175 0:2 axvm::arch::aarch64::fdt::core::parser:761] [32mpassthrough address discovery resolved assignments: [HostDeviceAssignment { name: "pcie@10000000-io", base_gpa: 1056899072, base_hpa: 1056899072, length: 65536 }, HostDeviceAssignment { name: "pcie@10000000-mem32-region1", base_gpa: 268435456, base_hpa: 268435456, length: 788463616 }, HostDeviceAssignment { name: "pcie@10000000-mem64-region2", base_gpa: 549755813888, base_hpa: 549755813888, length: 549755813888 }, HostDeviceAssignment { name: "pcie@10000000-ecam", base_gpa: 275146342400, base_hpa: 275146342400, length: 268435456 }][m
[m[37m[  1.077628 0:2 axvisor::config:258] [32mCreating VM[1] "task1-starry-shared"[m
[m[37m[  1.098435 0:2 axvm::vm:1133] [32mVM created: id=1[m
[m[37m[  1.616838 0:2 axvisor::config:270] [32mVM[1] created success, loading images...[m
[m[37m[  1.654226 0:2 axvm::arch::aarch64::capabilities:133] [32mVM[1] runtime-FDT PCI properties=[("compatible", 22), ("reg", 16), ("ranges", 84), ("interrupt-map", 640), ("interrupt-map-mask", 16), ("msi-map", 16), ("bus-range", 8)] bytes=3036[m
[m[37m[  1.660246 0:2 axdevice::device:1232] [32mDeviceRuntime: registered device id=0[m
[m[37m[  1.660649 0:2 axdevice::device:1232] [32mDeviceRuntime: registered device id=1[m
[m[37m[  1.660850 0:2 axdevice::device:1232] [32mDeviceRuntime: registered device id=2[m
[m[37m[  1.662707 0:2 axdevice::device:1232] [32mDeviceRuntime: registered device id=3[m
[m[37m[  1.664613 0:2 axdevice::device:1232] [32mDeviceRuntime: registered device id=4[m
[m[37m[  1.667435 0:2 axvm::vm::prepare::address_space:87] [32mVM[1] stage2 passthrough: GPA 0x0..0x8000000 -> HPA 0x0..0x8000000[m
[m[37m[  1.667886 0:2 axvm::vm::prepare::address_space:87] [32mVM[1] stage2 passthrough: GPA 0x8010000..0x8080000 -> HPA 0x8010000..0x8080000[m
[m[37m[  1.668268 0:2 axvm::vm::prepare::address_space:87] [32mVM[1] stage2 passthrough: GPA 0x9001000..0xa000000 -> HPA 0x9001000..0xa000000[m
[m[37m[  1.668632 0:2 axvm::vm::prepare::address_space:87] [32mVM[1] stage2 passthrough: GPA 0xa001000..0x203000000 -> HPA 0xa001000..0x203000000[m
[m[37m[  1.669112 0:2 axvm::vm::prepare::address_space:87] [32mVM[1] stage2 passthrough: GPA 0x223000000..0x7ffffffff000 -> HPA 0x223000000..0x7ffffffff000[m
[m[37m[  1.691550 0:2 axvm::vm::prepare:82] [32mVM setup: id=1[m
[m[37m[  1.695071 0:2 axvm::arch::aarch64::fdt::core:79] [32mVM[2] virtual GIC follows host firmware resources: GuestGicProfile { compatible: "arm,gic-v3", node_path: "/intc@8000000", node_phandle: Some(32771), distributor: GuestMmioRegion { base: 134217728, length: 65536 }, cpu_region: Redistributors(GuestGicRedistributorProfile { regions: [GuestMmioRegion { base: 134873088, length: 16121856 }], stride: 131072 }), its: [GuestItsProfile { id: ItsId(0), node_path: "/intc@8000000/its@8080000", node_phandle: Some(32772), registers: GuestMmioRegion { base: 134742016, length: 131072 } }] }[m
[m[37m[  1.695960 0:2 axvm::arch::aarch64::fdt::core:93] [32mVM[2] architectural timer follows host firmware PPIs[m
[m[37m[  1.701175 0:2 axvm::arch::aarch64::fdt::core::parser:548] [32mCPU node: /cpus/cpu@0, node_id: 0x0, hardware_cpu_id: 0x0[m
[m[37m[  1.701380 0:2 axvm::arch::aarch64::fdt::core::parser:548] [32mCPU node: /cpus/cpu@1, node_id: 0x1, hardware_cpu_id: 0x1[m
[m[37m[  1.701612 0:2 axvm::arch::aarch64::fdt::core::parser:555] [32mFound 2 host CPU nodes[m
[m[37m[  1.701741 0:2 axvm::arch::aarch64::fdt::core:144] [32mVM[2] DTB not found, generating from the VM configuration[m
[m[37m[  1.712748 0:2 axvm::arch::aarch64::fdt::core::device:96] [32mFound excluded devices: ["/intc@8000000", "/pl011@9000000", "/timer", "/intc@8000000/its@8080000"][m
[m[37m[  1.713354 0:2 axvm::arch::aarch64::fdt::core::parser:57] [32mVM[2] generated-FDT passthrough paths: [][m
[m[37m[  1.714120 0:2 axvm::arch::aarch64::fdt::core::parser:85] [32mVM[2] host-FDT PCI node path=/pcie@10000000 name=pcie@10000000 compatible=["pci-host-ecam-generic"] reg=[(275146342400, Some(268435456))] properties=[("compatible", 22), ("reg", 16), ("ranges", 84), ("interrupt-map", 640), ("interrupt-map-mask", 16), ("msi-map", 16), ("bus-range", 8)][m
[m[37m[  1.717470 0:2 axvm::arch::aarch64::fdt::core::parser:98] [32mVM[2] generated guest-FDT bytes=1100[m
[m[37m[  1.718089 0:2 axvm::arch::aarch64::fdt::core::parser:109] [32mVM[2] generated guest-FDT PCI paths: [][m
[m[37m[  1.722905 0:2 axvm::arch::aarch64::fdt::core::device:96] [32mFound excluded devices: ["/intc@8000000", "/pl011@9000000", "/timer", "/intc@8000000/its@8080000"][m
[m[37m[  1.723668 0:2 axvisor::config:258] [32mCreating VM[2] "task1-rtthread-periodic-shared"[m
[m[37m[  1.725140 0:2 axvm::vm:1133] [32mVM created: id=2[m
[m[37m[  2.320267 0:2 axvisor::config:270] [32mVM[2] created success, loading images...[m
[m[37m[  2.328605 0:2 axdevice::device:1232] [32mDeviceRuntime: registered device id=0[m
[m[37m[  2.328745 0:2 axdevice::device:1232] [32mDeviceRuntime: registered device id=1[m
[m[37m[  2.526330 0:2 axdevice::device:1232] [32mDeviceRuntime: registered device id=2[m
[m[37m[  2.527731 0:2 axdevice::device:1232] [32mDeviceRuntime: registered device id=3[m
[m[37m[  2.529109 0:2 axvm::vm::prepare:82] [32mVM setup: id=2[m
[m[37m[  2.531952 0:2 axvm::runtime:73] [32mInitializing VMM...[m
[m[37m[  2.532607 0:2 rsext4::ext4::sync:13] [32mSyncing filesystem...[m
[m[37m[  2.542633 0:2 rsext4::ext4::sync:43] [32mFilesystem unmounted cleanly[m
[m[37m[  2.548288 0:2 axvm::host::arceos:199] [32mReleased 2 host filesystem block IRQ registration(s) during shutdown[m
[m[37m[  2.548538 0:2 axvisor::manager:119] [32mHost filesystem cleanly unmounted before guest passthrough devices start[m
[m[37m[  2.549390 0:2 axvm::runtime:84] [32mVMM starting, booting VMs...[m
[m[37m[  2.549647 0:2 axvm::vm:1365] [32mStarting VM[1][m
[m[37m[  2.549871 0:2 axvm::runtime::vcpus:1060] [32mSpawning task for VM[1] VCpu[0][m
[m[37m[  2.550417 0:2 axvm::runtime::vcpus:1079] [32mVCpu task Task(11, "VM[1]-VCpu[0]") created priority=89 cpumask: [1, ][m
[m[37m[  2.553252 0:2 axvm::arch::aarch64::gic::physical:61] [32mregistered assigned AArch64 SPI route host_intid=37 guest_intid=37[m
[m[37m[  2.554720 0:2 axvm::runtime:92] [32mVM[1] boot success[m
[m[37m[  2.554775 1:11 axvm::runtime::vcpus:1134] [32mVM[1] VCpu[0] waiting for running[m
[m[37m[  2.554828 0:2 axvm::vm:1365] [32mStarting VM[2][m
[m[37m[  2.555037 0:2 axvm::runtime::vcpus:1060] [32mSpawning task for VM[2] VCpu[0][m
[m[37m[  2.555209 0:2 axvm::runtime::vcpus:1079] [32mVCpu task Task(13, "VM[2]-VCpu[0]") created priority=90 cpumask: [1, ][m
[m[37m[  2.555282 1:11 axvm::runtime::vcpus:1172] [32mVM[1] VCpu[0] running...[m
[m[37m[  2.555514 0:2 axvm::runtime:92] [32mVM[2] boot success[m
[m[37m[  2.555590 1:13 axvm::runtime::vcpus:1134] [32mVM[2] VCpu[0] waiting for running[m
[m[37m[  2.555725 1:13 axvm::runtime::vcpus:1172] [32mVM[2] VCpu[0] running...[m
[m[37m[  2.557504 0:2 axvisor:115] [32m[OK] Default guest initialized[m
[m[VM 1] VM Load @PA:0x203000000
[VM 1] VM Load Offset: 0x283000000
[VM 1] Memory Map:
[VM 1]   KImg   0x00000203000000 - 0x00000203e00000 (14 MiB)
[VM 1]   Free   0x00000203e00000 - 0x00000223000000 (498 MiB)
[VM 1] Initialize RAM allocator: 0x203e00000..0x223000000
[VM 1] Reserving CPU-local areas
[VM 1] CPU-local area stride: 0x41000 bytes
[VM 1] Total CPU-local allocation: 0x41000 bytes (1 CPUs)
[VM 1] Flushed RAM used range to memory map: 0x203e00000..0x203e01000, current: 0x203e01000
[VM 1] Flushed RAM used range to memory map: 0x203e01000..0x203e42000, current: 0x203e42000
[VM 1] CPU-local areas allocated at 0x203e01000 - 0x203e42000
[VM 1] EL: 1
[VM 1] Mapping early memory regions...
[VM 1] Ram                 : [0xffff000203000000, 0xffff000223000000) -> [0x0000000203000000, 0x0000000223000000) (512 MiB)
[VM 1] KImage              : [0xffffffff80000000, 0xffffffff80e00000) -> [0x0000000203000000, 0x0000000203e00000) (14 MiB)
[VM 1] PerCpu              : [0xffffff0203e01000, 0xffffff0203e42000) -> [0x0000000203e01000, 0x0000000203e42000) (260 KiB)
[VM 2] [32m[I/rtdm.ofw] Booting RT-Thread on physical CPU 0x0[0m
[VM 2] [32m[I/rtdm.ofw] Machine model: linux,dummy-virt[0m
[VM 2] [32m[I/rtdm.ofw] Memory node(0) ranges: 0x00000000a0000000 - 0x00000000c0000000[0m
[VM 1] Debug serial        : [0xffff000009000000, 0xffff000009001000) -> [0x0000000009000000, 0x0000000009001000) (4 KiB)
[VM 1] Boot page table at physical address: PA:0x203e42000
[VM 1] Setting up table registers...
[VM 2] [32m[I/dma.pool] coherent-pool: Reserved 2.0 MiB at 0x00000000bf600000[0m
[VM 1] MMU Entry point at physical address: 0x2033a71bc
[VM 2] [32m[I/dma.pool] cma: Reserved 6.0 MiB at 0x00000000bf800000[0m
[VM 2] [32m[I/mm.memblock] System memory:[0m
[VM 1] Trap vector at 0xffffffff803a5000
[VM 1] Memory Map:
[VM 1]   MMIO   0x00000009000000 - 0x00000009001000 (4 KiB)
[VM 1]   KImg   0x00000203000000 - 0x00000203e00000 (14 MiB)
[VM 1]   Rsv    0x00000203e00000 - 0x00000203e01000 (4 KiB)
[VM 2] [32m[I/mm.memblock]   memory@a0000000          [0x00000000a0000000, 0x00000000c0000000][0m
[VM 2] [32m[I/mm.memblock] Reserved memory:[0m
[VM 2] [32m[I/mm.memblock]   kernel                   [0x00000000a0080000, 0x00000000a01e3000][0m
[VM 2] [32m[I/mm.memblock]   memheap                  [0x00000000a01e3000, 0x00000000a41e3000][0m
[VM 2] [32m[I/mm.memblock]   init-page                [0x00000000a41e3000, 0x00000000a43e3000][0m
[VM 2] [32m[I/mm.memblock]   fdt                      [0x00000000a43e3000, 0x00000000a43e4000][0m
[VM 2] [32m[I/mm.memblock]   dma-pool                 [0x00000000bf600000, 0x00000000c0000000][0m
[VM 2] [32m[I/mm.memblock] physical memory region [0x00000000a0000000-0x00000000a0080000] installed to system page[0m
[VM 2] [33m[W/mm.aspace] _mm_aspace_map_phy: not in range[0m
[VM 2] [32m[I/mm.memblock] physical memory region [0x00000000a43e4000-0x00000000bf600000] installed to system page[0m
[VM 2] [32m[I/mm.memblock] 455 MB memory installed to system page[0m
[VM 2] [32m[I/osi.psci] Using PSCI v1.1 Function IDs[0m
[VM 2] [32m[I/rtdm.ofw] Console: uart0 (pl011@9000000)[0m
[VM 2] 
[VM 2]  \ | /
[VM 2] - RT -     Thread Operating System
[VM 2]  / | \     5.3.0 build Aug 22 2026 19:06:30
[VM 2]  2006 - 2024 Copyright by RT-Thread team
[VM 1]   PerCPU 0x00000203e01000 - 0x00000203e42000 (260 KiB)
[VM 1]   Rsv    0x00000203e42000 - 0x00000203e4c000 (40 KiB)
[VM 1]   Free   0x00000203e4c000 - 0x00000223000000 (497.7 MiB)
[VM 1] Jumping to main entry point at 0xffffffff8038a0b8 with SP 0xffffff0203e42000
[VM 1] 
[VM 1]        d8888                            .d88888b.   .d8888b.
[VM 1]       d88888                           d88P" "Y88b d88P  Y88b
[VM 1]      d88P888                           888     888 Y88b.
[VM 1]     d88P 888 888d888  .d8888b  .d88b.  888     888  "Y888b.
[VM 1]    d88P  888 888P"   d88P"    d8P  Y8b 888     888     "Y88b.
[VM 1]   d88P   888 888     888      88888888 888     888       "888
[VM 1]  d8888888888 888     Y88b.    Y8b.     Y88b. .d88P Y88b  d88P
[VM 1] d88P     888 888      "Y8888P  "Y8888   "Y88888P"   "Y8888P"
[VM 1] 
[VM 1] arch = aarch64
[VM 1] platform = linux,dummy-virt
[VM 1] target = aarch64-unknown-none-softfloat
[VM 1] build_mode = 
[VM 1] log_level = warn
[VM 1] backtrace = false
[VM 1] smp = 1
[VM 1] 
[VM 2] [32m[I/rtdm.mnt] File system initialization done[0m
[VM 2] PERIODIC LATENCY READY
[VM 1] Boot at 1970-01-01 00:00:02.820610272 UTC
[VM 1] 
[VM 1] [37m[  2.966807 ax_net::service:885] [33meth1: DHCP acquired address 10.0.2.15/24[m
[VM 1] [m[37m[  2.993834 ax_net::service:887] [33meth1: DHCP router 10.0.2.2[m
[VM 1] [m[37m[  3.017440 ax_net:450] [33m  No vsock device found![m
[VM 1] [mInitialized 6 tracepoints
[VM 1] kmod subsystem initialized
[VM 1] Welcome to [96m[1mStarry OS[0m!
[VM 1] USER=root
[VM 1] HOSTNAME=starry
[VM 1] SHLVL=1
[VM 1] HOME=/root
[VM 1] TERM=xterm-256color
[VM 1] PATH=/usr/local/sbin:/usr/local/bin:/usr/sbin:/usr/bin:/sbin:/bin
[VM 1] PWD=/
[VM 1] 
[VM 1] Use [1m[3mapk[0m to install packages.
[VM 1] 

[Axvisor] detached VM[1] console
Welcome to AxVisor Shell!
Type 'help' to see available commands
Use UP/DOWN arrows to navigate command history
Console shortcuts:
  Ctrl+X, then h  return to the Axvisor shell
  Ctrl+X, then [  attach the previous running guest
  Ctrl+X, then ]  attach the next running guest

[2Kaxvisor:/$ 
[Axvisor] attached VM[2] console; use Ctrl+X, then h to return to the shell

[Axvisor] attached VM[1] console; use Ctrl+X, then h to return to the shell
root@starry:/root # (sh /usr/bin/t2n1-run.sh model-only) &
root@starry:/root # STARRY_T2N1_NET_CONFIGURED ip=10.0.42.15/24
TASK3_MODEL_READY model=yolo11n.ncnn runtime=ncnn ncnn_revision=946fe3fb14a8dff8c06df763f67be522167b2f00 param_sha256=d2c0adf8939dc9ce02964ce8ada104447768ffd8e3bffad8fa11e2e61e709c1f bin_sha256=0ae562447923999779b12b4f91f96b9ef263add8c9902d10e22e6dd6a2932c12 input_sha256=608c8a61ff0bb43e5a8613f1f6f8aa08af74b084363610ed2b526ad925e4cb6f mode=in-guest run_mode=model-only
TASK3_INFER_STARTED model=yolo11n.ncnn request=1 phase=startup

[Axvisor] attached VM[2] console; use Ctrl+X, then h to return to the shell
PERIODIC LATENCY START
sequence,timestamp_ns,deadline_ns,actual_ns,jitter_ns
0,40352160,10000000,40352160,30352160
1,69280208,50352160,69280208,18928048
2,90347760,79280208,90347760,11067552
3,130336544,100347760,130336544,29988784
4,150390688,140336544,150390688,10054144
5,189152384,160390688,189152384,28761696
6,229170064,199152384,229170064,30017680
7,259955696,239170064,259955696,20785632
8,290375456,269955696,290375456,20419760
9,330339008,300375456,330339008,29963552
10,350365472,340339008,350365472,10026464
11,380403664,360365472,380403664,20038192
12,419961792,390403664,419961792,29558128
13,440330912,429961792,440330912,10369120
14,479408752,450330912,479408752,29077840
15,519959024,489408752,519959024,30550272
16,547942880,529959024,547942880,17983856
17,580793648,557942880,580793648,22850768
18,620352368,590793648,620352368,29558720
19,667939152,630352368,667939152,37586784
20,700364208,677939152,700364208,22425056
21,739428448,710364208,739428448,29064240
22,771058608,749428448,771058608,21630160
23,809957264,781058608,809957264,28898656
24,847920608,819957264,847920608,27963344
25,889167040,857920608,889167040,31246432
26,921123392,899167040,921123392,21956352
27,959959824,931123392,959959824,28836432
28,999953104,969959824,999953104,29993280
29,1039227584,1009953104,1039227584,29274480
30,1060369344,1049227584,1060369344,11141760
31,1079953120,1070369344,1079953120,9583776
32,1098671488,1089953120,1098671488,8718368
33,1129575696,1108671488,1129575696,20904208
34,1150336864,1139575696,1150336864,10761168
35,1190381280,1160336864,1190381280,30044416
36,1220353744,1200381280,1220353744,19972464
37,1250381136,1230353744,1250381136,20027392
38,1290392256,1260381136,1290392256,30011120
39,1320371392,1300392256,1320371392,19979136
40,1350448128,1330371392,1350448128,20076736
41,1390360896,1360448128,1390360896,29912768
42,1429359520,1400360896,1429359520,28998624
43,1459960400,1439359520,1459960400,20600880
44,1488700672,1469960400,1488700672,18740272
45,1519957776,1498700672,1519957776,21257104
46,1557938496,1529957776,1557938496,27980720
47,1590338736,1567938496,1590338736,22400240
48,1629462000,1600338736,1629462000,29123264
49,1659958144,1639462000,1659958144,20496144
50,1688825360,1669958144,1688825360,18867216
51,1719954704,1698825360,1719954704,21129344
52,1757940304,1729954704,1757940304,27985600
53,1790350912,1767940304,1790350912,22410608
54,1829439248,1800350912,1829439248,29088336
55,1859943376,1839439248,1859943376,20504128
56,1888758544,1869943376,1888758544,18815168
57,1919951968,1898758544,1919951968,21193424
58,1957937856,1929951968,1957937856,27985888
59,1990348624,1967937856,1990348624,22410768
60,2029446512,2000348624,2029446512,29097888
61,2059964240,2039446512,2059964240,20517728
62,2088718512,2069964240,2088718512,18754272
63,2119954624,2098718512,2119954624,21236112
64,2157929968,2129954624,2157929968,27975344
65,2190326544,2167929968,2190326544,22396576
66,2229388720,2200326544,2229388720,29062176
67,2259942448,2239388720,2259942448,20553728
68,2288743104,2269942448,2288743104,18800656
69,2319953472,2298743104,2319953472,21210368
70,2357948176,2329953472,2357948176,27994704
71,2380330784,2367948176,2380330784,12382608
72,2420334656,2390330784,2420334656,30003872
73,2457945024,2430334656,2457945024,27610368
74,2480354688,2467945024,2480354688,12409664
75,2519503792,2490354688,2519503792,29149104
76,2557930608,2529503792,2557930608,28426816
77,2590353648,2567930608,2590353648,22423040
78,2628698336,2600353648,2628698336,28344688
79,2659958832,2638698336,2659958832,21260496
80,2689945632,2669958832,2689945632,19986800
81,2719136432,2699945632,2719136432,19190800
82,2757931808,2729136432,2757931808,28795376
83,2790346272,2767931808,2790346272,22414464
84,2829361296,2800346272,2829361296,29015024
85,2859946272,2839361296,2859946272,20584976
86,2888748080,2869946272,2888748080,18801808
87,2919954656,2898748080,2919954656,21206576
88,2957936096,2929954656,2957936096,27981440
89,2990317280,2967936096,2990317280,22381184
90,3029354640,3000317280,3029354640,29037360
91,3059938336,3039354640,3059938336,20583696
92,3088730576,3069938336,3088730576,18792240
93,3119949296,3098730576,3119949296,21218720
94,3157919920,3129949296,3157919920,27970624
95,3190331936,3167919920,3190331936,22412016
96,3229416064,3200331936,3229416064,29084128
97,3259954240,3239416064,3259954240,20538176
98,3288682336,3269954240,3288682336,18728096
99,3319952352,3298682336,3319952352,21270016
100,3357924400,3329952352,3357924400,27972048
101,3390327536,3367924400,3390327536,22403136
102,3429402960,3400327536,3429402960,29075424
103,3478929072,3439402960,3478929072,39526112
104,3518844848,3488929072,3518844848,29915776
105,3560303440,3528844848,3560303440,31458592
106,3590336128,3570303440,3590336128,20032688
107,3629456640,3600336128,3629456640,29120512
108,3661092192,3639456640,3661092192,21635552
109,3699965168,3671092192,3699965168,28872976
110,3739962464,3709965168,3739962464,29997296
111,3761113936,3749962464,3761113936,11151472
112,3799955632,3771113936,3799955632,28841696
113,3821269184,3809955632,3821269184,11313552
114,3860358224,3831269184,3860358224,29089040
115,3890344672,3870358224,3890344672,19986448
116,3929393328,3900344672,3929393328,29048656
117,3961508368,3939393328,3961508368,22115040
118,4000317808,3971508368,4000317808,28809440
119,4040330064,4010317808,4040330064,30012256
120,4070348784,4050330064,4070348784,20018720
121,4109953264,4080348784,4109953264,29604480
122,4139944400,4119953264,4139944400,19991136
123,4162183040,4149944400,4162183040,12238640
124,4199958224,4172183040,4199958224,27775184
125,4221226192,4209958224,4221226192,11267968
126,4260332288,4231226192,4260332288,29106096
127,4290347152,4270332288,4290347152,20014864
128,4329401168,4300347152,4329401168,29054016
129,4361139040,4339401168,4361139040,21737872
130,4399966448,4371139040,4399966448,28827408
131,4439947568,4409966448,4439947568,29981120
132,4479273072,4449947568,4479273072,29325504
133,4511128656,4489273072,4511128656,21855584
134,4549958032,4521128656,4549958032,28829376
135,4570337040,4559958032,4570337040,10379008
136,4610382144,4580337040,4610382144,30045104
137,4640439904,4620382144,4640439904,20057760
138,4678935792,4650439904,4678935792,28495888
139,4710461264,4688935792,4710461264,21525472
140,4750069168,4720461264,4750069168,29607904
141,4771353968,4760069168,4771353968,11284800
142,4810474704,4781353968,4810474704,29120736
143,4850087216,4820474704,4850087216,29612512
144,4878818496,4860087216,4878818496,18731280
145,4910935728,4888818496,4910935728,22117232
146,4950367232,4920935728,4950367232,29431504
147,4971297488,4960367232,4971297488,10930256
148,5010473472,4981297488,5010473472,29175984
149,5050071024,5020473472,5050071024,29597552
150,5079993520,5060071024,5079993520,19922496
151,5110346608,5089993520,5110346608,20353088
152,5140333968,5120346608,5140333968,19987360
153,5178844992,5150333968,5178844992,28511024
154,5210358992,5188844992,5210358992,21514000
155,5240330976,5220358992,5240330976,19971984
156,5278830176,5250330976,5278830176,28499200
157,5310341904,5288830176,5310341904,21511728
158,5340348608,5320341904,5340348608,20006704
159,5378843168,5350348608,5378843168,28494560
160,5410374080,5388843168,5410374080,21530912
161,5440320944,5420374080,5440320944,19946864
162,5478877056,5450320944,5478877056,28556112
163,5510484592,5488877056,5510484592,21607536
164,5550074608,5520484592,5550074608,29590016
165,5600071216,5560074608,5600071216,39996608
166,5630496768,5610071216,5630496768,20425552
167,5670349104,5640496768,5670349104,29852336
168,5709967216,5680349104,5709967216,29618112
169,5739945296,5719967216,5739945296,19978080
170,5769185248,5749945296,5769185248,19239952
171,5809955952,5779185248,5809955952,30770704
172,5839945952,5819955952,5839945952,19990000
173,5869996976,5849945952,5869996976,20051024
174,5909955264,5879996976,5909955264,29958288
175,5939945696,5919955264,5939945696,19990432
176,5969246032,5949945696,5969246032,19300336
177,6009956944,5979246032,6009956944,30710912
178,6039948096,6019956944,6039948096,19991152
179,6070059952,6049948096,6070059952,20111856
180,6109964768,6080059952,6109964768,29904816
181,6139954432,6119964768,6139954432,19989664
182,6169225328,6149954432,6169225328,19270896
183,6209959376,6179225328,6209959376,30734048
184,6239947392,6219959376,6239947392,19988016
185,6270041472,6249947392,6270041472,20094080
186,6309955344,6280041472,6309955344,29913872
187,6339969296,6319955344,6339969296,20013952
188,6369209184,6349969296,6369209184,19239888
189,6409955952,6379209184,6409955952,30746768
190,6439946768,6419955952,6439946768,19990816
191,6469168848,6449946768,6469168848,19222080
192,6509959536,6479168848,6509959536,30790688
193,6539948880,6519959536,6539948880,19989344
194,6570010464,6549948880,6570010464,20061584
195,6609960976,6580010464,6609960976,29950512
196,6639945696,6619960976,6639945696,19984720
197,6669201328,6649945696,6669201328,19255632
198,6709954096,6679201328,6709954096,30752768
199,6739947136,6719954096,6739947136,19993040
200,6769192704,6749947136,6769192704,19245568
201,6799968400,6779192704,6799968400,20775696
202,6828785312,6809968400,6828785312,18816912
203,6848761312,6838785312,6848761312,9976000
204,6870008544,6858761312,6870008544,11247232
205,6890332464,6880008544,6890332464,10323920
206,6929593056,6900332464,6929593056,29260592
207,6959956928,6939593056,6959956928,20363872
208,6980420336,6969956928,6980420336,10463408
209,7000379296,6990420336,7000379296,9958960
210,7029550496,7010379296,7029550496,19171200
211,7059945744,7039550496,7059945744,20395248
212,7099185648,7069945744,7099185648,29239904
213,7131061344,7109185648,7131061344,21875696
214,7169958912,7141061344,7169958912,28897568
215,7209950032,7179958912,7209950032,29991120
216,7249249552,7219950032,7249249552,29299520
217,7279944752,7259249552,7279944752,20695200
218,7308770192,7289944752,7308770192,18825440
219,7339959840,7318770192,7339959840,21189648
220,7377941168,7349959840,7377941168,27981328
221,7400362960,7387941168,7400362960,12421792
222,7439988112,7410362960,7439988112,29625152
223,7479958192,7449988112,7479958192,29970080
224,7519962304,7489958192,7519962304,30004112
225,7549951120,7529962304,7549951120,19988816
226,7580301920,7559951120,7580301920,20350800
227,7610328064,7590301920,7610328064,20026144
228,7650349744,7620328064,7650349744,30021680
229,7690876320,7660349744,7690876320,30526576
230,7730372688,7700876320,7730372688,29496368
231,7770336112,7740372688,7770336112,29963424
232,7809413824,7780336112,7809413824,29077712
233,7841080832,7819413824,7841080832,21667008
234,7879969552,7851080832,7879969552,28888720
235,7919947168,7889969552,7919947168,29977616
236,7959226720,7929947168,7959226720,29279552
237,7991150448,7969226720,7991150448,21923728
238,8013102160,8001150448,8013102160,11951712
239,8030590352,8023102160,8030590352,7488192
240,8049551536,8040590352,8049551536,8961184
241,8080362224,8059551536,8080362224,20810688
242,8108706880,8090362224,8108706880,18344656
243,8132254960,8118706880,8132254960,13548080
244,8169940992,8142254960,8169940992,27686032
245,8190331328,8179940992,8190331328,10390336
246,8220336880,8200331328,8220336880,20005552
247,8260340592,8230336880,8260340592,30003712
248,8290282896,8270340592,8290282896,19942304
249,8320319088,8300282896,8320319088,20036192
250,8350347872,8330319088,8350347872,20028784
251,8388998000,8360347872,8388998000,28650128
252,8421147744,8398998000,8421147744,22149744
253,8450312896,8431147744,8450312896,19165152
254,8489344048,8460312896,8489344048,29031152
255,8521086736,8499344048,8521086736,21742688
256,8559952544,8531086736,8559952544,28865808
257,8597934512,8569952544,8597934512,27981968
258,8620708240,8607934512,8620708240,12773728
259,8660365328,8630708240,8660365328,29657088
260,8697930064,8670365328,8697930064,27564736
261,8730336736,8707930064,8730336736,22406672
262,8769971488,8740336736,8769971488,29634752
263,8797922608,8779971488,8797922608,17951120
264,8829582272,8807922608,8829582272,21659664
265,8859940704,8839582272,8859940704,20358432
266,8899396496,8869940704,8899396496,29455792
267,8930277296,8909396496,8930277296,20880800
268,8960327904,8940277296,8960327904,20050608
269,9000295632,8970327904,9000295632,29967728
270,9031080432,9010295632,9031080432,20784800
271,9069948384,9041080432,9069948384,28867952
272,9109958656,9079948384,9109958656,30010272
273,9149208544,9119958656,9149208544,29249888
274,9181141520,9159208544,9181141520,21932976
275,9209946400,9191141520,9209946400,18804880
276,9239574144,9219946400,9239574144,19627744
277,9279946064,9249574144,9279946064,30371920
278,9318280576,9289946064,9318280576,28334512
279,9341110000,9328280576,9341110000,12829424
280,9380320624,9351110000,9380320624,29210624
281,9408729632,9390320624,9408729632,18409008
282,9439972480,9418729632,9439972480,21242848
283,9479958528,9449972480,9479958528,29986048
284,9519952048,9489958528,9519952048,29993520
285,9541176096,9529952048,9541176096,11224048
286,9580331360,9551176096,9580331360,29155264
287,9627941392,9590331360,9627941392,37610032
288,9660324944,9637941392,9660324944,22383552
289,9699432672,9670324944,9699432672,29107728
290,9730977312,9709432672,9730977312,21544640
291,9769945424,9740977312,9769945424,28968112
292,9807935248,9779945424,9807935248,27989824
293,9840353040,9817935248,9840353040,22417792
294,9879956592,9850353040,9879956592,29603552
295,9907916592,9889956592,9907916592,17960000
296,9939516720,9917916592,9939516720,21600128
297,9979959056,9949516720,9979959056,30442336
298,10007923952,9989959056,10007923952,17964896
299,10039423344,10017923952,10039423344,21499392
PERIODIC LATENCY COMPLETE samples=300

[Axvisor] attached VM[1] console; use Ctrl+X, then h to return to the shell
TASK3_INFER model=yolo11n.ncnn infer_us=22236542 request=1 elapsed_ms=0
TASK3_DETECTION model=yolo11n.ncnn class=75 confidence_milli=843 center_x_milli=421 area_milli=63 target=421 request=1

[Axvisor] detached VM[1] console
[2Kaxvisor:/$ [2Kaxvisor:/$ r[2Kaxvisor:/$ rt[2Kaxvisor:/$ rt [2Kaxvisor:/$ rt s[2Kaxvisor:/$ rt st[2Kaxvisor:/$ rt sta[2Kaxvisor:/$ rt stat
RT vCPU wait counters:
  vcpu=0 post_vmexit_yields=19415 parks=2494 wakes=1709 notify_woke=1708 vtimer_arms=4457 vtimer_immediate=58 vtimer_no_deadline=0 vtimer_registered=4399 vtimer_callbacks=1537 vtimer_stale_callbacks=3 vtimer_notifications=1534 vtimer_invalidations=129575 callback_to_wake_samples=0 callback_to_wake_overflow=0 callback_to_wake_p50_ns=0 callback_to_wake_p99_ns=0 callback_to_wake_p99_9_ns=0 callback_to_wake_max_ns=0 callback_to_run_dispatch_samples=0 callback_to_run_dispatch_overflow=0 callback_to_run_dispatch_p50_ns=0 callback_to_run_dispatch_p99_ns=0 callback_to_run_dispatch_p99_9_ns=0 callback_to_run_dispatch_max_ns=0 callback_to_guest_entry_samples=0 callback_to_guest_entry_overflow=0 callback_to_guest_entry_p50_ns=0 callback_to_guest_entry_p99_ns=0 callback_to_guest_entry_p99_9_ns=0 callback_to_guest_entry_max_ns=0 direct_acks=3846 direct_overlaps=0 direct_to_run_dispatch_samples=0 direct_to_run_dispatch_overflow=0 direct_to_run_dispatch_p50_ns=0 direct_to_run_dispatch_p99_ns=0 direct_to_run_dispatch_p99_9_ns=0 direct_to_run_dispatch_max_ns=0 direct_to_guest_entry_samples=0 direct_to_guest_entry_overflow=0 direct_to_guest_entry_p50_ns=0 direct_to_guest_entry_p99_ns=0 direct_to_guest_entry_p99_9_ns=0 direct_to_guest_entry_max_ns=0 activation_hold_samples=0 activation_hold_overflow=0 activation_hold_p50_ns=0 activation_hold_p99_ns=0 activation_hold_p99_9_ns=0 activation_hold_max_ns=0
  lr_skips=0
RT device-poll counters:
  vm=1 published=39 kicked=39 consumed=4 pending=false
  vm=2 published=1 kicked=1 consumed=1 pending=false
RT AxVM timer counters:
  cpu=1 now_ns=33517930448 wheel_next_ns=33519427408 published_ns=33519427408 registered=4399 cancelled=2860 expired=1537 worker_wakes=1505 expiry_batches=1528 expiry_late_samples=0 expiry_late_overflow=0 expiry_late_p50_ns=0 expiry_late_p99_ns=0 expiry_late_p99_9_ns=0 expiry_late_max_ns=0 lock_acquisitions=27216 lock_wait_total_ns=16611216 lock_wait_max_ns=97824 lock_hold_total_ns=41709040 lock_hold_max_ns=199152
RT host hardware timer IRQ counters:
  cpu=0 irqs=3122
  cpu=1 irqs=4752
RT console counters: attached=None flush_calls=1186302 host_write_bytes=19935
  vm=1 active=true input_enqueued=39 input_drained=39 input_dropped=0 input_pending=0 output_enqueued=3638 output_drained=3638 output_dropped=0 output_pending=0
  vm=2 active=true input_enqueued=1 input_drained=1 input_dropped=0 input_pending=0 output_enqueued=15673 output_drained=15673 output_dropped=0 output_pending=0
axvisor:/$ 