[host_monotonic_s=186128.535524] dedicated_cpus=1 rt_burner=0:10:53:60000
[host_monotonic_s=186128.535747] VM Load @PA:0x40200000
[host_monotonic_s=186128.535797] VM Load Offset: 0xffff0000c0200000
[host_monotonic_s=186128.537127] Memory Map:
[host_monotonic_s=186128.538300]   Free   0x00000040000000 - 0x00000040200000 (2 MiB)
[host_monotonic_s=186128.538320]   KImg   0x00000040200000 - 0x00000044c00000 (74 MiB)
[host_monotonic_s=186128.539496]   Free   0x00000044c00000 - 0x00000240000000 (7.93 GiB)
[host_monotonic_s=186128.539522] Initialize RAM allocator: 0x44c00000..0x240000000
[host_monotonic_s=186128.567843] Reserving CPU-local areas
[host_monotonic_s=186128.570047] CPU-local area stride: 0x44000 bytes
[host_monotonic_s=186128.570086] Total CPU-local allocation: 0x110000 bytes (4 CPUs)
[host_monotonic_s=186128.570290] Flushed RAM used range to memory map: 0x44c00000..0x44d00000, current: 0x44d00000
[host_monotonic_s=186128.570425] Flushed RAM used range to memory map: 0x44d00000..0x44e10000, current: 0x44e10000
[host_monotonic_s=186128.571735] CPU-local areas allocated at 0x44d00000 - 0x44e10000
[host_monotonic_s=186128.571737] EL: 2
[host_monotonic_s=186128.571772] Mapping early memory regions...
[host_monotonic_s=186128.572485] Ram                 : [0x0000000040000000, 0x0000000240000000) -> [0x0000000040000000, 0x0000000240000000) (8 GiB)
[host_monotonic_s=186128.572930] KImage              : [0x0000ffff80000000, 0x0000ffff84a00000) -> [0x0000000040200000, 0x0000000044c00000) (74 MiB)
[host_monotonic_s=186128.573243] PerCpu              : [0x0000ff0044d00000, 0x0000ff0044e10000) -> [0x0000000044d00000, 0x0000000044e10000) (1.06 MiB)
[host_monotonic_s=186128.573426] Debug serial        : [0x0000000009000000, 0x0000000009001000) -> [0x0000000009000000, 0x0000000009001000) (4 KiB)
[host_monotonic_s=186128.573578] Boot page table at physical address: PA:0x44e10000
[host_monotonic_s=186128.573596] Setting up table registers...
[host_monotonic_s=186128.573738] MMU Entry point at physical address: 0x403bd31c
[host_monotonic_s=186128.578389] Trap vector at 0xffff801c1000
[host_monotonic_s=186128.578702] Memory Map:
[host_monotonic_s=186128.579902]   MMIO   0x00000009000000 - 0x00000009001000 (4 KiB)
[host_monotonic_s=186128.579927]   Free   0x00000040000000 - 0x00000040200000 (2 MiB)
[host_monotonic_s=186128.580093]   KImg   0x00000040200000 - 0x00000044c00000 (74 MiB)
[host_monotonic_s=186128.580096]   Rsv    0x00000044c00000 - 0x00000044d00000 (1 MiB)
[host_monotonic_s=186128.581193]   PerCPU 0x00000044d00000 - 0x00000044e10000 (1.06 MiB)
[host_monotonic_s=186128.581195]   Rsv    0x00000044e10000 - 0x00000044e1a000 (40 KiB)
[host_monotonic_s=186128.581569]   Free   0x00000044e1a000 - 0x00000240000000 (7.92 GiB)
[host_monotonic_s=186128.585375] Jumping to main entry point at 0xffff801a513c with SP 0x0000ff0044d44000
[host_monotonic_s=186128.586903] 
[host_monotonic_s=186128.586905]        d8888                            .d88888b.   .d8888b.
[host_monotonic_s=186128.586928]       d88888                           d88P" "Y88b d88P  Y88b
[host_monotonic_s=186128.586971]      d88P888                           888     888 Y88b.
[host_monotonic_s=186128.587038]     d88P 888 888d888  .d8888b  .d88b.  888     888  "Y888b.
[host_monotonic_s=186128.587105]    d88P  888 888P"   d88P"    d8P  Y8b 888     888     "Y88b.
[host_monotonic_s=186128.587180]   d88P   888 888     888      88888888 888     888       "888
[host_monotonic_s=186128.587252]  d8888888888 888     Y88b.    Y8b.     Y88b. .d88P Y88b  d88P
[host_monotonic_s=186128.587312] d88P     888 888      "Y8888P  "Y8888   "Y88888P"   "Y8888P"
[host_monotonic_s=186128.587327] 
[host_monotonic_s=186128.587820] arch = aarch64
[host_monotonic_s=186128.587823] platform = linux,dummy-virt
[host_monotonic_s=186128.587823] target = aarch64-unknown-none-softfloat
[host_monotonic_s=186128.587824] build_mode = 
[host_monotonic_s=186128.587825] log_level = info
[host_monotonic_s=186128.587839] backtrace = false
[host_monotonic_s=186128.587936] smp = 4
[host_monotonic_s=186128.587938] 
[host_monotonic_s=186128.588525] [37m[  0.058432 ax_runtime:220] [32mLogging is enabled.[m
[host_monotonic_s=186128.588571] [m[37m[  0.058836 ax_runtime:221] [32mPrimary CPU 0 started, arg = 0x44c00000.[m
[host_monotonic_s=186128.588688] [m[37m[  0.058945 ax_runtime:223] [32mFound physcial memory regions:[m
[host_monotonic_s=186128.589893] [m[37m[  0.059994 ax_runtime:225] [32m  [PA:0x9000000, PA:0x9001000) mmio (READ | WRITE | DEVICE | RESERVED)[m
[host_monotonic_s=186128.590014] [m[37m[  0.060223 ax_runtime:225] [32m  [PA:0x40000000, PA:0x40200000) free memory (READ | WRITE | FREE)[m
[host_monotonic_s=186128.590153] [m[37m[  0.060372 ax_runtime:225] [32m  [PA:0x40200000, PA:0x44c00000) reserved (READ | WRITE | EXECUTE | RESERVED)[m
[host_monotonic_s=186128.590286] [m[37m[  0.060510 ax_runtime:225] [32m  [PA:0x44c00000, PA:0x44d00000) reserved (READ | WRITE | EXECUTE | RESERVED)[m
[host_monotonic_s=186128.590426] [m[37m[  0.060646 ax_runtime:225] [32m  [PA:0x44d00000, PA:0x44e10000) reserved (READ | WRITE | EXECUTE | RESERVED)[m
[host_monotonic_s=186128.590565] [m[37m[  0.060783 ax_runtime:225] [32m  [PA:0x44e10000, PA:0x44e1a000) reserved (READ | WRITE | EXECUTE | RESERVED)[m
[host_monotonic_s=186128.590699] [m[37m[  0.060922 ax_runtime:225] [32m  [PA:0x44e1a000, PA:0x240000000) free memory (READ | WRITE | FREE)[m
[host_monotonic_s=186128.590828] [m[37m[  0.061080 ax_runtime:375] [32mInitialize global memory allocator...[m
[host_monotonic_s=186128.590944] [m[37m[  0.061200 ax_runtime:376] [32m  use buddy-slab-allocator allocator.[m
[host_monotonic_s=186128.591225] [m[37m[  0.061426 ax_alloc::buddy_slab:158] [32mInitialize global memory allocator, start_vaddr: 0x44e1a000, size: 0x1fb1e6000[m
[host_monotonic_s=186128.598782] [m[37m[  0.068931 ax_alloc::buddy_slab:424] [32mglobal allocator initialized[m
[host_monotonic_s=186128.598907] [m[37m[  0.069136 ax_alloc::buddy_slab:168] [32mAdd memory region, start_vaddr: 0x40000000, size: 0x200000[m
[host_monotonic_s=186128.599203] [m[37m[  0.069328 buddy_slab_allocator::global:151] [32mGlobalAllocator: skip region 0x40000000+0x200000, no allocator-visible memory after 2097152 alignment[m
[host_monotonic_s=186128.599544] [m[37m[  0.069776 ax_runtime:260] [32mkernel aspace: [VA:0x0, VA:0xffffffffffffffff)[m
[host_monotonic_s=186128.599713] [m[37m[  0.069976 ax_mm:103] [32mInitialize virtual memory management...[m
[host_monotonic_s=186129.401048] [m[37m[  0.692291 ax_runtime:272] [32mInitialize platform devices...[m
[host_monotonic_s=186129.401062] [m[37m[  0.699138 someboot::arch::power:23] [32mPower management method : SMC[m
[host_monotonic_s=186129.401066] [m[37m[  0.699335 somehal::driver:5] [32mInitializing rdrive with FDT at 0x44c00000[m
[host_monotonic_s=186129.401172] [m[37m[  0.712716 somehal::arch::gic::v3:274] [32mGICv3 CPU 0 EOI mode: two_step=true[m
[host_monotonic_s=186129.419767] [m[37m[  0.889938 ax_runtime:558] [32mDedicated (no-tick) host CPUs: 0b10[m
[host_monotonic_s=186129.419827] [m[37m[  0.890100 ax_task::api:158] [32mInitialize scheduling...[m
[host_monotonic_s=186129.421230] [m[37m[  0.891409 ax_task::api:166] [32m  use FIFO scheduler.[m
[host_monotonic_s=186129.421512] [m[37m[  0.891778 ax_runtime:300] [32mInitialize interrupt handlers...[m
[host_monotonic_s=186129.423814] [m[37m[  0.894022 ax_runtime::devices:2] [32mProbe platform devices...[m
[host_monotonic_s=186129.436609] [m[37m[  0.906740 somehal::arch::gic::v3:274] [32mGICv3 CPU 1 EOI mode: two_step=true[m
[host_monotonic_s=186129.437108] [m[37m[  0.907287 ax_runtime::mp:79] [32mSecondary CPU 1 started.[m
[host_monotonic_s=186129.438213] [m[37m[  0.908392 ax_runtime::mp:110] [32mSecondary CPU 1 init OK.[m
[host_monotonic_s=186129.447707] [m[37m[  0.917843 somehal::arch::gic::v3:274] [32mGICv3 CPU 2 EOI mode: two_step=true[m
[host_monotonic_s=186129.447899] [m[37m[  0.918096 ax_runtime::mp:79] [32mSecondary CPU 2 started.[m
[host_monotonic_s=186129.448243] [m[37m[  0.918427 ax_runtime::mp:110] [32mSecondary CPU 2 init OK.[m
[host_monotonic_s=186129.459989] [m[37m[  0.930113 somehal::arch::gic::v3:274] [32mGICv3 CPU 3 EOI mode: two_step=true[m
[host_monotonic_s=186129.460056] [m[37m[  0.930290 ax_runtime::mp:79] [32mSecondary CPU 3 started.[m
[host_monotonic_s=186129.460144] [m[37m[  0.930345 ax_runtime:348] [32mPrimary CPU 0 init OK.[m
[host_monotonic_s=186129.460438] [m[37m[  0.930679 ax_runtime::mp:110] [32mSecondary CPU 3 init OK.[m
[host_monotonic_s=186129.462476] [m
[host_monotonic_s=186129.462662] 
[host_monotonic_s=186129.462669]        d8888            888     888  d8b
[host_monotonic_s=186129.462728]       d88888            888     888  Y8P
[host_monotonic_s=186129.462730]      d88P888            888     888
[host_monotonic_s=186129.462809]     d88P 888  888  888  Y88b   d88P  888  .d8888b    .d88b.   888d888
[host_monotonic_s=186129.462895]    d88P  888  `Y8bd8P'   Y88b d88P   888  88K       d88""88b  888P"
[host_monotonic_s=186129.462971]   d88P   888    X88K      Y88o88P    888  "Y8888b.  888  888  888
[host_monotonic_s=186129.463049]  d8888888888  .d8""8b.     Y888P     888       X88  Y88..88P  888
[host_monotonic_s=186129.463119] d88P     888  888  888      Y8P      888   88888P'   "Y88P"   888
[host_monotonic_s=186129.463134] 
[host_monotonic_s=186129.463225] 
[host_monotonic_s=186129.463229] by AxVisor Team
[host_monotonic_s=186129.463230] 
[host_monotonic_s=186129.463460] [37m[  0.933671 0:2 axvisor:78] [32mRT partition host CPU mask established: 0b10[m
[host_monotonic_s=186129.463547] [m[37m[  0.933826 0:2 axvisor:81] [32mStarting virtualization...[m
[host_monotonic_s=186129.463762] [m[37m[  0.933995 0:2 axvm::host::arceos:335] [32mEnabling hardware virtualization support on all cores...[m
[host_monotonic_s=186129.463951] [m[37m[  0.934180 0:2 axvm::host::arceos:341] [32mCore 0 is initializing hardware virtualization support...[m
[host_monotonic_s=186129.464135] [m[37m[  0.934393 0:2 axvm::timer:349] [32mInitializing AxVM timer wheel...[m
[host_monotonic_s=186129.469588] [m[37m[  0.939786 0:2 axvm::host::arceos:343] [32mHardware virtualization support enabled on core 0[m
[host_monotonic_s=186129.470420] [m[37m[  0.940612 0:2 axvm::host::arceos:370] [32mWaiting for all cores to enable hardware virtualization...[m
[host_monotonic_s=186129.471064] [m[37m[  0.941219 2:12 axvm::host::arceos:353] [32mCore 2 is initializing hardware virtualization support...[m
[host_monotonic_s=186129.471246] [m[37m[  0.941236 3:13 axvm::host::arceos:353] [32mCore 3 is initializing hardware virtualization support...[m
[host_monotonic_s=186129.471372] [m[37m[  0.941436 2:12 axvm::timer:349] [32mInitializing AxVM timer wheel...[m
[host_monotonic_s=186129.471482] [m[37m[  0.941609 3:13 axvm::timer:349] [32mInitializing AxVM timer wheel...[m
[host_monotonic_s=186129.471675] [m[37m[  0.941258 1:11 axvm::host::arceos:353] [32mCore 1 is initializing hardware virtualization support...[m
[host_monotonic_s=186129.471832] [m[37m[  0.942028 1:11 axvm::timer:349] [32mInitializing AxVM timer wheel...[m
[host_monotonic_s=186129.471997] [m[37m[  0.942149 3:13 axvm::host::arceos:357] [32mHardware virtualization support enabled on core 3 (3/4)[m
[host_monotonic_s=186129.472245] [m[37m[  0.942138 2:12 axvm::host::arceos:357] [32mHardware virtualization support enabled on core 2 (2/4)[m
[host_monotonic_s=186129.472272] [m[37m[  0.942365 0:2 axvm::host::arceos:381] [32mAll cores have enabled hardware virtualization support.[m
[host_monotonic_s=186129.472413] [m[37m[  0.942324 1:11 axvm::host::arceos:357] [32mHardware virtualization support enabled on core 1 (4/4)[m
[host_monotonic_s=186129.472501] [m[37m[  0.942747 0:2 axvisor::config:91] [32mUsing static VM configs.[m
[host_monotonic_s=186129.491692] [m[37m[  0.960565 0:2 axvm::arch::aarch64::fdt::core:79] [32mVM[1] virtual GIC follows host firmware resources: GuestGicProfile { compatible: "arm,gic-v3", node_path: "/intc@8000000", node_phandle: Some(32773), distributor: GuestMmioRegion { base: 134217728, length: 65536 }, cpu_region: Redistributors(GuestGicRedistributorProfile { regions: [GuestMmioRegion { base: 134873088, length: 16121856 }], stride: 131072 }), its: [GuestItsProfile { id: ItsId(0), node_path: "/intc@8000000/its@8080000", node_phandle: Some(32774), registers: GuestMmioRegion { base: 134742016, length: 131072 } }] }[m
[host_monotonic_s=186129.493411] [m[37m[  0.963451 0:2 axvm::arch::aarch64::fdt::core:93] [32mVM[1] architectural timer follows host firmware PPIs[m
[host_monotonic_s=186129.497631] [m[37m[  0.967818 0:2 axvm::arch::aarch64::fdt::core::parser:442] [32mCPU node: /cpus/cpu@0, node_id: 0x0, hardware_cpu_id: 0x0[m
[host_monotonic_s=186129.497827] [m[37m[  0.968035 0:2 axvm::arch::aarch64::fdt::core::parser:442] [32mCPU node: /cpus/cpu@1, node_id: 0x1, hardware_cpu_id: 0x1[m
[host_monotonic_s=186129.498033] [m[37m[  0.968232 0:2 axvm::arch::aarch64::fdt::core::parser:442] [32mCPU node: /cpus/cpu@2, node_id: 0x2, hardware_cpu_id: 0x2[m
[host_monotonic_s=186129.498365] [m[37m[  0.968405 0:2 axvm::arch::aarch64::fdt::core::parser:442] [32mCPU node: /cpus/cpu@3, node_id: 0x3, hardware_cpu_id: 0x3[m
[host_monotonic_s=186129.498589] [m[37m[  0.968830 0:2 axvm::arch::aarch64::fdt::core::parser:449] [32mFound 4 host CPU nodes[m
[host_monotonic_s=186129.499185] [m[37m[  0.969386 0:2 axvm::arch::aarch64::fdt::core:144] [32mVM[1] DTB not found, generating from the VM configuration[m
[host_monotonic_s=186129.510130] [m[37m[  0.980234 0:2 axvm::arch::aarch64::fdt::core::device:96] [32mFound excluded devices: ["/intc@8000000", "/pl011@9000000", "/timer", "/intc@8000000/its@8080000"][m
[host_monotonic_s=186129.520154] [m[37m[  0.990314 0:2 axvm::arch::aarch64::fdt::core::device:96] [32mFound excluded devices: ["/intc@8000000", "/pl011@9000000", "/timer", "/intc@8000000/its@8080000"][m
[host_monotonic_s=186129.521094] [m[37m[  0.991295 0:2 axvisor::config:258] [32mCreating VM[1] "rt-partition-linux"[m
[host_monotonic_s=186129.537979] [m[37m[  1.008187 0:2 axvm::vm:1083] [32mVM created: id=1[m
[host_monotonic_s=186130.617959] [m[37m[  2.088072 0:2 axvisor::config:270] [32mVM[1] created success, loading images...[m
[host_monotonic_s=186130.918476] [m[37m[  2.198164 0:2 axvm::boot::images:137] [32mLoading ramdisk image from memory (19620641 bytes) into GPA @0x84000000[m
[host_monotonic_s=186130.918491] [m[37m[  2.254878 0:2 axdevice::device:1232] [32mDeviceRuntime: registered device id=0[m
[host_monotonic_s=186130.918942] [m[37m[  2.255303 0:2 axdevice::device:1232] [32mDeviceRuntime: registered device id=1[m
[host_monotonic_s=186130.919895] [m[37m[  2.389812 0:2 axdevice::device:1232] [32mDeviceRuntime: registered device id=2[m
[host_monotonic_s=186130.925430] [m[37m[  2.395510 0:2 axdevice::device:1232] [32mDeviceRuntime: registered device id=3[m
[host_monotonic_s=186130.927955] [m[37m[  2.398181 0:2 axdevice::device:1232] [32mDeviceRuntime: registered device id=4[m
[host_monotonic_s=186130.931981] [m[37m[  2.402245 0:2 axvm::vm::prepare:82] [32mVM setup: id=1[m
[host_monotonic_s=186130.935205] [m[37m[  2.404861 0:2 axvm::arch::aarch64::fdt::core:79] [32mVM[2] virtual GIC follows host firmware resources: GuestGicProfile { compatible: "arm,gic-v3", node_path: "/intc@8000000", node_phandle: Some(32773), distributor: GuestMmioRegion { base: 134217728, length: 65536 }, cpu_region: Redistributors(GuestGicRedistributorProfile { regions: [GuestMmioRegion { base: 134873088, length: 16121856 }], stride: 131072 }), its: [GuestItsProfile { id: ItsId(0), node_path: "/intc@8000000/its@8080000", node_phandle: Some(32774), registers: GuestMmioRegion { base: 134742016, length: 131072 } }] }[m
[host_monotonic_s=186130.935456] [m[37m[  2.405665 0:2 axvm::arch::aarch64::fdt::core:93] [32mVM[2] architectural timer follows host firmware PPIs[m
[host_monotonic_s=186130.938928] [m[37m[  2.409109 0:2 axvm::arch::aarch64::fdt::core::parser:442] [32mCPU node: /cpus/cpu@0, node_id: 0x0, hardware_cpu_id: 0x0[m
[host_monotonic_s=186130.939096] [m[37m[  2.409291 0:2 axvm::arch::aarch64::fdt::core::parser:442] [32mCPU node: /cpus/cpu@1, node_id: 0x1, hardware_cpu_id: 0x1[m
[host_monotonic_s=186130.939277] [m[37m[  2.409471 0:2 axvm::arch::aarch64::fdt::core::parser:442] [32mCPU node: /cpus/cpu@2, node_id: 0x2, hardware_cpu_id: 0x2[m
[host_monotonic_s=186130.939457] [m[37m[  2.409654 0:2 axvm::arch::aarch64::fdt::core::parser:442] [32mCPU node: /cpus/cpu@3, node_id: 0x3, hardware_cpu_id: 0x3[m
[host_monotonic_s=186130.939629] [m[37m[  2.409858 0:2 axvm::arch::aarch64::fdt::core::parser:449] [32mFound 4 host CPU nodes[m
[host_monotonic_s=186130.939787] [m[37m[  2.409990 0:2 axvm::arch::aarch64::fdt::core:144] [32mVM[2] DTB not found, generating from the VM configuration[m
[host_monotonic_s=186130.947234] [m[37m[  2.417382 0:2 axvm::arch::aarch64::fdt::core::device:96] [32mFound excluded devices: ["/intc@8000000", "/pl011@9000000", "/timer", "/intc@8000000/its@8080000"][m
[host_monotonic_s=186130.951636] [m[37m[  2.421791 0:2 axvm::arch::aarch64::fdt::core::device:96] [32mFound excluded devices: ["/intc@8000000", "/pl011@9000000", "/timer", "/intc@8000000/its@8080000"][m
[host_monotonic_s=186130.952095] [m[37m[  2.422282 0:2 axvisor::config:258] [32mCreating VM[2] "rt-partition-zephyr"[m
[host_monotonic_s=186130.953222] [m[37m[  2.423491 0:2 axvm::vm:1083] [32mVM created: id=2[m
[host_monotonic_s=186131.754542] [m[37m[  2.962855 0:2 axvisor::config:270] [32mVM[2] created success, loading images...[m
[host_monotonic_s=186131.754560] [m[37m[  2.966913 0:2 axdevice::device:1232] [32mDeviceRuntime: registered device id=0[m
[host_monotonic_s=186131.754564] [m[37m[  2.967052 0:2 axdevice::device:1232] [32mDeviceRuntime: registered device id=1[m
[host_monotonic_s=186131.755642] [m[37m[  3.224699 0:2 axdevice::device:1232] [32mDeviceRuntime: registered device id=2[m
[host_monotonic_s=186131.757220] [m[37m[  3.226768 0:2 axdevice::device:1232] [32mDeviceRuntime: registered device id=3[m
[host_monotonic_s=186131.758319] [m[37m[  3.228082 0:2 axvm::vm::prepare:82] [32mVM setup: id=2[m
[host_monotonic_s=186131.761243] [m[37m[  3.231265 0:2 axvm::runtime:51] [32mInitializing VMM...[m
[host_monotonic_s=186131.768683] [m[37m[  3.238792 0:2 axvm::runtime:62] [32mVMM starting, booting VMs...[m
[host_monotonic_s=186131.769263] [m[37m[  3.239439 0:2 axvm::vm:1303] [32mStarting VM[1][m
[host_monotonic_s=186131.769768] [m[37m[  3.239914 0:2 axvm::runtime::vcpus:609] [32mSpawning task for VM[1] VCpu[0][m
[host_monotonic_s=186131.770917] [m[37m[  3.240772 0:2 axvm::runtime::vcpus:627] [32mVCpu task Task(18, "VM[1]-VCpu[0]") created cpumask: [2, ][m
[host_monotonic_s=186131.775584] [m[37m[  3.245778 0:2 axvm::runtime:70] [32mVM[1] boot success[m
[host_monotonic_s=186131.775637] [m[37m[  3.245845 2:18 axvm::runtime::vcpus:681] [32mVM[1] VCpu[0] waiting for running[m
[host_monotonic_s=186131.775714] [m[37m[  3.245898 0:2 axvm::vm:1303] [32mStarting VM[2][m
[host_monotonic_s=186131.775826] [m[37m[  3.246075 0:2 axvm::runtime::vcpus:609] [32mSpawning task for VM[2] VCpu[0][m
[host_monotonic_s=186131.776040] [m[37m[  3.246277 2:18 axvm::runtime::vcpus:719] [32mVM[1] VCpu[0] running...[m
[host_monotonic_s=186131.776185] [m[37m[  3.246358 0:2 axvm::runtime::vcpus:627] [32mVCpu task Task(20, "VM[2]-VCpu[0]") created cpumask: [1, ][m
[host_monotonic_s=186131.776539] [m[37m[  3.246771 0:2 axvm::runtime:70] [32mVM[2] boot success[m
[host_monotonic_s=186131.776826] [m[37m[  3.246948 1:20 axvm::runtime::vcpus:681] [32mVM[2] VCpu[0] waiting for running[m
[host_monotonic_s=186131.777037] [m[37m[  3.247191 1:20 axvm::runtime::vcpus:719] [32mVM[2] VCpu[0] running...[m
[host_monotonic_s=186131.777403] [m[37m[  3.247655 0:2 axvisor:100] [32m[OK] Default guest initialized[m
[host_monotonic_s=186131.779758] [m[37m[  3.249868 0:17 axvisor::rt_burner:41] [32mRT_BURNER_ARMED cpu=0 start_delay_ms=60000[m
[host_monotonic_s=186131.814371] [m[VM 2] *** Booting Zephyr OS build v3.7.0 ***
[host_monotonic_s=186131.818169] [VM 2] PERIODIC LATENCY READY
[host_monotonic_s=186131.818397] [37m[  3.288578 2:18 axvm::runtime::hvc:258] [32mVM[1] PSCI_FEATURES function_id=0x80000000[m
[host_monotonic_s=186131.819223] [m[37m[  3.289439 2:18 axvm::runtime::hvc:258] [32mVM[1] PSCI_FEATURES function_id=0xc4000001[m
[host_monotonic_s=186131.819576] [m[37m[  3.289782 2:18 axvm::runtime::hvc:258] [32mVM[1] PSCI_FEATURES function_id=0xc400000e[m
[host_monotonic_s=186131.819851] [m[37m[  3.290074 2:18 axvm::runtime::hvc:258] [32mVM[1] PSCI_FEATURES function_id=0xc4000012[m
[host_monotonic_s=186131.820116] [m[37m[  3.290336 2:18 axvm::runtime::hvc:258] [32mVM[1] PSCI_FEATURES function_id=0xc4000015[m
[host_monotonic_s=186131.991853] [m[37m[  3.461997 2:18 axvm::runtime::hvc:272] [32mVM[1] PSCI_CPU_ON target=0x1 entry=0x8228158c context=0x0[m
[host_monotonic_s=186131.992479] [m[37m[  3.462705 2:18 axvm::runtime::vcpus:609] [32mSpawning task for VM[1] VCpu[1][m
[host_monotonic_s=186131.992720] [m[37m[  3.462892 2:18 axvm::runtime::vcpus:627] [32mVCpu task Task(23, "VM[1]-VCpu[1]") created cpumask: [3, ][m
[host_monotonic_s=186131.993760] [m[37m[  3.463718 3:23 axvm::runtime::vcpus:681] [32mVM[1] VCpu[1] waiting for running[m
[host_monotonic_s=186131.994466] [m[37m[  3.464675 3:23 axvm::runtime::vcpus:719] [32mVM[1] VCpu[1] running...[m
[host_monotonic_s=186132.197346] [m[VM 1] [    0.000000] Booting Linux on physical CPU 0x0000000000 [0x410fd083]
[host_monotonic_s=186132.238933] [VM 1] [    0.000000] Linux version 7.1.0-rc2-g74fe02ce122a (runner@s1lqc) (aarch64-linux-gnu-gcc (Ubuntu 13.3.0-6ubuntu2~24.04) 13.3.0, GNU ld (GNU Binutils for Ubuntu) 2.42) #2 SMP PREEMPT Mon Jun  8 08:07:46 UTC 2026
[host_monotonic_s=186132.248134] [VM 1] [    0.000000] KASLR disabled due to lack of seed
[host_monotonic_s=186132.256646] [VM 1] [    0.000000] Machine model: linux,dummy-virt
[host_monotonic_s=186132.263569] [VM 1] [    0.000000] efi: UEFI not found.
[host_monotonic_s=186132.277980] [VM 1] [    0.000000] OF: reserved mem: Reserved memory: No reserved-memory node in the DT
[host_monotonic_s=186132.292445] [VM 1] [    0.000000] NUMA: Faking a node at [mem 0x0000000080000000-0x00000000bfffffff]
[host_monotonic_s=186132.304033] [VM 1] [    0.000000] NODE_DATA(0) allocated [mem 0xbfe08940-0xbfe0b03f]
[host_monotonic_s=186132.314383] [VM 1] [    0.000000] cma: Reserved 32 MiB at 0x00000000bde00000
[host_monotonic_s=186132.324501] [VM 1] [    0.000000] psci: probing for conduit method from DT.
[host_monotonic_s=186132.333821] [VM 1] [    0.000000] psci: PSCIv1.1 detected in firmware.
[host_monotonic_s=186132.344529] [VM 1] [    0.000000] psci: Using standard PSCI v0.2 function IDs
[host_monotonic_s=186132.354233] [VM 1] [    0.000000] psci: Trusted OS migration not required
[host_monotonic_s=186132.364241] [VM 1] [    0.000000] psci: SMC Calling Convention v65535.65535
[host_monotonic_s=186132.369364] [VM 1] [    0.000000] Zone ranges:
[host_monotonic_s=186132.381296] [VM 1] [    0.000000]   DMA      [mem 0x0000000080000000-0x00000000bfffffff]
[host_monotonic_s=186132.387196] [VM 1] [    0.000000]   DMA32    empty
[host_monotonic_s=186132.393092] [VM 1] [    0.000000]   Normal   empty
[host_monotonic_s=186132.401563] [VM 1] [    0.000000] Movable zone start for each node
[host_monotonic_s=186132.408835] [VM 1] [    0.000000] Early memory node ranges
[host_monotonic_s=186132.420948] [VM 1] [    0.000000]   node   0: [mem 0x0000000080000000-0x00000000bfffffff]
[host_monotonic_s=186132.434650] [VM 1] [    0.000000] Initmem setup node 0 [mem 0x0000000080000000-0x00000000bfffffff]
[host_monotonic_s=186132.447062] [VM 1] [    0.000000] percpu: Embedded 26 pages/cpu s66584 r8192 d31720 u106496
[host_monotonic_s=186132.457242] [VM 1] [    0.000000] Detected PIPT I-cache on CPU0
[host_monotonic_s=186132.757849] [VM 1] [    0.000000] CPU features: detected: GICv3 CPU interface
[host_monotonic_s=186132.757863] [VM 1] [    0.000000] CPU features: detected: Spectre-v2
[host_monotonic_s=186132.757866] [VM 1] [    0.000000] CPU features: detected: Spectre-v3a
[host_monotonic_s=186132.757868] [VM 1] [    0.000000] CPU features: detected: Spectre-v4
[host_monotonic_s=186132.757971] [VM 1] [    0.000000] CPU features: detected: Spectre-BHB
[host_monotonic_s=186132.775590] [VM 1] [    0.000000] CPU features: detected: ARM erratum 1742098
[host_monotonic_s=186132.790401] [VM 1] [    0.000000] CPU features: detected: ARM errata 1165522, 1319367, or 1530923
[host_monotonic_s=186132.802657] [VM 1] [    0.000000] alternatives: applying boot alternatives
[host_monotonic_s=186132.849375] [VM 1] [    0.000000] Kernel command line: console=ttyAMA0 devtmpfs.mount=1 loglevel=7 isolcpus=1 nohz_full=1 irqaffinity=0 rt_scenario=stress-dedicated rt_cpu=1 rt_load_cpu=0 rt_loops=0 rt_duration_sec=60 rt_interval_us=1000 rt_maxlat_us=20000 rt_priority=90 rt_start_delay_sec=25
[host_monotonic_s=186132.863738] [VM 1] [    0.000000] Housekeeping: nohz unsupported. Build with CONFIG_NO_HZ_FULL
[host_monotonic_s=186132.906585] [VM 1] [    0.000000] Unknown kernel command line parameters "nohz_full=1 rt_scenario=stress-dedicated rt_cpu=1 rt_load_cpu=0 rt_loops=0 rt_duration_sec=60 rt_interval_us=1000 rt_maxlat_us=20000 rt_priority=90 rt_start_delay_sec=25", will be passed to user space.
[host_monotonic_s=186132.921452] [VM 1] [    0.000000] printk: log buffer data + meta data: 131072 + 458752 = 589824 bytes
[host_monotonic_s=186132.937635] [VM 1] [    0.000000] Dentry cache hash table entries: 131072 (order: 8, 1048576 bytes, linear)
[host_monotonic_s=186132.955388] [VM 1] [    0.000000] Inode-cache hash table entries: 65536 (order: 7, 524288 bytes, linear)
[host_monotonic_s=186132.969287] [VM 1] [    0.000000] software IO TLB: SWIOTLB bounce buffer size adjusted to 1MB
[host_monotonic_s=186132.977184] [VM 1] [    0.000000] software IO TLB: area num 2.
[host_monotonic_s=186132.992804] [VM 1] [    0.000000] software IO TLB: mapped [mem 0x00000000bcb00000-0x00000000bcc00000] (1MB)
[host_monotonic_s=186133.001347] [VM 1] [    0.000000] Fallback order for Node 0: 0 
[host_monotonic_s=186133.315908] [VM 1] [    0.000000] Built 1 zonelists, mobility grouping on.  Total pages: 262144
[host_monotonic_s=186133.315924] [VM 1] [    0.000000] Policy zone: DMA
[host_monotonic_s=186133.315927] [VM 1] [    0.000000] mem auto-init: stack:all(zero), heap alloc:off, heap free:off
[host_monotonic_s=186133.315931] [VM 1] [    0.000000] SLUB: HWalign=64, Order=0-3, MinObjects=0, CPUs=2, Nodes=1
[host_monotonic_s=186133.335311] [VM 1] [    0.000000] rcu: Preemptible hierarchical RCU implementation.
[host_monotonic_s=186133.344856] [VM 1] [    0.000000] rcu: 	RCU event tracing is enabled.
[host_monotonic_s=186133.359008] [VM 1] [    0.000000] rcu: 	RCU restricting CPUs from NR_CPUS=512 to nr_cpu_ids=2.
[host_monotonic_s=186133.369727] [VM 1] [    0.000000] 	Trampoline variant of Tasks RCU enabled.
[host_monotonic_s=186133.379464] [VM 1] [    0.000000] 	Tracing variant of Tasks RCU enabled.
[host_monotonic_s=186133.394446] [VM 1] [    0.000000] rcu: RCU calculated value of scheduler-enlistment delay is 25 jiffies.
[host_monotonic_s=186133.407810] [VM 1] [    0.000000] rcu: Adjusting geometry for rcu_fanout_leaf=16, nr_cpu_ids=2
[host_monotonic_s=186133.425595] [VM 1] [    0.000000] RCU Tasks: Setting shift to 1 and lim to 1 rcu_task_cb_adjust=1 rcu_task_cpu_ids=2.
[host_monotonic_s=186133.436513] [VM 1] [    0.000000] NR_IRQS: 64, nr_irqs: 64, preallocated irqs: 0
[host_monotonic_s=186133.444341] [VM 1] [    0.000000] GICv3: 256 SPIs implemented
[host_monotonic_s=186133.453741] [VM 1] [    0.000000] GICv3: 0 Extended SPIs implemented
[host_monotonic_s=186133.462599] [VM 1] [    0.000000] Root IRQ handler: gic_handle_irq
[host_monotonic_s=186133.473004] [VM 1] [    0.000000] GICv3: GICv3 features: 16 PPIs, RSS
[host_monotonic_s=186133.482220] [VM 1] [    0.000000] GICv3: GICD_CTLR.DS=0, SCR_EL3.FIQ=0
[host_monotonic_s=186133.495913] [VM 1] [    0.000000] GICv3: CPU0: found redistributor 0 region 0:0x00000000080a0000
[host_monotonic_s=186133.504681] [VM 1] [    0.000000] ITS [mem 0x08080000-0x0809ffff]
[host_monotonic_s=186133.523640] [VM 1] [    0.000000] ITS@0x0000000008080000: allocated 8192 Devices @83860000 (indirect, esz 8, psz 64K, shr 1)
[host_monotonic_s=186133.543807] [VM 1] [    0.000000] ITS@0x0000000008080000: allocated 8192 Interrupt Collections @83870000 (flat, esz 8, psz 64K, shr 1)
[host_monotonic_s=186133.555621] [VM 1] [    0.000000] GICv3: using LPI property table @0x0000000083880000
[host_monotonic_s=186133.871500] [VM 1] [    0.000000] GICv3: CPU0: using allocated LPI pending table @0x0000000083890000
[host_monotonic_s=186133.871516] [VM 1] [    0.000000] rcu: srcu_init: Setting srcu_struct sizes based on contention.
[host_monotonic_s=186133.871520] [VM 1] [    0.000000] arch_timer: cp15 timer running at 62.50MHz (virt).
[host_monotonic_s=186133.873344] [VM 1] [    0.000000] clocksource: arch_sys_counter: mask: 0x1ffffffffffffff max_cycles: 0x1cd42e208c, max_idle_ns: 881590405314 ns
[host_monotonic_s=186133.895866] [VM 1] [    0.000059] sched_clock: 57 bits at 63MHz, resolution 16ns, wraps every 4398046511096ns
[host_monotonic_s=186133.904783] [VM 1] [    0.008514] Console: colour dummy device 80x25
[host_monotonic_s=186133.925045] [VM 1] [    0.011633] Calibrating delay loop (skipped), value calculated using timer frequency.. 125.00 BogoMIPS (lpj=250000)
[host_monotonic_s=186133.934344] [VM 1] [    0.011728] pid_max: default: 32768 minimum: 301
[host_monotonic_s=186133.949275] [VM 1] [    0.016306] Mount-cache hash table entries: 2048 (order: 2, 16384 bytes, linear)
[host_monotonic_s=186133.969494] [VM 1] [    0.016343] Mountpoint-cache hash table entries: 2048 (order: 2, 16384 bytes, linear)
[host_monotonic_s=186133.979677] [VM 1] [    0.024855] VFS: Finished mounting rootfs on nullfs
[host_monotonic_s=186133.992192] [VM 1] [    0.044277] cacheinfo: Unable to detect cache hierarchy for CPU 0
[host_monotonic_s=186134.001777] [VM 1] [    0.056440] rcu: Hierarchical SRCU implementation.
[host_monotonic_s=186134.012541] [VM 1] [    0.056470] rcu: 	Max phase no-delay instances is 1000.
[host_monotonic_s=186134.028499] [VM 1] [    0.057293] Timer migration: 1 hierarchy levels; 8 children per group; 1 crossnode level
[host_monotonic_s=186134.038251] [VM 1] [    0.059777] fsl-mc MSI: its@8080000 domain created
[host_monotonic_s=186134.047722] [VM 1] [    0.060686] EFI services will not be available.
[host_monotonic_s=186134.057548] [VM 1] [    0.061426] smp: Bringing up secondary CPUs ...
[host_monotonic_s=186134.065657] [VM 1] [    0.069430] Detected PIPT I-cache on CPU1
[host_monotonic_s=186134.079834] [VM 1] [    0.070718] GICv3: CPU1: found redistributor 1 region 0:0x00000000080c0000
[host_monotonic_s=186134.094939] [VM 1] [    0.072855] GICv3: CPU1: using allocated LPI pending table @0x00000000838a0000
[host_monotonic_s=186134.108819] [VM 1] [    0.075356] CPU1: Booted secondary processor 0x0000000001 [0x410fd083]
[host_monotonic_s=186134.117135] [VM 1] [    0.081846] smp: Brought up 1 node, 2 CPUs
[host_monotonic_s=186134.126475] [VM 1] [    0.081876] SMP: Total of 2 processors activated.
[host_monotonic_s=186134.427114] [VM 1] [    0.081901] CPU: All CPU(s) started at EL1
[host_monotonic_s=186134.427131] [VM 1] [    0.082139] CPU features: detected: 32-bit EL0 Support
[host_monotonic_s=186134.427134] [VM 1] [    0.082149] CPU features: detected: 32-bit EL1 Support
[host_monotonic_s=186134.427137] [VM 1] [    0.082194] CPU features: detected: CRC32 instructions
[host_monotonic_s=186134.427555] [VM 1] [    0.082339] CPU features: detected: PMUv3
[host_monotonic_s=186134.446900] [VM 1] [    0.091337] alternatives: applying system-wide alternatives
[host_monotonic_s=186134.475637] [VM 1] [    0.117066] Memory: 919888K/1048576K available (18688K kernel code, 5242K rwdata, 14480K rodata, 12672K init, 718K bss, 92528K reserved, 32768K cma-reserved)
[host_monotonic_s=186134.482400] [VM 1] [    0.142068] devtmpfs: initialized
[host_monotonic_s=186134.502367] [VM 1] [    0.159264] clocksource: jiffies: mask: 0xffffffff max_cycles: 0xffffffff, max_idle_ns: 7645041785100000 ns
[host_monotonic_s=186134.516924] [VM 1] [    0.160522] posixtimers hash table entries: 1024 (order: 2, 16384 bytes, linear)
[host_monotonic_s=186134.534536] [VM 1] [    0.160742] futex hash table entries: 512 (32768 bytes on 1 NUMA nodes, total 32 KiB, linear).
[host_monotonic_s=186134.544106] [VM 1] [    0.162937] 19744 pages in range for non-PLT usage
[host_monotonic_s=186134.553618] [VM 1] [    0.162976] 511264 pages in range for PLT usage
[host_monotonic_s=186134.561743] [VM 1] [    0.175287] DMI: not present or invalid.
[host_monotonic_s=186134.573669] [VM 1] [    0.198953] NET: Registered PF_NETLINK/PF_ROUTE protocol family
[host_monotonic_s=186134.589571] [VM 1] [    0.213000] DMA: preallocated 128 KiB GFP_KERNEL|GFP_DMA pool for atomic allocations
[host_monotonic_s=186134.600457] [VM 1] [    0.213314] audit: initializing netlink subsys (disabled)
[host_monotonic_s=186134.616095] [VM 1] [    0.214902] audit: type=2000 audit(0.188:1): state=initialized audit_enabled=0 res=1
[host_monotonic_s=186134.629091] [VM 1] [    0.219595] thermal_sys: Registered thermal governor 'step_wise'
[host_monotonic_s=186134.642249] [VM 1] [    0.219632] thermal_sys: Registered thermal governor 'power_allocator'
[host_monotonic_s=186134.650541] [VM 1] [    0.219943] cpuidle: using governor menu
[host_monotonic_s=186134.664615] [VM 1] [    0.221539] hw-breakpoint: found 6 breakpoint and 4 watchpoint registers.
[host_monotonic_s=186134.980368] [VM 1] [    0.223365] ASID allocator initialised with 65536 entries
[host_monotonic_s=186134.980384] [VM 1] [    0.229334] Serial: AMBA PL011 UART driver
[host_monotonic_s=186134.980387] [VM 1] [    0.254051] 9000000.pl011: ttyAMA0 at MMIO 0x9000000 (irq = 13, base_baud = 0) is a PL011 rev1
[host_monotonic_s=186134.980391] [VM 1] [    0.258056] printk: console [ttyAMA0] enabled
[host_monotonic_s=186134.999032] [VM 1] [    1.013650] HugeTLB: registered 1.00 GiB page size, pre-allocated 0 pages
[host_monotonic_s=186135.011540] [VM 1] [    1.013680] HugeTLB: 0 KiB vmemmap can be freed for a 1.00 GiB page
[host_monotonic_s=186135.024923] [VM 1] [    1.013704] HugeTLB: registered 32.0 MiB page size, pre-allocated 0 pages
[host_monotonic_s=186135.040376] [VM 1] [    1.013707] HugeTLB: 0 KiB vmemmap can be freed for a 32.0 MiB page
[host_monotonic_s=186135.053877] [VM 1] [    1.013712] HugeTLB: registered 2.00 MiB page size, pre-allocated 0 pages
[host_monotonic_s=186135.066123] [VM 1] [    1.013715] HugeTLB: 0 KiB vmemmap can be freed for a 2.00 MiB page
[host_monotonic_s=186135.079401] [VM 1] [    1.013720] HugeTLB: registered 64.0 KiB page size, pre-allocated 0 pages
[host_monotonic_s=186135.091657] [VM 1] [    1.013723] HugeTLB: 0 KiB vmemmap can be freed for a 64.0 KiB page
[host_monotonic_s=186135.099972] [VM 1] [    2.741210] ACPI: Interpreter disabled.
[host_monotonic_s=186135.110823] [VM 1] [    3.175504] iommu: Default domain type: Translated
[host_monotonic_s=186135.123894] [VM 1] [    3.186104] iommu: DMA domain TLB invalidation policy: strict mode
[host_monotonic_s=186135.135544] [VM 1] [    3.201737] SCSI subsystem initialized
[host_monotonic_s=186135.150536] [VM 1] [    3.213346] usbcore: registered new interface driver usbfs
[host_monotonic_s=186135.164013] [VM 1] [    3.225943] usbcore: registered new interface driver hub
[host_monotonic_s=186135.174084] [VM 1] [    3.226103] usbcore: registered new device driver usb
[host_monotonic_s=186135.183748] [VM 1] [    3.227097] pps_core: LinuxPPS API ver. 1 registered
[host_monotonic_s=186135.201276] [VM 1] [    3.227111] pps_core: Software ver. 5.3.6 - Copyright 2005-2007 Rodolfo Giometti <giometti@linux.it>
[host_monotonic_s=186135.209168] [VM 1] [    3.227154] PTP clock support registered
[host_monotonic_s=186135.215528] [VM 1] [    3.227468] EDAC MC: Ver: 3.0.0
[host_monotonic_s=186135.226198] [VM 1] [    3.290936] scmi_core: SCMI protocol bus registered
[host_monotonic_s=186135.235701] [VM 1] [    3.303345] FPGA manager framework
[host_monotonic_s=186135.536088] [VM 1] [    3.320001] vgaarb: loaded
[host_monotonic_s=186135.536100] [VM 1] [    3.330809] clocksource: Switched to clocksource arch_sys_counter
[host_monotonic_s=186135.536102] [VM 1] [    3.345635] VFS: Disk quotas dquot_6.6.0
[host_monotonic_s=186135.536105] [VM 1] [    3.356304] VFS: Dquot-cache hash table entries: 512 (order 0, 4096 bytes)
[host_monotonic_s=186135.536107] [VM 1] [    3.372403] pnp: PnP ACPI: disabled
[host_monotonic_s=186135.573527] [VM 1] [    3.638101] NET: Registered PF_INET protocol family
[host_monotonic_s=186135.589604] [VM 1] [    3.649665] IP idents hash table entries: 16384 (order: 5, 131072 bytes, linear)
[host_monotonic_s=186135.610046] [VM 1] [    3.668321] tcp_listen_portaddr_hash hash table entries: 512 (order: 1, 8192 bytes, linear)
[host_monotonic_s=186135.625381] [VM 1] [    3.684993] Table-perturb hash table entries: 65536 (order: 6, 262144 bytes, linear)
[host_monotonic_s=186135.640693] [VM 1] [    3.700388] TCP established hash table entries: 8192 (order: 4, 65536 bytes, linear)
[host_monotonic_s=186135.655056] [VM 1] [    3.715812] TCP bind hash table entries: 8192 (order: 6, 262144 bytes, linear)
[host_monotonic_s=186135.668212] [VM 1] [    3.730325] TCP: Hash tables configured (established 8192 bind 8192)
[host_monotonic_s=186135.682573] [VM 1] [    3.744405] UDP hash table entries: 512 (order: 3, 32768 bytes, linear)
[host_monotonic_s=186135.695618] [VM 1] [    3.759131] NET: Registered PF_UNIX/PF_LOCAL protocol family
[host_monotonic_s=186135.711117] [VM 1] [    3.773731] RPC: Registered named UNIX socket transport module.
[host_monotonic_s=186135.721484] [VM 1] [    3.786291] RPC: Registered udp transport module.
[host_monotonic_s=186135.731226] [VM 1] [    3.796462] RPC: Registered tcp transport module.
[host_monotonic_s=186135.743401] [VM 1] [    3.807124] RPC: Registered tcp-with-tls transport module.
[host_monotonic_s=186135.756535] [VM 1] [    3.818401] RPC: Registered tcp NFSv4.1 backchannel transport module.
[host_monotonic_s=186135.764679] [VM 1] [    3.831486] PCI: CLS 0 bytes, default 64
[host_monotonic_s=186135.776852] [VM 1] [    3.844376] Unpacking initramfs...
[host_monotonic_s=186136.087762] [VM 1] [    3.851915] kvm [1]: HYP mode not available
[host_monotonic_s=186136.087780] [VM 1] [    3.865016] Initialise system trusted keyrings
[host_monotonic_s=186136.087785] [VM 1] [    3.880274] workingset: timestamp_bits=42 (anon: 38) max_order=18 bucket_order=0 (anon: 0)
[host_monotonic_s=186136.087790] [VM 1] [    3.898100] squashfs: version 4.0 (2009/01/31) Phillip Lougher
[host_monotonic_s=186136.109894] [VM 1] [    4.173454] NFS: Registering the id_resolver key type
[host_monotonic_s=186136.118282] [VM 1] [    4.173756] Key type id_resolver registered
[host_monotonic_s=186136.126283] [VM 1] [    4.173789] Key type id_legacy registered
[host_monotonic_s=186136.139031] [VM 1] [    4.174056] nfs4filelayout_init: NFSv4 File Layout Driver Registering...
[host_monotonic_s=186136.154476] [VM 1] [    4.174140] nfs4flexfilelayout_init: NFSv4 Flexfile Layout Driver Registering...
[host_monotonic_s=186136.174854] [VM 1] [    4.235518] 9p: Installing v9fs 9p2000 file system support
[host_monotonic_s=186136.183794] [VM 1] [    4.237624] Key type asymmetric registered
[host_monotonic_s=186136.194664] [VM 1] [    4.237927] Asymmetric key parser 'x509' registered
[host_monotonic_s=186136.210113] [VM 1] [    4.238366] Block layer SCSI generic (bsg) driver version 0.4 loaded (major 244)
[host_monotonic_s=186136.221727] [VM 1] [    4.287119] io scheduler mq-deadline registered
[host_monotonic_s=186136.233701] [VM 1] [    4.299025] io scheduler kyber registered
[host_monotonic_s=186136.242175] [VM 1] [    4.299595] io scheduler bfq registered
[host_monotonic_s=186136.280982] [VM 1] [    4.343407] ledtrig-cpu: registered to indicate activity on CPUs
[host_monotonic_s=186136.688867] [VM 1] [    4.448170] Serial: 8250/16550 driver, 4 ports, IRQ sharing enabled
[host_monotonic_s=186136.688880] [VM 1] [    4.476851] msm_serial: driver initialized
[host_monotonic_s=186136.688883] [VM 1] [    4.491992] SuperH (H)SCI(F) driver initialized
[host_monotonic_s=186136.688886] [VM 1] [    4.492445] STM32 USART driver initialized
[host_monotonic_s=186136.688888] [VM 1] [    4.556381] loop: module loaded
[host_monotonic_s=186136.688890] [VM 1] [    4.558459] megasas: 07.734.00.00-rc1
[host_monotonic_s=186136.728748] [VM 1] [    4.793185] tun: Universal TUN/TAP device driver, 1.6
[host_monotonic_s=186136.768371] [VM 1] [    4.836269] thunder_xcv, ver 1.0
[host_monotonic_s=186136.782933] [VM 1] [    4.847138] thunder_bgx, ver 1.0
[host_monotonic_s=186136.788738] [VM 1] [    4.847527] nicpf, ver 1.0
[host_monotonic_s=186136.798179] [VM 1] [    4.849810] e1000: Intel(R) PRO/1000 Network Driver
[host_monotonic_s=186136.809425] [VM 1] [    4.850009] e1000: Copyright (c) 1999-2006 Intel Corporation.
[host_monotonic_s=186136.819044] [VM 1] [    4.850335] e1000e: Intel(R) PRO/1000 Network Driver
[host_monotonic_s=186136.835721] [VM 1] [    4.898940] e1000e: Copyright(c) 1999 - 2015 Intel Corporation.
[host_monotonic_s=186136.847399] [VM 1] [    4.911149] igb: Intel(R) Gigabit Ethernet Network Driver
[host_monotonic_s=186136.858690] [VM 1] [    4.922245] igb: Copyright (c) 2007-2014 Intel Corporation.
[host_monotonic_s=186136.871338] [VM 1] [    4.933712] igbvf: Intel(R) Gigabit Virtual Function Network Driver
[host_monotonic_s=186136.883298] [VM 1] [    4.946239] igbvf: Copyright (c) 2009 - 2012 Intel Corporation.
[host_monotonic_s=186136.892273] [VM 1] [    4.959338] sky2: driver version 1.30
[host_monotonic_s=186136.907024] [VM 1] [    4.971554] VFIO - User Level meta-driver version: 0.3
[host_monotonic_s=186136.935033] [VM 1] [    4.995787] usbcore: registered new interface driver usb-storage
[host_monotonic_s=186137.251689] [VM 1] [    5.016849] i2c_dev: i2c /dev entries driver
[host_monotonic_s=186137.251705] [VM 1] [    5.063473] SMCCC: SOC_ID: ARCH_SOC_ID not implemented, skipping ....
[host_monotonic_s=186137.251710] [VM 1] [    5.083204] usbcore: registered new interface driver usbhid
[host_monotonic_s=186137.251713] [VM 1] [    5.083422] usbhid: USB HID core driver
[host_monotonic_s=186137.251716] [VM 1] [    5.117715] NET: Registered PF_INET6 protocol family
[host_monotonic_s=186137.252206] [VM 1] [    5.145461] Segment Routing with IPv6
[host_monotonic_s=186137.271165] [VM 1] [    5.333621] In-situ OAM (IOAM) with IPv6
[host_monotonic_s=186137.289937] [VM 1] [    5.351380] sit: IPv6, IPv4 and MPLS over IPv4 tunneling driver
[host_monotonic_s=186137.303670] [VM 1] [    5.366457] NET: Registered PF_PACKET protocol family
[host_monotonic_s=186137.313862] [VM 1] [    5.380013] 9pnet: Installing 9P2000 support
[host_monotonic_s=186137.325828] [VM 1] [    5.391281] Key type dns_resolver registered
[host_monotonic_s=186137.385689] [VM 1] [    5.451970] registered taskstats version 1
[host_monotonic_s=186137.397223] [VM 1] [    5.461882] Loading compiled-in X.509 certificates
[host_monotonic_s=186137.435204] [VM 1] [    5.500955] Demotion targets for Node 0: null
[host_monotonic_s=186137.454349] [VM 1] [    5.520921] clk: Disabling unused clocks
[host_monotonic_s=186137.470779] [VM 1] [    5.535285] PM: genpd: Disabling unused power domains
[host_monotonic_s=186137.850103] [VM 1] [    5.916350] Freeing initrd memory: 19160K
[host_monotonic_s=186138.150295] [VM 1] [    6.016911] Freeing unused kernel memory: 12672K
[host_monotonic_s=186138.150301] [VM 1] [    6.028334] Run /init as init process
[host_monotonic_s=186138.951279] [VM 1] RT_INIT scenario=stress-dedicated cpu=1 load_cpu=0 loops=0 duration_sec=60 interval_us=1000 maxlat_us=20000 priority=90 start_delay_sec=25
[host_monotonic_s=186138.951287] [VM 1] RT_CPUS total=2
[host_monotonic_s=186138.951288] [VM 1] RT_SCHED_PROBE_START
[host_monotonic_s=186138.951290] [VM 1] pid 1's current scheduling policy: SCHED_OTHER
[host_monotonic_s=186138.951291] [VM 1] pid 1's current scheduling priority: 0
[host_monotonic_s=186138.958970] [VM 1] RT_SCHED_PROBE_OK
[host_monotonic_s=186138.964239] [VM 1] RT_WAIT_BEFORE_TEST seconds=25
[host_monotonic_s=186163.168090] [VM 1] RT_STRESS_START cpu=0 workers=2 vm=1
[host_monotonic_s=186163.172106] [VM 1] RT_CYCLICTEST_START
[host_monotonic_s=186163.178993] [VM 1] RT_CYCLICTEST_TIMING_START uptime_s=28.71
[host_monotonic_s=186163.268770] [VM 1] RT_PROGRESS uptime_s=28.76
[host_monotonic_s=186163.281206] [VM 1] stress-ng: info:  [68] defaulting to a 1 day run per stressor
[host_monotonic_s=186163.302781] [VM 1] stress-ng: info:  [68] dispatching hogs: 2 cpu, 1 vm
[host_monotonic_s=186163.397079] [VM 1] stress-ng: info:  [77] vm: non-temporal memory stores not supported, dropping back to plain memory stores
[host_monotonic_s=186163.469149] [VM 1] stress-ng: info:  [77] vm: using 64MB per stressor instance (total 64MB of 871.44MB available memory)
[host_monotonic_s=186164.270770] 
[host_monotonic_s=186164.270788] [Axvisor] detached VM[1] console
[host_monotonic_s=186164.270793] Welcome to AxVisor Shell!
[host_monotonic_s=186164.270798] Type 'help' to see available commands
[host_monotonic_s=186164.270802] Use UP/DOWN arrows to navigate command history
[host_monotonic_s=186164.270805] Console shortcuts:
[host_monotonic_s=186164.270808]   Ctrl+X, then h  return to the Axvisor shell
[host_monotonic_s=186164.270810]   Ctrl+X, then [  attach the previous running guest
[host_monotonic_s=186164.271513]   Ctrl+X, then ]  attach the next running guest
[host_monotonic_s=186164.272265] Note: Running with limited features (filesystem support disabled).
[host_monotonic_s=186164.272385] 
[host_monotonic_s=186165.074610] [2Kaxvisor:$ [2Kaxvisor:$ v[2Kaxvisor:$ vm[2Kaxvisor:$ vm [2Kaxvisor:$ vm c[2Kaxvisor:$ vm co[2Kaxvisor:$ vm con[2Kaxvisor:$ vm cons[2Kaxvisor:$ vm conso[2Kaxvisor:$ vm consol[2Kaxvisor:$ vm console[2Kaxvisor:$ vm console [2Kaxvisor:$ vm console 2
[host_monotonic_s=186165.074688] ✓ Attached VM[2] console; use Ctrl+X, then h to return to the shell
[host_monotonic_s=186166.082151] PERIODIC LATENCY START
[host_monotonic_s=186166.092944] PERIODIC LATENCY SETTLE delay_ms=45000
[host_monotonic_s=186166.893451] 
[host_monotonic_s=186166.893456] [Axvisor] detached VM[2] console
[host_monotonic_s=186167.694478] [2Kaxvisor:$ [2Kaxvisor:$ r[2Kaxvisor:$ rt[2Kaxvisor:$ rt [2Kaxvisor:$ rt s[2Kaxvisor:$ rt st[2Kaxvisor:$ rt sta[2Kaxvisor:$ rt stat
[host_monotonic_s=186167.694483] RT vCPU wait counters:
[host_monotonic_s=186167.694484]   vcpu=0 parks=15555 wakes=15552 notify_woke=1
[host_monotonic_s=186167.694485]   vcpu=1 parks=4580 wakes=4480 notify_woke=0
[host_monotonic_s=186167.694485]   lr_skips=0
[host_monotonic_s=186167.694510] RT device-poll counters:
[host_monotonic_s=186167.694669]   vm=1 published=0 consumed=0 pending=false
[host_monotonic_s=186167.694943]   vm=2 published=1 consumed=1 pending=false
[host_monotonic_s=186167.694991] RT AxVM timer counters:
[host_monotonic_s=186167.695174]   cpu=0 registered=0 cancelled=0 expired=0 worker_wakes=3602
[host_monotonic_s=186167.695291]   cpu=1 registered=30855 cancelled=15429 expired=15425 worker_wakes=15426
[host_monotonic_s=186167.695418]   cpu=2 registered=253 cancelled=138 expired=115 worker_wakes=3858
[host_monotonic_s=186167.695526]   cpu=3 registered=8774 cancelled=5227 expired=3546 worker_wakes=7354
[host_monotonic_s=186167.695656] RT host hardware timer IRQ counters:
[host_monotonic_s=186167.695680]   cpu=0 irqs=3803
[host_monotonic_s=186167.695731]   cpu=1 irqs=15426
[host_monotonic_s=186167.695761]   cpu=2 irqs=3900
[host_monotonic_s=186167.695791]   cpu=3 irqs=7370
[host_monotonic_s=186167.696317] RT console counters: attached=None flush_calls=2631492 host_write_bytes=16628
[host_monotonic_s=186167.696595]   vm=1 active=true input_enqueued=0 input_drained=0 input_dropped=0 input_pending=0 output_enqueued=14883 output_drained=14883 output_dropped=0 output_pending=0
[host_monotonic_s=186167.696855]   vm=2 active=true input_enqueued=1 input_drained=1 input_dropped=0 input_pending=0 output_enqueued=128 output_drained=128 output_dropped=0 output_pending=0
[host_monotonic_s=186171.899997] axvisor:$ 