dedicated_cpus=1
VM Load @PA:0x40200000
VM Load Offset: 0xffff0000c0200000
Memory Map:
  Free   0x00000040000000 - 0x00000040200000 (2 MiB)
  KImg   0x00000040200000 - 0x00000044c00000 (74 MiB)
  Free   0x00000044c00000 - 0x00000240000000 (7.93 GiB)
Initialize RAM allocator: 0x44c00000..0x240000000
Reserving CPU-local areas
CPU-local area stride: 0x44000 bytes
Total CPU-local allocation: 0x110000 bytes (4 CPUs)
Flushed RAM used range to memory map: 0x44c00000..0x44d00000, current: 0x44d00000
Flushed RAM used range to memory map: 0x44d00000..0x44e10000, current: 0x44e10000
CPU-local areas allocated at 0x44d00000 - 0x44e10000
EL: 2
Mapping early memory regions...
Ram                 : [0x0000000040000000, 0x0000000240000000) -> [0x0000000040000000, 0x0000000240000000) (8 GiB)
KImage              : [0x0000ffff80000000, 0x0000ffff84a00000) -> [0x0000000040200000, 0x0000000044c00000) (74 MiB)
PerCpu              : [0x0000ff0044d00000, 0x0000ff0044e10000) -> [0x0000000044d00000, 0x0000000044e10000) (1.06 MiB)
Debug serial        : [0x0000000009000000, 0x0000000009001000) -> [0x0000000009000000, 0x0000000009001000) (4 KiB)
Boot page table at physical address: PA:0x44e10000
Setting up table registers...
MMU Entry point at physical address: 0x403bcb1c
Trap vector at 0xffff801c0800
Memory Map:
  MMIO   0x00000009000000 - 0x00000009001000 (4 KiB)
  Free   0x00000040000000 - 0x00000040200000 (2 MiB)
  KImg   0x00000040200000 - 0x00000044c00000 (74 MiB)
  Rsv    0x00000044c00000 - 0x00000044d00000 (1 MiB)
  PerCPU 0x00000044d00000 - 0x00000044e10000 (1.06 MiB)
  Rsv    0x00000044e10000 - 0x00000044e1a000 (40 KiB)
  Free   0x00000044e1a000 - 0x00000240000000 (7.92 GiB)
Jumping to main entry point at 0xffff801a493c with SP 0x0000ff0044d44000

       d8888                            .d88888b.   .d8888b.
      d88888                           d88P" "Y88b d88P  Y88b
     d88P888                           888     888 Y88b.
    d88P 888 888d888  .d8888b  .d88b.  888     888  "Y888b.
   d88P  888 888P"   d88P"    d8P  Y8b 888     888     "Y88b.
  d88P   888 888     888      88888888 888     888       "888
 d8888888888 888     Y88b.    Y8b.     Y88b. .d88P Y88b  d88P
d88P     888 888      "Y8888P  "Y8888   "Y88888P"   "Y8888P"

arch = aarch64
platform = linux,dummy-virt
target = aarch64-unknown-none-softfloat
build_mode = 
log_level = info
backtrace = false
smp = 4

[37m[  0.061117 ax_runtime:220] [32mLogging is enabled.[m
[m[37m[  0.061556 ax_runtime:221] [32mPrimary CPU 0 started, arg = 0x44c00000.[m
[m[37m[  0.061676 ax_runtime:223] [32mFound physcial memory regions:[m
[m[37m[  0.062800 ax_runtime:225] [32m  [PA:0x9000000, PA:0x9001000) mmio (READ | WRITE | DEVICE | RESERVED)[m
[m[37m[  0.063064 ax_runtime:225] [32m  [PA:0x40000000, PA:0x40200000) free memory (READ | WRITE | FREE)[m
[m[37m[  0.063227 ax_runtime:225] [32m  [PA:0x40200000, PA:0x44c00000) reserved (READ | WRITE | EXECUTE | RESERVED)[m
[m[37m[  0.063373 ax_runtime:225] [32m  [PA:0x44c00000, PA:0x44d00000) reserved (READ | WRITE | EXECUTE | RESERVED)[m
[m[37m[  0.063512 ax_runtime:225] [32m  [PA:0x44d00000, PA:0x44e10000) reserved (READ | WRITE | EXECUTE | RESERVED)[m
[m[37m[  0.063651 ax_runtime:225] [32m  [PA:0x44e10000, PA:0x44e1a000) reserved (READ | WRITE | EXECUTE | RESERVED)[m
[m[37m[  0.063791 ax_runtime:225] [32m  [PA:0x44e1a000, PA:0x240000000) free memory (READ | WRITE | FREE)[m
[m[37m[  0.063939 ax_runtime:375] [32mInitialize global memory allocator...[m
[m[37m[  0.064057 ax_runtime:376] [32m  use buddy-slab-allocator allocator.[m
[m[37m[  0.064295 ax_alloc::buddy_slab:158] [32mInitialize global memory allocator, start_vaddr: 0x44e1a000, size: 0x1fb1e6000[m
[m[37m[  0.072111 ax_alloc::buddy_slab:424] [32mglobal allocator initialized[m
[m[37m[  0.072327 ax_alloc::buddy_slab:168] [32mAdd memory region, start_vaddr: 0x40000000, size: 0x200000[m
[m[37m[  0.072520 buddy_slab_allocator::global:151] [32mGlobalAllocator: skip region 0x40000000+0x200000, no allocator-visible memory after 2097152 alignment[m
[m[37m[  0.072892 ax_runtime:260] [32mkernel aspace: [VA:0x0, VA:0xffffffffffffffff)[m
[m[37m[  0.073113 ax_mm:103] [32mInitialize virtual memory management...[m
[m[37m[  0.791318 ax_runtime:272] [32mInitialize platform devices...[m
[m[37m[  0.798389 someboot::arch::power:23] [32mPower management method : SMC[m
[m[37m[  0.798593 somehal::driver:5] [32mInitializing rdrive with FDT at 0x44c00000[m
[m[37m[  0.812379 somehal::arch::gic::v3:274] [32mGICv3 CPU 0 EOI mode: two_step=true[m
[m[37m[  0.887446 ax_runtime:558] [32mDedicated (no-tick) host CPUs: 0b10[m
[m[37m[  0.887631 ax_task::api:158] [32mInitialize scheduling...[m
[m[37m[  0.888937 ax_task::api:166] [32m  use FIFO scheduler.[m
[m[37m[  0.889298 ax_runtime:300] [32mInitialize interrupt handlers...[m
[m[37m[  0.891543 ax_runtime::devices:2] [32mProbe platform devices...[m
[m[37m[  0.905438 somehal::arch::gic::v3:274] [32mGICv3 CPU 1 EOI mode: two_step=true[m
[m[37m[  0.905977 ax_runtime::mp:79] [32mSecondary CPU 1 started.[m
[m[37m[  0.906987 ax_runtime::mp:110] [32mSecondary CPU 1 init OK.[m
[m[37m[  0.917337 somehal::arch::gic::v3:274] [32mGICv3 CPU 2 EOI mode: two_step=true[m
[m[37m[  0.917596 ax_runtime::mp:79] [32mSecondary CPU 2 started.[m
[m[37m[  0.917918 ax_runtime::mp:110] [32mSecondary CPU 2 init OK.[m
[m[37m[  0.928925 somehal::arch::gic::v3:274] [32mGICv3 CPU 3 EOI mode: two_step=true[m
[m[37m[  0.929158 ax_runtime::mp:79] [32mSecondary CPU 3 started.[m
[m[37m[  0.929228 ax_runtime:348] [32mPrimary CPU 0 init OK.[m
[m[37m[  0.929692 ax_runtime::mp:110] [32mSecondary CPU 3 init OK.[m
[m

       d8888            888     888  d8b
      d88888            888     888  Y8P
     d88P888            888     888
    d88P 888  888  888  Y88b   d88P  888  .d8888b    .d88b.   888d888
   d88P  888  `Y8bd8P'   Y88b d88P   888  88K       d88""88b  888P"
  d88P   888    X88K      Y88o88P    888  "Y8888b.  888  888  888
 d8888888888  .d8""8b.     Y888P     888       X88  Y88..88P  888
d88P     888  888  888      Y8P      888   88888P'   "Y88P"   888


by AxVisor Team

[37m[  0.932909 0:2 axvisor:78] [32mRT partition host CPU mask established: 0b10[m
[m[37m[  0.933058 0:2 axvisor:81] [32mStarting virtualization...[m
[m[37m[  0.933215 0:2 axvm::host::arceos:335] [32mEnabling hardware virtualization support on all cores...[m
[m[37m[  0.933410 0:2 axvm::host::arceos:341] [32mCore 0 is initializing hardware virtualization support...[m
[m[37m[  0.933609 0:2 axvm::timer:349] [32mInitializing AxVM timer wheel...[m
[m[37m[  0.939179 0:2 axvm::host::arceos:343] [32mHardware virtualization support enabled on core 0[m
[m[37m[  0.940046 0:2 axvm::host::arceos:370] [32mWaiting for all cores to enable hardware virtualization...[m
[m[37m[  0.940674 1:11 axvm::host::arceos:353] [32mCore 1 is initializing hardware virtualization support...[m
[m[37m[  0.940686 2:12 axvm::host::arceos:353] [32mCore 2 is initializing hardware virtualization support...[m
[m[37m[  0.940882 1:11 axvm::timer:349] [32mInitializing AxVM timer wheel...[m
[m[37m[  0.940718 3:13 axvm::host::arceos:353] [32mCore 3 is initializing hardware virtualization support...[m
[m[37m[  0.941054 2:12 axvm::timer:349] [32mInitializing AxVM timer wheel...[m
[m[37m[  0.941476 3:13 axvm::timer:349] [32mInitializing AxVM timer wheel...[m
[m[37m[  0.941617 1:11 axvm::host::arceos:357] [32mHardware virtualization support enabled on core 1 (2/4)[m
[m[37m[  0.941717 2:12 axvm::host::arceos:357] [32mHardware virtualization support enabled on core 2 (3/4)[m
[m[37m[  0.941925 3:13 axvm::host::arceos:357] [32mHardware virtualization support enabled on core 3 (4/4)[m
[m[37m[  0.943391 0:2 axvm::host::arceos:381] [32mAll cores have enabled hardware virtualization support.[m
[m[37m[  0.943660 0:2 axvisor::config:91] [32mUsing static VM configs.[m
[m[37m[  0.959970 0:2 axvm::arch::aarch64::fdt::core:79] [32mVM[1] virtual GIC follows host firmware resources: GuestGicProfile { compatible: "arm,gic-v3", node_path: "/intc@8000000", node_phandle: Some(32773), distributor: GuestMmioRegion { base: 134217728, length: 65536 }, cpu_region: Redistributors(GuestGicRedistributorProfile { regions: [GuestMmioRegion { base: 134873088, length: 16121856 }], stride: 131072 }), its: [GuestItsProfile { id: ItsId(0), node_path: "/intc@8000000/its@8080000", node_phandle: Some(32774), registers: GuestMmioRegion { base: 134742016, length: 131072 } }] }[m
[m[37m[  0.962854 0:2 axvm::arch::aarch64::fdt::core:93] [32mVM[1] architectural timer follows host firmware PPIs[m
[m[37m[  0.967008 0:2 axvm::arch::aarch64::fdt::core::parser:442] [32mCPU node: /cpus/cpu@0, node_id: 0x0, hardware_cpu_id: 0x0[m
[m[37m[  0.967248 0:2 axvm::arch::aarch64::fdt::core::parser:442] [32mCPU node: /cpus/cpu@1, node_id: 0x1, hardware_cpu_id: 0x1[m
[m[37m[  0.967459 0:2 axvm::arch::aarch64::fdt::core::parser:442] [32mCPU node: /cpus/cpu@2, node_id: 0x2, hardware_cpu_id: 0x2[m
[m[37m[  0.967636 0:2 axvm::arch::aarch64::fdt::core::parser:442] [32mCPU node: /cpus/cpu@3, node_id: 0x3, hardware_cpu_id: 0x3[m
[m[37m[  0.967875 0:2 axvm::arch::aarch64::fdt::core::parser:449] [32mFound 4 host CPU nodes[m
[m[37m[  0.968394 0:2 axvm::arch::aarch64::fdt::core:144] [32mVM[1] DTB not found, generating from the VM configuration[m
[m[37m[  0.979519 0:2 axvm::arch::aarch64::fdt::core::device:96] [32mFound excluded devices: ["/intc@8000000", "/pl011@9000000", "/timer", "/intc@8000000/its@8080000"][m
[m[37m[  0.989828 0:2 axvm::arch::aarch64::fdt::core::device:96] [32mFound excluded devices: ["/intc@8000000", "/pl011@9000000", "/timer", "/intc@8000000/its@8080000"][m
[m[37m[  0.990918 0:2 axvisor::config:258] [32mCreating VM[1] "rt-partition-linux"[m
[m[37m[  1.007823 0:2 axvm::vm:1039] [32mVM created: id=1[m
[m[37m[  2.126798 0:2 axvisor::config:270] [32mVM[1] created success, loading images...[m
[m[37m[  2.239097 0:2 axvm::boot::images:137] [32mLoading ramdisk image from memory (19620641 bytes) into GPA @0x84000000[m
[m[37m[  2.296751 0:2 axdevice::device:1232] [32mDeviceRuntime: registered device id=0[m
[m[37m[  2.429039 0:2 axdevice::device:1232] [32mDeviceRuntime: registered device id=1[m
[m[37m[  2.430011 0:2 axdevice::device:1232] [32mDeviceRuntime: registered device id=2[m
[m[37m[  2.435564 0:2 axdevice::device:1232] [32mDeviceRuntime: registered device id=3[m
[m[37m[  2.440387 0:2 axdevice::device:1232] [32mDeviceRuntime: registered device id=4[m
[m[37m[  2.443918 0:2 axvm::vm::prepare:82] [32mVM setup: id=1[m
[m[37m[  2.446484 0:2 axvm::arch::aarch64::fdt::core:79] [32mVM[2] virtual GIC follows host firmware resources: GuestGicProfile { compatible: "arm,gic-v3", node_path: "/intc@8000000", node_phandle: Some(32773), distributor: GuestMmioRegion { base: 134217728, length: 65536 }, cpu_region: Redistributors(GuestGicRedistributorProfile { regions: [GuestMmioRegion { base: 134873088, length: 16121856 }], stride: 131072 }), its: [GuestItsProfile { id: ItsId(0), node_path: "/intc@8000000/its@8080000", node_phandle: Some(32774), registers: GuestMmioRegion { base: 134742016, length: 131072 } }] }[m
[m[37m[  2.447218 0:2 axvm::arch::aarch64::fdt::core:93] [32mVM[2] architectural timer follows host firmware PPIs[m
[m[37m[  2.450523 0:2 axvm::arch::aarch64::fdt::core::parser:442] [32mCPU node: /cpus/cpu@0, node_id: 0x0, hardware_cpu_id: 0x0[m
[m[37m[  2.450700 0:2 axvm::arch::aarch64::fdt::core::parser:442] [32mCPU node: /cpus/cpu@1, node_id: 0x1, hardware_cpu_id: 0x1[m
[m[37m[  2.450871 0:2 axvm::arch::aarch64::fdt::core::parser:442] [32mCPU node: /cpus/cpu@2, node_id: 0x2, hardware_cpu_id: 0x2[m
[m[37m[  2.451039 0:2 axvm::arch::aarch64::fdt::core::parser:442] [32mCPU node: /cpus/cpu@3, node_id: 0x3, hardware_cpu_id: 0x3[m
[m[37m[  2.451269 0:2 axvm::arch::aarch64::fdt::core::parser:449] [32mFound 4 host CPU nodes[m
[m[37m[  2.451399 0:2 axvm::arch::aarch64::fdt::core:144] [32mVM[2] DTB not found, generating from the VM configuration[m
[m[37m[  2.458444 0:2 axvm::arch::aarch64::fdt::core::device:96] [32mFound excluded devices: ["/intc@8000000", "/pl011@9000000", "/timer", "/intc@8000000/its@8080000"][m
[m[37m[  2.462923 0:2 axvm::arch::aarch64::fdt::core::device:96] [32mFound excluded devices: ["/intc@8000000", "/pl011@9000000", "/timer", "/intc@8000000/its@8080000"][m
[m[37m[  2.463384 0:2 axvisor::config:258] [32mCreating VM[2] "rt-partition-zephyr"[m
[m[37m[  2.464410 0:2 axvm::vm:1039] [32mVM created: id=2[m
[m[37m[  3.010381 0:2 axvisor::config:270] [32mVM[2] created success, loading images...[m
[m[37m[  3.015111 0:2 axdevice::device:1232] [32mDeviceRuntime: registered device id=0[m
[m[37m[  3.015261 0:2 axdevice::device:1232] [32mDeviceRuntime: registered device id=1[m
[m[37m[  3.265682 0:2 axdevice::device:1232] [32mDeviceRuntime: registered device id=2[m
[m[37m[  3.267195 0:2 axdevice::device:1232] [32mDeviceRuntime: registered device id=3[m
[m[37m[  3.268129 0:2 axvm::vm::prepare:82] [32mVM setup: id=2[m
[m[37m[  3.270695 0:2 axvm::runtime:51] [32mInitializing VMM...[m
[m[37m[  3.273547 0:2 axvm::runtime:62] [32mVMM starting, booting VMs...[m
[m[37m[  3.274166 0:2 axvm::vm:1254] [32mStarting VM[1][m
[m[37m[  3.274765 0:2 axvm::runtime::vcpus:609] [32mSpawning task for VM[1] VCpu[0][m
[m[37m[  3.275809 0:2 axvm::runtime::vcpus:627] [32mVCpu task Task(17, "VM[1]-VCpu[0]") created cpumask: [2, ][m
[m[37m[  3.280910 0:2 axvm::runtime:70] [32mVM[1] boot success[m
[m[37m[  3.280987 2:17 axvm::runtime::vcpus:681] [32mVM[1] VCpu[0] waiting for running[m
[m[37m[  3.281017 0:2 axvm::vm:1254] [32mStarting VM[2][m
[m[37m[  3.281215 0:2 axvm::runtime::vcpus:609] [32mSpawning task for VM[2] VCpu[0][m
[m[37m[  3.281394 0:2 axvm::runtime::vcpus:627] [32mVCpu task Task(19, "VM[2]-VCpu[0]") created cpumask: [1, ][m
[m[37m[  3.281521 2:17 axvm::runtime::vcpus:719] [32mVM[1] VCpu[0] running...[m
[m[37m[  3.281620 0:2 axvm::runtime:70] [32mVM[2] boot success[m
[m[37m[  3.281769 1:19 axvm::runtime::vcpus:681] [32mVM[2] VCpu[0] waiting for running[m
[m[37m[  3.281943 1:19 axvm::runtime::vcpus:719] [32mVM[2] VCpu[0] running...[m
[m[37m[  3.283953 0:2 axvisor:100] [32m[OK] Default guest initialized[m
[m[VM 2] *** Booting Zephyr OS build v3.7.0 ***
[37m[  3.320745 2:17 axvm::runtime::hvc:258] [32mVM[1] PSCI_FEATURES function_id=0x80000000[m
[m[VM 2] PERIODIC LATENCY READY
[37m[  3.321616 2:17 axvm::runtime::hvc:258] [32mVM[1] PSCI_FEATURES function_id=0xc4000001[m
[m[37m[  3.321965 2:17 axvm::runtime::hvc:258] [32mVM[1] PSCI_FEATURES function_id=0xc400000e[m
[m[37m[  3.322256 2:17 axvm::runtime::hvc:258] [32mVM[1] PSCI_FEATURES function_id=0xc4000012[m
[m[37m[  3.322524 2:17 axvm::runtime::hvc:258] [32mVM[1] PSCI_FEATURES function_id=0xc4000015[m
[m[37m[  3.494127 2:17 axvm::runtime::hvc:272] [32mVM[1] PSCI_CPU_ON target=0x1 entry=0x8228158c context=0x0[m
[m[37m[  3.494889 2:17 axvm::runtime::vcpus:609] [32mSpawning task for VM[1] VCpu[1][m
[m[37m[  3.495084 2:17 axvm::runtime::vcpus:627] [32mVCpu task Task(22, "VM[1]-VCpu[1]") created cpumask: [3, ][m
[m[37m[  3.495839 3:22 axvm::runtime::vcpus:681] [32mVM[1] VCpu[1] waiting for running[m
[m[37m[  3.496262 3:22 axvm::runtime::vcpus:719] [32mVM[1] VCpu[1] running...[m
[m[VM 1] [    0.000000] Booting Linux on physical CPU 0x0000000000 [0x410fd083]
[VM 1] [    0.000000] Linux version 7.1.0-rc2-g74fe02ce122a (runner@s1lqc) (aarch64-linux-gnu-gcc (Ubuntu 13.3.0-6ubuntu2~24.04) 13.3.0, GNU ld (GNU Binutils for Ubuntu) 2.42) #2 SMP PREEMPT Mon Jun  8 08:07:46 UTC 2026
[VM 1] [    0.000000] KASLR disabled due to lack of seed
[VM 1] [    0.000000] Machine model: linux,dummy-virt
[VM 1] [    0.000000] efi: UEFI not found.
[VM 1] [    0.000000] OF: reserved mem: Reserved memory: No reserved-memory node in the DT
[VM 1] [    0.000000] NUMA: Faking a node at [mem 0x0000000080000000-0x00000000bfffffff]
[VM 1] [    0.000000] NODE_DATA(0) allocated [mem 0xbfe08940-0xbfe0b03f]
[VM 1] [    0.000000] cma: Reserved 32 MiB at 0x00000000bde00000
[VM 1] [    0.000000] psci: probing for conduit method from DT.
[VM 1] [    0.000000] psci: PSCIv1.1 detected in firmware.
[VM 1] [    0.000000] psci: Using standard PSCI v0.2 function IDs
[VM 1] [    0.000000] psci: Trusted OS migration not required
[VM 1] [    0.000000] psci: SMC Calling Convention v65535.65535
[VM 1] [    0.000000] Zone ranges:
[VM 1] [    0.000000]   DMA      [mem 0x0000000080000000-0x00000000bfffffff]
[VM 1] [    0.000000]   DMA32    empty
[VM 1] [    0.000000]   Normal   empty
[VM 1] [    0.000000] Movable zone start for each node
[VM 1] [    0.000000] Early memory node ranges
[VM 1] [    0.000000]   node   0: [mem 0x0000000080000000-0x00000000bfffffff]
[VM 1] [    0.000000] Initmem setup node 0 [mem 0x0000000080000000-0x00000000bfffffff]
[VM 1] [    0.000000] percpu: Embedded 26 pages/cpu s66584 r8192 d31720 u106496

[Axvisor] detached VM[1] console
Welcome to AxVisor Shell!
Type 'help' to see available commands
Use UP/DOWN arrows to navigate command history
Console shortcuts:
  Ctrl+X, then h  return to the Axvisor shell
  Ctrl+X, then [  attach the previous running guest
  Ctrl+X, then ]  attach the next running guest
Note: Running with limited features (filesystem support disabled).

[2Kaxvisor:$ [2Kaxvisor:$ v[2Kaxvisor:$ vm[2Kaxvisor:$ vm [2Kaxvisor:$ vm c[2Kaxvisor:$ vm co[2Kaxvisor:$ vm con[2Kaxvisor:$ vm cons[2Kaxvisor:$ vm conso[2Kaxvisor:$ vm consol[2Kaxvisor:$ vm console[2Kaxvisor:$ vm console [2Kaxvisor:$ vm console 2
✓ Attached VM[2] console; use Ctrl+X, then h to return to the shell
PERIODIC LATENCY START
PERIODIC LATENCY SETTLE delay_ms=45000
sequence,timestamp_ns,deadline_ns,actual_ns,jitter_ns
0,10688960,49176017360,49176706320,688960
1,20591696,49186017360,49186609056,591696
2,30576576,49196017360,49196593936,576576
3,40561168,49206017360,49206578528,561168
4,50601488,49216017360,49216618848,601488
5,60473296,49226017360,49226490656,473296
6,70489312,49236017360,49236506672,489312
7,80589328,49246017360,49246606688,589328
8,90529296,49256017360,49256546656,529296
9,100574048,49266017360,49266591408,574048
10,110594480,49276017360,49276611840,594480
11,120686096,49286017360,49286703456,686096
12,130600592,49296017360,49296617952,600592
13,140576656,49306017360,49306594016,576656
14,150576896,49316017360,49316594256,576896
15,160700208,49326017360,49326717568,700208
16,170592400,49336017360,49336609760,592400
17,180687056,49346017360,49346704416,687056
18,190590096,49356017360,49356607456,590096
19,200591584,49366017360,49366608944,591584
20,210577888,49376017360,49376595248,577888
21,220688112,49386017360,49386705472,688112
22,230576416,49396017360,49396593776,576416
23,240610672,49406017360,49406628032,610672
24,250540480,49416017360,49416557840,540480
25,260604960,49426017360,49426622320,604960
26,270598208,49436017360,49436615568,598208
27,280591696,49446017360,49446609056,591696
28,290567408,49456017360,49456584768,567408
29,300605520,49466017360,49466622880,605520
30,310518736,49476017360,49476536096,518736
31,320664352,49486017360,49486681712,664352
32,330567568,49496017360,49496584928,567568
33,340664896,49506017360,49506682256,664896
34,350586048,49516017360,49516603408,586048
35,360625552,49526017360,49526642912,625552
36,370610928,49536017360,49536628288,610928
37,380595440,49546017360,49546612800,595440
38,390671168,49556017360,49556688528,671168
39,400681280,49566017360,49566698640,681280
40,410597776,49576017360,49576615136,597776
41,420474064,49586017360,49586491424,474064
42,430576176,49596017360,49596593536,576176
43,440617872,49606017360,49606635232,617872
44,450591792,49616017360,49616609152,591792
45,460574016,49626017360,49626591376,574016
46,470561904,49636017360,49636579264,561904
47,480592128,49646017360,49646609488,592128
48,490574832,49656017360,49656592192,574832
49,500609808,49666017360,49666627168,609808
50,510621424,49676017360,49676638784,621424
51,520623680,49686017360,49686641040,623680
52,530504976,49696017360,49696522336,504976
53,540745392,49706017360,49706762752,745392
54,550566416,49716017360,49716583776,566416
55,560605328,49726017360,49726622688,605328
56,570575136,49736017360,49736592496,575136
57,580691696,49746017360,49746709056,691696
58,590570608,49756017360,49756587968,570608
59,600586832,49766017360,49766604192,586832
60,610575600,49776017360,49776592960,575600
61,620450640,49786017360,49786468000,450640
62,630671216,49796017360,49796688576,671216
63,640575680,49806017360,49806593040,575680
64,650624384,49816017360,49816641744,624384
65,660690432,49826017360,49826707792,690432
66,670628832,49836017360,49836646192,628832
67,680604096,49846017360,49846621456,604096
68,690518752,49856017360,49856536112,518752
69,700557040,49866017360,49866574400,557040
70,710566048,49876017360,49876583408,566048
71,720547264,49886017360,49886564624,547264
72,730552192,49896017360,49896569552,552192
73,740545312,49906017360,49906562672,545312
74,750615360,49916017360,49916632720,615360
75,760713792,49926017360,49926731152,713792
76,770618384,49936017360,49936635744,618384
77,780570384,49946017360,49946587744,570384
78,790569360,49956017360,49956586720,569360
79,800590384,49966017360,49966607744,590384
80,810570672,49976017360,49976588032,570672
81,820583376,49986017360,49986600736,583376
82,830621728,49996017360,49996639088,621728
83,840602272,50006017360,50006619632,602272
84,850694528,50016017360,50016711888,694528
85,860564144,50026017360,50026581504,564144
86,870587296,50036017360,50036604656,587296
87,880591712,50046017360,50046609072,591712
88,890596464,50056017360,50056613824,596464
89,900579312,50066017360,50066596672,579312
90,910469232,50076017360,50076486592,469232
91,920589600,50086017360,50086606960,589600
92,930594080,50096017360,50096611440,594080
93,940551936,50106017360,50106569296,551936
94,950588704,50116017360,50116606064,588704
95,960587808,50126017360,50126605168,587808
96,970571984,50136017360,50136589344,571984
97,980560832,50146017360,50146578192,560832
98,990554368,50156017360,50156571728,554368
99,1000557776,50166017360,50166575136,557776
100,1010579392,50176017360,50176596752,579392
101,1020560512,50186017360,50186577872,560512
102,1030554400,50196017360,50196571760,554400
103,1040479920,50206017360,50206497280,479920
104,1050620240,50216017360,50216637600,620240
105,1060556448,50226017360,50226573808,556448
106,1070572064,50236017360,50236589424,572064
107,1080558352,50246017360,50246575712,558352
108,1090570896,50256017360,50256588256,570896
109,1100488128,50266017360,50266505488,488128
110,1110503120,50276017360,50276520480,503120
111,1120532608,50286017360,50286549968,532608
112,1130606656,50296017360,50296624016,606656
113,1140564720,50306017360,50306582080,564720
114,1150566736,50316017360,50316584096,566736
115,1160550064,50326017360,50326567424,550064
116,1170595616,50336017360,50336612976,595616
117,1180608048,50346017360,50346625408,608048
118,1190529840,50356017360,50356547200,529840
119,1200515312,50366017360,50366532672,515312
120,1210570960,50376017360,50376588320,570960
121,1220535856,50386017360,50386553216,535856
122,1230590480,50396017360,50396607840,590480
123,1240548496,50406017360,50406565856,548496
124,1250654032,50416017360,50416671392,654032
125,1260573840,50426017360,50426591200,573840
126,1270518928,50436017360,50436536288,518928
127,1280517984,50446017360,50446535344,517984
128,1290596848,50456017360,50456614208,596848
129,1300547264,50466017360,50466564624,547264
130,1310565728,50476017360,50476583088,565728
131,1320553920,50486017360,50486571280,553920
132,1330516640,50496017360,50496534000,516640
133,1340548880,50506017360,50506566240,548880
134,1350555424,50516017360,50516572784,555424
135,1360556240,50526017360,50526573600,556240
136,1370572720,50536017360,50536590080,572720
137,1380541440,50546017360,50546558800,541440
138,1390590592,50556017360,50556607952,590592
139,1400553040,50566017360,50566570400,553040
140,1410553920,50576017360,50576571280,553920
141,1420542032,50586017360,50586559392,542032
142,1430552928,50596017360,50596570288,552928
143,1440581712,50606017360,50606599072,581712
144,1450515744,50616017360,50616533104,515744
145,1460565088,50626017360,50626582448,565088
146,1470547680,50636017360,50636565040,547680
147,1480465856,50646017360,50646483216,465856
148,1490567152,50656017360,50656584512,567152
149,1500552000,50666017360,50666569360,552000
150,1510590064,50676017360,50676607424,590064
151,1520559200,50686017360,50686576560,559200
152,1530567072,50696017360,50696584432,567072
153,1540542064,50706017360,50706559424,542064
154,1550465024,50716017360,50716482384,465024
155,1560563856,50726017360,50726581216,563856
156,1570561216,50736017360,50736578576,561216
157,1580600544,50746017360,50746617904,600544
158,1590577616,50756017360,50756594976,577616
159,1600536512,50766017360,50766553872,536512
160,1610555184,50776017360,50776572544,555184
161,1620554960,50786017360,50786572320,554960
162,1630590288,50796017360,50796607648,590288
163,1640779792,50806017360,50806797152,779792
164,1650627760,50816017360,50816645120,627760
165,1660501776,50826017360,50826519136,501776
166,1670553616,50836017360,50836570976,553616
167,1680542624,50846017360,50846559984,542624
168,1690544368,50856017360,50856561728,544368
169,1700579392,50866017360,50866596752,579392
170,1710559296,50876017360,50876576656,559296
171,1720540112,50886017360,50886557472,540112
172,1730639696,50896017360,50896657056,639696
173,1740497248,50906017360,50906514608,497248
174,1750597664,50916017360,50916615024,597664
175,1760580560,50926017360,50926597920,580560
176,1770583344,50936017360,50936600704,583344
177,1780682944,50946017360,50946700304,682944
178,1790574256,50956017360,50956591616,574256
179,1800676656,50966017360,50966694016,676656
180,1810573248,50976017360,50976590608,573248
181,1820696096,50986017360,50986713456,696096
182,1830675024,50996017360,50996692384,675024
183,1840594720,51006017360,51006612080,594720
184,1850518288,51016017360,51016535648,518288
185,1860477200,51026017360,51026494560,477200
186,1870597104,51036017360,51036614464,597104
187,1880710880,51046017360,51046728240,710880
188,1890574160,51056017360,51056591520,574160
189,1900591360,51066017360,51066608720,591360
190,1910627424,51076017360,51076644784,627424
191,1920590656,51086017360,51086608016,590656
192,1930587696,51096017360,51096605056,587696
193,1940520368,51106017360,51106537728,520368
194,1950588336,51116017360,51116605696,588336
195,1960624768,51126017360,51126642128,624768
196,1970587824,51136017360,51136605184,587824
197,1980591520,51146017360,51146608880,591520
198,1990596400,51156017360,51156613760,596400
199,2000618144,51166017360,51166635504,618144
200,2010478256,51176017360,51176495616,478256
201,2020468928,51186017360,51186486288,468928
202,2030551360,51196017360,51196568720,551360
203,2040522288,51206017360,51206539648,522288
204,2050556576,51216017360,51216573936,556576
205,2060709024,51226017360,51226726384,709024
206,2070761920,51236017360,51236779280,761920
207,2080559776,51246017360,51246577136,559776
208,2090515632,51256017360,51256532992,515632
209,2100550880,51266017360,51266568240,550880
210,2110540784,51276017360,51276558144,540784
211,2120626528,51286017360,51286643888,626528
212,2130565712,51296017360,51296583072,565712
213,2140552480,51306017360,51306569840,552480
214,2150552800,51316017360,51316570160,552800
215,2160551936,51326017360,51326569296,551936
216,2170556832,51336017360,51336574192,556832
217,2180552272,51346017360,51346569632,552272
218,2190589360,51356017360,51356606720,589360
219,2200626464,51366017360,51366643824,626464
220,2210561312,51376017360,51376578672,561312
221,2220548048,51386017360,51386565408,548048
222,2230592048,51396017360,51396609408,592048
223,2240568912,51406017360,51406586272,568912
224,2250590944,51416017360,51416608304,590944
225,2260547904,51426017360,51426565264,547904
226,2270551264,51436017360,51436568624,551264
227,2280554560,51446017360,51446571920,554560
228,2290514560,51456017360,51456531920,514560
229,2300588736,51466017360,51466606096,588736
230,2310577824,51476017360,51476595184,577824
231,2320515600,51486017360,51486532960,515600
232,2330588832,51496017360,51496606192,588832
233,2340579792,51506017360,51506597152,579792
234,2350592928,51516017360,51516610288,592928
235,2360565728,51526017360,51526583088,565728
236,2370561984,51536017360,51536579344,561984
237,2380581104,51546017360,51546598464,581104
238,2390608416,51556017360,51556625776,608416
239,2400603536,51566017360,51566620896,603536
240,2410523248,51576017360,51576540608,523248
241,2420633472,51586017360,51586650832,633472
242,2430602720,51596017360,51596620080,602720
243,2440572368,51606017360,51606589728,572368
244,2450603792,51616017360,51616621152,603792
245,2460571504,51626017360,51626588864,571504
246,2470566416,51636017360,51636583776,566416
247,2480613984,51646017360,51646631344,613984
248,2490563696,51656017360,51656581056,563696
249,2500510720,51666017360,51666528080,510720
250,2510572464,51676017360,51676589824,572464
251,2520606160,51686017360,51686623520,606160
252,2530568992,51696017360,51696586352,568992
253,2540633264,51706017360,51706650624,633264
254,2550589648,51716017360,51716607008,589648
255,2560615680,51726017360,51726633040,615680
256,2570601888,51736017360,51736619248,601888
257,2580657104,51746017360,51746674464,657104
258,2590582976,51756017360,51756600336,582976
259,2600887568,51766017360,51766904928,887568
260,2610955104,51776017360,51776972464,955104
261,2620772688,51786017360,51786790048,772688
262,2630646512,51796017360,51796663872,646512
263,2640618176,51806017360,51806635536,618176
264,2650594400,51816017360,51816611760,594400
265,2660642336,51826017360,51826659696,642336
266,2670586784,51836017360,51836604144,586784
267,2680585008,51846017360,51846602368,585008
268,2690616880,51856017360,51856634240,616880
269,2700609728,51866017360,51866627088,609728
270,2710627056,51876017360,51876644416,627056
271,2720496960,51886017360,51886514320,496960
272,2730503344,51896017360,51896520704,503344
273,2740617920,51906017360,51906635280,617920
274,2750566864,51916017360,51916584224,566864
275,2760672848,51926017360,51926690208,672848
276,2770603104,51936017360,51936620464,603104
277,2780606272,51946017360,51946623632,606272
278,2790587360,51956017360,51956604720,587360
279,2800604512,51966017360,51966621872,604512
280,2810611088,51976017360,51976628448,611088
281,2820629536,51986017360,51986646896,629536
282,2830594944,51996017360,51996612304,594944
283,2840587968,52006017360,52006605328,587968
284,2850593200,52016017360,52016610560,593200
285,2860594672,52026017360,52026612032,594672
286,2870595952,52036017360,52036613312,595952
287,2880590176,52046017360,52046607536,590176
288,2890605536,52056017360,52056622896,605536
289,2900577440,52066017360,52066594800,577440
290,2910604960,52076017360,52076622320,604960
291,2920628832,52086017360,52086646192,628832
292,2930586048,52096017360,52096603408,586048
293,2940612608,52106017360,52106629968,612608
294,2950557632,52116017360,52116574992,557632
295,2960669584,52126017360,52126686944,669584
296,2970626992,52136017360,52136644352,626992
297,2980569232,52146017360,52146586592,569232
298,2990487696,52156017360,52156505056,487696
299,3000747264,52166017360,52166764624,747264
PERIODIC LATENCY COMPLETE samples=300
