dedicated_cpus=1
VM Load @PA:0x40200000
VM Load Offset: 0xffff0000c0200000
Memory Map:
  Free   0x00000040000000 - 0x00000040200000 (2 MiB)
  KImg   0x00000040200000 - 0x00000044c00000 (74 MiB)
  Free   0x00000044c00000 - 0x00000240000000 (7.93 GiB)
Initialize RAM allocator: 0x44c00000..0x240000000
Reserving CPU-local areas
CPU-local area stride: 0x44000 bytes
Total CPU-local allocation: 0x110000 bytes (4 CPUs)
Flushed RAM used range to memory map: 0x44c00000..0x44d00000, current: 0x44d00000
Flushed RAM used range to memory map: 0x44d00000..0x44e10000, current: 0x44e10000
CPU-local areas allocated at 0x44d00000 - 0x44e10000
EL: 2
Mapping early memory regions...
Ram                 : [0x0000000040000000, 0x0000000240000000) -> [0x0000000040000000, 0x0000000240000000) (8 GiB)
KImage              : [0x0000ffff80000000, 0x0000ffff84a00000) -> [0x0000000040200000, 0x0000000044c00000) (74 MiB)
PerCpu              : [0x0000ff0044d00000, 0x0000ff0044e10000) -> [0x0000000044d00000, 0x0000000044e10000) (1.06 MiB)
Debug serial        : [0x0000000009000000, 0x0000000009001000) -> [0x0000000009000000, 0x0000000009001000) (4 KiB)
Boot page table at physical address: PA:0x44e10000
Setting up table registers...
MMU Entry point at physical address: 0x403bcb1c
Trap vector at 0xffff801c0800
Memory Map:
  MMIO   0x00000009000000 - 0x00000009001000 (4 KiB)
  Free   0x00000040000000 - 0x00000040200000 (2 MiB)
  KImg   0x00000040200000 - 0x00000044c00000 (74 MiB)
  Rsv    0x00000044c00000 - 0x00000044d00000 (1 MiB)
  PerCPU 0x00000044d00000 - 0x00000044e10000 (1.06 MiB)
  Rsv    0x00000044e10000 - 0x00000044e1a000 (40 KiB)
  Free   0x00000044e1a000 - 0x00000240000000 (7.92 GiB)
Jumping to main entry point at 0xffff801a493c with SP 0x0000ff0044d44000

       d8888                            .d88888b.   .d8888b.
      d88888                           d88P" "Y88b d88P  Y88b
     d88P888                           888     888 Y88b.
    d88P 888 888d888  .d8888b  .d88b.  888     888  "Y888b.
   d88P  888 888P"   d88P"    d8P  Y8b 888     888     "Y88b.
  d88P   888 888     888      88888888 888     888       "888
 d8888888888 888     Y88b.    Y8b.     Y88b. .d88P Y88b  d88P
d88P     888 888      "Y8888P  "Y8888   "Y88888P"   "Y8888P"

arch = aarch64
platform = linux,dummy-virt
target = aarch64-unknown-none-softfloat
build_mode = 
log_level = info
backtrace = false
smp = 4

[37m[  0.058927 ax_runtime:220] [32mLogging is enabled.[m
[m[37m[  0.059358 ax_runtime:221] [32mPrimary CPU 0 started, arg = 0x44c00000.[m
[m[37m[  0.059477 ax_runtime:223] [32mFound physcial memory regions:[m
[m[37m[  0.060561 ax_runtime:225] [32m  [PA:0x9000000, PA:0x9001000) mmio (READ | WRITE | DEVICE | RESERVED)[m
[m[37m[  0.060826 ax_runtime:225] [32m  [PA:0x40000000, PA:0x40200000) free memory (READ | WRITE | FREE)[m
[m[37m[  0.060986 ax_runtime:225] [32m  [PA:0x40200000, PA:0x44c00000) reserved (READ | WRITE | EXECUTE | RESERVED)[m
[m[37m[  0.061127 ax_runtime:225] [32m  [PA:0x44c00000, PA:0x44d00000) reserved (READ | WRITE | EXECUTE | RESERVED)[m
[m[37m[  0.061264 ax_runtime:225] [32m  [PA:0x44d00000, PA:0x44e10000) reserved (READ | WRITE | EXECUTE | RESERVED)[m
[m[37m[  0.061396 ax_runtime:225] [32m  [PA:0x44e10000, PA:0x44e1a000) reserved (READ | WRITE | EXECUTE | RESERVED)[m
[m[37m[  0.061525 ax_runtime:225] [32m  [PA:0x44e1a000, PA:0x240000000) free memory (READ | WRITE | FREE)[m
[m[37m[  0.061660 ax_runtime:375] [32mInitialize global memory allocator...[m
[m[37m[  0.061780 ax_runtime:376] [32m  use buddy-slab-allocator allocator.[m
[m[37m[  0.062039 ax_alloc::buddy_slab:158] [32mInitialize global memory allocator, start_vaddr: 0x44e1a000, size: 0x1fb1e6000[m
[m[37m[  0.069481 ax_alloc::buddy_slab:424] [32mglobal allocator initialized[m
[m[37m[  0.069673 ax_alloc::buddy_slab:168] [32mAdd memory region, start_vaddr: 0x40000000, size: 0x200000[m
[m[37m[  0.069860 buddy_slab_allocator::global:151] [32mGlobalAllocator: skip region 0x40000000+0x200000, no allocator-visible memory after 2097152 alignment[m
[m[37m[  0.070199 ax_runtime:260] [32mkernel aspace: [VA:0x0, VA:0xffffffffffffffff)[m
[m[37m[  0.070406 ax_mm:103] [32mInitialize virtual memory management...[m
[m[37m[  0.735241 ax_runtime:272] [32mInitialize platform devices...[m
[m[37m[  0.741759 someboot::arch::power:23] [32mPower management method : SMC[m
[m[37m[  0.741953 somehal::driver:5] [32mInitializing rdrive with FDT at 0x44c00000[m
[m[37m[  0.756167 somehal::arch::gic::v3:274] [32mGICv3 CPU 0 EOI mode: two_step=true[m
[m[37m[  0.887192 ax_runtime:558] [32mDedicated (no-tick) host CPUs: 0b10[m
[m[37m[  0.887353 ax_task::api:158] [32mInitialize scheduling...[m
[m[37m[  0.888683 ax_task::api:166] [32m  use FIFO scheduler.[m
[m[37m[  0.889069 ax_runtime:300] [32mInitialize interrupt handlers...[m
[m[37m[  0.891322 ax_runtime::devices:2] [32mProbe platform devices...[m
[m[37m[  0.905070 somehal::arch::gic::v3:274] [32mGICv3 CPU 1 EOI mode: two_step=true[m
[m[37m[  0.905590 ax_runtime::mp:79] [32mSecondary CPU 1 started.[m
[m[37m[  0.906657 ax_runtime::mp:110] [32mSecondary CPU 1 init OK.[m
[m[37m[  0.915984 somehal::arch::gic::v3:274] [32mGICv3 CPU 2 EOI mode: two_step=true[m
[m[37m[  0.916143 ax_runtime::mp:79] [32mSecondary CPU 2 started.[m
[m[37m[  0.916346 ax_runtime::mp:110] [32mSecondary CPU 2 init OK.[m
[m[37m[  0.927595 somehal::arch::gic::v3:274] [32mGICv3 CPU 3 EOI mode: two_step=true[m
[m[37m[  0.927897 ax_runtime::mp:79] [32mSecondary CPU 3 started.[m
[m[37m[  0.927955 ax_runtime:348] [32mPrimary CPU 0 init OK.[m
[m[37m[  0.928306 ax_runtime::mp:110] [32mSecondary CPU 3 init OK.[m
[m

       d8888            888     888  d8b
      d88888            888     888  Y8P
     d88P888            888     888
    d88P 888  888  888  Y88b   d88P  888  .d8888b    .d88b.   888d888
   d88P  888  `Y8bd8P'   Y88b d88P   888  88K       d88""88b  888P"
  d88P   888    X88K      Y88o88P    888  "Y8888b.  888  888  888
 d8888888888  .d8""8b.     Y888P     888       X88  Y88..88P  888
d88P     888  888  888      Y8P      888   88888P'   "Y88P"   888


by AxVisor Team

[37m[  0.931307 0:2 axvisor:78] [32mRT partition host CPU mask established: 0b10[m
[m[37m[  0.931465 0:2 axvisor:81] [32mStarting virtualization...[m
[m[37m[  0.931639 0:2 axvm::host::arceos:335] [32mEnabling hardware virtualization support on all cores...[m
[m[37m[  0.931835 0:2 axvm::host::arceos:341] [32mCore 0 is initializing hardware virtualization support...[m
[m[37m[  0.932040 0:2 axvm::timer:349] [32mInitializing AxVM timer wheel...[m
[m[37m[  0.937533 0:2 axvm::host::arceos:343] [32mHardware virtualization support enabled on core 0[m
[m[37m[  0.938323 0:2 axvm::host::arceos:370] [32mWaiting for all cores to enable hardware virtualization...[m
[m[37m[  0.938796 1:11 axvm::host::arceos:353] [32mCore 1 is initializing hardware virtualization support...[m
[m[37m[  0.938815 2:12 axvm::host::arceos:353] [32mCore 2 is initializing hardware virtualization support...[m
[m[37m[  0.938981 1:11 axvm::timer:349] [32mInitializing AxVM timer wheel...[m
[m[37m[  0.938809 3:13 axvm::host::arceos:353] [32mCore 3 is initializing hardware virtualization support...[m
[m[37m[  0.939161 2:12 axvm::timer:349] [32mInitializing AxVM timer wheel...[m
[m[37m[  0.939469 3:13 axvm::timer:349] [32mInitializing AxVM timer wheel...[m
[m[37m[  0.939723 1:11 axvm::host::arceos:357] [32mHardware virtualization support enabled on core 1 (2/4)[m
[m[37m[  0.939749 2:12 axvm::host::arceos:357] [32mHardware virtualization support enabled on core 2 (3/4)[m
[m[37m[  0.939823 0:2 axvm::host::arceos:381] [32mAll cores have enabled hardware virtualization support.[m
[m[37m[  0.939788 3:13 axvm::host::arceos:357] [32mHardware virtualization support enabled on core 3 (4/4)[m
[m[37m[  0.940269 0:2 axvisor::config:91] [32mUsing static VM configs.[m
[m[37m[  0.957622 0:2 axvm::arch::aarch64::fdt::core:79] [32mVM[1] virtual GIC follows host firmware resources: GuestGicProfile { compatible: "arm,gic-v3", node_path: "/intc@8000000", node_phandle: Some(32773), distributor: GuestMmioRegion { base: 134217728, length: 65536 }, cpu_region: Redistributors(GuestGicRedistributorProfile { regions: [GuestMmioRegion { base: 134873088, length: 16121856 }], stride: 131072 }), its: [GuestItsProfile { id: ItsId(0), node_path: "/intc@8000000/its@8080000", node_phandle: Some(32774), registers: GuestMmioRegion { base: 134742016, length: 131072 } }] }[m
[m[37m[  0.960409 0:2 axvm::arch::aarch64::fdt::core:93] [32mVM[1] architectural timer follows host firmware PPIs[m
[m[37m[  0.964497 0:2 axvm::arch::aarch64::fdt::core::parser:442] [32mCPU node: /cpus/cpu@0, node_id: 0x0, hardware_cpu_id: 0x0[m
[m[37m[  0.964721 0:2 axvm::arch::aarch64::fdt::core::parser:442] [32mCPU node: /cpus/cpu@1, node_id: 0x1, hardware_cpu_id: 0x1[m
[m[37m[  0.964914 0:2 axvm::arch::aarch64::fdt::core::parser:442] [32mCPU node: /cpus/cpu@2, node_id: 0x2, hardware_cpu_id: 0x2[m
[m[37m[  0.965074 0:2 axvm::arch::aarch64::fdt::core::parser:442] [32mCPU node: /cpus/cpu@3, node_id: 0x3, hardware_cpu_id: 0x3[m
[m[37m[  0.965295 0:2 axvm::arch::aarch64::fdt::core::parser:449] [32mFound 4 host CPU nodes[m
[m[37m[  0.965777 0:2 axvm::arch::aarch64::fdt::core:144] [32mVM[1] DTB not found, generating from the VM configuration[m
[m[37m[  0.976428 0:2 axvm::arch::aarch64::fdt::core::device:96] [32mFound excluded devices: ["/intc@8000000", "/pl011@9000000", "/timer", "/intc@8000000/its@8080000"][m
[m[37m[  0.986455 0:2 axvm::arch::aarch64::fdt::core::device:96] [32mFound excluded devices: ["/intc@8000000", "/pl011@9000000", "/timer", "/intc@8000000/its@8080000"][m
[m[37m[  0.987451 0:2 axvisor::config:258] [32mCreating VM[1] "rt-partition-linux"[m
[m[37m[  1.003992 0:2 axvm::vm:1039] [32mVM created: id=1[m
[m[37m[  2.065542 0:2 axvisor::config:270] [32mVM[1] created success, loading images...[m
[m[37m[  2.171515 0:2 axvm::boot::images:137] [32mLoading ramdisk image from memory (19620641 bytes) into GPA @0x84000000[m
[m[37m[  2.226459 0:2 axdevice::device:1232] [32mDeviceRuntime: registered device id=0[m
[m[37m[  2.226930 0:2 axdevice::device:1232] [32mDeviceRuntime: registered device id=1[m
[m[37m[  2.367417 0:2 axdevice::device:1232] [32mDeviceRuntime: registered device id=2[m
[m[37m[  2.376204 0:2 axdevice::device:1232] [32mDeviceRuntime: registered device id=3[m
[m[37m[  2.380074 0:2 axdevice::device:1232] [32mDeviceRuntime: registered device id=4[m
[m[37m[  2.384192 0:2 axvm::vm::prepare:82] [32mVM setup: id=1[m
[m[37m[  2.388663 0:2 axvm::arch::aarch64::fdt::core:79] [32mVM[2] virtual GIC follows host firmware resources: GuestGicProfile { compatible: "arm,gic-v3", node_path: "/intc@8000000", node_phandle: Some(32773), distributor: GuestMmioRegion { base: 134217728, length: 65536 }, cpu_region: Redistributors(GuestGicRedistributorProfile { regions: [GuestMmioRegion { base: 134873088, length: 16121856 }], stride: 131072 }), its: [GuestItsProfile { id: ItsId(0), node_path: "/intc@8000000/its@8080000", node_phandle: Some(32774), registers: GuestMmioRegion { base: 134742016, length: 131072 } }] }[m
[m[37m[  2.389773 0:2 axvm::arch::aarch64::fdt::core:93] [32mVM[2] architectural timer follows host firmware PPIs[m
[m[37m[  2.393303 0:2 axvm::arch::aarch64::fdt::core::parser:442] [32mCPU node: /cpus/cpu@0, node_id: 0x0, hardware_cpu_id: 0x0[m
[m[37m[  2.393476 0:2 axvm::arch::aarch64::fdt::core::parser:442] [32mCPU node: /cpus/cpu@1, node_id: 0x1, hardware_cpu_id: 0x1[m
[m[37m[  2.393648 0:2 axvm::arch::aarch64::fdt::core::parser:442] [32mCPU node: /cpus/cpu@2, node_id: 0x2, hardware_cpu_id: 0x2[m
[m[37m[  2.393814 0:2 axvm::arch::aarch64::fdt::core::parser:442] [32mCPU node: /cpus/cpu@3, node_id: 0x3, hardware_cpu_id: 0x3[m
[m[37m[  2.393988 0:2 axvm::arch::aarch64::fdt::core::parser:449] [32mFound 4 host CPU nodes[m
[m[37m[  2.394103 0:2 axvm::arch::aarch64::fdt::core:144] [32mVM[2] DTB not found, generating from the VM configuration[m
[m[37m[  2.400708 0:2 axvm::arch::aarch64::fdt::core::device:96] [32mFound excluded devices: ["/intc@8000000", "/pl011@9000000", "/timer", "/intc@8000000/its@8080000"][m
[m[37m[  2.405258 0:2 axvm::arch::aarch64::fdt::core::device:96] [32mFound excluded devices: ["/intc@8000000", "/pl011@9000000", "/timer", "/intc@8000000/its@8080000"][m
[m[37m[  2.405756 0:2 axvisor::config:258] [32mCreating VM[2] "rt-partition-zephyr"[m
[m[37m[  2.406885 0:2 axvm::vm:1039] [32mVM created: id=2[m
[m[37m[  2.935272 0:2 axvisor::config:270] [32mVM[2] created success, loading images...[m
[m[37m[  2.939763 0:2 axdevice::device:1232] [32mDeviceRuntime: registered device id=0[m
[m[37m[  2.939908 0:2 axdevice::device:1232] [32mDeviceRuntime: registered device id=1[m
[m[37m[  3.207973 0:2 axdevice::device:1232] [32mDeviceRuntime: registered device id=2[m
[m[37m[  3.209507 0:2 axdevice::device:1232] [32mDeviceRuntime: registered device id=3[m
[m[37m[  3.210228 0:2 axvm::vm::prepare:82] [32mVM setup: id=2[m
[m[37m[  3.212315 0:2 axvm::runtime:51] [32mInitializing VMM...[m
[m[37m[  3.214846 0:2 axvm::runtime:62] [32mVMM starting, booting VMs...[m
[m[37m[  3.215466 0:2 axvm::vm:1254] [32mStarting VM[1][m
[m[37m[  3.216092 0:2 axvm::runtime::vcpus:609] [32mSpawning task for VM[1] VCpu[0][m
[m[37m[  3.217210 0:2 axvm::runtime::vcpus:627] [32mVCpu task Task(17, "VM[1]-VCpu[0]") created cpumask: [2, ][m
[m[37m[  3.222863 0:2 axvm::runtime:70] [32mVM[1] boot success[m
[m[37m[  3.222970 0:2 axvm::vm:1254] [32mStarting VM[2][m
[m[37m[  3.223049 0:2 axvm::runtime::vcpus:609] [32mSpawning task for VM[2] VCpu[0][m
[m[37m[  3.223090 2:17 axvm::runtime::vcpus:681] [32mVM[1] VCpu[0] waiting for running[m
[m[37m[  3.223187 0:2 axvm::runtime::vcpus:627] [32mVCpu task Task(19, "VM[2]-VCpu[0]") created cpumask: [1, ][m
[m[37m[  3.223563 0:2 axvm::runtime:70] [32mVM[2] boot success[m
[m[37m[  3.223618 1:19 axvm::runtime::vcpus:681] [32mVM[2] VCpu[0] waiting for running[m
[m[37m[  3.223845 1:19 axvm::runtime::vcpus:719] [32mVM[2] VCpu[0] running...[m
[m[37m[  3.223927 2:17 axvm::runtime::vcpus:719] [32mVM[1] VCpu[0] running...[m
[m[37m[  3.225779 0:2 axvisor:100] [32m[OK] Default guest initialized[m
[m[VM 2] *** Booting Zephyr OS build v3.7.0 ***
[VM 2] PERIODIC LATENCY READY
[37m[  3.265995 2:17 axvm::runtime::hvc:258] [32mVM[1] PSCI_FEATURES function_id=0x80000000[m
[m[37m[  3.266862 2:17 axvm::runtime::hvc:258] [32mVM[1] PSCI_FEATURES function_id=0xc4000001[m
[m[37m[  3.267198 2:17 axvm::runtime::hvc:258] [32mVM[1] PSCI_FEATURES function_id=0xc400000e[m
[m[37m[  3.267502 2:17 axvm::runtime::hvc:258] [32mVM[1] PSCI_FEATURES function_id=0xc4000012[m
[m[37m[  3.267776 2:17 axvm::runtime::hvc:258] [32mVM[1] PSCI_FEATURES function_id=0xc4000015[m
[m[37m[  3.437174 2:17 axvm::runtime::hvc:272] [32mVM[1] PSCI_CPU_ON target=0x1 entry=0x8228158c context=0x0[m
[m[37m[  3.437941 2:17 axvm::runtime::vcpus:609] [32mSpawning task for VM[1] VCpu[1][m
[m[37m[  3.438103 2:17 axvm::runtime::vcpus:627] [32mVCpu task Task(22, "VM[1]-VCpu[1]") created cpumask: [3, ][m
[m[37m[  3.439059 3:22 axvm::runtime::vcpus:681] [32mVM[1] VCpu[1] waiting for running[m
[m[37m[  3.439825 3:22 axvm::runtime::vcpus:719] [32mVM[1] VCpu[1] running...[m
[m[VM 1] [    0.000000] Booting Linux on physical CPU 0x0000000000 [0x410fd083]
[VM 1] [    0.000000] Linux version 7.1.0-rc2-g74fe02ce122a (runner@s1lqc) (aarch64-linux-gnu-gcc (Ubuntu 13.3.0-6ubuntu2~24.04) 13.3.0, GNU ld (GNU Binutils for Ubuntu) 2.42) #2 SMP PREEMPT Mon Jun  8 08:07:46 UTC 2026
[VM 1] [    0.000000] KASLR disabled due to lack of seed
[VM 1] [    0.000000] Machine model: linux,dummy-virt
[VM 1] [    0.000000] efi: UEFI not found.
[VM 1] [    0.000000] OF: reserved mem: Reserved memory: No reserved-memory node in the DT
[VM 1] [    0.000000] NUMA: Faking a node at [mem 0x0000000080000000-0x00000000bfffffff]
[VM 1] [    0.000000] NODE_DATA(0) allocated [mem 0xbfe08940-0xbfe0b03f]
[VM 1] [    0.000000] cma: Reserved 32 MiB at 0x00000000bde00000
[VM 1] [    0.000000] psci: probing for conduit method from DT.
[VM 1] [    0.000000] psci: PSCIv1.1 detected in firmware.
[VM 1] [    0.000000] psci: Using standard PSCI v0.2 function IDs
[VM 1] [    0.000000] psci: Trusted OS migration not required
[VM 1] [    0.000000] psci: SMC Calling Convention v65535.65535
[VM 1] [    0.000000] Zone ranges:
[VM 1] [    0.000000]   DMA      [mem 0x0000000080000000-0x00000000bfffffff]
[VM 1] [    0.000000]   DMA32    empty
[VM 1] [    0.000000]   Normal   empty
[VM 1] [    0.000000] Movable zone start for each node
[VM 1] [    0.000000] Early memory node ranges
[VM 1] [    0.000000]   node   0: [mem 0x0000000080000000-0x00000000bfffffff]
[VM 1] [    0.000000] Initmem setup node 0 [mem 0x0000000080000000-0x00000000bfffffff]
[VM 1] [    0.000000] percpu: Embedded 26 pages/cpu s66584 r8192 d31720 u106496

[Axvisor] detached VM[1] console
Welcome to AxVisor Shell!
Type 'help' to see available commands
Use UP/DOWN arrows to navigate command history
Console shortcuts:
  Ctrl+X, then h  return to the Axvisor shell
  Ctrl+X, then [  attach the previous running guest
  Ctrl+X, then ]  attach the next running guest
Note: Running with limited features (filesystem support disabled).

[2Kaxvisor:$ [2Kaxvisor:$ v[2Kaxvisor:$ vm[2Kaxvisor:$ vm [2Kaxvisor:$ vm c[2Kaxvisor:$ vm co[2Kaxvisor:$ vm con[2Kaxvisor:$ vm cons[2Kaxvisor:$ vm conso[2Kaxvisor:$ vm consol[2Kaxvisor:$ vm console[2Kaxvisor:$ vm console [2Kaxvisor:$ vm console 2
✓ Attached VM[2] console; use Ctrl+X, then h to return to the shell
PERIODIC LATENCY START
PERIODIC LATENCY SETTLE delay_ms=45000
sequence,timestamp_ns,deadline_ns,actual_ns,jitter_ns
0,10756880,49204015920,49204772800,756880
1,20749904,49214015920,49214765824,749904
2,30680528,49224015920,49224696448,680528
3,40753136,49234015920,49234769056,753136
4,50676880,49244015920,49244692800,676880
5,60742336,49254015920,49254758256,742336
6,70707136,49264015920,49264723056,707136
7,80755040,49274015920,49274770960,755040
8,90692880,49284015920,49284708800,692880
9,100715232,49294015920,49294731152,715232
10,110707072,49304015920,49304722992,707072
11,120752704,49314015920,49314768624,752704
12,130750912,49324015920,49324766832,750912
13,140736160,49334015920,49334752080,736160
14,150728960,49344015920,49344744880,728960
15,160764480,49354015920,49354780400,764480
16,170662544,49364015920,49364678464,662544
17,180731584,49374015920,49374747504,731584
18,190712368,49384015920,49384728288,712368
19,200673312,49394015920,49394689232,673312
20,210737824,49404015920,49404753744,737824
21,220713520,49414015920,49414729440,713520
22,230695328,49424015920,49424711248,695328
23,240719136,49434015920,49434735056,719136
24,250704288,49444015920,49444720208,704288
25,260709728,49454015920,49454725648,709728
26,270835120,49464015920,49464851040,835120
27,280746016,49474015920,49474761936,746016
28,290722000,49484015920,49484737920,722000
29,300730224,49494015920,49494746144,730224
30,310681408,49504015920,49504697328,681408
31,320674592,49514015920,49514690512,674592
32,330650512,49524015920,49524666432,650512
33,340817568,49534015920,49534833488,817568
34,350722688,49544015920,49544738608,722688
35,360702576,49554015920,49554718496,702576
36,370707920,49564015920,49564723840,707920
37,380670816,49574015920,49574686736,670816
38,390733104,49584015920,49584749024,733104
39,400725072,49594015920,49594740992,725072
40,410718880,49604015920,49604734800,718880
41,420721456,49614015920,49614737376,721456
42,430709648,49624015920,49624725568,709648
43,440749248,49634015920,49634765168,749248
44,450681776,49644015920,49644697696,681776
45,460696192,49654015920,49654712112,696192
46,470701968,49664015920,49664717888,701968
47,480673152,49674015920,49674689072,673152
48,490694544,49684015920,49684710464,694544
49,500683600,49694015920,49694699520,683600
50,510651568,49704015920,49704667488,651568
51,520681280,49714015920,49714697200,681280
52,530657936,49724015920,49724673856,657936
53,540736080,49734015920,49734752000,736080
54,550696320,49744015920,49744712240,696320
55,560710336,49754015920,49754726256,710336
56,570702176,49764015920,49764718096,702176
57,580727536,49774015920,49774743456,727536
58,590655136,49784015920,49784671056,655136
59,600697200,49794015920,49794713120,697200
60,610650352,49804015920,49804666272,650352
61,620739632,49814015920,49814755552,739632
62,630680688,49824015920,49824696608,680688
63,640750560,49834015920,49834766480,750560
64,650667728,49844015920,49844683648,667728
65,660679392,49854015920,49854695312,679392
66,670700432,49864015920,49864716352,700432
67,680697936,49874015920,49874713856,697936
68,690720960,49884015920,49884736880,720960
69,700686672,49894015920,49894702592,686672
70,710696736,49904015920,49904712656,696736
71,720684352,49914015920,49914700272,684352
72,730692144,49924015920,49924708064,692144
73,740703296,49934015920,49934719216,703296
74,750689072,49944015920,49944704992,689072
75,760705536,49954015920,49954721456,705536
76,770712464,49964015920,49964728384,712464
77,780710368,49974015920,49974726288,710368
78,790683024,49984015920,49984698944,683024
79,800705584,49994015920,49994721504,705584
80,810695424,50004015920,50004711344,695424
81,820699200,50014015920,50014715120,699200
82,830691568,50024015920,50024707488,691568
83,840700048,50034015920,50034715968,700048
84,850739520,50044015920,50044755440,739520
85,860737216,50054015920,50054753136,737216
86,870757008,50064015920,50064772928,757008
87,880779616,50074015920,50074795536,779616
88,890723200,50084015920,50084739120,723200
89,900722768,50094015920,50094738688,722768
90,910742464,50104015920,50104758384,742464
91,920740368,50114015920,50114756288,740368
92,930754720,50124015920,50124770640,754720
93,940718176,50134015920,50134734096,718176
94,950709584,50144015920,50144725504,709584
95,960843440,50154015920,50154859360,843440
96,970783200,50164015920,50164799120,783200
97,980730336,50174015920,50174746256,730336
98,990698160,50184015920,50184714080,698160
99,1000737456,50194015920,50194753376,737456
100,1010826976,50204015920,50204842896,826976
101,1020820112,50214015920,50214836032,820112
102,1030702224,50224015920,50224718144,702224
103,1040672944,50234015920,50234688864,672944
104,1050723600,50244015920,50244739520,723600
105,1060716912,50254015920,50254732832,716912
106,1070751968,50264015920,50264767888,751968
107,1080748240,50274015920,50274764160,748240
108,1090716736,50284015920,50284732656,716736
109,1100718864,50294015920,50294734784,718864
110,1110715296,50304015920,50304731216,715296
111,1120758064,50314015920,50314773984,758064
112,1130783792,50324015920,50324799712,783792
113,1140793664,50334015920,50334809584,793664
114,1150717792,50344015920,50344733712,717792
115,1160700688,50354015920,50354716608,700688
116,1170724464,50364015920,50364740384,724464
117,1180730352,50374015920,50374746272,730352
118,1190806464,50384015920,50384822384,806464
119,1200739744,50394015920,50394755664,739744
120,1210781344,50404015920,50404797264,781344
121,1220753712,50414015920,50414769632,753712
122,1230682960,50424015920,50424698880,682960
123,1240701152,50434015920,50434717072,701152
124,1250674368,50444015920,50444690288,674368
125,1260729088,50454015920,50454745008,729088
126,1270722624,50464015920,50464738544,722624
127,1280779232,50474015920,50474795152,779232
128,1290741072,50484015920,50484756992,741072
129,1300797664,50494015920,50494813584,797664
130,1310708064,50504015920,50504723984,708064
131,1320754336,50514015920,50514770256,754336
132,1330714272,50524015920,50524730192,714272
133,1340747440,50534015920,50534763360,747440
134,1350729856,50544015920,50544745776,729856
135,1360737600,50554015920,50554753520,737600
136,1370715792,50564015920,50564731712,715792
137,1380709152,50574015920,50574725072,709152
138,1390705920,50584015920,50584721840,705920
139,1400698768,50594015920,50594714688,698768
140,1410698544,50604015920,50604714464,698544
141,1420722576,50614015920,50614738496,722576
142,1430730352,50624015920,50624746272,730352
143,1440742832,50634015920,50634758752,742832
144,1450768576,50644015920,50644784496,768576
145,1460728464,50654015920,50654744384,728464
146,1470713696,50664015920,50664729616,713696
147,1480721792,50674015920,50674737712,721792
148,1490697360,50684015920,50684713280,697360
149,1500738240,50694015920,50694754160,738240
150,1510760640,50704015920,50704776560,760640
151,1520752000,50714015920,50714767920,752000
152,1530694928,50724015920,50724710848,694928
153,1540711984,50734015920,50734727904,711984
154,1550716416,50744015920,50744732336,716416
155,1560731344,50754015920,50754747264,731344
156,1570766128,50764015920,50764782048,766128
157,1580707136,50774015920,50774723056,707136
158,1590757440,50784015920,50784773360,757440
159,1600772944,50794015920,50794788864,772944
160,1610693648,50804015920,50804709568,693648
161,1620713168,50814015920,50814729088,713168
162,1630747152,50824015920,50824763072,747152
163,1640806144,50834015920,50834822064,806144
164,1650703360,50844015920,50844719280,703360
165,1660740944,50854015920,50854756864,740944
166,1670719088,50864015920,50864735008,719088
167,1680833328,50874015920,50874849248,833328
168,1690722080,50884015920,50884738000,722080
169,1700769120,50894015920,50894785040,769120
170,1710774976,50904015920,50904790896,774976
171,1721055824,50914015920,50915071744,1055824
172,1730452752,50924015920,50924468672,452752
173,1740522432,50934015920,50934538352,522432
174,1750615824,50944015920,50944631744,615824
175,1760747536,50954015920,50954763456,747536
176,1770630272,50964015920,50964646192,630272
177,1780577072,50974015920,50974592992,577072
178,1790466704,50984015920,50984482624,466704
179,1800622736,50994015920,50994638656,622736
180,1810675136,51004015920,51004691056,675136
181,1820625424,51014015920,51014641344,625424
182,1830581568,51024015920,51024597488,581568
183,1840604576,51034015920,51034620496,604576
184,1850703904,51044015920,51044719824,703904
185,1860603488,51054015920,51054619408,603488
186,1870622528,51064015920,51064638448,622528
187,1880616448,51074015920,51074632368,616448
188,1890595728,51084015920,51084611648,595728
189,1900621296,51094015920,51094637216,621296
190,1910590928,51104015920,51104606848,590928
191,1920560992,51114015920,51114576912,560992
192,1930616240,51124015920,51124632160,616240
193,1940767232,51134015920,51134783152,767232
194,1950536672,51144015920,51144552592,536672
195,1960616576,51154015920,51154632496,616576
196,1970632768,51164015920,51164648688,632768
197,1980552368,51174015920,51174568288,552368
198,1990653936,51184015920,51184669856,653936
199,2000718768,51194015920,51194734688,718768
200,2010495536,51204015920,51204511456,495536
201,2020738608,51214015920,51214754528,738608
202,2030615872,51224015920,51224631792,615872
203,2040670224,51234015920,51234686144,670224
204,2050630096,51244015920,51244646016,630096
205,2060641920,51254015920,51254657840,641920
206,2070588976,51264015920,51264604896,588976
207,2080650304,51274015920,51274666224,650304
208,2090622544,51284015920,51284638464,622544
209,2100617024,51294015920,51294632944,617024
210,2110604960,51304015920,51304620880,604960
211,2120614544,51314015920,51314630464,614544
212,2130575056,51324015920,51324590976,575056
213,2140588672,51334015920,51334604592,588672
214,2150468912,51344015920,51344484832,468912
215,2160760320,51354015920,51354776240,760320
216,2170588368,51364015920,51364604288,588368
217,2180605296,51374015920,51374621216,605296
218,2190579120,51384015920,51384595040,579120
219,2200569968,51394015920,51394585888,569968
220,2210592112,51404015920,51404608032,592112
221,2220593936,51414015920,51414609856,593936
222,2230616064,51424015920,51424631984,616064
223,2240618112,51434015920,51434634032,618112
224,2250587248,51444015920,51444603168,587248
225,2260589552,51454015920,51454605472,589552
226,2270741472,51464015920,51464757392,741472
227,2280956896,51474015920,51474972816,956896
228,2290913408,51484015920,51484929328,913408
229,2300956320,51494015920,51494972240,956320
230,2310841040,51504015920,51504856960,841040
231,2320753520,51514015920,51514769440,753520
232,2330912384,51524015920,51524928304,912384
233,2341027152,51534015920,51535043072,1027152
234,2350815968,51544015920,51544831888,815968
235,2360946048,51554015920,51554961968,946048
236,2370835232,51564015920,51564851152,835232
237,2380820032,51574015920,51574835952,820032
238,2390820240,51584015920,51584836160,820240
239,2400825200,51594015920,51594841120,825200
240,2411069072,51604015920,51605084992,1069072
241,2420925216,51614015920,51614941136,925216
242,2430836800,51624015920,51624852720,836800
243,2440858128,51634015920,51634874048,858128
244,2450852880,51644015920,51644868800,852880
245,2460847904,51654015920,51654863824,847904
246,2470898288,51664015920,51664914208,898288
247,2480801792,51674015920,51674817712,801792
248,2490830000,51684015920,51684845920,830000
249,2500737600,51694015920,51694753520,737600
250,2510684848,51704015920,51704700768,684848
251,2520849856,51714015920,51714865776,849856
252,2530790928,51724015920,51724806848,790928
253,2540778160,51734015920,51734794080,778160
254,2550802288,51744015920,51744818208,802288
255,2560760752,51754015920,51754776672,760752
256,2570705040,51764015920,51764720960,705040
257,2580713104,51774015920,51774729024,713104
258,2590685280,51784015920,51784701200,685280
259,2600845856,51794015920,51794861776,845856
260,2610787536,51804015920,51804803456,787536
261,2622055488,51814015920,51816071408,2055488
262,2630599568,51824015920,51824615488,599568
263,2640632048,51834015920,51834647968,632048
264,2650739504,51844015920,51844755424,739504
265,2660780960,51854015920,51854796880,780960
266,2670858464,51864015920,51864874384,858464
267,2680623536,51874015920,51874639456,623536
268,2690491520,51884015920,51884507440,491520
269,2700499328,51894015920,51894515248,499328
270,2710559456,51904015920,51904575376,559456
271,2720593200,51914015920,51914609120,593200
272,2730582576,51924015920,51924598496,582576
273,2740617552,51934015920,51934633472,617552
274,2750630304,51944015920,51944646224,630304
275,2760658816,51954015920,51954674736,658816
276,2770420320,51964015920,51964436240,420320
277,2780447872,51974015920,51974463792,447872
278,2790517296,51984015920,51984533216,517296
279,2800882096,51994015920,51994898016,882096
280,2810733696,52004015920,52004749616,733696
281,2820745264,52014015920,52014761184,745264
282,2830712400,52024015920,52024728320,712400
283,2840742416,52034015920,52034758336,742416
284,2850707504,52044015920,52044723424,707504
285,2860935952,52054015920,52054951872,935952
286,2870817552,52064015920,52064833472,817552
287,2880828672,52074015920,52074844592,828672
288,2890962992,52084015920,52084978912,962992
289,2900739552,52094015920,52094755472,739552
290,2910859968,52104015920,52104875888,859968
291,2920729120,52114015920,52114745040,729120
292,2930737376,52124015920,52124753296,737376
293,2940809840,52134015920,52134825760,809840
294,2950730848,52144015920,52144746768,730848
295,2960843680,52154015920,52154859600,843680
296,2970818944,52164015920,52164834864,818944
297,2980860608,52174015920,52174876528,860608
298,2990841920,52184015920,52184857840,841920
299,3000752592,52194015920,52194768512,752592
PERIODIC LATENCY COMPLETE samples=300
