dedicated_cpus=1
VM Load @PA:0x40200000
VM Load Offset: 0xffff0000c0200000
Memory Map:
  Free   0x00000040000000 - 0x00000040200000 (2 MiB)
  KImg   0x00000040200000 - 0x00000044c00000 (74 MiB)
  Free   0x00000044c00000 - 0x00000240000000 (7.93 GiB)
Initialize RAM allocator: 0x44c00000..0x240000000
Reserving CPU-local areas
CPU-local area stride: 0x44000 bytes
Total CPU-local allocation: 0x110000 bytes (4 CPUs)
Flushed RAM used range to memory map: 0x44c00000..0x44d00000, current: 0x44d00000
Flushed RAM used range to memory map: 0x44d00000..0x44e10000, current: 0x44e10000
CPU-local areas allocated at 0x44d00000 - 0x44e10000
EL: 2
Mapping early memory regions...
Ram                 : [0x0000000040000000, 0x0000000240000000) -> [0x0000000040000000, 0x0000000240000000) (8 GiB)
KImage              : [0x0000ffff80000000, 0x0000ffff84a00000) -> [0x0000000040200000, 0x0000000044c00000) (74 MiB)
PerCpu              : [0x0000ff0044d00000, 0x0000ff0044e10000) -> [0x0000000044d00000, 0x0000000044e10000) (1.06 MiB)
Debug serial        : [0x0000000009000000, 0x0000000009001000) -> [0x0000000009000000, 0x0000000009001000) (4 KiB)
Boot page table at physical address: PA:0x44e10000
Setting up table registers...
MMU Entry point at physical address: 0x403bcb1c
Trap vector at 0xffff801c0800
Memory Map:
  MMIO   0x00000009000000 - 0x00000009001000 (4 KiB)
  Free   0x00000040000000 - 0x00000040200000 (2 MiB)
  KImg   0x00000040200000 - 0x00000044c00000 (74 MiB)
  Rsv    0x00000044c00000 - 0x00000044d00000 (1 MiB)
  PerCPU 0x00000044d00000 - 0x00000044e10000 (1.06 MiB)
  Rsv    0x00000044e10000 - 0x00000044e1a000 (40 KiB)
  Free   0x00000044e1a000 - 0x00000240000000 (7.92 GiB)
Jumping to main entry point at 0xffff801a493c with SP 0x0000ff0044d44000

       d8888                            .d88888b.   .d8888b.
      d88888                           d88P" "Y88b d88P  Y88b
     d88P888                           888     888 Y88b.
    d88P 888 888d888  .d8888b  .d88b.  888     888  "Y888b.
   d88P  888 888P"   d88P"    d8P  Y8b 888     888     "Y88b.
  d88P   888 888     888      88888888 888     888       "888
 d8888888888 888     Y88b.    Y8b.     Y88b. .d88P Y88b  d88P
d88P     888 888      "Y8888P  "Y8888   "Y88888P"   "Y8888P"

arch = aarch64
platform = linux,dummy-virt
target = aarch64-unknown-none-softfloat
build_mode = 
log_level = info
backtrace = false
smp = 4

[37m[  0.058325 ax_runtime:220] [32mLogging is enabled.[m
[m[37m[  0.058724 ax_runtime:221] [32mPrimary CPU 0 started, arg = 0x44c00000.[m
[m[37m[  0.058834 ax_runtime:223] [32mFound physcial memory regions:[m
[m[37m[  0.059898 ax_runtime:225] [32m  [PA:0x9000000, PA:0x9001000) mmio (READ | WRITE | DEVICE | RESERVED)[m
[m[37m[  0.060150 ax_runtime:225] [32m  [PA:0x40000000, PA:0x40200000) free memory (READ | WRITE | FREE)[m
[m[37m[  0.060302 ax_runtime:225] [32m  [PA:0x40200000, PA:0x44c00000) reserved (READ | WRITE | EXECUTE | RESERVED)[m
[m[37m[  0.060433 ax_runtime:225] [32m  [PA:0x44c00000, PA:0x44d00000) reserved (READ | WRITE | EXECUTE | RESERVED)[m
[m[37m[  0.060561 ax_runtime:225] [32m  [PA:0x44d00000, PA:0x44e10000) reserved (READ | WRITE | EXECUTE | RESERVED)[m
[m[37m[  0.060688 ax_runtime:225] [32m  [PA:0x44e10000, PA:0x44e1a000) reserved (READ | WRITE | EXECUTE | RESERVED)[m
[m[37m[  0.060815 ax_runtime:225] [32m  [PA:0x44e1a000, PA:0x240000000) free memory (READ | WRITE | FREE)[m
[m[37m[  0.060951 ax_runtime:375] [32mInitialize global memory allocator...[m
[m[37m[  0.061063 ax_runtime:376] [32m  use buddy-slab-allocator allocator.[m
[m[37m[  0.061291 ax_alloc::buddy_slab:158] [32mInitialize global memory allocator, start_vaddr: 0x44e1a000, size: 0x1fb1e6000[m
[m[37m[  0.068479 ax_alloc::buddy_slab:424] [32mglobal allocator initialized[m
[m[37m[  0.068674 ax_alloc::buddy_slab:168] [32mAdd memory region, start_vaddr: 0x40000000, size: 0x200000[m
[m[37m[  0.068856 buddy_slab_allocator::global:151] [32mGlobalAllocator: skip region 0x40000000+0x200000, no allocator-visible memory after 2097152 alignment[m
[m[37m[  0.069215 ax_runtime:260] [32mkernel aspace: [VA:0x0, VA:0xffffffffffffffff)[m
[m[37m[  0.069421 ax_mm:103] [32mInitialize virtual memory management...[m
[m[37m[  0.742708 ax_runtime:272] [32mInitialize platform devices...[m
[m[37m[  0.749303 someboot::arch::power:23] [32mPower management method : SMC[m
[m[37m[  0.749497 somehal::driver:5] [32mInitializing rdrive with FDT at 0x44c00000[m
[m[37m[  0.762719 somehal::arch::gic::v3:274] [32mGICv3 CPU 0 EOI mode: two_step=true[m
[m[37m[  0.891309 ax_runtime:558] [32mDedicated (no-tick) host CPUs: 0b10[m
[m[37m[  0.891510 ax_task::api:158] [32mInitialize scheduling...[m
[m[37m[  0.892916 ax_task::api:166] [32m  use FIFO scheduler.[m
[m[37m[  0.893295 ax_runtime:300] [32mInitialize interrupt handlers...[m
[m[37m[  0.895525 ax_runtime::devices:2] [32mProbe platform devices...[m
[m[37m[  0.909109 somehal::arch::gic::v3:274] [32mGICv3 CPU 1 EOI mode: two_step=true[m
[m[37m[  0.909617 ax_runtime::mp:79] [32mSecondary CPU 1 started.[m
[m[37m[  0.910672 ax_runtime::mp:110] [32mSecondary CPU 1 init OK.[m
[m[37m[  0.920313 somehal::arch::gic::v3:274] [32mGICv3 CPU 2 EOI mode: two_step=true[m
[m[37m[  0.920483 ax_runtime::mp:79] [32mSecondary CPU 2 started.[m
[m[37m[  0.920687 ax_runtime::mp:110] [32mSecondary CPU 2 init OK.[m
[m[37m[  0.931897 somehal::arch::gic::v3:274] [32mGICv3 CPU 3 EOI mode: two_step=true[m
[m[37m[  0.932153 ax_runtime::mp:79] [32mSecondary CPU 3 started.[m
[m[37m[  0.932222 ax_runtime:348] [32mPrimary CPU 0 init OK.[m
[m[37m[  0.932672 ax_runtime::mp:110] [32mSecondary CPU 3 init OK.[m
[m

       d8888            888     888  d8b
      d88888            888     888  Y8P
     d88P888            888     888
    d88P 888  888  888  Y88b   d88P  888  .d8888b    .d88b.   888d888
   d88P  888  `Y8bd8P'   Y88b d88P   888  88K       d88""88b  888P"
  d88P   888    X88K      Y88o88P    888  "Y8888b.  888  888  888
 d8888888888  .d8""8b.     Y888P     888       X88  Y88..88P  888
d88P     888  888  888      Y8P      888   88888P'   "Y88P"   888


by AxVisor Team

[37m[  0.935893 0:2 axvisor:78] [32mRT partition host CPU mask established: 0b10[m
[m[37m[  0.936046 0:2 axvisor:81] [32mStarting virtualization...[m
[m[37m[  0.936217 0:2 axvm::host::arceos:335] [32mEnabling hardware virtualization support on all cores...[m
[m[37m[  0.936392 0:2 axvm::host::arceos:341] [32mCore 0 is initializing hardware virtualization support...[m
[m[37m[  0.936587 0:2 axvm::timer:349] [32mInitializing AxVM timer wheel...[m
[m[37m[  0.942058 0:2 axvm::host::arceos:343] [32mHardware virtualization support enabled on core 0[m
[m[37m[  0.942874 0:2 axvm::host::arceos:370] [32mWaiting for all cores to enable hardware virtualization...[m
[m[37m[  0.943670 2:12 axvm::host::arceos:353] [32mCore 2 is initializing hardware virtualization support...[m
[m[37m[  0.943715 1:11 axvm::host::arceos:353] [32mCore 1 is initializing hardware virtualization support...[m
[m[37m[  0.943708 3:13 axvm::host::arceos:353] [32mCore 3 is initializing hardware virtualization support...[m
[m[37m[  0.944046 1:11 axvm::timer:349] [32mInitializing AxVM timer wheel...[m
[m[37m[  0.943879 2:12 axvm::timer:349] [32mInitializing AxVM timer wheel...[m
[m[37m[  0.944343 3:13 axvm::timer:349] [32mInitializing AxVM timer wheel...[m
[m[37m[  0.944869 1:11 axvm::host::arceos:357] [32mHardware virtualization support enabled on core 1 (2/4)[m
[m[37m[  0.944879 2:12 axvm::host::arceos:357] [32mHardware virtualization support enabled on core 2 (3/4)[m
[m[37m[  0.944975 0:2 axvm::host::arceos:381] [32mAll cores have enabled hardware virtualization support.[m
[m[37m[  0.944918 3:13 axvm::host::arceos:357] [32mHardware virtualization support enabled on core 3 (4/4)[m
[m[37m[  0.946919 0:2 axvisor::config:91] [32mUsing static VM configs.[m
[m[37m[  0.963217 0:2 axvm::arch::aarch64::fdt::core:79] [32mVM[1] virtual GIC follows host firmware resources: GuestGicProfile { compatible: "arm,gic-v3", node_path: "/intc@8000000", node_phandle: Some(32773), distributor: GuestMmioRegion { base: 134217728, length: 65536 }, cpu_region: Redistributors(GuestGicRedistributorProfile { regions: [GuestMmioRegion { base: 134873088, length: 16121856 }], stride: 131072 }), its: [GuestItsProfile { id: ItsId(0), node_path: "/intc@8000000/its@8080000", node_phandle: Some(32774), registers: GuestMmioRegion { base: 134742016, length: 131072 } }] }[m
[m[37m[  0.966026 0:2 axvm::arch::aarch64::fdt::core:93] [32mVM[1] architectural timer follows host firmware PPIs[m
[m[37m[  0.970125 0:2 axvm::arch::aarch64::fdt::core::parser:442] [32mCPU node: /cpus/cpu@0, node_id: 0x0, hardware_cpu_id: 0x0[m
[m[37m[  0.970343 0:2 axvm::arch::aarch64::fdt::core::parser:442] [32mCPU node: /cpus/cpu@1, node_id: 0x1, hardware_cpu_id: 0x1[m
[m[37m[  0.970536 0:2 axvm::arch::aarch64::fdt::core::parser:442] [32mCPU node: /cpus/cpu@2, node_id: 0x2, hardware_cpu_id: 0x2[m
[m[37m[  0.970700 0:2 axvm::arch::aarch64::fdt::core::parser:442] [32mCPU node: /cpus/cpu@3, node_id: 0x3, hardware_cpu_id: 0x3[m
[m[37m[  0.970980 0:2 axvm::arch::aarch64::fdt::core::parser:449] [32mFound 4 host CPU nodes[m
[m[37m[  0.971490 0:2 axvm::arch::aarch64::fdt::core:144] [32mVM[1] DTB not found, generating from the VM configuration[m
[m[37m[  0.982329 0:2 axvm::arch::aarch64::fdt::core::device:96] [32mFound excluded devices: ["/intc@8000000", "/pl011@9000000", "/timer", "/intc@8000000/its@8080000"][m
[m[37m[  0.992480 0:2 axvm::arch::aarch64::fdt::core::device:96] [32mFound excluded devices: ["/intc@8000000", "/pl011@9000000", "/timer", "/intc@8000000/its@8080000"][m
[m[37m[  0.993511 0:2 axvisor::config:258] [32mCreating VM[1] "rt-partition-linux"[m
[m[37m[  1.010048 0:2 axvm::vm:1039] [32mVM created: id=1[m
[m[37m[  2.107848 0:2 axvisor::config:270] [32mVM[1] created success, loading images...[m
[m[37m[  2.216970 0:2 axvm::boot::images:137] [32mLoading ramdisk image from memory (19620641 bytes) into GPA @0x84000000[m
[m[37m[  2.273532 0:2 axdevice::device:1232] [32mDeviceRuntime: registered device id=0[m
[m[37m[  2.273986 0:2 axdevice::device:1232] [32mDeviceRuntime: registered device id=1[m
[m[37m[  2.408929 0:2 axdevice::device:1232] [32mDeviceRuntime: registered device id=2[m
[m[37m[  2.414981 0:2 axdevice::device:1232] [32mDeviceRuntime: registered device id=3[m
[m[37m[  2.417008 0:2 axdevice::device:1232] [32mDeviceRuntime: registered device id=4[m
[m[37m[  2.420507 0:2 axvm::vm::prepare:82] [32mVM setup: id=1[m
[m[37m[  2.423077 0:2 axvm::arch::aarch64::fdt::core:79] [32mVM[2] virtual GIC follows host firmware resources: GuestGicProfile { compatible: "arm,gic-v3", node_path: "/intc@8000000", node_phandle: Some(32773), distributor: GuestMmioRegion { base: 134217728, length: 65536 }, cpu_region: Redistributors(GuestGicRedistributorProfile { regions: [GuestMmioRegion { base: 134873088, length: 16121856 }], stride: 131072 }), its: [GuestItsProfile { id: ItsId(0), node_path: "/intc@8000000/its@8080000", node_phandle: Some(32774), registers: GuestMmioRegion { base: 134742016, length: 131072 } }] }[m
[m[37m[  2.423819 0:2 axvm::arch::aarch64::fdt::core:93] [32mVM[2] architectural timer follows host firmware PPIs[m
[m[37m[  2.427054 0:2 axvm::arch::aarch64::fdt::core::parser:442] [32mCPU node: /cpus/cpu@0, node_id: 0x0, hardware_cpu_id: 0x0[m
[m[37m[  2.427250 0:2 axvm::arch::aarch64::fdt::core::parser:442] [32mCPU node: /cpus/cpu@1, node_id: 0x1, hardware_cpu_id: 0x1[m
[m[37m[  2.427410 0:2 axvm::arch::aarch64::fdt::core::parser:442] [32mCPU node: /cpus/cpu@2, node_id: 0x2, hardware_cpu_id: 0x2[m
[m[37m[  2.427563 0:2 axvm::arch::aarch64::fdt::core::parser:442] [32mCPU node: /cpus/cpu@3, node_id: 0x3, hardware_cpu_id: 0x3[m
[m[37m[  2.427735 0:2 axvm::arch::aarch64::fdt::core::parser:449] [32mFound 4 host CPU nodes[m
[m[37m[  2.427850 0:2 axvm::arch::aarch64::fdt::core:144] [32mVM[2] DTB not found, generating from the VM configuration[m
[m[37m[  2.434481 0:2 axvm::arch::aarch64::fdt::core::device:96] [32mFound excluded devices: ["/intc@8000000", "/pl011@9000000", "/timer", "/intc@8000000/its@8080000"][m
[m[37m[  2.438803 0:2 axvm::arch::aarch64::fdt::core::device:96] [32mFound excluded devices: ["/intc@8000000", "/pl011@9000000", "/timer", "/intc@8000000/its@8080000"][m
[m[37m[  2.439257 0:2 axvisor::config:258] [32mCreating VM[2] "rt-partition-zephyr"[m
[m[37m[  2.440245 0:2 axvm::vm:1039] [32mVM created: id=2[m
[m[37m[  2.975829 0:2 axvisor::config:270] [32mVM[2] created success, loading images...[m
[m[37m[  2.979838 0:2 axdevice::device:1232] [32mDeviceRuntime: registered device id=0[m
[m[37m[  2.979985 0:2 axdevice::device:1232] [32mDeviceRuntime: registered device id=1[m
[m[37m[  3.241494 0:2 axdevice::device:1232] [32mDeviceRuntime: registered device id=2[m
[m[37m[  3.242870 0:2 axdevice::device:1232] [32mDeviceRuntime: registered device id=3[m
[m[37m[  3.243862 0:2 axvm::vm::prepare:82] [32mVM setup: id=2[m
[m[37m[  3.246326 0:2 axvm::runtime:51] [32mInitializing VMM...[m
[m[37m[  3.249120 0:2 axvm::runtime:62] [32mVMM starting, booting VMs...[m
[m[37m[  3.249741 0:2 axvm::vm:1254] [32mStarting VM[1][m
[m[37m[  3.250349 0:2 axvm::runtime::vcpus:609] [32mSpawning task for VM[1] VCpu[0][m
[m[37m[  3.251533 0:2 axvm::runtime::vcpus:627] [32mVCpu task Task(17, "VM[1]-VCpu[0]") created cpumask: [2, ][m
[m[37m[  3.257105 0:2 axvm::runtime:70] [32mVM[1] boot success[m
[m[37m[  3.257163 2:17 axvm::runtime::vcpus:681] [32mVM[1] VCpu[0] waiting for running[m
[m[37m[  3.257210 0:2 axvm::vm:1254] [32mStarting VM[2][m
[m[37m[  3.257391 0:2 axvm::runtime::vcpus:609] [32mSpawning task for VM[2] VCpu[0][m
[m[37m[  3.257517 0:2 axvm::runtime::vcpus:627] [32mVCpu task Task(19, "VM[2]-VCpu[0]") created cpumask: [1, ][m
[m[37m[  3.257592 2:17 axvm::runtime::vcpus:719] [32mVM[1] VCpu[0] running...[m
[m[37m[  3.257740 0:2 axvm::runtime:70] [32mVM[2] boot success[m
[m[37m[  3.257854 1:19 axvm::runtime::vcpus:681] [32mVM[2] VCpu[0] waiting for running[m
[m[37m[  3.257997 1:19 axvm::runtime::vcpus:719] [32mVM[2] VCpu[0] running...[m
[m[37m[  3.260041 0:2 axvisor:100] [32m[OK] Default guest initialized[m
[m[VM 2] *** Booting Zephyr OS build v3.7.0 ***
[VM 2] PERIODIC LATENCY READY
[37m[  3.299302 2:17 axvm::runtime::hvc:258] [32mVM[1] PSCI_FEATURES function_id=0x80000000[m
[m[37m[  3.300106 2:17 axvm::runtime::hvc:258] [32mVM[1] PSCI_FEATURES function_id=0xc4000001[m
[m[37m[  3.300473 2:17 axvm::runtime::hvc:258] [32mVM[1] PSCI_FEATURES function_id=0xc400000e[m
[m[37m[  3.300806 2:17 axvm::runtime::hvc:258] [32mVM[1] PSCI_FEATURES function_id=0xc4000012[m
[m[37m[  3.301102 2:17 axvm::runtime::hvc:258] [32mVM[1] PSCI_FEATURES function_id=0xc4000015[m
[m[37m[  3.473200 2:17 axvm::runtime::hvc:272] [32mVM[1] PSCI_CPU_ON target=0x1 entry=0x8228158c context=0x0[m
[m[37m[  3.473936 2:17 axvm::runtime::vcpus:609] [32mSpawning task for VM[1] VCpu[1][m
[m[37m[  3.474107 2:17 axvm::runtime::vcpus:627] [32mVCpu task Task(22, "VM[1]-VCpu[1]") created cpumask: [3, ][m
[m[37m[  3.474783 3:22 axvm::runtime::vcpus:681] [32mVM[1] VCpu[1] waiting for running[m
[m[37m[  3.475380 3:22 axvm::runtime::vcpus:719] [32mVM[1] VCpu[1] running...[m
[m[VM 1] [    0.000000] Booting Linux on physical CPU 0x0000000000 [0x410fd083]
[VM 1] [    0.000000] Linux version 7.1.0-rc2-g74fe02ce122a (runner@s1lqc) (aarch64-linux-gnu-gcc (Ubuntu 13.3.0-6ubuntu2~24.04) 13.3.0, GNU ld (GNU Binutils for Ubuntu) 2.42) #2 SMP PREEMPT Mon Jun  8 08:07:46 UTC 2026
[VM 1] [    0.000000] KASLR disabled due to lack of seed
[VM 1] [    0.000000] Machine model: linux,dummy-virt
[VM 1] [    0.000000] efi: UEFI not found.
[VM 1] [    0.000000] OF: reserved mem: Reserved memory: No reserved-memory node in the DT
[VM 1] [    0.000000] NUMA: Faking a node at [mem 0x0000000080000000-0x00000000bfffffff]
[VM 1] [    0.000000] NODE_DATA(0) allocated [mem 0xbfe08940-0xbfe0b03f]
[VM 1] [    0.000000] cma: Reserved 32 MiB at 0x00000000bde00000
[VM 1] [    0.000000] psci: probing for conduit method from DT.
[VM 1] [    0.000000] psci: PSCIv1.1 detected in firmware.
[VM 1] [    0.000000] psci: Using standard PSCI v0.2 function IDs
[VM 1] [    0.000000] psci: Trusted OS migration not required
[VM 1] [    0.000000] psci: SMC Calling Convention v65535.65535
[VM 1] [    0.000000] Zone ranges:
[VM 1] [    0.000000]   DMA      [mem 0x0000000080000000-0x00000000bfffffff]
[VM 1] [    0.000000]   DMA32    empty
[VM 1] [    0.000000]   Normal   empty
[VM 1] [    0.000000] Movable zone start for each node
[VM 1] [    0.000000] Early memory node ranges
[VM 1] [    0.000000]   node   0: [mem 0x0000000080000000-0x00000000bfffffff]
[VM 1] [    0.000000] Initmem setup node 0 [mem 0x0000000080000000-0x00000000bfffffff]
[VM 1] [    0.000000] percpu: Embedded 26 pages/cpu s66584 r8192 d31720 u106496

[Axvisor] detached VM[1] console
Welcome to AxVisor Shell!
Type 'help' to see available commands
Use UP/DOWN arrows to navigate command history
Console shortcuts:
  Ctrl+X, then h  return to the Axvisor shell
  Ctrl+X, then [  attach the previous running guest
  Ctrl+X, then ]  attach the next running guest
Note: Running with limited features (filesystem support disabled).

[2Kaxvisor:$ [2Kaxvisor:$ v[2Kaxvisor:$ vm[2Kaxvisor:$ vm [2Kaxvisor:$ vm c[2Kaxvisor:$ vm co[2Kaxvisor:$ vm con[2Kaxvisor:$ vm cons[2Kaxvisor:$ vm conso[2Kaxvisor:$ vm consol[2Kaxvisor:$ vm console[2Kaxvisor:$ vm console [2Kaxvisor:$ vm console 2
✓ Attached VM[2] console; use Ctrl+X, then h to return to the shell
PERIODIC LATENCY START
PERIODIC LATENCY SETTLE delay_ms=45000
sequence,timestamp_ns,deadline_ns,actual_ns,jitter_ns
0,10685472,47595013120,47595698592,685472
1,20573568,47605013120,47605586688,573568
2,30657408,47615013120,47615670528,657408
3,40469936,47625013120,47625483056,469936
4,50424576,47635013120,47635437696,424576
5,60399744,47645013120,47645412864,399744
6,70472192,47655013120,47655485312,472192
7,80400144,47665013120,47665413264,400144
8,90447840,47675013120,47675460960,447840
9,100405216,47685013120,47685418336,405216
10,110441328,47695013120,47695454448,441328
11,120418496,47705013120,47705431616,418496
12,130450240,47715013120,47715463360,450240
13,140416992,47725013120,47725430112,416992
14,150461920,47735013120,47735475040,461920
15,160437024,47745013120,47745450144,437024
16,170438496,47755013120,47755451616,438496
17,180417376,47765013120,47765430496,417376
18,190418752,47775013120,47775431872,418752
19,200423520,47785013120,47785436640,423520
20,210408384,47795013120,47795421504,408384
21,220422336,47805013120,47805435456,422336
22,230443072,47815013120,47815456192,443072
23,240398544,47825013120,47825411664,398544
24,250427680,47835013120,47835440800,427680
25,260396896,47845013120,47845410016,396896
26,270613216,47855013120,47855626336,613216
27,280570720,47865013120,47865583840,570720
28,290617360,47875013120,47875630480,617360
29,300562384,47885013120,47885575504,562384
30,310509776,47895013120,47895522896,509776
31,320529872,47905013120,47905542992,529872
32,330512416,47915013120,47915525536,512416
33,340570128,47925013120,47925583248,570128
34,350616304,47935013120,47935629424,616304
35,360570992,47945013120,47945584112,570992
36,370511104,47955013120,47955524224,511104
37,380448848,47965013120,47965461968,448848
38,390478416,47975013120,47975491536,478416
39,400439104,47985013120,47985452224,439104
40,410414704,47995013120,47995427824,414704
41,420384944,48005013120,48005398064,384944
42,430516016,48015013120,48015529136,516016
43,440397312,48025013120,48025410432,397312
44,450460608,48035013120,48035473728,460608
45,460433888,48045013120,48045447008,433888
46,470403712,48055013120,48055416832,403712
47,480402352,48065013120,48065415472,402352
48,490428928,48075013120,48075442048,428928
49,500400800,48085013120,48085413920,400800
50,510435664,48095013120,48095448784,435664
51,520398000,48105013120,48105411120,398000
52,530433008,48115013120,48115446128,433008
53,540398064,48125013120,48125411184,398064
54,550421200,48135013120,48135434320,421200
55,560391808,48145013120,48145404928,391808
56,570418048,48155013120,48155431168,418048
57,580427056,48165013120,48165440176,427056
58,590408320,48175013120,48175421440,408320
59,600390288,48185013120,48185403408,390288
60,610412368,48195013120,48195425488,412368
61,620377936,48205013120,48205391056,377936
62,630432640,48215013120,48215445760,432640
63,640417104,48225013120,48225430224,417104
64,650456432,48235013120,48235469552,456432
65,660399984,48245013120,48245413104,399984
66,670417792,48255013120,48255430912,417792
67,680413568,48265013120,48265426688,413568
68,690454016,48275013120,48275467136,454016
69,700453024,48285013120,48285466144,453024
70,711808880,48295013120,48296822000,1808880
71,720384928,48305013120,48305398048,384928
72,730419536,48315013120,48315432656,419536
73,740408448,48325013120,48325421568,408448
74,750421248,48335013120,48335434368,421248
75,760402144,48345013120,48345415264,402144
76,770419056,48355013120,48355432176,419056
77,780455952,48365013120,48365469072,455952
78,790407936,48375013120,48375421056,407936
79,800432320,48385013120,48385445440,432320
80,810416992,48395013120,48395430112,416992
81,820423136,48405013120,48405436256,423136
82,830478192,48415013120,48415491312,478192
83,840400176,48425013120,48425413296,400176
84,850428544,48435013120,48435441664,428544
85,860401328,48445013120,48445414448,401328
86,870511696,48455013120,48455524816,511696
87,880580032,48465013120,48465593152,580032
88,890706960,48475013120,48475720080,706960
89,900674848,48485013120,48485687968,674848
90,910637168,48495013120,48495650288,637168
91,920560160,48505013120,48505573280,560160
92,930608416,48515013120,48515621536,608416
93,940502544,48525013120,48525515664,502544
94,950630048,48535013120,48535643168,630048
95,960599600,48545013120,48545612720,599600
96,970794112,48555013120,48555807232,794112
97,980762432,48565013120,48565775552,762432
98,990532000,48575013120,48575545120,532000
99,1000559840,48585013120,48585572960,559840
100,1010606640,48595013120,48595619760,606640
101,1020702752,48605013120,48605715872,702752
102,1030652800,48615013120,48615665920,652800
103,1040529280,48625013120,48625542400,529280
104,1050604208,48635013120,48635617328,604208
105,1060542016,48645013120,48645555136,542016
106,1070662768,48655013120,48655675888,662768
107,1080615040,48665013120,48665628160,615040
108,1090604976,48675013120,48675618096,604976
109,1100559856,48685013120,48685572976,559856
110,1110655456,48695013120,48695668576,655456
111,1120606128,48705013120,48705619248,606128
112,1130609632,48715013120,48715622752,609632
113,1140670144,48725013120,48725683264,670144
114,1150590960,48735013120,48735604080,590960
115,1160568880,48745013120,48745582000,568880
116,1170580032,48755013120,48755593152,580032
117,1180561200,48765013120,48765574320,561200
118,1190645168,48775013120,48775658288,645168
119,1200667568,48785013120,48785680688,667568
120,1210608272,48795013120,48795621392,608272
121,1220516304,48805013120,48805529424,516304
122,1230598800,48815013120,48815611920,598800
123,1240521984,48825013120,48825535104,521984
124,1250587680,48835013120,48835600800,587680
125,1260509408,48845013120,48845522528,509408
126,1270615968,48855013120,48855629088,615968
127,1280633056,48865013120,48865646176,633056
128,1290637696,48875013120,48875650816,637696
129,1300563856,48885013120,48885576976,563856
130,1310626672,48895013120,48895639792,626672
131,1320605024,48905013120,48905618144,605024
132,1330597328,48915013120,48915610448,597328
133,1340491104,48925013120,48925504224,491104
134,1350546544,48935013120,48935559664,546544
135,1360642624,48945013120,48945655744,642624
136,1370687888,48955013120,48955701008,687888
137,1380590960,48965013120,48965604080,590960
138,1390645376,48975013120,48975658496,645376
139,1400586416,48985013120,48985599536,586416
140,1410595200,48995013120,48995608320,595200
141,1420617136,49005013120,49005630256,617136
142,1430693600,49015013120,49015706720,693600
143,1440518384,49025013120,49025531504,518384
144,1450554080,49035013120,49035567200,554080
145,1460507664,49045013120,49045520784,507664
146,1470600496,49055013120,49055613616,600496
147,1480564096,49065013120,49065577216,564096
148,1490525104,49075013120,49075538224,525104
149,1500586160,49085013120,49085599280,586160
150,1510537824,49095013120,49095550944,537824
151,1520503872,49105013120,49105516992,503872
152,1530728608,49115013120,49115741728,728608
153,1540638800,49125013120,49125651920,638800
154,1550634112,49135013120,49135647232,634112
155,1560661104,49145013120,49145674224,661104
156,1570618544,49155013120,49155631664,618544
157,1580579200,49165013120,49165592320,579200
158,1590710432,49175013120,49175723552,710432
159,1600578240,49185013120,49185591360,578240
160,1610608512,49195013120,49195621632,608512
161,1620664128,49205013120,49205677248,664128
162,1630626784,49215013120,49215639904,626784
163,1640581040,49225013120,49225594160,581040
164,1650800144,49235013120,49235813264,800144
165,1660729504,49245013120,49245742624,729504
166,1670876432,49255013120,49255889552,876432
167,1680774736,49265013120,49265787856,774736
168,1690657376,49275013120,49275670496,657376
169,1700594016,49285013120,49285607136,594016
170,1710604464,49295013120,49295617584,604464
171,1720584048,49305013120,49305597168,584048
172,1730658224,49315013120,49315671344,658224
173,1740710912,49325013120,49325724032,710912
174,1750496112,49335013120,49335509232,496112
175,1760586208,49345013120,49345599328,586208
176,1770654976,49355013120,49355668096,654976
177,1780585568,49365013120,49365598688,585568
178,1790595856,49375013120,49375608976,595856
179,1800646336,49385013120,49385659456,646336
180,1810605600,49395013120,49395618720,605600
181,1820509312,49405013120,49405522432,509312
182,1830584864,49415013120,49415597984,584864
183,1840554608,49425013120,49425567728,554608
184,1850638336,49435013120,49435651456,638336
185,1860674672,49445013120,49445687792,674672
186,1870582032,49455013120,49455595152,582032
187,1880512256,49465013120,49465525376,512256
188,1890616928,49475013120,49475630048,616928
189,1900520784,49485013120,49485533904,520784
190,1910590720,49495013120,49495603840,590720
191,1920506912,49505013120,49505520032,506912
192,1930704704,49515013120,49515717824,704704
193,1940604384,49525013120,49525617504,604384
194,1950643776,49535013120,49535656896,643776
195,1960583712,49545013120,49545596832,583712
196,1970656608,49555013120,49555669728,656608
197,1980577296,49565013120,49565590416,577296
198,1990604848,49575013120,49575617968,604848
199,2000577728,49585013120,49585590848,577728
200,2010566928,49595013120,49595580048,566928
201,2020588432,49605013120,49605601552,588432
202,2030522864,49615013120,49615535984,522864
203,2040569376,49625013120,49625582496,569376
204,2050630080,49635013120,49635643200,630080
205,2060583008,49645013120,49645596128,583008
206,2070509216,49655013120,49655522336,509216
207,2080510720,49665013120,49665523840,510720
208,2090495136,49675013120,49675508256,495136
209,2100574288,49685013120,49685587408,574288
210,2110628576,49695013120,49695641696,628576
211,2120563424,49705013120,49705576544,563424
212,2130645584,49715013120,49715658704,645584
213,2140596752,49725013120,49725609872,596752
214,2150584848,49735013120,49735597968,584848
215,2160607920,49745013120,49745621040,607920
216,2170652032,49755013120,49755665152,652032
217,2180582112,49765013120,49765595232,582112
218,2190613440,49775013120,49775626560,613440
219,2200485408,49785013120,49785498528,485408
220,2210636752,49795013120,49795649872,636752
221,2220610240,49805013120,49805623360,610240
222,2230521440,49815013120,49815534560,521440
223,2240563376,49825013120,49825576496,563376
224,2250639264,49835013120,49835652384,639264
225,2260586048,49845013120,49845599168,586048
226,2271047792,49855013120,49856060912,1047792
227,2280777488,49865013120,49865790608,777488
228,2290797328,49875013120,49875810448,797328
229,2300742512,49885013120,49885755632,742512
230,2310843872,49895013120,49895856992,843872
231,2320743376,49905013120,49905756496,743376
232,2330846544,49915013120,49915859664,846544
233,2340818192,49925013120,49925831312,818192
234,2350867264,49935013120,49935880384,867264
235,2360781280,49945013120,49945794400,781280
236,2370785888,49955013120,49955799008,785888
237,2380816960,49965013120,49965830080,816960
238,2390820080,49975013120,49975833200,820080
239,2400745616,49985013120,49985758736,745616
240,2410696288,49995013120,49995709408,696288
241,2420509728,50005013120,50005522848,509728
242,2430611504,50015013120,50015624624,611504
243,2440536288,50025013120,50025549408,536288
244,2450653616,50035013120,50035666736,653616
245,2460591552,50045013120,50045604672,591552
246,2470595072,50055013120,50055608192,595072
247,2480582560,50065013120,50065595680,582560
248,2490661008,50075013120,50075674128,661008
249,2500592416,50085013120,50085605536,592416
250,2510519552,50095013120,50095532672,519552
251,2520442176,50105013120,50105455296,442176
252,2530586544,50115013120,50115599664,586544
253,2540579696,50125013120,50125592816,579696
254,2550596944,50135013120,50135610064,596944
255,2560581792,50145013120,50145594912,581792
256,2570584272,50155013120,50155597392,584272
257,2580572016,50165013120,50165585136,572016
258,2590593840,50175013120,50175606960,593840
259,2600598224,50185013120,50185611344,598224
260,2610587632,50195013120,50195600752,587632
261,2620522656,50205013120,50205535776,522656
262,2630651584,50215013120,50215664704,651584
263,2640610560,50225013120,50225623680,610560
264,2650531088,50235013120,50235544208,531088
265,2660536576,50245013120,50245549696,536576
266,2670528560,50255013120,50255541680,528560
267,2680508336,50265013120,50265521456,508336
268,2690617648,50275013120,50275630768,617648
269,2700596352,50285013120,50285609472,596352
270,2710589248,50295013120,50295602368,589248
271,2720535584,50305013120,50305548704,535584
272,2730622416,50315013120,50315635536,622416
273,2740716688,50325013120,50325729808,716688
274,2750707856,50335013120,50335720976,707856
275,2760720656,50345013120,50345733776,720656
276,2770887072,50355013120,50355900192,887072
277,2780782448,50365013120,50365795568,782448
278,2790865968,50375013120,50375879088,865968
279,2800790160,50385013120,50385803280,790160
280,2810808192,50395013120,50395821312,808192
281,2820714272,50405013120,50405727392,714272
282,2830749952,50415013120,50415763072,749952
283,2840793904,50425013120,50425807024,793904
284,2850840656,50435013120,50435853776,840656
285,2860780144,50445013120,50445793264,780144
286,2870910320,50455013120,50455923440,910320
287,2880796272,50465013120,50465809392,796272
288,2890838304,50475013120,50475851424,838304
289,2900748256,50485013120,50485761376,748256
290,2910821072,50495013120,50495834192,821072
291,2920724464,50505013120,50505737584,724464
292,2930429600,50515013120,50515442720,429600
293,2940416672,50525013120,50525429792,416672
294,2950816784,50535013120,50535829904,816784
295,2960593232,50545013120,50545606352,593232
296,2970592752,50555013120,50555605872,592752
297,2980554592,50565013120,50565567712,554592
298,2990638512,50575013120,50575651632,638512
299,3000595120,50585013120,50585608240,595120
PERIODIC LATENCY COMPLETE samples=300
