dedicated_cpus=1
VM Load @PA:0x40200000
VM Load Offset: 0xffff0000c0200000
Memory Map:
  Free   0x00000040000000 - 0x00000040200000 (2 MiB)
  KImg   0x00000040200000 - 0x00000044c00000 (74 MiB)
  Free   0x00000044c00000 - 0x00000240000000 (7.93 GiB)
Initialize RAM allocator: 0x44c00000..0x240000000
Reserving CPU-local areas
CPU-local area stride: 0x44000 bytes
Total CPU-local allocation: 0x110000 bytes (4 CPUs)
Flushed RAM used range to memory map: 0x44c00000..0x44d00000, current: 0x44d00000
Flushed RAM used range to memory map: 0x44d00000..0x44e10000, current: 0x44e10000
CPU-local areas allocated at 0x44d00000 - 0x44e10000
EL: 2
Mapping early memory regions...
Ram                 : [0x0000000040000000, 0x0000000240000000) -> [0x0000000040000000, 0x0000000240000000) (8 GiB)
KImage              : [0x0000ffff80000000, 0x0000ffff84a00000) -> [0x0000000040200000, 0x0000000044c00000) (74 MiB)
PerCpu              : [0x0000ff0044d00000, 0x0000ff0044e10000) -> [0x0000000044d00000, 0x0000000044e10000) (1.06 MiB)
Debug serial        : [0x0000000009000000, 0x0000000009001000) -> [0x0000000009000000, 0x0000000009001000) (4 KiB)
Boot page table at physical address: PA:0x44e10000
Setting up table registers...
MMU Entry point at physical address: 0x403bcb1c
Trap vector at 0xffff801c0800
Memory Map:
  MMIO   0x00000009000000 - 0x00000009001000 (4 KiB)
  Free   0x00000040000000 - 0x00000040200000 (2 MiB)
  KImg   0x00000040200000 - 0x00000044c00000 (74 MiB)
  Rsv    0x00000044c00000 - 0x00000044d00000 (1 MiB)
  PerCPU 0x00000044d00000 - 0x00000044e10000 (1.06 MiB)
  Rsv    0x00000044e10000 - 0x00000044e1a000 (40 KiB)
  Free   0x00000044e1a000 - 0x00000240000000 (7.92 GiB)
Jumping to main entry point at 0xffff801a493c with SP 0x0000ff0044d44000

       d8888                            .d88888b.   .d8888b.
      d88888                           d88P" "Y88b d88P  Y88b
     d88P888                           888     888 Y88b.
    d88P 888 888d888  .d8888b  .d88b.  888     888  "Y888b.
   d88P  888 888P"   d88P"    d8P  Y8b 888     888     "Y88b.
  d88P   888 888     888      88888888 888     888       "888
 d8888888888 888     Y88b.    Y8b.     Y88b. .d88P Y88b  d88P
d88P     888 888      "Y8888P  "Y8888   "Y88888P"   "Y8888P"

arch = aarch64
platform = linux,dummy-virt
target = aarch64-unknown-none-softfloat
build_mode = 
log_level = info
backtrace = false
smp = 4

[37m[  0.060926 ax_runtime:220] [32mLogging is enabled.[m
[m[37m[  0.061322 ax_runtime:221] [32mPrimary CPU 0 started, arg = 0x44c00000.[m
[m[37m[  0.061439 ax_runtime:223] [32mFound physcial memory regions:[m
[m[37m[  0.062476 ax_runtime:225] [32m  [PA:0x9000000, PA:0x9001000) mmio (READ | WRITE | DEVICE | RESERVED)[m
[m[37m[  0.062710 ax_runtime:225] [32m  [PA:0x40000000, PA:0x40200000) free memory (READ | WRITE | FREE)[m
[m[37m[  0.062854 ax_runtime:225] [32m  [PA:0x40200000, PA:0x44c00000) reserved (READ | WRITE | EXECUTE | RESERVED)[m
[m[37m[  0.062985 ax_runtime:225] [32m  [PA:0x44c00000, PA:0x44d00000) reserved (READ | WRITE | EXECUTE | RESERVED)[m
[m[37m[  0.063113 ax_runtime:225] [32m  [PA:0x44d00000, PA:0x44e10000) reserved (READ | WRITE | EXECUTE | RESERVED)[m
[m[37m[  0.063248 ax_runtime:225] [32m  [PA:0x44e10000, PA:0x44e1a000) reserved (READ | WRITE | EXECUTE | RESERVED)[m
[m[37m[  0.063389 ax_runtime:225] [32m  [PA:0x44e1a000, PA:0x240000000) free memory (READ | WRITE | FREE)[m
[m[37m[  0.063529 ax_runtime:375] [32mInitialize global memory allocator...[m
[m[37m[  0.063637 ax_runtime:376] [32m  use buddy-slab-allocator allocator.[m
[m[37m[  0.063854 ax_alloc::buddy_slab:158] [32mInitialize global memory allocator, start_vaddr: 0x44e1a000, size: 0x1fb1e6000[m
[m[37m[  0.071164 ax_alloc::buddy_slab:424] [32mglobal allocator initialized[m
[m[37m[  0.071371 ax_alloc::buddy_slab:168] [32mAdd memory region, start_vaddr: 0x40000000, size: 0x200000[m
[m[37m[  0.071579 buddy_slab_allocator::global:151] [32mGlobalAllocator: skip region 0x40000000+0x200000, no allocator-visible memory after 2097152 alignment[m
[m[37m[  0.071923 ax_runtime:260] [32mkernel aspace: [VA:0x0, VA:0xffffffffffffffff)[m
[m[37m[  0.072135 ax_mm:103] [32mInitialize virtual memory management...[m
[m[37m[  0.761566 ax_runtime:272] [32mInitialize platform devices...[m
[m[37m[  0.768110 someboot::arch::power:23] [32mPower management method : SMC[m
[m[37m[  0.768306 somehal::driver:5] [32mInitializing rdrive with FDT at 0x44c00000[m
[m[37m[  0.781515 somehal::arch::gic::v3:274] [32mGICv3 CPU 0 EOI mode: two_step=true[m
[m[37m[  0.889816 ax_runtime:558] [32mDedicated (no-tick) host CPUs: 0b10[m
[m[37m[  0.889980 ax_task::api:158] [32mInitialize scheduling...[m
[m[37m[  0.891282 ax_task::api:166] [32m  use FIFO scheduler.[m
[m[37m[  0.891678 ax_runtime:300] [32mInitialize interrupt handlers...[m
[m[37m[  0.894038 ax_runtime::devices:2] [32mProbe platform devices...[m
[m[37m[  0.907959 somehal::arch::gic::v3:274] [32mGICv3 CPU 1 EOI mode: two_step=true[m
[m[37m[  0.908292 ax_runtime::mp:79] [32mSecondary CPU 1 started.[m
[m[37m[  0.909012 ax_runtime::mp:110] [32mSecondary CPU 1 init OK.[m
[m[37m[  0.919481 somehal::arch::gic::v3:274] [32mGICv3 CPU 2 EOI mode: two_step=true[m
[m[37m[  0.919723 ax_runtime::mp:79] [32mSecondary CPU 2 started.[m
[m[37m[  0.920043 ax_runtime::mp:110] [32mSecondary CPU 2 init OK.[m
[m[37m[  0.931314 somehal::arch::gic::v3:274] [32mGICv3 CPU 3 EOI mode: two_step=true[m
[m[37m[  0.931604 ax_runtime::mp:79] [32mSecondary CPU 3 started.[m
[m[37m[  0.931679 ax_runtime:348] [32mPrimary CPU 0 init OK.[m
[m[37m[  0.932210 ax_runtime::mp:110] [32mSecondary CPU 3 init OK.[m
[m

       d8888            888     888  d8b
      d88888            888     888  Y8P
     d88P888            888     888
    d88P 888  888  888  Y88b   d88P  888  .d8888b    .d88b.   888d888
   d88P  888  `Y8bd8P'   Y88b d88P   888  88K       d88""88b  888P"
  d88P   888    X88K      Y88o88P    888  "Y8888b.  888  888  888
 d8888888888  .d8""8b.     Y888P     888       X88  Y88..88P  888
d88P     888  888  888      Y8P      888   88888P'   "Y88P"   888


by AxVisor Team

[37m[  0.935419 0:2 axvisor:78] [32mRT partition host CPU mask established: 0b10[m
[m[37m[  0.935569 0:2 axvisor:81] [32mStarting virtualization...[m
[m[37m[  0.935726 0:2 axvm::host::arceos:335] [32mEnabling hardware virtualization support on all cores...[m
[m[37m[  0.935900 0:2 axvm::host::arceos:341] [32mCore 0 is initializing hardware virtualization support...[m
[m[37m[  0.936091 0:2 axvm::timer:349] [32mInitializing AxVM timer wheel...[m
[m[37m[  0.941508 0:2 axvm::host::arceos:343] [32mHardware virtualization support enabled on core 0[m
[m[37m[  0.942326 0:2 axvm::host::arceos:370] [32mWaiting for all cores to enable hardware virtualization...[m
[m[37m[  0.943113 1:11 axvm::host::arceos:353] [32mCore 1 is initializing hardware virtualization support...[m
[m[37m[  0.943135 2:12 axvm::host::arceos:353] [32mCore 2 is initializing hardware virtualization support...[m
[m[37m[  0.943323 1:11 axvm::timer:349] [32mInitializing AxVM timer wheel...[m
[m[37m[  0.943122 3:13 axvm::host::arceos:353] [32mCore 3 is initializing hardware virtualization support...[m
[m[37m[  0.943494 2:12 axvm::timer:349] [32mInitializing AxVM timer wheel...[m
[m[37m[  0.943914 3:13 axvm::timer:349] [32mInitializing AxVM timer wheel...[m
[m[37m[  0.944053 1:11 axvm::host::arceos:357] [32mHardware virtualization support enabled on core 1 (2/4)[m
[m[37m[  0.944137 2:12 axvm::host::arceos:357] [32mHardware virtualization support enabled on core 2 (3/4)[m
[m[37m[  0.944371 3:13 axvm::host::arceos:357] [32mHardware virtualization support enabled on core 3 (4/4)[m
[m[37m[  0.946027 0:2 axvm::host::arceos:381] [32mAll cores have enabled hardware virtualization support.[m
[m[37m[  0.946274 0:2 axvisor::config:91] [32mUsing static VM configs.[m
[m[37m[  0.962669 0:2 axvm::arch::aarch64::fdt::core:79] [32mVM[1] virtual GIC follows host firmware resources: GuestGicProfile { compatible: "arm,gic-v3", node_path: "/intc@8000000", node_phandle: Some(32773), distributor: GuestMmioRegion { base: 134217728, length: 65536 }, cpu_region: Redistributors(GuestGicRedistributorProfile { regions: [GuestMmioRegion { base: 134873088, length: 16121856 }], stride: 131072 }), its: [GuestItsProfile { id: ItsId(0), node_path: "/intc@8000000/its@8080000", node_phandle: Some(32774), registers: GuestMmioRegion { base: 134742016, length: 131072 } }] }[m
[m[37m[  0.965602 0:2 axvm::arch::aarch64::fdt::core:93] [32mVM[1] architectural timer follows host firmware PPIs[m
[m[37m[  0.969745 0:2 axvm::arch::aarch64::fdt::core::parser:442] [32mCPU node: /cpus/cpu@0, node_id: 0x0, hardware_cpu_id: 0x0[m
[m[37m[  0.969966 0:2 axvm::arch::aarch64::fdt::core::parser:442] [32mCPU node: /cpus/cpu@1, node_id: 0x1, hardware_cpu_id: 0x1[m
[m[37m[  0.970160 0:2 axvm::arch::aarch64::fdt::core::parser:442] [32mCPU node: /cpus/cpu@2, node_id: 0x2, hardware_cpu_id: 0x2[m
[m[37m[  0.970367 0:2 axvm::arch::aarch64::fdt::core::parser:442] [32mCPU node: /cpus/cpu@3, node_id: 0x3, hardware_cpu_id: 0x3[m
[m[37m[  0.970605 0:2 axvm::arch::aarch64::fdt::core::parser:449] [32mFound 4 host CPU nodes[m
[m[37m[  0.971164 0:2 axvm::arch::aarch64::fdt::core:144] [32mVM[1] DTB not found, generating from the VM configuration[m
[m[37m[  0.982361 0:2 axvm::arch::aarch64::fdt::core::device:96] [32mFound excluded devices: ["/intc@8000000", "/pl011@9000000", "/timer", "/intc@8000000/its@8080000"][m
[m[37m[  0.992688 0:2 axvm::arch::aarch64::fdt::core::device:96] [32mFound excluded devices: ["/intc@8000000", "/pl011@9000000", "/timer", "/intc@8000000/its@8080000"][m
[m[37m[  0.993746 0:2 axvisor::config:258] [32mCreating VM[1] "rt-partition-linux"[m
[m[37m[  1.010492 0:2 axvm::vm:1039] [32mVM created: id=1[m
[m[37m[  2.130341 0:2 axvisor::config:270] [32mVM[1] created success, loading images...[m
[m[37m[  2.241956 0:2 axvm::boot::images:137] [32mLoading ramdisk image from memory (19620641 bytes) into GPA @0x84000000[m
[m[37m[  2.299452 0:2 axdevice::device:1232] [32mDeviceRuntime: registered device id=0[m
[m[37m[  2.299919 0:2 axdevice::device:1232] [32mDeviceRuntime: registered device id=1[m
[m[37m[  2.431975 0:2 axdevice::device:1232] [32mDeviceRuntime: registered device id=2[m
[m[37m[  2.439675 0:2 axdevice::device:1232] [32mDeviceRuntime: registered device id=3[m
[m[37m[  2.444660 0:2 axdevice::device:1232] [32mDeviceRuntime: registered device id=4[m
[m[37m[  2.449193 0:2 axvm::vm::prepare:82] [32mVM setup: id=1[m
[m[37m[  2.451855 0:2 axvm::arch::aarch64::fdt::core:79] [32mVM[2] virtual GIC follows host firmware resources: GuestGicProfile { compatible: "arm,gic-v3", node_path: "/intc@8000000", node_phandle: Some(32773), distributor: GuestMmioRegion { base: 134217728, length: 65536 }, cpu_region: Redistributors(GuestGicRedistributorProfile { regions: [GuestMmioRegion { base: 134873088, length: 16121856 }], stride: 131072 }), its: [GuestItsProfile { id: ItsId(0), node_path: "/intc@8000000/its@8080000", node_phandle: Some(32774), registers: GuestMmioRegion { base: 134742016, length: 131072 } }] }[m
[m[37m[  2.452730 0:2 axvm::arch::aarch64::fdt::core:93] [32mVM[2] architectural timer follows host firmware PPIs[m
[m[37m[  2.456160 0:2 axvm::arch::aarch64::fdt::core::parser:442] [32mCPU node: /cpus/cpu@0, node_id: 0x0, hardware_cpu_id: 0x0[m
[m[37m[  2.456366 0:2 axvm::arch::aarch64::fdt::core::parser:442] [32mCPU node: /cpus/cpu@1, node_id: 0x1, hardware_cpu_id: 0x1[m
[m[37m[  2.456535 0:2 axvm::arch::aarch64::fdt::core::parser:442] [32mCPU node: /cpus/cpu@2, node_id: 0x2, hardware_cpu_id: 0x2[m
[m[37m[  2.456703 0:2 axvm::arch::aarch64::fdt::core::parser:442] [32mCPU node: /cpus/cpu@3, node_id: 0x3, hardware_cpu_id: 0x3[m
[m[37m[  2.456892 0:2 axvm::arch::aarch64::fdt::core::parser:449] [32mFound 4 host CPU nodes[m
[m[37m[  2.457016 0:2 axvm::arch::aarch64::fdt::core:144] [32mVM[2] DTB not found, generating from the VM configuration[m
[m[37m[  2.463930 0:2 axvm::arch::aarch64::fdt::core::device:96] [32mFound excluded devices: ["/intc@8000000", "/pl011@9000000", "/timer", "/intc@8000000/its@8080000"][m
[m[37m[  2.468313 0:2 axvm::arch::aarch64::fdt::core::device:96] [32mFound excluded devices: ["/intc@8000000", "/pl011@9000000", "/timer", "/intc@8000000/its@8080000"][m
[m[37m[  2.468768 0:2 axvisor::config:258] [32mCreating VM[2] "rt-partition-zephyr"[m
[m[37m[  2.469869 0:2 axvm::vm:1039] [32mVM created: id=2[m
[m[37m[  3.026896 0:2 axvisor::config:270] [32mVM[2] created success, loading images...[m
[m[37m[  3.031313 0:2 axdevice::device:1232] [32mDeviceRuntime: registered device id=0[m
[m[37m[  3.031454 0:2 axdevice::device:1232] [32mDeviceRuntime: registered device id=1[m
[m[37m[  3.270541 0:2 axdevice::device:1232] [32mDeviceRuntime: registered device id=2[m
[m[37m[  3.271534 0:2 axdevice::device:1232] [32mDeviceRuntime: registered device id=3[m
[m[37m[  3.272213 0:2 axvm::vm::prepare:82] [32mVM setup: id=2[m
[m[37m[  3.274315 0:2 axvm::runtime:51] [32mInitializing VMM...[m
[m[37m[  3.276895 0:2 axvm::runtime:62] [32mVMM starting, booting VMs...[m
[m[37m[  3.277517 0:2 axvm::vm:1254] [32mStarting VM[1][m
[m[37m[  3.278127 0:2 axvm::runtime::vcpus:609] [32mSpawning task for VM[1] VCpu[0][m
[m[37m[  3.279263 0:2 axvm::runtime::vcpus:627] [32mVCpu task Task(17, "VM[1]-VCpu[0]") created cpumask: [2, ][m
[m[37m[  3.285151 0:2 axvm::runtime:70] [32mVM[1] boot success[m
[m[37m[  3.285253 0:2 axvm::vm:1254] [32mStarting VM[2][m
[m[37m[  3.285340 0:2 axvm::runtime::vcpus:609] [32mSpawning task for VM[2] VCpu[0][m
[m[37m[  3.285391 2:17 axvm::runtime::vcpus:681] [32mVM[1] VCpu[0] waiting for running[m
[m[37m[  3.285483 0:2 axvm::runtime::vcpus:627] [32mVCpu task Task(19, "VM[2]-VCpu[0]") created cpumask: [1, ][m
[m[37m[  3.285858 0:2 axvm::runtime:70] [32mVM[2] boot success[m
[m[37m[  3.285990 1:19 axvm::runtime::vcpus:681] [32mVM[2] VCpu[0] waiting for running[m
[m[37m[  3.286078 2:17 axvm::runtime::vcpus:719] [32mVM[1] VCpu[0] running...[m
[m[37m[  3.286147 1:19 axvm::runtime::vcpus:719] [32mVM[2] VCpu[0] running...[m
[m[37m[  3.288022 0:2 axvisor:100] [32m[OK] Default guest initialized[m
[m[VM 2] *** Booting Zephyr OS build v3.7.0 ***
[VM 2] PERIODIC LATENCY READY
[37m[  3.328306 2:17 axvm::runtime::hvc:258] [32mVM[1] PSCI_FEATURES function_id=0x80000000[m
[m[37m[  3.329165 2:17 axvm::runtime::hvc:258] [32mVM[1] PSCI_FEATURES function_id=0xc4000001[m
[m[37m[  3.329568 2:17 axvm::runtime::hvc:258] [32mVM[1] PSCI_FEATURES function_id=0xc400000e[m
[m[37m[  3.329875 2:17 axvm::runtime::hvc:258] [32mVM[1] PSCI_FEATURES function_id=0xc4000012[m
[m[37m[  3.330238 2:17 axvm::runtime::hvc:258] [32mVM[1] PSCI_FEATURES function_id=0xc4000015[m
[m[37m[  3.508768 2:17 axvm::runtime::hvc:272] [32mVM[1] PSCI_CPU_ON target=0x1 entry=0x8228158c context=0x0[m
[m[37m[  3.509688 2:17 axvm::runtime::vcpus:609] [32mSpawning task for VM[1] VCpu[1][m
[m[37m[  3.509840 2:17 axvm::runtime::vcpus:627] [32mVCpu task Task(22, "VM[1]-VCpu[1]") created cpumask: [3, ][m
[m[37m[  3.510567 3:22 axvm::runtime::vcpus:681] [32mVM[1] VCpu[1] waiting for running[m
[m[37m[  3.511068 3:22 axvm::runtime::vcpus:719] [32mVM[1] VCpu[1] running...[m
[m[VM 1] [    0.000000] Booting Linux on physical CPU 0x0000000000 [0x410fd083]
[VM 1] [    0.000000] Linux version 7.1.0-rc2-g74fe02ce122a (runner@s1lqc) (aarch64-linux-gnu-gcc (Ubuntu 13.3.0-6ubuntu2~24.04) 13.3.0, GNU ld (GNU Binutils for Ubuntu) 2.42) #2 SMP PREEMPT Mon Jun  8 08:07:46 UTC 2026
[VM 1] [    0.000000] KASLR disabled due to lack of seed
[VM 1] [    0.000000] Machine model: linux,dummy-virt
[VM 1] [    0.000000] efi: UEFI not found.
[VM 1] [    0.000000] OF: reserved mem: Reserved memory: No reserved-memory node in the DT
[VM 1] [    0.000000] NUMA: Faking a node at [mem 0x0000000080000000-0x00000000bfffffff]
[VM 1] [    0.000000] NODE_DATA(0) allocated [mem 0xbfe08940-0xbfe0b03f]
[VM 1] [    0.000000] cma: Reserved 32 MiB at 0x00000000bde00000
[VM 1] [    0.000000] psci: probing for conduit method from DT.
[VM 1] [    0.000000] psci: PSCIv1.1 detected in firmware.
[VM 1] [    0.000000] psci: Using standard PSCI v0.2 function IDs
[VM 1] [    0.000000] psci: Trusted OS migration not required
[VM 1] [    0.000000] psci: SMC Calling Convention v65535.65535
[VM 1] [    0.000000] Zone ranges:
[VM 1] [    0.000000]   DMA      [mem 0x0000000080000000-0x00000000bfffffff]
[VM 1] [    0.000000]   DMA32    empty
[VM 1] [    0.000000]   Normal   empty
[VM 1] [    0.000000] Movable zone start for each node
[VM 1] [    0.000000] Early memory node ranges
[VM 1] [    0.000000]   node   0: [mem 0x0000000080000000-0x00000000bfffffff]
[VM 1] [    0.000000] Initmem setup node 0 [mem 0x0000000080000000-0x00000000bfffffff]
[VM 1] [    0.000000] percpu: Embedded 26 pages/cpu s66584 r8192 d31720 u106496

[Axvisor] detached VM[1] console
Welcome to AxVisor Shell!
Type 'help' to see available commands
Use UP/DOWN arrows to navigate command history
Console shortcuts:
  Ctrl+X, then h  return to the Axvisor shell
  Ctrl+X, then [  attach the previous running guest
  Ctrl+X, then ]  attach the next running guest
Note: Running with limited features (filesystem support disabled).

[2Kaxvisor:$ [2Kaxvisor:$ v[2Kaxvisor:$ vm[2Kaxvisor:$ vm [2Kaxvisor:$ vm c[2Kaxvisor:$ vm co[2Kaxvisor:$ vm con[2Kaxvisor:$ vm cons[2Kaxvisor:$ vm conso[2Kaxvisor:$ vm consol[2Kaxvisor:$ vm console[2Kaxvisor:$ vm console [2Kaxvisor:$ vm console 2
✓ Attached VM[2] console; use Ctrl+X, then h to return to the shell
PERIODIC LATENCY START
PERIODIC LATENCY SETTLE delay_ms=45000
sequence,timestamp_ns,deadline_ns,actual_ns,jitter_ns
0,10610864,49184011808,49184622672,610864
1,20602624,49194011808,49194614432,602624
2,30586768,49204011808,49204598576,586768
3,40638976,49214011808,49214650784,638976
4,50596416,49224011808,49224608224,596416
5,60598512,49234011808,49234610320,598512
6,70611696,49244011808,49244623504,611696
7,80593584,49254011808,49254605392,593584
8,90669184,49264011808,49264680992,669184
9,100697632,49274011808,49274709440,697632
10,110588976,49284011808,49284600784,588976
11,120739536,49294011808,49294751344,739536
12,130738128,49304011808,49304749936,738128
13,140627808,49314011808,49314639616,627808
14,150762800,49324011808,49324774608,762800
15,160815200,49334011808,49334827008,815200
16,170650912,49344011808,49344662720,650912
17,180800480,49354011808,49354812288,800480
18,190798896,49364011808,49364810704,798896
19,200631296,49374011808,49374643104,631296
20,210779488,49384011808,49384791296,779488
21,220756240,49394011808,49394768048,756240
22,230691088,49404011808,49404702896,691088
23,240750528,49414011808,49414762336,750528
24,250574640,49424011808,49424586448,574640
25,260857280,49434011808,49434869088,857280
26,270688208,49444011808,49444700016,688208
27,280672736,49454011808,49454684544,672736
28,290801088,49464011808,49464812896,801088
29,300739008,49474011808,49474750816,739008
30,310767136,49484011808,49484778944,767136
31,320858192,49494011808,49494870000,858192
32,330767600,49504011808,49504779408,767600
33,340778464,49514011808,49514790272,778464
34,350696704,49524011808,49524708512,696704
35,360806368,49534011808,49534818176,806368
36,370621264,49544011808,49544633072,621264
37,380682752,49554011808,49554694560,682752
38,390749376,49564011808,49564761184,749376
39,400770592,49574011808,49574782400,770592
40,410634736,49584011808,49584646544,634736
41,420606304,49594011808,49594618112,606304
42,430724240,49604011808,49604736048,724240
43,440714960,49614011808,49614726768,714960
44,450754256,49624011808,49624766064,754256
45,460790112,49634011808,49634801920,790112
46,470503232,49644011808,49644515040,503232
47,480887712,49654011808,49654899520,887712
48,490605136,49664011808,49664616944,605136
49,500635648,49674011808,49674647456,635648
50,510588032,49684011808,49684599840,588032
51,520606672,49694011808,49694618480,606672
52,530642560,49704011808,49704654368,642560
53,540631648,49714011808,49714643456,631648
54,550633088,49724011808,49724644896,633088
55,560605216,49734011808,49734617024,605216
56,570885184,49744011808,49744896992,885184
57,580854768,49754011808,49754866576,854768
58,590737504,49764011808,49764749312,737504
59,600482208,49774011808,49774494016,482208
60,610789136,49784011808,49784800944,789136
61,620615152,49794011808,49794626960,615152
62,630609792,49804011808,49804621600,609792
63,640730048,49814011808,49814741856,730048
64,650739168,49824011808,49824750976,739168
65,660538416,49834011808,49834550224,538416
66,670601120,49844011808,49844612928,601120
67,680615856,49854011808,49854627664,615856
68,690651168,49864011808,49864662976,651168
69,700587760,49874011808,49874599568,587760
70,710544544,49884011808,49884556352,544544
71,720598384,49894011808,49894610192,598384
72,730580784,49904011808,49904592592,580784
73,740603968,49914011808,49914615776,603968
74,750626592,49924011808,49924638400,626592
75,760616160,49934011808,49934627968,616160
76,770809760,49944011808,49944821568,809760
77,780756256,49954011808,49954768064,756256
78,790813680,49964011808,49964825488,813680
79,800768864,49974011808,49974780672,768864
80,810765504,49984011808,49984777312,765504
81,820575312,49994011808,49994587120,575312
82,830825072,50004011808,50004836880,825072
83,840768640,50014011808,50014780448,768640
84,850721952,50024011808,50024733760,721952
85,860759632,50034011808,50034771440,759632
86,870742448,50044011808,50044754256,742448
87,880762384,50054011808,50054774192,762384
88,890765200,50064011808,50064777008,765200
89,900784304,50074011808,50074796112,784304
90,910760352,50084011808,50084772160,760352
91,920805696,50094011808,50094817504,805696
92,930812352,50104011808,50104824160,812352
93,940777600,50114011808,50114789408,777600
94,950772416,50124011808,50124784224,772416
95,960549904,50134011808,50134561712,549904
96,970497824,50144011808,50144509632,497824
97,980683264,50154011808,50154695072,683264
98,990622912,50164011808,50164634720,622912
99,1000881584,50174011808,50174893392,881584
100,1010577344,50184011808,50184589152,577344
101,1020803664,50194011808,50194815472,803664
102,1030589344,50204011808,50204601152,589344
103,1040739856,50214011808,50214751664,739856
104,1050738784,50224011808,50224750592,738784
105,1060903392,50234011808,50234915200,903392
106,1070736016,50244011808,50244747824,736016
107,1080744160,50254011808,50254755968,744160
108,1090720208,50264011808,50264732016,720208
109,1100585504,50274011808,50274597312,585504
110,1110590752,50284011808,50284602560,590752
111,1120560080,50294011808,50294571888,560080
112,1130601392,50304011808,50304613200,601392
113,1140615552,50314011808,50314627360,615552
114,1150552384,50324011808,50324564192,552384
115,1160837232,50334011808,50334849040,837232
116,1170687408,50344011808,50344699216,687408
117,1180707776,50354011808,50354719584,707776
118,1190649696,50364011808,50364661504,649696
119,1200705904,50374011808,50374717712,705904
120,1210679264,50384011808,50384691072,679264
121,1220707664,50394011808,50394719472,707664
122,1230690096,50404011808,50404701904,690096
123,1240673920,50414011808,50414685728,673920
124,1250729104,50424011808,50424740912,729104
125,1260733280,50434011808,50434745088,733280
126,1270739104,50444011808,50444750912,739104
127,1280708096,50454011808,50454719904,708096
128,1290716592,50464011808,50464728400,716592
129,1300683648,50474011808,50474695456,683648
130,1310703776,50484011808,50484715584,703776
131,1320694800,50494011808,50494706608,694800
132,1330694912,50504011808,50504706720,694912
133,1340784720,50514011808,50514796528,784720
134,1350825728,50524011808,50524837536,825728
135,1360735376,50534011808,50534747184,735376
136,1370491744,50544011808,50544503552,491744
137,1380628432,50554011808,50554640240,628432
138,1390588368,50564011808,50564600176,588368
139,1400615360,50574011808,50574627168,615360
140,1410590896,50584011808,50584602704,590896
141,1420603296,50594011808,50594615104,603296
142,1430597984,50604011808,50604609792,597984
143,1440601248,50614011808,50614613056,601248
144,1450586352,50624011808,50624598160,586352
145,1460732592,50634011808,50634744400,732592
146,1470599520,50644011808,50644611328,599520
147,1480617168,50654011808,50654628976,617168
148,1490624608,50664011808,50664636416,624608
149,1500855200,50674011808,50674867008,855200
150,1510601984,50684011808,50684613792,601984
151,1520618832,50694011808,50694630640,618832
152,1530627216,50704011808,50704639024,627216
153,1540614336,50714011808,50714626144,614336
154,1550637088,50724011808,50724648896,637088
155,1560602352,50734011808,50734614160,602352
156,1570655488,50744011808,50744667296,655488
157,1580595472,50754011808,50754607280,595472
158,1590496208,50764011808,50764508016,496208
159,1600615360,50774011808,50774627168,615360
160,1610631360,50784011808,50784643168,631360
161,1620621936,50794011808,50794633744,621936
162,1630604016,50804011808,50804615824,604016
163,1640617920,50814011808,50814629728,617920
164,1650595744,50824011808,50824607552,595744
165,1660609344,50834011808,50834621152,609344
166,1670722400,50844011808,50844734208,722400
167,1680620464,50854011808,50854632272,620464
168,1690735776,50864011808,50864747584,735776
169,1700625648,50874011808,50874637456,625648
170,1710593296,50884011808,50884605104,593296
171,1720628496,50894011808,50894640304,628496
172,1730583008,50904011808,50904594816,583008
173,1740579152,50914011808,50914590960,579152
174,1750634528,50924011808,50924646336,634528
175,1760614208,50934011808,50934626016,614208
176,1770597616,50944011808,50944609424,597616
177,1780552816,50954011808,50954564624,552816
178,1790566176,50964011808,50964577984,566176
179,1800598400,50974011808,50974610208,598400
180,1810597520,50984011808,50984609328,597520
181,1820583696,50994011808,50994595504,583696
182,1830601552,51004011808,51004613360,601552
183,1840600208,51014011808,51014612016,600208
184,1850610832,51024011808,51024622640,610832
185,1860583744,51034011808,51034595552,583744
186,1870598576,51044011808,51044610384,598576
187,1880560832,51054011808,51054572640,560832
188,1890579024,51064011808,51064590832,579024
189,1900559136,51074011808,51074570944,559136
190,1910596576,51084011808,51084608384,596576
191,1920601024,51094011808,51094612832,601024
192,1930606384,51104011808,51104618192,606384
193,1940547456,51114011808,51114559264,547456
194,1950581504,51124011808,51124593312,581504
195,1960582496,51134011808,51134594304,582496
196,1970623600,51144011808,51144635408,623600
197,1980573168,51154011808,51154584976,573168
198,1990637952,51164011808,51164649760,637952
199,2000610208,51174011808,51174622016,610208
200,2010615632,51184011808,51184627440,615632
201,2020632896,51194011808,51194644704,632896
202,2030597552,51204011808,51204609360,597552
203,2040562144,51214011808,51214573952,562144
204,2050604752,51224011808,51224616560,604752
205,2060729312,51234011808,51234741120,729312
206,2070688640,51244011808,51244700448,688640
207,2080706896,51254011808,51254718704,706896
208,2090805584,51264011808,51264817392,805584
209,2100705648,51274011808,51274717456,705648
210,2110796944,51284011808,51284808752,796944
211,2120849536,51294011808,51294861344,849536
212,2130835680,51304011808,51304847488,835680
213,2140802736,51314011808,51314814544,802736
214,2150902320,51324011808,51324914128,902320
215,2160767088,51334011808,51334778896,767088
216,2170901072,51344011808,51344912880,901072
217,2180776800,51354011808,51354788608,776800
218,2190931024,51364011808,51364942832,931024
219,2200845024,51374011808,51374856832,845024
220,2210774608,51384011808,51384786416,774608
221,2220810336,51394011808,51394822144,810336
222,2230834704,51404011808,51404846512,834704
223,2240733440,51414011808,51414745248,733440
224,2250836672,51424011808,51424848480,836672
225,2260805424,51434011808,51434817232,805424
226,2270742144,51444011808,51444753952,742144
227,2280789968,51454011808,51454801776,789968
228,2290789376,51464011808,51464801184,789376
229,2300899040,51474011808,51474910848,899040
230,2310716368,51484011808,51484728176,716368
231,2320781008,51494011808,51494792816,781008
232,2330792432,51504011808,51504804240,792432
233,2340802096,51514011808,51514813904,802096
234,2350773552,51524011808,51524785360,773552
235,2360746000,51534011808,51534757808,746000
236,2370738128,51544011808,51544749936,738128
237,2380906336,51554011808,51554918144,906336
238,2390606576,51564011808,51564618384,606576
239,2400587456,51574011808,51574599264,587456
240,2410820480,51584011808,51584832288,820480
241,2420524560,51594011808,51594536368,524560
242,2430616736,51604011808,51604628544,616736
243,2440591776,51614011808,51614603584,591776
244,2450596288,51624011808,51624608096,596288
245,2460610512,51634011808,51634622320,610512
246,2470611584,51644011808,51644623392,611584
247,2480548688,51654011808,51654560496,548688
248,2490576432,51664011808,51664588240,576432
249,2500721376,51674011808,51674733184,721376
250,2510682176,51684011808,51684693984,682176
251,2520742432,51694011808,51694754240,742432
252,2530745152,51704011808,51704756960,745152
253,2540856448,51714011808,51714868256,856448
254,2550773120,51724011808,51724784928,773120
255,2560755552,51734011808,51734767360,755552
256,2570627808,51744011808,51744639616,627808
257,2580619904,51754011808,51754631712,619904
258,2590587312,51764011808,51764599120,587312
259,2600672160,51774011808,51774683968,672160
260,2610565792,51784011808,51784577600,565792
261,2620518592,51794011808,51794530400,518592
262,2630558608,51804011808,51804570416,558608
263,2640847904,51814011808,51814859712,847904
264,2650787360,51824011808,51824799168,787360
265,2660712944,51834011808,51834724752,712944
266,2670771056,51844011808,51844782864,771056
267,2680600576,51854011808,51854612384,600576
268,2690824768,51864011808,51864836576,824768
269,2700844912,51874011808,51874856720,844912
270,2710772368,51884011808,51884784176,772368
271,2720848304,51894011808,51894860112,848304
272,2730787312,51904011808,51904799120,787312
273,2740811952,51914011808,51914823760,811952
274,2750726432,51924011808,51924738240,726432
275,2760943136,51934011808,51934954944,943136
276,2770788464,51944011808,51944800272,788464
277,2780791120,51954011808,51954802928,791120
278,2790914560,51964011808,51964926368,914560
279,2800791536,51974011808,51974803344,791536
280,2810895744,51984011808,51984907552,895744
281,2820717536,51994011808,51994729344,717536
282,2830752848,52004011808,52004764656,752848
283,2840767824,52014011808,52014779632,767824
284,2850892336,52024011808,52024904144,892336
285,2860816496,52034011808,52034828304,816496
286,2870809216,52044011808,52044821024,809216
287,2880825168,52054011808,52054836976,825168
288,2890866320,52064011808,52064878128,866320
289,2900897072,52074011808,52074908880,897072
290,2910872080,52084011808,52084883888,872080
291,2920705968,52094011808,52094717776,705968
292,2930736208,52104011808,52104748016,736208
293,2940734304,52114011808,52114746112,734304
294,2950863888,52124011808,52124875696,863888
295,2960888128,52134011808,52134899936,888128
296,2970927808,52144011808,52144939616,927808
297,2980936736,52154011808,52154948544,936736
298,2990793360,52164011808,52164805168,793360
299,3000754016,52174011808,52174765824,754016
PERIODIC LATENCY COMPLETE samples=300
