[host_monotonic_s=187052.932935] dedicated_cpus=1 rt_burner=0:10:53:60000
[host_monotonic_s=187052.933125] VM Load @PA:0x40200000
[host_monotonic_s=187052.933186] VM Load Offset: 0xffff0000c0200000
[host_monotonic_s=187052.934535] Memory Map:
[host_monotonic_s=187052.935755]   Free   0x00000040000000 - 0x00000040200000 (2 MiB)
[host_monotonic_s=187052.935784]   KImg   0x00000040200000 - 0x00000044c00000 (74 MiB)
[host_monotonic_s=187052.936925]   Free   0x00000044c00000 - 0x00000240000000 (7.93 GiB)
[host_monotonic_s=187052.936943] Initialize RAM allocator: 0x44c00000..0x240000000
[host_monotonic_s=187052.964838] Reserving CPU-local areas
[host_monotonic_s=187052.967034] CPU-local area stride: 0x44000 bytes
[host_monotonic_s=187052.967036] Total CPU-local allocation: 0x110000 bytes (4 CPUs)
[host_monotonic_s=187052.967198] Flushed RAM used range to memory map: 0x44c00000..0x44d00000, current: 0x44d00000
[host_monotonic_s=187052.967340] Flushed RAM used range to memory map: 0x44d00000..0x44e10000, current: 0x44e10000
[host_monotonic_s=187052.968671] CPU-local areas allocated at 0x44d00000 - 0x44e10000
[host_monotonic_s=187052.968673] EL: 2
[host_monotonic_s=187052.968692] Mapping early memory regions...
[host_monotonic_s=187052.969413] Ram                 : [0x0000000040000000, 0x0000000240000000) -> [0x0000000040000000, 0x0000000240000000) (8 GiB)
[host_monotonic_s=187052.969883] KImage              : [0x0000ffff80000000, 0x0000ffff84a00000) -> [0x0000000040200000, 0x0000000044c00000) (74 MiB)
[host_monotonic_s=187052.970188] PerCpu              : [0x0000ff0044d00000, 0x0000ff0044e10000) -> [0x0000000044d00000, 0x0000000044e10000) (1.06 MiB)
[host_monotonic_s=187052.970403] Debug serial        : [0x0000000009000000, 0x0000000009001000) -> [0x0000000009000000, 0x0000000009001000) (4 KiB)
[host_monotonic_s=187052.970533] Boot page table at physical address: PA:0x44e10000
[host_monotonic_s=187052.970573] Setting up table registers...
[host_monotonic_s=187052.970725] MMU Entry point at physical address: 0x403bdb1c
[host_monotonic_s=187052.975404] Trap vector at 0xffff801c1800
[host_monotonic_s=187052.975724] Memory Map:
[host_monotonic_s=187052.976986]   MMIO   0x00000009000000 - 0x00000009001000 (4 KiB)
[host_monotonic_s=187052.977029]   Free   0x00000040000000 - 0x00000040200000 (2 MiB)
[host_monotonic_s=187052.977214]   KImg   0x00000040200000 - 0x00000044c00000 (74 MiB)
[host_monotonic_s=187052.977216]   Rsv    0x00000044c00000 - 0x00000044d00000 (1 MiB)
[host_monotonic_s=187052.978298]   PerCPU 0x00000044d00000 - 0x00000044e10000 (1.06 MiB)
[host_monotonic_s=187052.978300]   Rsv    0x00000044e10000 - 0x00000044e1a000 (40 KiB)
[host_monotonic_s=187052.978615]   Free   0x00000044e1a000 - 0x00000240000000 (7.92 GiB)
[host_monotonic_s=187052.982506] Jumping to main entry point at 0xffff801a593c with SP 0x0000ff0044d44000
[host_monotonic_s=187052.984091] 
[host_monotonic_s=187052.984094]        d8888                            .d88888b.   .d8888b.
[host_monotonic_s=187052.984118]       d88888                           d88P" "Y88b d88P  Y88b
[host_monotonic_s=187052.984180]      d88P888                           888     888 Y88b.
[host_monotonic_s=187052.984242]     d88P 888 888d888  .d8888b  .d88b.  888     888  "Y888b.
[host_monotonic_s=187052.984316]    d88P  888 888P"   d88P"    d8P  Y8b 888     888     "Y88b.
[host_monotonic_s=187052.984368]   d88P   888 888     888      88888888 888     888       "888
[host_monotonic_s=187052.984433]  d8888888888 888     Y88b.    Y8b.     Y88b. .d88P Y88b  d88P
[host_monotonic_s=187052.984499] d88P     888 888      "Y8888P  "Y8888   "Y88888P"   "Y8888P"
[host_monotonic_s=187052.984516] 
[host_monotonic_s=187052.984990] arch = aarch64
[host_monotonic_s=187052.984992] platform = linux,dummy-virt
[host_monotonic_s=187052.984993] target = aarch64-unknown-none-softfloat
[host_monotonic_s=187052.984994] build_mode = 
[host_monotonic_s=187052.984994] log_level = info
[host_monotonic_s=187052.985016] backtrace = false
[host_monotonic_s=187052.985127] smp = 4
[host_monotonic_s=187052.985129] 
[host_monotonic_s=187052.985692] [37m[  0.058241 ax_runtime:220] [32mLogging is enabled.[m
[host_monotonic_s=187052.985755] [m[37m[  0.058661 ax_runtime:221] [32mPrimary CPU 0 started, arg = 0x44c00000.[m
[host_monotonic_s=187052.985861] [m[37m[  0.058778 ax_runtime:223] [32mFound physcial memory regions:[m
[host_monotonic_s=187052.987203] [m[37m[  0.059911 ax_runtime:225] [32m  [PA:0x9000000, PA:0x9001000) mmio (READ | WRITE | DEVICE | RESERVED)[m
[host_monotonic_s=187052.987323] [m[37m[  0.060165 ax_runtime:225] [32m  [PA:0x40000000, PA:0x40200000) free memory (READ | WRITE | FREE)[m
[host_monotonic_s=187052.987473] [m[37m[  0.060326 ax_runtime:225] [32m  [PA:0x40200000, PA:0x44c00000) reserved (READ | WRITE | EXECUTE | RESERVED)[m
[host_monotonic_s=187052.987615] [m[37m[  0.060475 ax_runtime:225] [32m  [PA:0x44c00000, PA:0x44d00000) reserved (READ | WRITE | EXECUTE | RESERVED)[m
[host_monotonic_s=187052.987759] [m[37m[  0.060621 ax_runtime:225] [32m  [PA:0x44d00000, PA:0x44e10000) reserved (READ | WRITE | EXECUTE | RESERVED)[m
[host_monotonic_s=187052.987901] [m[37m[  0.060761 ax_runtime:225] [32m  [PA:0x44e10000, PA:0x44e1a000) reserved (READ | WRITE | EXECUTE | RESERVED)[m
[host_monotonic_s=187052.988033] [m[37m[  0.060905 ax_runtime:225] [32m  [PA:0x44e1a000, PA:0x240000000) free memory (READ | WRITE | FREE)[m
[host_monotonic_s=187052.988176] [m[37m[  0.061061 ax_runtime:375] [32mInitialize global memory allocator...[m
[host_monotonic_s=187052.988281] [m[37m[  0.061185 ax_runtime:376] [32m  use buddy-slab-allocator allocator.[m
[host_monotonic_s=187052.988594] [m[37m[  0.061445 ax_alloc::buddy_slab:158] [32mInitialize global memory allocator, start_vaddr: 0x44e1a000, size: 0x1fb1e6000[m
[host_monotonic_s=187052.996315] [m[37m[  0.069106 ax_alloc::buddy_slab:424] [32mglobal allocator initialized[m
[host_monotonic_s=187052.996444] [m[37m[  0.069316 ax_alloc::buddy_slab:168] [32mAdd memory region, start_vaddr: 0x40000000, size: 0x200000[m
[host_monotonic_s=187052.996733] [m[37m[  0.069508 buddy_slab_allocator::global:151] [32mGlobalAllocator: skip region 0x40000000+0x200000, no allocator-visible memory after 2097152 alignment[m
[host_monotonic_s=187052.996997] [m[37m[  0.069880 ax_runtime:260] [32mkernel aspace: [VA:0x0, VA:0xffffffffffffffff)[m
[host_monotonic_s=187052.997217] [m[37m[  0.070108 ax_mm:103] [32mInitialize virtual memory management...[m
[host_monotonic_s=187053.798632] [m[37m[  0.717669 ax_runtime:272] [32mInitialize platform devices...[m
[host_monotonic_s=187053.798648] [m[37m[  0.724196 someboot::arch::power:23] [32mPower management method : SMC[m
[host_monotonic_s=187053.798651] [m[37m[  0.724392 somehal::driver:5] [32mInitializing rdrive with FDT at 0x44c00000[m
[host_monotonic_s=187053.798758] [m[37m[  0.737463 somehal::arch::gic::v3:274] [32mGICv3 CPU 0 EOI mode: two_step=true[m
[host_monotonic_s=187053.810454] [m[37m[  0.883278 ax_runtime:558] [32mDedicated (no-tick) host CPUs: 0b10[m
[host_monotonic_s=187053.810511] [m[37m[  0.883433 ax_task::api:158] [32mInitialize scheduling...[m
[host_monotonic_s=187053.811866] [m[37m[  0.884709 ax_task::api:166] [32m  use FIFO scheduler.[m
[host_monotonic_s=187053.812188] [m[37m[  0.885092 ax_runtime:300] [32mInitialize interrupt handlers...[m
[host_monotonic_s=187053.814482] [m[37m[  0.887341 ax_runtime::devices:2] [32mProbe platform devices...[m
[host_monotonic_s=187053.828200] [m[37m[  0.900986 somehal::arch::gic::v3:274] [32mGICv3 CPU 1 EOI mode: two_step=true[m
[host_monotonic_s=187053.828678] [m[37m[  0.901519 ax_runtime::mp:79] [32mSecondary CPU 1 started.[m
[host_monotonic_s=187053.829694] [m[37m[  0.902522 ax_runtime::mp:110] [32mSecondary CPU 1 init OK.[m
[host_monotonic_s=187053.839094] [m[37m[  0.911877 somehal::arch::gic::v3:274] [32mGICv3 CPU 2 EOI mode: two_step=true[m
[host_monotonic_s=187053.839411] [m[37m[  0.912130 ax_runtime::mp:79] [32mSecondary CPU 2 started.[m
[host_monotonic_s=187053.839609] [m[37m[  0.912485 ax_runtime::mp:110] [32mSecondary CPU 2 init OK.[m
[host_monotonic_s=187053.851399] [m[37m[  0.924228 somehal::arch::gic::v3:274] [32mGICv3 CPU 3 EOI mode: two_step=true[m
[host_monotonic_s=187053.851486] [m[37m[  0.924392 ax_runtime::mp:79] [32mSecondary CPU 3 started.[m
[host_monotonic_s=187053.851613] [m[37m[  0.924445 ax_runtime:348] [32mPrimary CPU 0 init OK.[m
[host_monotonic_s=187053.851937] [m[37m[  0.924818 ax_runtime::mp:110] [32mSecondary CPU 3 init OK.[m
[host_monotonic_s=187053.853978] [m
[host_monotonic_s=187053.854199] 
[host_monotonic_s=187053.854244]        d8888            888     888  d8b
[host_monotonic_s=187053.854282]       d88888            888     888  Y8P
[host_monotonic_s=187053.854329]      d88P888            888     888
[host_monotonic_s=187053.854408]     d88P 888  888  888  Y88b   d88P  888  .d8888b    .d88b.   888d888
[host_monotonic_s=187053.854482]    d88P  888  `Y8bd8P'   Y88b d88P   888  88K       d88""88b  888P"
[host_monotonic_s=187053.854555]   d88P   888    X88K      Y88o88P    888  "Y8888b.  888  888  888
[host_monotonic_s=187053.854630]  d8888888888  .d8""8b.     Y888P     888       X88  Y88..88P  888
[host_monotonic_s=187053.854699] d88P     888  888  888      Y8P      888   88888P'   "Y88P"   888
[host_monotonic_s=187053.854794] 
[host_monotonic_s=187053.854797] 
[host_monotonic_s=187053.854797] by AxVisor Team
[host_monotonic_s=187053.854798] 
[host_monotonic_s=187053.855009] [37m[  0.927865 0:2 axvisor:78] [32mRT partition host CPU mask established: 0b10[m
[host_monotonic_s=187053.855139] [m[37m[  0.928038 0:2 axvisor:81] [32mStarting virtualization...[m
[host_monotonic_s=187053.855342] [m[37m[  0.928214 0:2 axvm::host::arceos:335] [32mEnabling hardware virtualization support on all cores...[m
[host_monotonic_s=187053.855537] [m[37m[  0.928407 0:2 axvm::host::arceos:341] [32mCore 0 is initializing hardware virtualization support...[m
[host_monotonic_s=187053.855717] [m[37m[  0.928621 0:2 axvm::timer:349] [32mInitializing AxVM timer wheel...[m
[host_monotonic_s=187053.861576] [m[37m[  0.934422 0:2 axvm::host::arceos:343] [32mHardware virtualization support enabled on core 0[m
[host_monotonic_s=187053.862435] [m[37m[  0.935268 0:2 axvm::host::arceos:370] [32mWaiting for all cores to enable hardware virtualization...[m
[host_monotonic_s=187053.863236] [m[37m[  0.936030 2:12 axvm::host::arceos:353] [32mCore 2 is initializing hardware virtualization support...[m
[host_monotonic_s=187053.863412] [m[37m[  0.936041 1:11 axvm::host::arceos:353] [32mCore 1 is initializing hardware virtualization support...[m
[host_monotonic_s=187053.863534] [m[37m[  0.936241 2:12 axvm::timer:349] [32mInitializing AxVM timer wheel...[m
[host_monotonic_s=187053.863651] [m[37m[  0.936417 1:11 axvm::timer:349] [32mInitializing AxVM timer wheel...[m
[host_monotonic_s=187053.863838] [m[37m[  0.936058 3:13 axvm::host::arceos:353] [32mCore 3 is initializing hardware virtualization support...[m
[host_monotonic_s=187053.864034] [m[37m[  0.936848 3:13 axvm::timer:349] [32mInitializing AxVM timer wheel...[m
[host_monotonic_s=187053.864148] [m[37m[  0.936957 2:12 axvm::host::arceos:357] [32mHardware virtualization support enabled on core 2 (2/4)[m
[host_monotonic_s=187053.864293] [m[37m[  0.937043 1:11 axvm::host::arceos:357] [32mHardware virtualization support enabled on core 1 (3/4)[m
[host_monotonic_s=187053.864443] [m[37m[  0.937076 3:13 axvm::host::arceos:357] [32mHardware virtualization support enabled on core 3 (4/4)[m
[host_monotonic_s=187053.865905] [m[37m[  0.938747 0:2 axvm::host::arceos:381] [32mAll cores have enabled hardware virtualization support.[m
[host_monotonic_s=187053.866136] [m[37m[  0.939033 0:2 axvisor::config:91] [32mUsing static VM configs.[m
[host_monotonic_s=187053.884131] [m[37m[  0.955601 0:2 axvm::arch::aarch64::fdt::core:79] [32mVM[1] virtual GIC follows host firmware resources: GuestGicProfile { compatible: "arm,gic-v3", node_path: "/intc@8000000", node_phandle: Some(32773), distributor: GuestMmioRegion { base: 134217728, length: 65536 }, cpu_region: Redistributors(GuestGicRedistributorProfile { regions: [GuestMmioRegion { base: 134873088, length: 16121856 }], stride: 131072 }), its: [GuestItsProfile { id: ItsId(0), node_path: "/intc@8000000/its@8080000", node_phandle: Some(32774), registers: GuestMmioRegion { base: 134742016, length: 131072 } }] }[m
[host_monotonic_s=187053.885775] [m[37m[  0.958613 0:2 axvm::arch::aarch64::fdt::core:93] [32mVM[1] architectural timer follows host firmware PPIs[m
[host_monotonic_s=187053.889998] [m[37m[  0.962823 0:2 axvm::arch::aarch64::fdt::core::parser:442] [32mCPU node: /cpus/cpu@0, node_id: 0x0, hardware_cpu_id: 0x0[m
[host_monotonic_s=187053.890194] [m[37m[  0.963050 0:2 axvm::arch::aarch64::fdt::core::parser:442] [32mCPU node: /cpus/cpu@1, node_id: 0x1, hardware_cpu_id: 0x1[m
[host_monotonic_s=187053.890429] [m[37m[  0.963247 0:2 axvm::arch::aarch64::fdt::core::parser:442] [32mCPU node: /cpus/cpu@2, node_id: 0x2, hardware_cpu_id: 0x2[m
[host_monotonic_s=187053.890569] [m[37m[  0.963417 0:2 axvm::arch::aarch64::fdt::core::parser:442] [32mCPU node: /cpus/cpu@3, node_id: 0x3, hardware_cpu_id: 0x3[m
[host_monotonic_s=187053.890811] [m[37m[  0.963692 0:2 axvm::arch::aarch64::fdt::core::parser:449] [32mFound 4 host CPU nodes[m
[host_monotonic_s=187053.891370] [m[37m[  0.964207 0:2 axvm::arch::aarch64::fdt::core:144] [32mVM[1] DTB not found, generating from the VM configuration[m
[host_monotonic_s=187053.902141] [m[37m[  0.974858 0:2 axvm::arch::aarch64::fdt::core::device:96] [32mFound excluded devices: ["/intc@8000000", "/pl011@9000000", "/timer", "/intc@8000000/its@8080000"][m
[host_monotonic_s=187053.912452] [m[37m[  0.985240 0:2 axvm::arch::aarch64::fdt::core::device:96] [32mFound excluded devices: ["/intc@8000000", "/pl011@9000000", "/timer", "/intc@8000000/its@8080000"][m
[host_monotonic_s=187053.913383] [m[37m[  0.986233 0:2 axvisor::config:258] [32mCreating VM[1] "rt-partition-linux"[m
[host_monotonic_s=187053.930594] [m[37m[  1.003428 0:2 axvm::vm:1122] [32mVM created: id=1[m
[host_monotonic_s=187054.974685] [m[37m[  2.047489 0:2 axvisor::config:270] [32mVM[1] created success, loading images...[m
[host_monotonic_s=187055.081902] [m[37m[  2.154679 0:2 axvm::boot::images:137] [32mLoading ramdisk image from memory (19620641 bytes) into GPA @0x84000000[m
[host_monotonic_s=187055.382393] [m[37m[  2.208844 0:2 axdevice::device:1232] [32mDeviceRuntime: registered device id=0[m
[host_monotonic_s=187055.382405] [m[37m[  2.209262 0:2 axdevice::device:1232] [32mDeviceRuntime: registered device id=1[m
[host_monotonic_s=187055.382408] [m[37m[  2.209456 0:2 axdevice::device:1232] [32mDeviceRuntime: registered device id=2[m
[host_monotonic_s=187055.389939] [m[37m[  2.462749 0:2 axdevice::device:1232] [32mDeviceRuntime: registered device id=3[m
[host_monotonic_s=187055.392161] [m[37m[  2.464874 0:2 axdevice::device:1232] [32mDeviceRuntime: registered device id=4[m
[host_monotonic_s=187055.395663] [m[37m[  2.468517 0:2 axvm::vm::prepare:82] [32mVM setup: id=1[m
[host_monotonic_s=187055.398854] [m[37m[  2.471164 0:2 axvm::arch::aarch64::fdt::core:79] [32mVM[2] virtual GIC follows host firmware resources: GuestGicProfile { compatible: "arm,gic-v3", node_path: "/intc@8000000", node_phandle: Some(32773), distributor: GuestMmioRegion { base: 134217728, length: 65536 }, cpu_region: Redistributors(GuestGicRedistributorProfile { regions: [GuestMmioRegion { base: 134873088, length: 16121856 }], stride: 131072 }), its: [GuestItsProfile { id: ItsId(0), node_path: "/intc@8000000/its@8080000", node_phandle: Some(32774), registers: GuestMmioRegion { base: 134742016, length: 131072 } }] }[m
[host_monotonic_s=187055.399136] [m[37m[  2.471961 0:2 axvm::arch::aarch64::fdt::core:93] [32mVM[2] architectural timer follows host firmware PPIs[m
[host_monotonic_s=187055.402447] [m[37m[  2.475282 0:2 axvm::arch::aarch64::fdt::core::parser:442] [32mCPU node: /cpus/cpu@0, node_id: 0x0, hardware_cpu_id: 0x0[m
[host_monotonic_s=187055.402607] [m[37m[  2.475458 0:2 axvm::arch::aarch64::fdt::core::parser:442] [32mCPU node: /cpus/cpu@1, node_id: 0x1, hardware_cpu_id: 0x1[m
[host_monotonic_s=187055.402786] [m[37m[  2.475629 0:2 axvm::arch::aarch64::fdt::core::parser:442] [32mCPU node: /cpus/cpu@2, node_id: 0x2, hardware_cpu_id: 0x2[m
[host_monotonic_s=187055.402961] [m[37m[  2.475805 0:2 axvm::arch::aarch64::fdt::core::parser:442] [32mCPU node: /cpus/cpu@3, node_id: 0x3, hardware_cpu_id: 0x3[m
[host_monotonic_s=187055.403116] [m[37m[  2.475999 0:2 axvm::arch::aarch64::fdt::core::parser:449] [32mFound 4 host CPU nodes[m
[host_monotonic_s=187055.403269] [m[37m[  2.476124 0:2 axvm::arch::aarch64::fdt::core:144] [32mVM[2] DTB not found, generating from the VM configuration[m
[host_monotonic_s=187055.410174] [m[37m[  2.482966 0:2 axvm::arch::aarch64::fdt::core::device:96] [32mFound excluded devices: ["/intc@8000000", "/pl011@9000000", "/timer", "/intc@8000000/its@8080000"][m
[host_monotonic_s=187055.414625] [m[37m[  2.487436 0:2 axvm::arch::aarch64::fdt::core::device:96] [32mFound excluded devices: ["/intc@8000000", "/pl011@9000000", "/timer", "/intc@8000000/its@8080000"][m
[host_monotonic_s=187055.415022] [m[37m[  2.487913 0:2 axvisor::config:258] [32mCreating VM[2] "rt-partition-zephyr"[m
[host_monotonic_s=187055.416140] [m[37m[  2.489000 0:2 axvm::vm:1122] [32mVM created: id=2[m
[host_monotonic_s=187056.217377] [m[37m[  3.010942 0:2 axvisor::config:270] [32mVM[2] created success, loading images...[m
[host_monotonic_s=187056.217391] [m[37m[  3.015660 0:2 axdevice::device:1232] [32mDeviceRuntime: registered device id=0[m
[host_monotonic_s=187056.217394] [m[37m[  3.015795 0:2 axdevice::device:1232] [32mDeviceRuntime: registered device id=1[m
[host_monotonic_s=187056.218121] [m[37m[  3.290256 0:2 axdevice::device:1232] [32mDeviceRuntime: registered device id=2[m
[host_monotonic_s=187056.218983] [m[37m[  3.291545 0:2 axdevice::device:1232] [32mDeviceRuntime: registered device id=3[m
[host_monotonic_s=187056.219755] [m[37m[  3.292363 0:2 axvm::vm::prepare:82] [32mVM setup: id=2[m
[host_monotonic_s=187056.221863] [m[37m[  3.294595 0:2 axvm::runtime:51] [32mInitializing VMM...[m
[host_monotonic_s=187056.226195] [m[37m[  3.299028 0:2 axvm::runtime:62] [32mVMM starting, booting VMs...[m
[host_monotonic_s=187056.226359] [m[37m[  3.299275 0:2 axvm::vm:1342] [32mStarting VM[1][m
[host_monotonic_s=187056.226672] [m[37m[  3.299499 0:2 axvm::runtime::vcpus:609] [32mSpawning task for VM[1] VCpu[0][m
[host_monotonic_s=187056.227337] [m[37m[  3.299977 0:2 axvm::runtime::vcpus:627] [32mVCpu task Task(18, "VM[1]-VCpu[0]") created cpumask: [2, ][m
[host_monotonic_s=187056.231217] [m[37m[  3.304124 0:2 axvm::runtime:70] [32mVM[1] boot success[m
[host_monotonic_s=187056.231303] [m[37m[  3.304231 0:2 axvm::vm:1342] [32mStarting VM[2][m
[host_monotonic_s=187056.231427] [m[37m[  3.304225 2:18 axvm::runtime::vcpus:681] [32mVM[1] VCpu[0] waiting for running[m
[host_monotonic_s=187056.231530] [m[37m[  3.304314 0:2 axvm::runtime::vcpus:609] [32mSpawning task for VM[2] VCpu[0][m
[host_monotonic_s=187056.231876] [m[37m[  3.304713 0:2 axvm::runtime::vcpus:627] [32mVCpu task Task(20, "VM[2]-VCpu[0]") created cpumask: [1, ][m
[host_monotonic_s=187056.232020] [m[37m[  3.304714 2:18 axvm::runtime::vcpus:719] [32mVM[1] VCpu[0] running...[m
[host_monotonic_s=187056.232212] [m[37m[  3.305100 0:2 axvm::runtime:70] [32mVM[2] boot success[m
[host_monotonic_s=187056.232347] [m[37m[  3.305196 1:20 axvm::runtime::vcpus:681] [32mVM[2] VCpu[0] waiting for running[m
[host_monotonic_s=187056.232472] [m[37m[  3.305355 1:20 axvm::runtime::vcpus:719] [32mVM[2] VCpu[0] running...[m
[host_monotonic_s=187056.233172] [m[37m[  3.305997 0:2 axvisor:100] [32m[OK] Default guest initialized[m
[host_monotonic_s=187056.235304] [m[37m[  3.308085 0:17 axvisor::rt_burner:41] [32mRT_BURNER_ARMED cpu=0 start_delay_ms=60000[m
[host_monotonic_s=187056.269321] [m[VM 2] *** Booting Zephyr OS build v3.7.0 ***
[host_monotonic_s=187056.271867] [37m[  3.344683 2:18 axvm::runtime::hvc:258] [32mVM[1] PSCI_FEATURES function_id=0x80000000[m
[host_monotonic_s=187056.272665] [m[37m[  3.345495 2:18 axvm::runtime::hvc:258] [32mVM[1] PSCI_FEATURES function_id=0xc4000001[m
[host_monotonic_s=187056.272994] [m[37m[  3.345846 2:18 axvm::runtime::hvc:258] [32mVM[1] PSCI_FEATURES function_id=0xc400000e[m
[host_monotonic_s=187056.273035] [VM 2] PERIODIC LATENCY READY
[host_monotonic_s=187056.273314] [m[37m[  3.346174 2:18 axvm::runtime::hvc:258] [32mVM[1] PSCI_FEATURES function_id=0xc4000012[m
[host_monotonic_s=187056.273567] [m[37m[  3.346440 2:18 axvm::runtime::hvc:258] [32mVM[1] PSCI_FEATURES function_id=0xc4000015[m
[host_monotonic_s=187056.449032] [m[37m[  3.521790 2:18 axvm::runtime::hvc:272] [32mVM[1] PSCI_CPU_ON target=0x1 entry=0x8228158c context=0x0[m
[host_monotonic_s=187056.449720] [m[37m[  3.522566 2:18 axvm::runtime::vcpus:609] [32mSpawning task for VM[1] VCpu[1][m
[host_monotonic_s=187056.449857] [m[37m[  3.522720 2:18 axvm::runtime::vcpus:627] [32mVCpu task Task(23, "VM[1]-VCpu[1]") created cpumask: [3, ][m
[host_monotonic_s=187056.450713] [m[37m[  3.523465 3:23 axvm::runtime::vcpus:681] [32mVM[1] VCpu[1] waiting for running[m
[host_monotonic_s=187056.451415] [m[37m[  3.524185 3:23 axvm::runtime::vcpus:719] [32mVM[1] VCpu[1] running...[m
[host_monotonic_s=187056.658953] [m[VM 1] [    0.000000] Booting Linux on physical CPU 0x0000000000 [0x410fd083]
[host_monotonic_s=187056.700293] [VM 1] [    0.000000] Linux version 7.1.0-rc2-g74fe02ce122a (runner@s1lqc) (aarch64-linux-gnu-gcc (Ubuntu 13.3.0-6ubuntu2~24.04) 13.3.0, GNU ld (GNU Binutils for Ubuntu) 2.42) #2 SMP PREEMPT Mon Jun  8 08:07:46 UTC 2026
[host_monotonic_s=187056.709505] [VM 1] [    0.000000] KASLR disabled due to lack of seed
[host_monotonic_s=187056.721754] [VM 1] [    0.000000] Machine model: linux,dummy-virt
[host_monotonic_s=187056.728642] [VM 1] [    0.000000] efi: UEFI not found.
[host_monotonic_s=187056.745974] [VM 1] [    0.000000] OF: reserved mem: Reserved memory: No reserved-memory node in the DT
[host_monotonic_s=187056.764591] [VM 1] [    0.000000] NUMA: Faking a node at [mem 0x0000000080000000-0x00000000bfffffff]
[host_monotonic_s=187056.776379] [VM 1] [    0.000000] NODE_DATA(0) allocated [mem 0xbfe08940-0xbfe0b03f]
[host_monotonic_s=187056.786821] [VM 1] [    0.000000] cma: Reserved 32 MiB at 0x00000000bde00000
[host_monotonic_s=187056.797453] [VM 1] [    0.000000] psci: probing for conduit method from DT.
[host_monotonic_s=187056.807063] [VM 1] [    0.000000] psci: PSCIv1.1 detected in firmware.
[host_monotonic_s=187056.817915] [VM 1] [    0.000000] psci: Using standard PSCI v0.2 function IDs
[host_monotonic_s=187056.827641] [VM 1] [    0.000000] psci: Trusted OS migration not required
[host_monotonic_s=187056.837588] [VM 1] [    0.000000] psci: SMC Calling Convention v65535.65535
[host_monotonic_s=187056.843118] [VM 1] [    0.000000] Zone ranges:
[host_monotonic_s=187056.855393] [VM 1] [    0.000000]   DMA      [mem 0x0000000080000000-0x00000000bfffffff]
[host_monotonic_s=187056.861422] [VM 1] [    0.000000]   DMA32    empty
[host_monotonic_s=187056.867528] [VM 1] [    0.000000]   Normal   empty
[host_monotonic_s=187056.876027] [VM 1] [    0.000000] Movable zone start for each node
[host_monotonic_s=187056.883549] [VM 1] [    0.000000] Early memory node ranges
[host_monotonic_s=187056.896469] [VM 1] [    0.000000]   node   0: [mem 0x0000000080000000-0x00000000bfffffff]
[host_monotonic_s=187056.912645] [VM 1] [    0.000000] Initmem setup node 0 [mem 0x0000000080000000-0x00000000bfffffff]
[host_monotonic_s=187057.213407] [VM 1] [    0.000000] percpu: Embedded 26 pages/cpu s66584 r8192 d31720 u106496
[host_monotonic_s=187057.213425] [VM 1] [    0.000000] Detected PIPT I-cache on CPU0
[host_monotonic_s=187057.213430] [VM 1] [    0.000000] CPU features: detected: GICv3 CPU interface
[host_monotonic_s=187057.213434] [VM 1] [    0.000000] CPU features: detected: Spectre-v2
[host_monotonic_s=187057.213958] [VM 1] [    0.000000] CPU features: detected: Spectre-v3a
[host_monotonic_s=187057.231169] [VM 1] [    0.000000] CPU features: detected: Spectre-v4
[host_monotonic_s=187057.240387] [VM 1] [    0.000000] CPU features: detected: Spectre-BHB
[host_monotonic_s=187057.250984] [VM 1] [    0.000000] CPU features: detected: ARM erratum 1742098
[host_monotonic_s=187057.265340] [VM 1] [    0.000000] CPU features: detected: ARM errata 1165522, 1319367, or 1530923
[host_monotonic_s=187057.275887] [VM 1] [    0.000000] alternatives: applying boot alternatives
[host_monotonic_s=187057.324207] [VM 1] [    0.000000] Kernel command line: console=ttyAMA0 devtmpfs.mount=1 loglevel=7 isolcpus=1 nohz_full=1 irqaffinity=0 rt_scenario=stress-dedicated rt_cpu=1 rt_load_cpu=0 rt_loops=0 rt_duration_sec=60 rt_interval_us=1000 rt_maxlat_us=20000 rt_priority=90 rt_start_delay_sec=25
[host_monotonic_s=187057.337551] [VM 1] [    0.000000] Housekeeping: nohz unsupported. Build with CONFIG_NO_HZ_FULL
[host_monotonic_s=187057.381925] [VM 1] [    0.000000] Unknown kernel command line parameters "nohz_full=1 rt_scenario=stress-dedicated rt_cpu=1 rt_load_cpu=0 rt_loops=0 rt_duration_sec=60 rt_interval_us=1000 rt_maxlat_us=20000 rt_priority=90 rt_start_delay_sec=25", will be passed to user space.
[host_monotonic_s=187057.397632] [VM 1] [    0.000000] printk: log buffer data + meta data: 131072 + 458752 = 589824 bytes
[host_monotonic_s=187057.414221] [VM 1] [    0.000000] Dentry cache hash table entries: 131072 (order: 8, 1048576 bytes, linear)
[host_monotonic_s=187057.430200] [VM 1] [    0.000000] Inode-cache hash table entries: 65536 (order: 7, 524288 bytes, linear)
[host_monotonic_s=187057.443789] [VM 1] [    0.000000] software IO TLB: SWIOTLB bounce buffer size adjusted to 1MB
[host_monotonic_s=187057.453039] [VM 1] [    0.000000] software IO TLB: area num 2.
[host_monotonic_s=187057.769715] [VM 1] [    0.000000] software IO TLB: mapped [mem 0x00000000bcb00000-0x00000000bcc00000] (1MB)
[host_monotonic_s=187057.769726] [VM 1] [    0.000000] Fallback order for Node 0: 0 
[host_monotonic_s=187057.769729] [VM 1] [    0.000000] Built 1 zonelists, mobility grouping on.  Total pages: 262144
[host_monotonic_s=187057.769731] [VM 1] [    0.000000] Policy zone: DMA
[host_monotonic_s=187057.770602] [VM 1] [    0.000000] mem auto-init: stack:all(zero), heap alloc:off, heap free:off
[host_monotonic_s=187057.790803] [VM 1] [    0.000000] SLUB: HWalign=64, Order=0-3, MinObjects=0, CPUs=2, Nodes=1
[host_monotonic_s=187057.802788] [VM 1] [    0.000000] rcu: Preemptible hierarchical RCU implementation.
[host_monotonic_s=187057.812004] [VM 1] [    0.000000] rcu: 	RCU event tracing is enabled.
[host_monotonic_s=187057.825582] [VM 1] [    0.000000] rcu: 	RCU restricting CPUs from NR_CPUS=512 to nr_cpu_ids=2.
[host_monotonic_s=187057.835699] [VM 1] [    0.000000] 	Trampoline variant of Tasks RCU enabled.
[host_monotonic_s=187057.845797] [VM 1] [    0.000000] 	Tracing variant of Tasks RCU enabled.
[host_monotonic_s=187057.860903] [VM 1] [    0.000000] rcu: RCU calculated value of scheduler-enlistment delay is 25 jiffies.
[host_monotonic_s=187057.874739] [VM 1] [    0.000000] rcu: Adjusting geometry for rcu_fanout_leaf=16, nr_cpu_ids=2
[host_monotonic_s=187057.892514] [VM 1] [    0.000000] RCU Tasks: Setting shift to 1 and lim to 1 rcu_task_cb_adjust=1 rcu_task_cpu_ids=2.
[host_monotonic_s=187057.903613] [VM 1] [    0.000000] NR_IRQS: 64, nr_irqs: 64, preallocated irqs: 0
[host_monotonic_s=187057.911964] [VM 1] [    0.000000] GICv3: 256 SPIs implemented
[host_monotonic_s=187057.921205] [VM 1] [    0.000000] GICv3: 0 Extended SPIs implemented
[host_monotonic_s=187057.930028] [VM 1] [    0.000000] Root IRQ handler: gic_handle_irq
[host_monotonic_s=187057.938720] [VM 1] [    0.000000] GICv3: GICv3 features: 16 PPIs, RSS
[host_monotonic_s=187057.950065] [VM 1] [    0.000000] GICv3: GICD_CTLR.DS=0, SCR_EL3.FIQ=0
[host_monotonic_s=187057.964252] [VM 1] [    0.000000] GICv3: CPU0: found redistributor 0 region 0:0x00000000080a0000
[host_monotonic_s=187057.972997] [VM 1] [    0.000000] ITS [mem 0x08080000-0x0809ffff]
[host_monotonic_s=187057.991359] [VM 1] [    0.000000] ITS@0x0000000008080000: allocated 8192 Devices @83860000 (indirect, esz 8, psz 64K, shr 1)
[host_monotonic_s=187058.012658] [VM 1] [    0.000000] ITS@0x0000000008080000: allocated 8192 Interrupt Collections @83870000 (flat, esz 8, psz 64K, shr 1)
[host_monotonic_s=187058.025049] [VM 1] [    0.000000] GICv3: using LPI property table @0x0000000083880000
[host_monotonic_s=187058.325663] [VM 1] [    0.000000] GICv3: CPU0: using allocated LPI pending table @0x0000000083890000
[host_monotonic_s=187058.325679] [VM 1] [    0.000000] rcu: srcu_init: Setting srcu_struct sizes based on contention.
[host_monotonic_s=187058.325683] [VM 1] [    0.000000] arch_timer: cp15 timer running at 62.50MHz (virt).
[host_monotonic_s=187058.327212] [VM 1] [    0.000000] clocksource: arch_sys_counter: mask: 0x1ffffffffffffff max_cycles: 0x1cd42e208c, max_idle_ns: 881590405314 ns
[host_monotonic_s=187058.353859] [VM 1] [    0.000055] sched_clock: 57 bits at 63MHz, resolution 16ns, wraps every 4398046511096ns
[host_monotonic_s=187058.363072] [VM 1] [    0.008961] Console: colour dummy device 80x25
[host_monotonic_s=187058.383523] [VM 1] [    0.012123] Calibrating delay loop (skipped), value calculated using timer frequency.. 125.00 BogoMIPS (lpj=250000)
[host_monotonic_s=187058.393502] [VM 1] [    0.012222] pid_max: default: 32768 minimum: 301
[host_monotonic_s=187058.408904] [VM 1] [    0.016417] Mount-cache hash table entries: 2048 (order: 2, 16384 bytes, linear)
[host_monotonic_s=187058.425234] [VM 1] [    0.016455] Mountpoint-cache hash table entries: 2048 (order: 2, 16384 bytes, linear)
[host_monotonic_s=187058.435700] [VM 1] [    0.025137] VFS: Finished mounting rootfs on nullfs
[host_monotonic_s=187058.448481] [VM 1] [    0.045034] cacheinfo: Unable to detect cache hierarchy for CPU 0
[host_monotonic_s=187058.458351] [VM 1] [    0.057432] rcu: Hierarchical SRCU implementation.
[host_monotonic_s=187058.468865] [VM 1] [    0.057464] rcu: 	Max phase no-delay instances is 1000.
[host_monotonic_s=187058.484974] [VM 1] [    0.058662] Timer migration: 1 hierarchy levels; 8 children per group; 1 crossnode level
[host_monotonic_s=187058.494680] [VM 1] [    0.061488] fsl-mc MSI: its@8080000 domain created
[host_monotonic_s=187058.503643] [VM 1] [    0.062414] EFI services will not be available.
[host_monotonic_s=187058.512857] [VM 1] [    0.063119] smp: Bringing up secondary CPUs ...
[host_monotonic_s=187058.521181] [VM 1] [    0.071304] Detected PIPT I-cache on CPU1
[host_monotonic_s=187058.535244] [VM 1] [    0.072716] GICv3: CPU1: found redistributor 1 region 0:0x00000000080c0000
[host_monotonic_s=187058.549417] [VM 1] [    0.075004] GICv3: CPU1: using allocated LPI pending table @0x00000000838a0000
[host_monotonic_s=187058.562350] [VM 1] [    0.077440] CPU1: Booted secondary processor 0x0000000001 [0x410fd083]
[host_monotonic_s=187058.571226] [VM 1] [    0.085382] smp: Brought up 1 node, 2 CPUs
[host_monotonic_s=187058.580999] [VM 1] [    0.085413] SMP: Total of 2 processors activated.
[host_monotonic_s=187058.881564] [VM 1] [    0.085441] CPU: All CPU(s) started at EL1
[host_monotonic_s=187058.881578] [VM 1] [    0.085706] CPU features: detected: 32-bit EL0 Support
[host_monotonic_s=187058.881581] [VM 1] [    0.085717] CPU features: detected: 32-bit EL1 Support
[host_monotonic_s=187058.881584] [VM 1] [    0.085767] CPU features: detected: CRC32 instructions
[host_monotonic_s=187058.881586] [VM 1] [    0.085925] CPU features: detected: PMUv3
[host_monotonic_s=187058.903499] [VM 1] [    0.098383] alternatives: applying system-wide alternatives
[host_monotonic_s=187058.932209] [VM 1] [    0.120937] Memory: 919888K/1048576K available (18688K kernel code, 5242K rwdata, 14480K rodata, 12672K init, 718K bss, 92528K reserved, 32768K cma-reserved)
[host_monotonic_s=187058.939041] [VM 1] [    0.145516] devtmpfs: initialized
[host_monotonic_s=187058.958130] [VM 1] [    0.163067] clocksource: jiffies: mask: 0xffffffff max_cycles: 0xffffffff, max_idle_ns: 7645041785100000 ns
[host_monotonic_s=187058.972848] [VM 1] [    0.163511] posixtimers hash table entries: 1024 (order: 2, 16384 bytes, linear)
[host_monotonic_s=187058.989906] [VM 1] [    0.163742] futex hash table entries: 512 (32768 bytes on 1 NUMA nodes, total 32 KiB, linear).
[host_monotonic_s=187058.999338] [VM 1] [    0.166698] 19744 pages in range for non-PLT usage
[host_monotonic_s=187059.008434] [VM 1] [    0.166738] 511264 pages in range for PLT usage
[host_monotonic_s=187059.016193] [VM 1] [    0.179775] DMI: not present or invalid.
[host_monotonic_s=187059.027932] [VM 1] [    0.206257] NET: Registered PF_NETLINK/PF_ROUTE protocol family
[host_monotonic_s=187059.047584] [VM 1] [    0.219923] DMA: preallocated 128 KiB GFP_KERNEL|GFP_DMA pool for atomic allocations
[host_monotonic_s=187059.058220] [VM 1] [    0.220226] audit: initializing netlink subsys (disabled)
[host_monotonic_s=187059.073727] [VM 1] [    0.221530] audit: type=2000 audit(0.192:1): state=initialized audit_enabled=0 res=1
[host_monotonic_s=187059.086278] [VM 1] [    0.226280] thermal_sys: Registered thermal governor 'step_wise'
[host_monotonic_s=187059.099955] [VM 1] [    0.226313] thermal_sys: Registered thermal governor 'power_allocator'
[host_monotonic_s=187059.107924] [VM 1] [    0.226641] cpuidle: using governor menu
[host_monotonic_s=187059.122024] [VM 1] [    0.228423] hw-breakpoint: found 6 breakpoint and 4 watchpoint registers.
[host_monotonic_s=187059.433572] [VM 1] [    0.229857] ASID allocator initialised with 65536 entries
[host_monotonic_s=187059.433587] [VM 1] [    0.235247] Serial: AMBA PL011 UART driver
[host_monotonic_s=187059.433590] [VM 1] [    0.259822] 9000000.pl011: ttyAMA0 at MMIO 0x9000000 (irq = 13, base_baud = 0) is a PL011 rev1
[host_monotonic_s=187059.433593] [VM 1] [    0.263326] printk: console [ttyAMA0] enabled
[host_monotonic_s=187059.434729] [VM 1] [    1.097818] HugeTLB: registered 1.00 GiB page size, pre-allocated 0 pages
[host_monotonic_s=187059.456682] [VM 1] [    1.097847] HugeTLB: 0 KiB vmemmap can be freed for a 1.00 GiB page
[host_monotonic_s=187059.471293] [VM 1] [    1.097870] HugeTLB: registered 32.0 MiB page size, pre-allocated 0 pages
[host_monotonic_s=187059.483733] [VM 1] [    1.097874] HugeTLB: 0 KiB vmemmap can be freed for a 32.0 MiB page
[host_monotonic_s=187059.497579] [VM 1] [    1.097880] HugeTLB: registered 2.00 MiB page size, pre-allocated 0 pages
[host_monotonic_s=187059.510175] [VM 1] [    1.097883] HugeTLB: 0 KiB vmemmap can be freed for a 2.00 MiB page
[host_monotonic_s=187059.523487] [VM 1] [    1.097888] HugeTLB: registered 64.0 KiB page size, pre-allocated 0 pages
[host_monotonic_s=187059.536019] [VM 1] [    1.097892] HugeTLB: 0 KiB vmemmap can be freed for a 64.0 KiB page
[host_monotonic_s=187059.544411] [VM 1] [    2.650475] ACPI: Interpreter disabled.
[host_monotonic_s=187059.559260] [VM 1] [    3.167091] iommu: Default domain type: Translated
[host_monotonic_s=187059.573382] [VM 1] [    3.178597] iommu: DMA domain TLB invalidation policy: strict mode
[host_monotonic_s=187059.585389] [VM 1] [    3.195584] SCSI subsystem initialized
[host_monotonic_s=187059.600145] [VM 1] [    3.206989] usbcore: registered new interface driver usbfs
[host_monotonic_s=187059.613070] [VM 1] [    3.219752] usbcore: registered new interface driver hub
[host_monotonic_s=187059.624516] [VM 1] [    3.232471] usbcore: registered new device driver usb
[host_monotonic_s=187059.636876] [VM 1] [    3.244516] pps_core: LinuxPPS API ver. 1 registered
[host_monotonic_s=187059.659069] [VM 1] [    3.256093] pps_core: Software ver. 5.3.6 - Copyright 2005-2007 Rodolfo Giometti <giometti@linux.it>
[host_monotonic_s=187059.668042] [VM 1] [    3.278430] PTP clock support registered
[host_monotonic_s=187059.675768] [VM 1] [    3.287537] EDAC MC: Ver: 3.0.0
[host_monotonic_s=187059.687717] [VM 1] [    3.296188] scmi_core: SCMI protocol bus registered
[host_monotonic_s=187059.987918] [VM 1] [    3.308890] FPGA manager framework
[host_monotonic_s=187059.987924] [VM 1] [    3.325849] vgaarb: loaded
[host_monotonic_s=187059.987925] [VM 1] [    3.336702] clocksource: Switched to clocksource arch_sys_counter
[host_monotonic_s=187059.987950] [VM 1] [    3.351955] VFS: Disk quotas dquot_6.6.0
[host_monotonic_s=187059.987988] [VM 1] [    3.361622] VFS: Dquot-cache hash table entries: 512 (order 0, 4096 bytes)
[host_monotonic_s=187060.002325] [VM 1] [    3.610886] pnp: PnP ACPI: disabled
[host_monotonic_s=187060.034284] [VM 1] [    3.642229] NET: Registered PF_INET protocol family
[host_monotonic_s=187060.051372] [VM 1] [    3.654636] IP idents hash table entries: 16384 (order: 5, 131072 bytes, linear)
[host_monotonic_s=187060.072984] [VM 1] [    3.674522] tcp_listen_portaddr_hash hash table entries: 512 (order: 1, 8192 bytes, linear)
[host_monotonic_s=187060.089941] [VM 1] [    3.692113] Table-perturb hash table entries: 65536 (order: 6, 262144 bytes, linear)
[host_monotonic_s=187060.106521] [VM 1] [    3.709146] TCP established hash table entries: 8192 (order: 4, 65536 bytes, linear)
[host_monotonic_s=187060.122305] [VM 1] [    3.725850] TCP bind hash table entries: 8192 (order: 6, 262144 bytes, linear)
[host_monotonic_s=187060.135687] [VM 1] [    3.741544] TCP: Hash tables configured (established 8192 bind 8192)
[host_monotonic_s=187060.153607] [VM 1] [    3.755821] UDP hash table entries: 512 (order: 3, 32768 bytes, linear)
[host_monotonic_s=187060.167992] [VM 1] [    3.774278] NET: Registered PF_UNIX/PF_LOCAL protocol family
[host_monotonic_s=187060.184249] [VM 1] [    3.790721] RPC: Registered named UNIX socket transport module.
[host_monotonic_s=187060.195241] [VM 1] [    3.803469] RPC: Registered udp transport module.
[host_monotonic_s=187060.205849] [VM 1] [    3.814390] RPC: Registered tcp transport module.
[host_monotonic_s=187060.217712] [VM 1] [    3.824895] RPC: Registered tcp-with-tls transport module.
[host_monotonic_s=187060.231809] [VM 1] [    3.836782] RPC: Registered tcp NFSv4.1 backchannel transport module.
[host_monotonic_s=187060.240877] [VM 1] [    3.850995] PCI: CLS 0 bytes, default 64
[host_monotonic_s=187060.541536] [VM 1] [    3.864076] Unpacking initramfs...
[host_monotonic_s=187060.541552] [VM 1] [    3.877066] kvm [1]: HYP mode not available
[host_monotonic_s=187060.541557] [VM 1] [    3.890807] Initialise system trusted keyrings
[host_monotonic_s=187060.541561] [VM 1] [    3.906346] workingset: timestamp_bits=42 (anon: 38) max_order=18 bucket_order=0 (anon: 0)
[host_monotonic_s=187060.542123] [VM 1] [    3.927271] squashfs: version 4.0 (2009/01/31) Phillip Lougher
[host_monotonic_s=187060.564543] [VM 1] [    4.171425] NFS: Registering the id_resolver key type
[host_monotonic_s=187060.574615] [VM 1] [    4.171746] Key type id_resolver registered
[host_monotonic_s=187060.583643] [VM 1] [    4.171769] Key type id_legacy registered
[host_monotonic_s=187060.597679] [VM 1] [    4.172064] nfs4filelayout_init: NFSv4 File Layout Driver Registering...
[host_monotonic_s=187060.613331] [VM 1] [    4.172150] nfs4flexfilelayout_init: NFSv4 Flexfile Layout Driver Registering...
[host_monotonic_s=187060.633684] [VM 1] [    4.237384] 9p: Installing v9fs 9p2000 file system support
[host_monotonic_s=187060.642611] [VM 1] [    4.239795] Key type asymmetric registered
[host_monotonic_s=187060.653178] [VM 1] [    4.240088] Asymmetric key parser 'x509' registered
[host_monotonic_s=187060.673727] [VM 1] [    4.277133] Block layer SCSI generic (bsg) driver version 0.4 loaded (major 244)
[host_monotonic_s=187060.683955] [VM 1] [    4.292989] io scheduler mq-deadline registered
[host_monotonic_s=187060.693411] [VM 1] [    4.303212] io scheduler kyber registered
[host_monotonic_s=187060.702690] [VM 1] [    4.313226] io scheduler bfq registered
[host_monotonic_s=187060.746847] [VM 1] [    4.353099] ledtrig-cpu: registered to indicate activity on CPUs
[host_monotonic_s=187060.850188] [VM 1] [    4.455217] Serial: 8250/16550 driver, 4 ports, IRQ sharing enabled
[host_monotonic_s=187061.150676] [VM 1] [    4.483371] msm_serial: driver initialized
[host_monotonic_s=187061.150687] [VM 1] [    4.497997] SuperH (H)SCI(F) driver initialized
[host_monotonic_s=187061.150690] [VM 1] [    4.513172] STM32 USART driver initialized
[host_monotonic_s=187061.150692] [VM 1] [    4.566805] loop: module loaded
[host_monotonic_s=187061.150694] [VM 1] [    4.577529] megasas: 07.734.00.00-rc1
[host_monotonic_s=187061.151364] [VM 1] [    4.607465] tun: Universal TUN/TAP device driver, 1.6
[host_monotonic_s=187061.206150] [VM 1] [    4.817577] thunder_xcv, ver 1.0
[host_monotonic_s=187061.214433] [VM 1] [    4.825371] thunder_bgx, ver 1.0
[host_monotonic_s=187061.221423] [VM 1] [    4.833783] nicpf, ver 1.0
[host_monotonic_s=187061.235176] [VM 1] [    4.843252] e1000: Intel(R) PRO/1000 Network Driver
[host_monotonic_s=187061.250056] [VM 1] [    4.856882] e1000: Copyright (c) 1999-2006 Intel Corporation.
[host_monotonic_s=187061.261576] [VM 1] [    4.869475] e1000e: Intel(R) PRO/1000 Network Driver
[host_monotonic_s=187061.274173] [VM 1] [    4.880710] e1000e: Copyright(c) 1999 - 2015 Intel Corporation.
[host_monotonic_s=187061.286705] [VM 1] [    4.893473] igb: Intel(R) Gigabit Ethernet Network Driver
[host_monotonic_s=187061.304571] [VM 1] [    4.908841] igb: Copyright (c) 2007-2014 Intel Corporation.
[host_monotonic_s=187061.318168] [VM 1] [    4.909267] igbvf: Intel(R) Gigabit Virtual Function Network Driver
[host_monotonic_s=187061.330679] [VM 1] [    4.909453] igbvf: Copyright (c) 2009 - 2012 Intel Corporation.
[host_monotonic_s=187061.338800] [VM 1] [    4.910272] sky2: driver version 1.30
[host_monotonic_s=187061.354226] [VM 1] [    4.961623] VFIO - User Level meta-driver version: 0.3
[host_monotonic_s=187061.377670] [VM 1] [    4.983360] usbcore: registered new interface driver usb-storage
[host_monotonic_s=187061.397547] [VM 1] [    5.006921] i2c_dev: i2c /dev entries driver
[host_monotonic_s=187061.754437] [VM 1] [    5.058430] SMCCC: SOC_ID: ARCH_SOC_ID not implemented, skipping ....
[host_monotonic_s=187061.754448] [VM 1] [    5.079377] usbcore: registered new interface driver usbhid
[host_monotonic_s=187061.754450] [VM 1] [    5.092136] usbhid: USB HID core driver
[host_monotonic_s=187061.754452] [VM 1] [    5.123203] NET: Registered PF_INET6 protocol family
[host_monotonic_s=187061.754455] [VM 1] [    5.147326] Segment Routing with IPv6
[host_monotonic_s=187061.775964] [VM 1] [    5.147789] In-situ OAM (IOAM) with IPv6
[host_monotonic_s=187061.788351] [VM 1] [    5.381212] sit: IPv6, IPv4 and MPLS over IPv4 tunneling driver
[host_monotonic_s=187061.799221] [VM 1] [    5.383636] NET: Registered PF_PACKET protocol family
[host_monotonic_s=187061.812127] [VM 1] [    5.421241] 9pnet: Installing 9P2000 support
[host_monotonic_s=187061.823077] [VM 1] [    5.431586] Key type dns_resolver registered
[host_monotonic_s=187061.890382] [VM 1] [    5.499948] registered taskstats version 1
[host_monotonic_s=187061.903027] [VM 1] [    5.510951] Loading compiled-in X.509 certificates
[host_monotonic_s=187061.947010] [VM 1] [    5.553088] Demotion targets for Node 0: null
[host_monotonic_s=187061.960957] [VM 1] [    5.570947] clk: Disabling unused clocks
[host_monotonic_s=187061.977509] [VM 1] [    5.585221] PM: genpd: Disabling unused power domains
[host_monotonic_s=187062.372174] [VM 1] [    5.982159] Freeing initrd memory: 19160K
[host_monotonic_s=187062.672373] [VM 1] [    6.073719] Freeing unused kernel memory: 12672K
[host_monotonic_s=187062.672379] [VM 1] [    6.085318] Run /init as init process
[host_monotonic_s=187063.473559] [VM 1] RT_INIT scenario=stress-dedicated cpu=1 load_cpu=0 loops=0 duration_sec=60 interval_us=1000 maxlat_us=20000 priority=90 start_delay_sec=25
[host_monotonic_s=187063.473574] [VM 1] RT_CPUS total=2
[host_monotonic_s=187063.473577] [VM 1] RT_SCHED_PROBE_START
[host_monotonic_s=187063.473580] [VM 1] pid 1's current scheduling policy: SCHED_OTHER
[host_monotonic_s=187063.473712] [VM 1] pid 1's current scheduling priority: 0
[host_monotonic_s=187063.482263] [VM 1] RT_SCHED_PROBE_OK
[host_monotonic_s=187063.487536] [VM 1] RT_WAIT_BEFORE_TEST seconds=25
[host_monotonic_s=187087.682339] [VM 1] RT_STRESS_START cpu=0 workers=2 vm=1
[host_monotonic_s=187087.685834] [VM 1] RT_CYCLICTEST_START
[host_monotonic_s=187087.692703] [VM 1] RT_CYCLICTEST_TIMING_START uptime_s=28.77
[host_monotonic_s=187087.697177] [VM 1] RT_PROGRESS uptime_s=28.78
[host_monotonic_s=187087.786478] [VM 1] stress-ng: info:  [69] defaulting to a 1 day run per stressor
[host_monotonic_s=187087.807321] [VM 1] stress-ng: info:  [69] dispatching hogs: 2 cpu, 1 vm
[host_monotonic_s=187087.898793] [VM 1] stress-ng: info:  [78] vm: non-temporal memory stores not supported, dropping back to plain memory stores
[host_monotonic_s=187087.970780] [VM 1] stress-ng: info:  [78] vm: using 64MB per stressor instance (total 64MB of 871.47MB available memory)
[host_monotonic_s=187088.771851] 
[host_monotonic_s=187088.771867] [Axvisor] detached VM[1] console
[host_monotonic_s=187088.771871] Welcome to AxVisor Shell!
[host_monotonic_s=187088.771874] Type 'help' to see available commands
[host_monotonic_s=187088.771877] Use UP/DOWN arrows to navigate command history
[host_monotonic_s=187088.771879] Console shortcuts:
[host_monotonic_s=187088.771883]   Ctrl+X, then h  return to the Axvisor shell
[host_monotonic_s=187088.771885]   Ctrl+X, then [  attach the previous running guest
[host_monotonic_s=187088.772772]   Ctrl+X, then ]  attach the next running guest
[host_monotonic_s=187088.773832] Note: Running with limited features (filesystem support disabled).
[host_monotonic_s=187088.773845] 
[host_monotonic_s=187089.576055] [2Kaxvisor:$ [2Kaxvisor:$ v[2Kaxvisor:$ vm[2Kaxvisor:$ vm [2Kaxvisor:$ vm c[2Kaxvisor:$ vm co[2Kaxvisor:$ vm con[2Kaxvisor:$ vm cons[2Kaxvisor:$ vm conso[2Kaxvisor:$ vm consol[2Kaxvisor:$ vm console[2Kaxvisor:$ vm console [2Kaxvisor:$ vm console 2
[host_monotonic_s=187089.577111] ✓ Attached VM[2] console; use Ctrl+X, then h to return to the shell
[host_monotonic_s=187090.584253] PERIODIC LATENCY START
[host_monotonic_s=187090.591050] PERIODIC LATENCY SETTLE delay_ms=45000
[host_monotonic_s=187091.391436] 
[host_monotonic_s=187091.391441] [Axvisor] detached VM[2] console
[host_monotonic_s=187092.192805] [2Kaxvisor:$ [2Kaxvisor:$ r[2Kaxvisor:$ rt[2Kaxvisor:$ rt [2Kaxvisor:$ rt s[2Kaxvisor:$ rt st[2Kaxvisor:$ rt sta[2Kaxvisor:$ rt stat
[host_monotonic_s=187092.192815] RT vCPU wait counters:
[host_monotonic_s=187092.192818]   vcpu=0 parks=15656 wakes=15652 notify_woke=1
[host_monotonic_s=187092.192820]   vcpu=1 parks=4537 wakes=4384 notify_woke=0
[host_monotonic_s=187092.192822]   lr_skips=0
[host_monotonic_s=187092.192824] RT device-poll counters:
[host_monotonic_s=187092.194523]   vm=1 published=0 kicked=0 consumed=0 pending=false
[host_monotonic_s=187092.194926]   vm=2 published=1 kicked=1 consumed=1 pending=false
[host_monotonic_s=187092.195094] RT AxVM timer counters:
[host_monotonic_s=187092.195541]   cpu=0 registered=0 cancelled=0 expired=0 worker_wakes=3612
[host_monotonic_s=187092.195997]   cpu=1 registered=31056 cancelled=15530 expired=15525 worker_wakes=15527
[host_monotonic_s=187092.196289]   cpu=2 registered=252 cancelled=140 expired=112 worker_wakes=3888
[host_monotonic_s=187092.196663]   cpu=3 registered=8575 cancelled=5150 expired=3425 worker_wakes=7231
[host_monotonic_s=187092.197078] RT host hardware timer IRQ counters:
[host_monotonic_s=187092.197080]   cpu=0 irqs=3807
[host_monotonic_s=187092.197162]   cpu=1 irqs=15527
[host_monotonic_s=187092.197241]   cpu=2 irqs=3929
[host_monotonic_s=187092.198125]   cpu=3 irqs=7263
[host_monotonic_s=187092.198741] RT console counters: attached=None flush_calls=2653280 host_write_bytes=16628
[host_monotonic_s=187092.199594]   vm=1 active=true input_enqueued=0 input_drained=0 input_dropped=0 input_pending=0 output_enqueued=14883 output_drained=14883 output_dropped=0 output_pending=0
[host_monotonic_s=187092.200336]   vm=2 active=true input_enqueued=1 input_drained=1 input_dropped=0 input_pending=0 output_enqueued=128 output_drained=128 output_dropped=0 output_pending=0
[host_monotonic_s=187096.403720] axvisor:$ 