dedicated_cpus=1
VM Load @PA:0x40200000
VM Load Offset: 0xffff0000c0200000
Memory Map:
  Free   0x00000040000000 - 0x00000040200000 (2 MiB)
  KImg   0x00000040200000 - 0x00000044c00000 (74 MiB)
  Free   0x00000044c00000 - 0x00000240000000 (7.93 GiB)
Initialize RAM allocator: 0x44c00000..0x240000000
Reserving CPU-local areas
CPU-local area stride: 0x44000 bytes
Total CPU-local allocation: 0x110000 bytes (4 CPUs)
Flushed RAM used range to memory map: 0x44c00000..0x44d00000, current: 0x44d00000
Flushed RAM used range to memory map: 0x44d00000..0x44e10000, current: 0x44e10000
CPU-local areas allocated at 0x44d00000 - 0x44e10000
EL: 2
Mapping early memory regions...
Ram                 : [0x0000000040000000, 0x0000000240000000) -> [0x0000000040000000, 0x0000000240000000) (8 GiB)
KImage              : [0x0000ffff80000000, 0x0000ffff84a00000) -> [0x0000000040200000, 0x0000000044c00000) (74 MiB)
PerCpu              : [0x0000ff0044d00000, 0x0000ff0044e10000) -> [0x0000000044d00000, 0x0000000044e10000) (1.06 MiB)
Debug serial        : [0x0000000009000000, 0x0000000009001000) -> [0x0000000009000000, 0x0000000009001000) (4 KiB)
Boot page table at physical address: PA:0x44e10000
Setting up table registers...
MMU Entry point at physical address: 0x403bcb1c
Trap vector at 0xffff801c0800
Memory Map:
  MMIO   0x00000009000000 - 0x00000009001000 (4 KiB)
  Free   0x00000040000000 - 0x00000040200000 (2 MiB)
  KImg   0x00000040200000 - 0x00000044c00000 (74 MiB)
  Rsv    0x00000044c00000 - 0x00000044d00000 (1 MiB)
  PerCPU 0x00000044d00000 - 0x00000044e10000 (1.06 MiB)
  Rsv    0x00000044e10000 - 0x00000044e1a000 (40 KiB)
  Free   0x00000044e1a000 - 0x00000240000000 (7.92 GiB)
Jumping to main entry point at 0xffff801a493c with SP 0x0000ff0044d44000

       d8888                            .d88888b.   .d8888b.
      d88888                           d88P" "Y88b d88P  Y88b
     d88P888                           888     888 Y88b.
    d88P 888 888d888  .d8888b  .d88b.  888     888  "Y888b.
   d88P  888 888P"   d88P"    d8P  Y8b 888     888     "Y88b.
  d88P   888 888     888      88888888 888     888       "888
 d8888888888 888     Y88b.    Y8b.     Y88b. .d88P Y88b  d88P
d88P     888 888      "Y8888P  "Y8888   "Y88888P"   "Y8888P"

arch = aarch64
platform = linux,dummy-virt
target = aarch64-unknown-none-softfloat
build_mode = 
log_level = info
backtrace = false
smp = 4

[37m[  0.079485 ax_runtime:220] [32mLogging is enabled.[m
[m[37m[  0.079951 ax_runtime:221] [32mPrimary CPU 0 started, arg = 0x44c00000.[m
[m[37m[  0.080072 ax_runtime:223] [32mFound physcial memory regions:[m
[m[37m[  0.081202 ax_runtime:225] [32m  [PA:0x9000000, PA:0x9001000) mmio (READ | WRITE | DEVICE | RESERVED)[m
[m[37m[  0.081473 ax_runtime:225] [32m  [PA:0x40000000, PA:0x40200000) free memory (READ | WRITE | FREE)[m
[m[37m[  0.081636 ax_runtime:225] [32m  [PA:0x40200000, PA:0x44c00000) reserved (READ | WRITE | EXECUTE | RESERVED)[m
[m[37m[  0.081782 ax_runtime:225] [32m  [PA:0x44c00000, PA:0x44d00000) reserved (READ | WRITE | EXECUTE | RESERVED)[m
[m[37m[  0.081922 ax_runtime:225] [32m  [PA:0x44d00000, PA:0x44e10000) reserved (READ | WRITE | EXECUTE | RESERVED)[m
[m[37m[  0.082064 ax_runtime:225] [32m  [PA:0x44e10000, PA:0x44e1a000) reserved (READ | WRITE | EXECUTE | RESERVED)[m
[m[37m[  0.082205 ax_runtime:225] [32m  [PA:0x44e1a000, PA:0x240000000) free memory (READ | WRITE | FREE)[m
[m[37m[  0.082358 ax_runtime:375] [32mInitialize global memory allocator...[m
[m[37m[  0.082479 ax_runtime:376] [32m  use buddy-slab-allocator allocator.[m
[m[37m[  0.082718 ax_alloc::buddy_slab:158] [32mInitialize global memory allocator, start_vaddr: 0x44e1a000, size: 0x1fb1e6000[m
[m[37m[  0.091164 ax_alloc::buddy_slab:424] [32mglobal allocator initialized[m
[m[37m[  0.091383 ax_alloc::buddy_slab:168] [32mAdd memory region, start_vaddr: 0x40000000, size: 0x200000[m
[m[37m[  0.091574 buddy_slab_allocator::global:151] [32mGlobalAllocator: skip region 0x40000000+0x200000, no allocator-visible memory after 2097152 alignment[m
[m[37m[  0.091932 ax_runtime:260] [32mkernel aspace: [VA:0x0, VA:0xffffffffffffffff)[m
[m[37m[  0.092152 ax_mm:103] [32mInitialize virtual memory management...[m
[m[37m[  0.770440 ax_runtime:272] [32mInitialize platform devices...[m
[m[37m[  0.777039 someboot::arch::power:23] [32mPower management method : SMC[m
[m[37m[  0.777233 somehal::driver:5] [32mInitializing rdrive with FDT at 0x44c00000[m
[m[37m[  0.790597 somehal::arch::gic::v3:274] [32mGICv3 CPU 0 EOI mode: two_step=true[m
[m[37m[  0.908170 ax_runtime:558] [32mDedicated (no-tick) host CPUs: 0b10[m
[m[37m[  0.908342 ax_task::api:158] [32mInitialize scheduling...[m
[m[37m[  0.909654 ax_task::api:166] [32m  use FIFO scheduler.[m
[m[37m[  0.910047 ax_runtime:300] [32mInitialize interrupt handlers...[m
[m[37m[  0.912329 ax_runtime::devices:2] [32mProbe platform devices...[m
[m[37m[  0.926385 somehal::arch::gic::v3:274] [32mGICv3 CPU 1 EOI mode: two_step=true[m
[m[37m[  0.926805 ax_runtime::mp:79] [32mSecondary CPU 1 started.[m
[m[37m[  0.927512 ax_runtime::mp:110] [32mSecondary CPU 1 init OK.[m
[m[37m[  0.937592 somehal::arch::gic::v3:274] [32mGICv3 CPU 2 EOI mode: two_step=true[m
[m[37m[  0.937761 ax_runtime::mp:79] [32mSecondary CPU 2 started.[m
[m[37m[  0.937974 ax_runtime::mp:110] [32mSecondary CPU 2 init OK.[m
[m[37m[  0.949432 somehal::arch::gic::v3:274] [32mGICv3 CPU 3 EOI mode: two_step=true[m
[m[37m[  0.949679 ax_runtime::mp:79] [32mSecondary CPU 3 started.[m
[m[37m[  0.949737 ax_runtime:348] [32mPrimary CPU 0 init OK.[m
[m[37m[  0.950194 ax_runtime::mp:110] [32mSecondary CPU 3 init OK.[m
[m

       d8888            888     888  d8b
      d88888            888     888  Y8P
     d88P888            888     888
    d88P 888  888  888  Y88b   d88P  888  .d8888b    .d88b.   888d888
   d88P  888  `Y8bd8P'   Y88b d88P   888  88K       d88""88b  888P"
  d88P   888    X88K      Y88o88P    888  "Y8888b.  888  888  888
 d8888888888  .d8""8b.     Y888P     888       X88  Y88..88P  888
d88P     888  888  888      Y8P      888   88888P'   "Y88P"   888


by AxVisor Team

[37m[  0.953457 0:2 axvisor:78] [32mRT partition host CPU mask established: 0b10[m
[m[37m[  0.953624 0:2 axvisor:81] [32mStarting virtualization...[m
[m[37m[  0.953795 0:2 axvm::host::arceos:335] [32mEnabling hardware virtualization support on all cores...[m
[m[37m[  0.953989 0:2 axvm::host::arceos:341] [32mCore 0 is initializing hardware virtualization support...[m
[m[37m[  0.954182 0:2 axvm::timer:349] [32mInitializing AxVM timer wheel...[m
[m[37m[  0.959690 0:2 axvm::host::arceos:343] [32mHardware virtualization support enabled on core 0[m
[m[37m[  0.960516 0:2 axvm::host::arceos:370] [32mWaiting for all cores to enable hardware virtualization...[m
[m[37m[  0.961263 1:11 axvm::host::arceos:353] [32mCore 1 is initializing hardware virtualization support...[m
[m[37m[  0.961304 2:12 axvm::host::arceos:353] [32mCore 2 is initializing hardware virtualization support...[m
[m[37m[  0.961475 1:11 axvm::timer:349] [32mInitializing AxVM timer wheel...[m
[m[37m[  0.961643 2:12 axvm::timer:349] [32mInitializing AxVM timer wheel...[m
[m[37m[  0.961287 3:13 axvm::host::arceos:353] [32mCore 3 is initializing hardware virtualization support...[m
[m[37m[  0.962155 3:13 axvm::timer:349] [32mInitializing AxVM timer wheel...[m
[m[37m[  0.962181 1:11 axvm::host::arceos:357] [32mHardware virtualization support enabled on core 1 (2/4)[m
[m[37m[  0.962225 2:12 axvm::host::arceos:357] [32mHardware virtualization support enabled on core 2 (3/4)[m
[m[37m[  0.962517 3:13 axvm::host::arceos:357] [32mHardware virtualization support enabled on core 3 (4/4)[m
[m[37m[  0.964059 0:2 axvm::host::arceos:381] [32mAll cores have enabled hardware virtualization support.[m
[m[37m[  0.964317 0:2 axvisor::config:91] [32mUsing static VM configs.[m
[m[37m[  0.980589 0:2 axvm::arch::aarch64::fdt::core:79] [32mVM[1] virtual GIC follows host firmware resources: GuestGicProfile { compatible: "arm,gic-v3", node_path: "/intc@8000000", node_phandle: Some(32773), distributor: GuestMmioRegion { base: 134217728, length: 65536 }, cpu_region: Redistributors(GuestGicRedistributorProfile { regions: [GuestMmioRegion { base: 134873088, length: 16121856 }], stride: 131072 }), its: [GuestItsProfile { id: ItsId(0), node_path: "/intc@8000000/its@8080000", node_phandle: Some(32774), registers: GuestMmioRegion { base: 134742016, length: 131072 } }] }[m
[m[37m[  0.983391 0:2 axvm::arch::aarch64::fdt::core:93] [32mVM[1] architectural timer follows host firmware PPIs[m
[m[37m[  0.987560 0:2 axvm::arch::aarch64::fdt::core::parser:442] [32mCPU node: /cpus/cpu@0, node_id: 0x0, hardware_cpu_id: 0x0[m
[m[37m[  0.987786 0:2 axvm::arch::aarch64::fdt::core::parser:442] [32mCPU node: /cpus/cpu@1, node_id: 0x1, hardware_cpu_id: 0x1[m
[m[37m[  0.987977 0:2 axvm::arch::aarch64::fdt::core::parser:442] [32mCPU node: /cpus/cpu@2, node_id: 0x2, hardware_cpu_id: 0x2[m
[m[37m[  0.988180 0:2 axvm::arch::aarch64::fdt::core::parser:442] [32mCPU node: /cpus/cpu@3, node_id: 0x3, hardware_cpu_id: 0x3[m
[m[37m[  0.988426 0:2 axvm::arch::aarch64::fdt::core::parser:449] [32mFound 4 host CPU nodes[m
[m[37m[  0.988904 0:2 axvm::arch::aarch64::fdt::core:144] [32mVM[1] DTB not found, generating from the VM configuration[m
[m[37m[  0.999817 0:2 axvm::arch::aarch64::fdt::core::device:96] [32mFound excluded devices: ["/intc@8000000", "/pl011@9000000", "/timer", "/intc@8000000/its@8080000"][m
[m[37m[  1.009985 0:2 axvm::arch::aarch64::fdt::core::device:96] [32mFound excluded devices: ["/intc@8000000", "/pl011@9000000", "/timer", "/intc@8000000/its@8080000"][m
[m[37m[  1.011025 0:2 axvisor::config:258] [32mCreating VM[1] "rt-partition-linux"[m
[m[37m[  1.027989 0:2 axvm::vm:1039] [32mVM created: id=1[m
[m[37m[  2.113725 0:2 axvisor::config:270] [32mVM[1] created success, loading images...[m
[m[37m[  2.220471 0:2 axvm::boot::images:137] [32mLoading ramdisk image from memory (19620641 bytes) into GPA @0x84000000[m
[m[37m[  2.275297 0:2 axdevice::device:1232] [32mDeviceRuntime: registered device id=0[m
[m[37m[  2.416598 0:2 axdevice::device:1232] [32mDeviceRuntime: registered device id=1[m
[m[37m[  2.417518 0:2 axdevice::device:1232] [32mDeviceRuntime: registered device id=2[m
[m[37m[  2.425023 0:2 axdevice::device:1232] [32mDeviceRuntime: registered device id=3[m
[m[37m[  2.428740 0:2 axdevice::device:1232] [32mDeviceRuntime: registered device id=4[m
[m[37m[  2.436427 0:2 axvm::vm::prepare:82] [32mVM setup: id=1[m
[m[37m[  2.440586 0:2 axvm::arch::aarch64::fdt::core:79] [32mVM[2] virtual GIC follows host firmware resources: GuestGicProfile { compatible: "arm,gic-v3", node_path: "/intc@8000000", node_phandle: Some(32773), distributor: GuestMmioRegion { base: 134217728, length: 65536 }, cpu_region: Redistributors(GuestGicRedistributorProfile { regions: [GuestMmioRegion { base: 134873088, length: 16121856 }], stride: 131072 }), its: [GuestItsProfile { id: ItsId(0), node_path: "/intc@8000000/its@8080000", node_phandle: Some(32774), registers: GuestMmioRegion { base: 134742016, length: 131072 } }] }[m
[m[37m[  2.441673 0:2 axvm::arch::aarch64::fdt::core:93] [32mVM[2] architectural timer follows host firmware PPIs[m
[m[37m[  2.445293 0:2 axvm::arch::aarch64::fdt::core::parser:442] [32mCPU node: /cpus/cpu@0, node_id: 0x0, hardware_cpu_id: 0x0[m
[m[37m[  2.445525 0:2 axvm::arch::aarch64::fdt::core::parser:442] [32mCPU node: /cpus/cpu@1, node_id: 0x1, hardware_cpu_id: 0x1[m
[m[37m[  2.445689 0:2 axvm::arch::aarch64::fdt::core::parser:442] [32mCPU node: /cpus/cpu@2, node_id: 0x2, hardware_cpu_id: 0x2[m
[m[37m[  2.445854 0:2 axvm::arch::aarch64::fdt::core::parser:442] [32mCPU node: /cpus/cpu@3, node_id: 0x3, hardware_cpu_id: 0x3[m
[m[37m[  2.446032 0:2 axvm::arch::aarch64::fdt::core::parser:449] [32mFound 4 host CPU nodes[m
[m[37m[  2.446151 0:2 axvm::arch::aarch64::fdt::core:144] [32mVM[2] DTB not found, generating from the VM configuration[m
[m[37m[  2.453003 0:2 axvm::arch::aarch64::fdt::core::device:96] [32mFound excluded devices: ["/intc@8000000", "/pl011@9000000", "/timer", "/intc@8000000/its@8080000"][m
[m[37m[  2.457414 0:2 axvm::arch::aarch64::fdt::core::device:96] [32mFound excluded devices: ["/intc@8000000", "/pl011@9000000", "/timer", "/intc@8000000/its@8080000"][m
[m[37m[  2.457870 0:2 axvisor::config:258] [32mCreating VM[2] "rt-partition-zephyr"[m
[m[37m[  2.458951 0:2 axvm::vm:1039] [32mVM created: id=2[m
[m[37m[  2.998449 0:2 axvisor::config:270] [32mVM[2] created success, loading images...[m
[m[37m[  3.002670 0:2 axdevice::device:1232] [32mDeviceRuntime: registered device id=0[m
[m[37m[  3.002809 0:2 axdevice::device:1232] [32mDeviceRuntime: registered device id=1[m
[m[37m[  3.260320 0:2 axdevice::device:1232] [32mDeviceRuntime: registered device id=2[m
[m[37m[  3.261575 0:2 axdevice::device:1232] [32mDeviceRuntime: registered device id=3[m
[m[37m[  3.262470 0:2 axvm::vm::prepare:82] [32mVM setup: id=2[m
[m[37m[  3.264772 0:2 axvm::runtime:51] [32mInitializing VMM...[m
[m[37m[  3.267193 0:2 axvm::runtime:62] [32mVMM starting, booting VMs...[m
[m[37m[  3.267461 0:2 axvm::vm:1254] [32mStarting VM[1][m
[m[37m[  3.267729 0:2 axvm::runtime::vcpus:609] [32mSpawning task for VM[1] VCpu[0][m
[m[37m[  3.268186 0:2 axvm::runtime::vcpus:627] [32mVCpu task Task(17, "VM[1]-VCpu[0]") created cpumask: [2, ][m
[m[37m[  3.272275 0:2 axvm::runtime:70] [32mVM[1] boot success[m
[m[37m[  3.272346 2:17 axvm::runtime::vcpus:681] [32mVM[1] VCpu[0] waiting for running[m
[m[37m[  3.272407 0:2 axvm::vm:1254] [32mStarting VM[2][m
[m[37m[  3.272595 0:2 axvm::runtime::vcpus:609] [32mSpawning task for VM[2] VCpu[0][m
[m[37m[  3.272735 0:2 axvm::runtime::vcpus:627] [32mVCpu task Task(19, "VM[2]-VCpu[0]") created cpumask: [1, ][m
[m[37m[  3.272837 2:17 axvm::runtime::vcpus:719] [32mVM[1] VCpu[0] running...[m
[m[37m[  3.272982 0:2 axvm::runtime:70] [32mVM[2] boot success[m
[m[37m[  3.273126 1:19 axvm::runtime::vcpus:681] [32mVM[2] VCpu[0] waiting for running[m
[m[37m[  3.273283 1:19 axvm::runtime::vcpus:719] [32mVM[2] VCpu[0] running...[m
[m[37m[  3.275483 0:2 axvisor:100] [32m[OK] Default guest initialized[m
[m[VM 2] *** Booting Zephyr OS build v3.7.0 ***
[VM 2] PERIODIC LATENCY READY
[37m[  3.315085 2:17 axvm::runtime::hvc:258] [32mVM[1] PSCI_FEATURES function_id=0x80000000[m
[m[37m[  3.315933 2:17 axvm::runtime::hvc:258] [32mVM[1] PSCI_FEATURES function_id=0xc4000001[m
[m[37m[  3.316320 2:17 axvm::runtime::hvc:258] [32mVM[1] PSCI_FEATURES function_id=0xc400000e[m
[m[37m[  3.316629 2:17 axvm::runtime::hvc:258] [32mVM[1] PSCI_FEATURES function_id=0xc4000012[m
[m[37m[  3.316928 2:17 axvm::runtime::hvc:258] [32mVM[1] PSCI_FEATURES function_id=0xc4000015[m
[m[37m[  3.494667 2:17 axvm::runtime::hvc:272] [32mVM[1] PSCI_CPU_ON target=0x1 entry=0x8228158c context=0x0[m
[m[37m[  3.495431 2:17 axvm::runtime::vcpus:609] [32mSpawning task for VM[1] VCpu[1][m
[m[37m[  3.495633 2:17 axvm::runtime::vcpus:627] [32mVCpu task Task(22, "VM[1]-VCpu[1]") created cpumask: [3, ][m
[m[37m[  3.496437 3:22 axvm::runtime::vcpus:681] [32mVM[1] VCpu[1] waiting for running[m
[m[37m[  3.497056 3:22 axvm::runtime::vcpus:719] [32mVM[1] VCpu[1] running...[m
[m[VM 1] [    0.000000] Booting Linux on physical CPU 0x0000000000 [0x410fd083]
[VM 1] [    0.000000] Linux version 7.1.0-rc2-g74fe02ce122a (runner@s1lqc) (aarch64-linux-gnu-gcc (Ubuntu 13.3.0-6ubuntu2~24.04) 13.3.0, GNU ld (GNU Binutils for Ubuntu) 2.42) #2 SMP PREEMPT Mon Jun  8 08:07:46 UTC 2026
[VM 1] [    0.000000] KASLR disabled due to lack of seed
[VM 1] [    0.000000] Machine model: linux,dummy-virt
[VM 1] [    0.000000] efi: UEFI not found.
[VM 1] [    0.000000] OF: reserved mem: Reserved memory: No reserved-memory node in the DT
[VM 1] [    0.000000] NUMA: Faking a node at [mem 0x0000000080000000-0x00000000bfffffff]
[VM 1] [    0.000000] NODE_DATA(0) allocated [mem 0xbfe08940-0xbfe0b03f]
[VM 1] [    0.000000] cma: Reserved 32 MiB at 0x00000000bde00000
[VM 1] [    0.000000] psci: probing for conduit method from DT.
[VM 1] [    0.000000] psci: PSCIv1.1 detected in firmware.
[VM 1] [    0.000000] psci: Using standard PSCI v0.2 function IDs
[VM 1] [    0.000000] psci: Trusted OS migration not required
[VM 1] [    0.000000] psci: SMC Calling Convention v65535.65535
[VM 1] [    0.000000] Zone ranges:
[VM 1] [    0.000000]   DMA      [mem 0x0000000080000000-0x00000000bfffffff]
[VM 1] [    0.000000]   DMA32    empty
[VM 1] [    0.000000]   Normal   empty
[VM 1] [    0.000000] Movable zone start for each node
[VM 1] [    0.000000] Early memory node ranges
[VM 1] [    0.000000]   node   0: [mem 0x0000000080000000-0x00000000bfffffff]
[VM 1] [    0.000000] Initmem setup node 0 [mem 0x0000000080000000-0x00000000bfffffff]
[VM 1] [    0.000000] percpu: Embedded 26 pages/cpu s66584 r8192 d31720 u106496
[VM 1] [    0.000000] Detected PIPT I-cache on CPU0

[Axvisor] detached VM[1] console
Welcome to AxVisor Shell!
Type 'help' to see available commands
Use UP/DOWN arrows to navigate command history
Console shortcuts:
  Ctrl+X, then h  return to the Axvisor shell
  Ctrl+X, then [  attach the previous running guest
  Ctrl+X, then ]  attach the next running guest
Note: Running with limited features (filesystem support disabled).

[2Kaxvisor:$ [2Kaxvisor:$ v[2Kaxvisor:$ vm[2Kaxvisor:$ vm [2Kaxvisor:$ vm c[2Kaxvisor:$ vm co[2Kaxvisor:$ vm con[2Kaxvisor:$ vm cons[2Kaxvisor:$ vm conso[2Kaxvisor:$ vm consol[2Kaxvisor:$ vm console[2Kaxvisor:$ vm console [2Kaxvisor:$ vm console 2
✓ Attached VM[2] console; use Ctrl+X, then h to return to the shell
PERIODIC LATENCY START
PERIODIC LATENCY SETTLE delay_ms=45000
sequence,timestamp_ns,deadline_ns,actual_ns,jitter_ns
0,10610496,49192020032,49192630528,610496
1,20581232,49202020032,49202601264,581232
2,30530400,49212020032,49212550432,530400
3,40539648,49222020032,49222559680,539648
4,50569184,49232020032,49232589216,569184
5,60601680,49242020032,49242621712,601680
6,70542352,49252020032,49252562384,542352
7,80571184,49262020032,49262591216,571184
8,90487904,49272020032,49272507936,487904
9,100508288,49282020032,49282528320,508288
10,110671328,49292020032,49292691360,671328
11,120579680,49302020032,49302599712,579680
12,130555392,49312020032,49312575424,555392
13,140578736,49322020032,49322598768,578736
14,150576544,49332020032,49332596576,576544
15,160519648,49342020032,49342539680,519648
16,170528256,49352020032,49352548288,528256
17,180536224,49362020032,49362556256,536224
18,190540576,49372020032,49372560608,540576
19,200523328,49382020032,49382543360,523328
20,210528016,49392020032,49392548048,528016
21,220540672,49402020032,49402560704,540672
22,230527200,49412020032,49412547232,527200
23,240512800,49422020032,49422532832,512800
24,250521200,49432020032,49432541232,521200
25,260526784,49442020032,49442546816,526784
26,270482032,49452020032,49452502064,482032
27,280535680,49462020032,49462555712,535680
28,290517008,49472020032,49472537040,517008
29,300557024,49482020032,49482577056,557024
30,310565200,49492020032,49492585232,565200
31,320698688,49502020032,49502718720,698688
32,330800112,49512020032,49512820144,800112
33,340866768,49522020032,49522886800,866768
34,350780960,49532020032,49532800992,780960
35,360769232,49542020032,49542789264,769232
36,370859824,49552020032,49552879856,859824
37,380750656,49562020032,49562770688,750656
38,390739728,49572020032,49572759760,739728
39,400787120,49582020032,49582807152,787120
40,410777696,49592020032,49592797728,777696
41,420698288,49602020032,49602718320,698288
42,430686720,49612020032,49612706752,686720
43,440701504,49622020032,49622721536,701504
44,450752080,49632020032,49632772112,752080
45,460693968,49642020032,49642714000,693968
46,470640176,49652020032,49652660208,640176
47,480838832,49662020032,49662858864,838832
48,490666400,49672020032,49672686432,666400
49,500686656,49682020032,49682706688,686656
50,510691264,49692020032,49692711296,691264
51,520733456,49702020032,49702753488,733456
52,530753792,49712020032,49712773824,753792
53,540630112,49722020032,49722650144,630112
54,550659808,49732020032,49732679840,659808
55,560706288,49742020032,49742726320,706288
56,570645312,49752020032,49752665344,645312
57,580629968,49762020032,49762650000,629968
58,590668816,49772020032,49772688848,668816
59,600756176,49782020032,49782776208,756176
60,610675712,49792020032,49792695744,675712
61,620670400,49802020032,49802690432,670400
62,630665936,49812020032,49812685968,665936
63,640670096,49822020032,49822690128,670096
64,650663312,49832020032,49832683344,663312
65,660673312,49842020032,49842693344,673312
66,670731440,49852020032,49852751472,731440
67,680694896,49862020032,49862714928,694896
68,690673952,49872020032,49872693984,673952
69,700744112,49882020032,49882764144,744112
70,710663456,49892020032,49892683488,663456
71,720650432,49902020032,49902670464,650432
72,730719696,49912020032,49912739728,719696
73,740810816,49922020032,49922830848,810816
74,750912704,49932020032,49932932736,912704
75,760868736,49942020032,49942888768,868736
76,770856640,49952020032,49952876672,856640
77,780715744,49962020032,49962735776,715744
78,790877568,49972020032,49972897600,877568
79,800736048,49982020032,49982756080,736048
80,810861872,49992020032,49992881904,861872
81,820806992,50002020032,50002827024,806992
82,830943248,50012020032,50012963280,943248
83,840861568,50022020032,50022881600,861568
84,850870048,50032020032,50032890080,870048
85,860822272,50042020032,50042842304,822272
86,870788528,50052020032,50052808560,788528
87,880737568,50062020032,50062757600,737568
88,890911792,50072020032,50072931824,911792
89,900887728,50082020032,50082907760,887728
90,910738128,50092020032,50092758160,738128
91,920809312,50102020032,50102829344,809312
92,930882688,50112020032,50112902720,882688
93,940817632,50122020032,50122837664,817632
94,950879776,50132020032,50132899808,879776
95,960809744,50142020032,50142829776,809744
96,970869712,50152020032,50152889744,869712
97,980853024,50162020032,50162873056,853024
98,990793040,50172020032,50172813072,793040
99,1000718176,50182020032,50182738208,718176
100,1010702384,50192020032,50192722416,702384
101,1020928960,50202020032,50202948992,928960
102,1030838080,50212020032,50212858112,838080
103,1040889744,50222020032,50222909776,889744
104,1050808848,50232020032,50232828880,808848
105,1060884704,50242020032,50242904736,884704
106,1070877984,50252020032,50252898016,877984
107,1080823312,50262020032,50262843344,823312
108,1090981952,50272020032,50273001984,981952
109,1100907808,50282020032,50282927840,907808
110,1110910464,50292020032,50292930496,910464
111,1120842432,50302020032,50302862464,842432
112,1130550192,50312020032,50312570224,550192
113,1140553232,50322020032,50322573264,553232
114,1150574976,50332020032,50332595008,574976
115,1160630832,50342020032,50342650864,630832
116,1170668160,50352020032,50352688192,668160
117,1180583600,50362020032,50362603632,583600
118,1190560736,50372020032,50372580768,560736
119,1200544816,50382020032,50382564848,544816
120,1210556512,50392020032,50392576544,556512
121,1220547488,50402020032,50402567520,547488
122,1230544912,50412020032,50412564944,544912
123,1240575376,50422020032,50422595408,575376
124,1250540544,50432020032,50432560576,540544
125,1260561968,50442020032,50442582000,561968
126,1270546784,50452020032,50452566816,546784
127,1280542160,50462020032,50462562192,542160
128,1290530112,50472020032,50472550144,530112
129,1300532400,50482020032,50482552432,532400
130,1310595472,50492020032,50492615504,595472
131,1320549696,50502020032,50502569728,549696
132,1330554608,50512020032,50512574640,554608
133,1340545488,50522020032,50522565520,545488
134,1350552176,50532020032,50532572208,552176
135,1360535200,50542020032,50542555232,535200
136,1370542880,50552020032,50552562912,542880
137,1380574928,50562020032,50562594960,574928
138,1390545552,50572020032,50572565584,545552
139,1400557200,50582020032,50582577232,557200
140,1410538576,50592020032,50592558608,538576
141,1420554192,50602020032,50602574224,554192
142,1430544576,50612020032,50612564608,544576
143,1440700384,50622020032,50622720416,700384
144,1450560224,50632020032,50632580256,560224
145,1460658080,50642020032,50642678112,658080
146,1470547280,50652020032,50652567312,547280
147,1480607840,50662020032,50662627872,607840
148,1490547840,50672020032,50672567872,547840
149,1500548832,50682020032,50682568864,548832
150,1510583456,50692020032,50692603488,583456
151,1520552704,50702020032,50702572736,552704
152,1530543936,50712020032,50712563968,543936
153,1540572704,50722020032,50722592736,572704
154,1550550912,50732020032,50732570944,550912
155,1560550496,50742020032,50742570528,550496
156,1570540800,50752020032,50752560832,540800
157,1580613072,50762020032,50762633104,613072
158,1591086928,50772020032,50773106960,1086928
159,1600542304,50782020032,50782562336,542304
160,1610580256,50792020032,50792600288,580256
161,1620550192,50802020032,50802570224,550192
162,1630556112,50812020032,50812576144,556112
163,1640555872,50822020032,50822575904,555872
164,1650552384,50832020032,50832572416,552384
165,1660549360,50842020032,50842569392,549360
166,1670669440,50852020032,50852689472,669440
167,1680550992,50862020032,50862571024,550992
168,1690539824,50872020032,50872559856,539824
169,1700552544,50882020032,50882572576,552544
170,1710581712,50892020032,50892601744,581712
171,1720489792,50902020032,50902509824,489792
172,1730537984,50912020032,50912558016,537984
173,1740549680,50922020032,50922569712,549680
174,1750550128,50932020032,50932570160,550128
175,1760544208,50942020032,50942564240,544208
176,1770535792,50952020032,50952555824,535792
177,1780563712,50962020032,50962583744,563712
178,1790547712,50972020032,50972567744,547712
179,1800541536,50982020032,50982561568,541536
180,1810564960,50992020032,50992584992,564960
181,1820545344,51002020032,51002565376,545344
182,1830663744,51012020032,51012683776,663744
183,1840547824,51022020032,51022567856,547824
184,1850539904,51032020032,51032559936,539904
185,1860554656,51042020032,51042574688,554656
186,1870613264,51052020032,51052633296,613264
187,1880573328,51062020032,51062593360,573328
188,1890652688,51072020032,51072672720,652688
189,1900552160,51082020032,51082572192,552160
190,1910564448,51092020032,51092584480,564448
191,1920676624,51102020032,51102696656,676624
192,1930552352,51112020032,51112572384,552352
193,1940559184,51122020032,51122579216,559184
194,1950589744,51132020032,51132609776,589744
195,1960663280,51142020032,51142683312,663280
196,1970542512,51152020032,51152562544,542512
197,1980453056,51162020032,51162473088,453056
198,1990487344,51172020032,51172507376,487344
199,2000542704,51182020032,51182562736,542704
200,2010553120,51192020032,51192573152,553120
201,2020549488,51202020032,51202569520,549488
202,2030647760,51212020032,51212667792,647760
203,2040578304,51222020032,51222598336,578304
204,2050646272,51232020032,51232666304,646272
205,2060517216,51242020032,51242537248,517216
206,2070619056,51252020032,51252639088,619056
207,2080714896,51262020032,51262734928,714896
208,2090710848,51272020032,51272730880,710848
209,2100684400,51282020032,51282704432,684400
210,2110468368,51292020032,51292488400,468368
211,2120423792,51302020032,51302443824,423792
212,2130433344,51312020032,51312453376,433344
213,2140557840,51322020032,51322577872,557840
214,2150707696,51332020032,51332727728,707696
215,2160616448,51342020032,51342636480,616448
216,2170589872,51352020032,51352609904,589872
217,2180572592,51362020032,51362592624,572592
218,2190622336,51372020032,51372642368,622336
219,2200580208,51382020032,51382600240,580208
220,2210443472,51392020032,51392463504,443472
221,2220418768,51402020032,51402438800,418768
222,2230468528,51412020032,51412488560,468528
223,2240394848,51422020032,51422414880,394848
224,2250563712,51432020032,51432583744,563712
225,2260534704,51442020032,51442554736,534704
226,2270580912,51452020032,51452600944,580912
227,2280556528,51462020032,51462576560,556528
228,2290665072,51472020032,51472685104,665072
229,2300529472,51482020032,51482549504,529472
230,2310563760,51492020032,51492583792,563760
231,2320583616,51502020032,51502603648,583616
232,2330528064,51512020032,51512548096,528064
233,2340540480,51522020032,51522560512,540480
234,2350590064,51532020032,51532610096,590064
235,2360540400,51542020032,51542560432,540400
236,2370548160,51552020032,51552568192,548160
237,2380552144,51562020032,51562572176,552144
238,2390542240,51572020032,51572562272,542240
239,2400567824,51582020032,51582587856,567824
240,2410544336,51592020032,51592564368,544336
241,2420553232,51602020032,51602573264,553232
242,2430555184,51612020032,51612575216,555184
243,2440531440,51622020032,51622551472,531440
244,2450669376,51632020032,51632689408,669376
245,2460705488,51642020032,51642725520,705488
246,2470697280,51652020032,51652717312,697280
247,2480688656,51662020032,51662708688,688656
248,2490667312,51672020032,51672687344,667312
249,2500762256,51682020032,51682782288,762256
250,2510732816,51692020032,51692752848,732816
251,2520712800,51702020032,51702732832,712800
252,2530712704,51712020032,51712732736,712704
253,2540485024,51722020032,51722505056,485024
254,2550467728,51732020032,51732487760,467728
255,2560399680,51742020032,51742419712,399680
256,2570452624,51752020032,51752472656,452624
257,2580713616,51762020032,51762733648,713616
258,2590670256,51772020032,51772690288,670256
259,2600675168,51782020032,51782695200,675168
260,2610681952,51792020032,51792701984,681952
261,2620756144,51802020032,51802776176,756144
262,2630694848,51812020032,51812714880,694848
263,2640696480,51822020032,51822716512,696480
264,2650715984,51832020032,51832736016,715984
265,2660702176,51842020032,51842722208,702176
266,2670733840,51852020032,51852753872,733840
267,2680712352,51862020032,51862732384,712352
268,2690661760,51872020032,51872681792,661760
269,2700556576,51882020032,51882576608,556576
270,2710498224,51892020032,51892518256,498224
271,2720437520,51902020032,51902457552,437520
272,2730467584,51912020032,51912487616,467584
273,2740552208,51922020032,51922572240,552208
274,2750578400,51932020032,51932598432,578400
275,2760564384,51942020032,51942584416,564384
276,2770546000,51952020032,51952566032,546000
277,2780673008,51962020032,51962693040,673008
278,2790561424,51972020032,51972581456,561424
279,2800550064,51982020032,51982570096,550064
280,2810546384,51992020032,51992566416,546384
281,2820543824,52002020032,52002563856,543824
282,2830537360,52012020032,52012557392,537360
283,2840576016,52022020032,52022596048,576016
284,2850556992,52032020032,52032577024,556992
285,2860548320,52042020032,52042568352,548320
286,2870542912,52052020032,52052562944,542912
287,2880679728,52062020032,52062699760,679728
288,2890583376,52072020032,52072603408,583376
289,2900557280,52082020032,52082577312,557280
290,2910682656,52092020032,52092702688,682656
291,2920672848,52102020032,52102692880,672848
292,2930542032,52112020032,52112562064,542032
293,2940680480,52122020032,52122700512,680480
294,2950561936,52132020032,52132581968,561936
295,2960547728,52142020032,52142567760,547728
296,2970544928,52152020032,52152564960,544928
297,2980543808,52162020032,52162563840,543808
298,2990549056,52172020032,52172569088,549056
299,3000579248,52182020032,52182599280,579248
PERIODIC LATENCY COMPLETE samples=300
